Command line invocation:
    /Applications/Xcode.app/Contents/Developer/usr/bin/xcodebuild build -project Telegram/Telegram.xcodeproj -scheme Telegram -destination id=00008110-0011701A2243801E -allowProvisioningUpdates

Run pre-actions

SchemeAction Initialize\ Bazel\ Build\ Output\ Groups\ File /var/folders/pw/ng90rxd92nd0ldkt7x1q617r0000gn/T/SchemeScriptAction-l8b0wx.sh
    cd /var/folders/pw/ng90rxd92nd0ldkt7x1q617r0000gn/T/
    export ACTION=build
    export ADDITIONAL_SDKS=
    export AD_HOC_CODE_SIGNING_ALLOWED=NO
    export AGGREGATE_TRACKED_DOMAINS=YES
    export ALLOW_BUILD_REQUEST_OVERRIDES=NO
    export ALLOW_TARGET_PLATFORM_SPECIALIZATION=NO
    export ALL_OTHER_LDFLAGS="  @/Users/afanasyev/Library/Developer/Xcode/DerivedData/Telegram-bgradtrcdafgqwbewbqamjmitizp/Build/Intermediates.noindex/Telegram.build/bazel-out/ios_arm64-dbg-ios-arm64-min13.0-ST-faee4d1e8780/bin/Telegram/Telegram/DerivedSources/link.params    "
    export ALL_OTHER_LIBTOOLFLAGS="    "
    export ALTERNATE_GROUP=staff
    export ALTERNATE_LINKER=
    export ALTERNATE_MODE=u+w,go-w,a+rX
    export ALTERNATE_OWNER=afanasyev
    export ALTERNATE_PERMISSIONS_FILES=
    export ALTERNATIVE_DISTRIBUTION_WEB=NO
    export ALWAYS_EMBED_SWIFT_STANDARD_LIBRARIES=NO
    export ALWAYS_SEARCH_USER_PATHS=NO
    export ALWAYS_USE_SEPARATE_HEADERMAPS=NO
    export ANTIGRAVITY_AGENT=1
    export ANTIGRAVITY_EDITOR_APP_ROOT=/Applications/Antigravity.app/Contents/Resources/app
    export ANTIGRAVITY_TRAJECTORY_ID=906b9b6c-2e8a-4257-ac8e-30d352daf611
    export APPLE_INTERNAL_DEVELOPER_DIR=/AppleInternal/Developer
    export APPLE_INTERNAL_DIR=/AppleInternal
    export APPLE_INTERNAL_DOCUMENTATION_DIR=/AppleInternal/Documentation
    export APPLE_INTERNAL_LIBRARY_DIR=/AppleInternal/Library
    export APPLE_INTERNAL_TOOLS=/AppleInternal/Developer/Tools
    export APPLICATION_EXTENSION_API_ONLY=NO
    export APPLY_RULES_IN_COPY_FILES=NO
    export APPLY_RULES_IN_COPY_HEADERS=NO
    export APP_INTENTS_DEPLOYMENT_POSTPROCESSING=NO
    export APP_INTENTS_DEPLOYMENT_TARGET=13.0
    export APP_INTENTS_METADATA_PATH=/Metadata.appintents
    export APP_INTENTS_PLATFORM_FAMILY=
    export APP_PLAYGROUND_ASSET_CATALOG_GENERATOR=appleProductTypesTool
    export APP_PLAYGROUND_GENERATED_ASSET_CATALOG_APPICON_NAME=
    export APP_PLAYGROUND_GENERATED_ASSET_CATALOG_FILE=/Users/afanasyev/Library/Developer/Xcode/DerivedData/Telegram-bgradtrcdafgqwbewbqamjmitizp/Build/Intermediates.noindex/Telegram.build/bazel-out/ios_arm64-dbg-ios-arm64-min13.0-ST-faee4d1e8780/bin/Telegram/Telegram/DerivedSources/AppPlaygroundDefaultAssetCatalog.xcassets
    export APP_PLAYGROUND_GENERATED_ASSET_CATALOG_GLOBAL_ACCENT_COLOR_NAME=
    export APP_PLAYGROUND_GENERATED_ASSET_CATALOG_PLACEHOLDER_APPICON=
    export APP_PLAYGROUND_GENERATED_ASSET_CATALOG_PRESET_ACCENT_COLOR=
    export APP_PLAYGROUND_GENERATE_ASSET_CATALOG=NO
    export APP_SHORTCUTS_ENABLE_FLEXIBLE_MATCHING=YES
    export ARCHS=arm64
    export ARCHS_BASE=arm64
    export ARCHS_STANDARD=arm64
    export ARCHS_STANDARD_32_64_BIT="armv7 arm64"
    export ARCHS_STANDARD_32_BIT=armv7
    export ARCHS_STANDARD_64_BIT=arm64
    export ARCHS_STANDARD_INCLUDING_64_BIT=arm64
    export ARCHS_UNIVERSAL_IPHONE_OS="armv7 arm64"
    export ARC_LINKER_ARG_LINKER_DRIVER=-fobjc-arc
    export ARC_LINKER_ARG_LINKER_DRIVER_clang=-fobjc-arc
    export ARC_LINKER_ARG_LINKER_DRIVER_swiftc=
    export ASAN_OTHER_CFLAGS__="@/Users/afanasyev/Library/Developer/Xcode/DerivedData/Telegram-bgradtrcdafgqwbewbqamjmitizp/Build/Intermediates.noindex/Telegram.build/bazel-out/ios_arm64-dbg-ios-arm64-min13.0-ST-faee4d1e8780/bin/Telegram/Telegram/DerivedSources/c.compile.params -D_FORTIFY_SOURCE=1"
    export ASAN_OTHER_CFLAGS__NO="@/Users/afanasyev/Library/Developer/Xcode/DerivedData/Telegram-bgradtrcdafgqwbewbqamjmitizp/Build/Intermediates.noindex/Telegram.build/bazel-out/ios_arm64-dbg-ios-arm64-min13.0-ST-faee4d1e8780/bin/Telegram/Telegram/DerivedSources/c.compile.params -D_FORTIFY_SOURCE=1"
    export ASAN_OTHER_CFLAGS__YES="@/Users/afanasyev/Library/Developer/Xcode/DerivedData/Telegram-bgradtrcdafgqwbewbqamjmitizp/Build/Intermediates.noindex/Telegram.build/bazel-out/ios_arm64-dbg-ios-arm64-min13.0-ST-faee4d1e8780/bin/Telegram/Telegram/DerivedSources/c.compile.params"
    export ASSETCATALOG_COMPILER_APPICON_NAME=
    export ASSETCATALOG_COMPILER_BUNDLE_IDENTIFIER=org.toxeh.ChatOverTSPU
    export ASSETCATALOG_COMPILER_COMPLICATION_NAME=
    export ASSETCATALOG_COMPILER_COMPRESS_PNGS=YES
    export ASSETCATALOG_COMPILER_DEPENDENCY_INFO_FILE=/Users/afanasyev/Library/Developer/Xcode/DerivedData/Telegram-bgradtrcdafgqwbewbqamjmitizp/Build/Intermediates.noindex/Telegram.build/bazel-out/ios_arm64-dbg-ios-arm64-min13.0-ST-faee4d1e8780/bin/Telegram/Telegram/assetcatalog_dependencies
    export ASSETCATALOG_COMPILER_ENABLE_ON_DEMAND_RESOURCES=YES
    export ASSETCATALOG_COMPILER_FLATTENED_APP_ICON_PATH=
    export ASSETCATALOG_COMPILER_GENERATE_ASSET_SYMBOLS=NO
    export ASSETCATALOG_COMPILER_GENERATE_ASSET_SYMBOL_BACKWARDS_DEPLOYMENT_SUPPORT=
    export ASSETCATALOG_COMPILER_GENERATE_ASSET_SYMBOL_ERRORS=YES
    export ASSETCATALOG_COMPILER_GENERATE_ASSET_SYMBOL_FRAMEWORKS="SwiftUI UIKit AppKit"
    export ASSETCATALOG_COMPILER_GENERATE_ASSET_SYMBOL_INDEX_PATH=/Users/afanasyev/Library/Developer/Xcode/DerivedData/Telegram-bgradtrcdafgqwbewbqamjmitizp/Build/Intermediates.noindex/Telegram.build/bazel-out/ios_arm64-dbg-ios-arm64-min13.0-ST-faee4d1e8780/bin/Telegram/Telegram/DerivedSources/GeneratedAssetSymbols-Index.plist
    export ASSETCATALOG_COMPILER_GENERATE_ASSET_SYMBOL_WARNINGS=YES
    export ASSETCATALOG_COMPILER_GENERATE_OBJC_ASSET_SYMBOLS_PATH=/Users/afanasyev/Library/Developer/Xcode/DerivedData/Telegram-bgradtrcdafgqwbewbqamjmitizp/Build/Intermediates.noindex/Telegram.build/bazel-out/ios_arm64-dbg-ios-arm64-min13.0-ST-faee4d1e8780/bin/Telegram/Telegram/DerivedSources/GeneratedAssetSymbols.h
    export ASSETCATALOG_COMPILER_GENERATE_SWIFT_ASSET_SYMBOLS_PATH=/Users/afanasyev/Library/Developer/Xcode/DerivedData/Telegram-bgradtrcdafgqwbewbqamjmitizp/Build/Intermediates.noindex/Telegram.build/bazel-out/ios_arm64-dbg-ios-arm64-min13.0-ST-faee4d1e8780/bin/Telegram/Telegram/DerivedSources/GeneratedAssetSymbols.swift
    export ASSETCATALOG_COMPILER_GENERATE_SWIFT_ASSET_SYMBOL_EXTENSIONS=NO
    export ASSETCATALOG_COMPILER_GLOBAL_ACCENT_COLOR_NAME=
    export ASSETCATALOG_COMPILER_INCLUDED_LANGUAGES=
    export ASSETCATALOG_COMPILER_INCLUDE_ALL_APPICON_ASSETS=NO
    export ASSETCATALOG_COMPILER_INCLUDE_INFOPLIST_LOCALIZATIONS=YES
    export ASSETCATALOG_COMPILER_INCLUDE_STICKER_CONTENT=NO
    export ASSETCATALOG_COMPILER_INFOPLIST_CONTENT_FILE=/Users/afanasyev/Library/Developer/Xcode/DerivedData/Telegram-bgradtrcdafgqwbewbqamjmitizp/Build/Intermediates.noindex/Telegram.build/bazel-out/ios_arm64-dbg-ios-arm64-min13.0-ST-faee4d1e8780/bin/Telegram/Telegram/assetcatalog_generated_info.plist
    export ASSETCATALOG_COMPILER_LAUNCHIMAGE_NAME=
    export ASSETCATALOG_COMPILER_LEADERBOARD_IDENTIFIER_PREFIX=
    export ASSETCATALOG_COMPILER_LEADERBOARD_SET_IDENTIFIER_PREFIX=
    export ASSETCATALOG_COMPILER_OPTIMIZATION=
    export ASSETCATALOG_COMPILER_OUTPUT_DIR=
    export ASSETCATALOG_COMPILER_SKIP_APP_STORE_DEPLOYMENT=
    export ASSETCATALOG_COMPILER_STANDALONE_ICON_BEHAVIOR=default
    export ASSETCATALOG_COMPILER_STICKER_PACK_IDENTIFIER_PREFIX=
    export ASSETCATALOG_COMPILER_STICKER_PACK_STRINGS=
    export ASSETCATALOG_COMPILER_TARGET_STICKERS_ICON_ROLE=
    export ASSETCATALOG_COMPILER_WIDGET_BACKGROUND_COLOR_NAME=
    export ASSETCATALOG_EXEC=actool
    export ASSETCATALOG_FILTER_FOR_DEVICE_MODEL=iPhone14,2
    export ASSETCATALOG_FILTER_FOR_DEVICE_OS_VERSION=26.4
    export ASSETCATALOG_FILTER_FOR_THINNING_DEVICE_CONFIGURATION=iPhone14,2
    export ASSETCATALOG_LIGHTWEIGHT_ASSET_RUNTIME_MODE=default
    export ASSETCATALOG_NOTICES=YES
    export ASSETCATALOG_OTHER_FLAGS=
    export ASSETCATALOG_OUTPUT_FORMAT=human-readable-text
    export ASSETCATALOG_WARNINGS=YES
    export ASSET_PACK_MANIFEST_URL_PREFIX=
    export AUTOMATICALLY_MERGE_DEPENDENCIES=NO
    export AUTOMATION_APPLE_EVENTS=NO
    export AVAILABLE_PLATFORMS="appletvos appletvsimulator driverkit iphoneos iphonesimulator macosx watchos watchsimulator xros xrsimulator"
    export AdditionalInfoFileKeys=
    export AdditionalInfoFileValues=
    export BASH_SILENCE_DEPRECATION_WARNING=1
    export BAZEL_COMPILE_TARGET_IDS="@@//Telegram:Lib ios_arm64-dbg-ios-arm64-min13.0-ST-faee4d1e8780 @@//Telegram:Main ios_arm64-dbg-ios-arm64-min13.0-ST-faee4d1e8780"
    export BAZEL_CONFIG=rules_xcodeproj
    export BAZEL_EXTERNAL=/var/tmp/_bazel_afanasyev/9a39311ceb7a61706aa1e4e247e12702/rules_xcodeproj.noindex/build_output_base/external
    export BAZEL_INTEGRATION_DIR=/Volumes/dx/dev/_home/MTProxy/Telegram-iOS/Telegram/Telegram.xcodeproj/rules_xcodeproj/bazel
    export BAZEL_LABEL="@@//Telegram:Telegram"
    export BAZEL_LLDB_INIT=/Users/afanasyev/.lldbinit-rules_xcodeproj
    export BAZEL_OUT=/var/tmp/_bazel_afanasyev/9a39311ceb7a61706aa1e4e247e12702/rules_xcodeproj.noindex/build_output_base/execroot/_main/bazel-out
    export BAZEL_OUTPUTS_PRODUCT=bazel-out/ios_arm64-dbg-ios-arm64-min13.0-ST-faee4d1e8780/bin/Telegram/Telegram.app
    export BAZEL_OUTPUTS_PRODUCT_BASENAME=Telegram.app
    export BAZEL_OUTPUT_BASE=/var/tmp/_bazel_afanasyev/9a39311ceb7a61706aa1e4e247e12702/rules_xcodeproj.noindex/build_output_base
    export BAZEL_PACKAGE_BIN_DIR=bazel-out/ios_arm64-dbg-ios-arm64-min13.0-ST-faee4d1e8780/bin/Telegram
    export BAZEL_TARGET_ID="@@//Telegram:Telegram ios_arm64-dbg-ios-arm64-min13.0-ST-faee4d1e8780"
    export BAZEL_WORKSPACE_ROOT=/Volumes/dx/dev/_home/MTProxy/Telegram-iOS
    export BUILD_ACTIVE_RESOURCES_ONLY=YES
    export BUILD_COMPONENTS=
    export BUILD_DIR=/Users/afanasyev/Library/Developer/Xcode/DerivedData/Telegram-bgradtrcdafgqwbewbqamjmitizp/Build/Products/Debug-iphoneos
    export BUILD_LIBRARY_FOR_DISTRIBUTION=NO
    export BUILD_MARKER_FILE=/Users/afanasyev/Library/Developer/Xcode/DerivedData/Telegram-bgradtrcdafgqwbewbqamjmitizp/Build/Intermediates.noindex/build_marker
    export BUILD_ONLY_KNOWN_LOCALIZATIONS=NO
    export BUILD_ROOT=/Users/afanasyev/Library/Developer/Xcode/DerivedData/Telegram-bgradtrcdafgqwbewbqamjmitizp/Build/Products
    export BUILD_STYLE=Debug
    export BUILD_VARIANTS=normal
    export BUILD_WORKSPACE_DIRECTORY=/Volumes/dx/dev/_home/MTProxy/Telegram-iOS
    export BUILT_PRODUCTS_DIR=/Users/afanasyev/Library/Developer/Xcode/DerivedData/Telegram-bgradtrcdafgqwbewbqamjmitizp/Build/Products/Debug-iphoneos/bazel-out/ios_arm64-dbg-ios-arm64-min13.0-ST-faee4d1e8780/bin/Telegram
    export BUNDLE_CONTENTS_FOLDER_PATH=
    export BUNDLE_CONTENTS_FOLDER_PATH_deep=Contents/
    export BUNDLE_EXECUTABLE_FOLDER_NAME_deep=MacOS
    export BUNDLE_EXECUTABLE_FOLDER_PATH=
    export BUNDLE_EXTENSIONS_FOLDER_PATH=Extensions
    export BUNDLE_FORMAT=shallow
    export BUNDLE_FRAMEWORKS_FOLDER_PATH=Frameworks
    export BUNDLE_LOADER=
    export BUNDLE_PLUGINS_FOLDER_PATH=PlugIns
    export BUNDLE_PRIVATE_HEADERS_FOLDER_PATH=PrivateHeaders
    export BUNDLE_PUBLIC_HEADERS_FOLDER_PATH=Headers
    export CACHE_ROOT=/var/folders/pw/ng90rxd92nd0ldkt7x1q617r0000gn/C/com.apple.DeveloperTools/26.4-17E5179g/Xcode
    export CC=/Volumes/dx/dev/_home/MTProxy/Telegram-iOS/Telegram/Telegram.xcodeproj/rules_xcodeproj/bazel/clang.sh
    export CCHROOT=/var/folders/pw/ng90rxd92nd0ldkt7x1q617r0000gn/C/com.apple.DeveloperTools/26.4-17E5179g/Xcode
    export CHMOD=/bin/chmod
    export CHOWN=chown
    export CLANG_ADDRESS_SANITIZER=
    export CLANG_ADDRESS_SANITIZER_ALLOW_ERROR_RECOVERY=
    export CLANG_ADDRESS_SANITIZER_CONTAINER_OVERFLOW=NO
    export CLANG_ADDRESS_SANITIZER_USE_AFTER_SCOPE=NO
    export CLANG_ALLOW_NON_MODULAR_INCLUDES_IN_FRAMEWORK_MODULES=NO
    export CLANG_ALTERNATE_LINKER=
    export CLANG_ANALYZER_DEADCODE_DEADSTORES=YES
    export CLANG_ANALYZER_DEFINES=-D__clang_analyzer__
    export CLANG_ANALYZER_DIVIDE_BY_ZERO=YES
    export CLANG_ANALYZER_EXEC=clang
    export CLANG_ANALYZER_GCD=YES
    export CLANG_ANALYZER_GCD_PERFORMANCE=NO
    export CLANG_ANALYZER_LIBKERN_RETAIN_COUNT=YES
    export CLANG_ANALYZER_LOCALIZABILITY_EMPTY_CONTEXT=NO
    export CLANG_ANALYZER_LOCALIZABILITY_NONLOCALIZED=NO
    export CLANG_ANALYZER_MALLOC=YES
    export CLANG_ANALYZER_MEMORY_MANAGEMENT=YES
    export CLANG_ANALYZER_MIG_CONVENTIONS=YES
    export CLANG_ANALYZER_NONNULL=YES_NONAGGRESSIVE
    export CLANG_ANALYZER_NULL_DEREFERENCE=YES
    export CLANG_ANALYZER_NUMBER_OBJECT_CONVERSION=YES
    export CLANG_ANALYZER_OBJC_ATSYNC=YES
    export CLANG_ANALYZER_OBJC_COLLECTIONS=YES
    export CLANG_ANALYZER_OBJC_DEALLOC=YES
    export CLANG_ANALYZER_OBJC_GENERICS=YES
    export CLANG_ANALYZER_OBJC_INCOMP_METHOD_TYPES=YES
    export CLANG_ANALYZER_OBJC_NSCFERROR=YES
    export CLANG_ANALYZER_OBJC_RETAIN_COUNT=YES
    export CLANG_ANALYZER_OBJC_SELF_INIT=YES
    export CLANG_ANALYZER_OBJC_UNUSED_IVARS=YES
    export CLANG_ANALYZER_OSOBJECT_C_STYLE_CAST=NO
    export CLANG_ANALYZER_OUTPUT=plist-multi-file
    export CLANG_ANALYZER_OUTPUT_DIR=/Users/afanasyev/Library/Developer/Xcode/DerivedData/Telegram-bgradtrcdafgqwbewbqamjmitizp/Build/Intermediates.noindex/Telegram.build/bazel-out/ios_arm64-dbg-ios-arm64-min13.0-ST-faee4d1e8780/bin/Telegram/Telegram
    export CLANG_ANALYZER_REPORT_MAIN_SOURCE_FILE=YES
    export CLANG_ANALYZER_SECURITY_BUFFER_OVERFLOW_EXPERIMENTAL=NO
    export CLANG_ANALYZER_SECURITY_FLOATLOOPCOUNTER=NO
    export CLANG_ANALYZER_SECURITY_INSECUREAPI_GETPW_GETS=YES
    export CLANG_ANALYZER_SECURITY_INSECUREAPI_MKSTEMP=YES
    export CLANG_ANALYZER_SECURITY_INSECUREAPI_RAND=NO
    export CLANG_ANALYZER_SECURITY_INSECUREAPI_STRCPY=NO
    export CLANG_ANALYZER_SECURITY_INSECUREAPI_UNCHECKEDRETURN=YES
    export CLANG_ANALYZER_SECURITY_INSECUREAPI_VFORK=YES
    export CLANG_ANALYZER_SECURITY_KEYCHAIN_API=YES
    export CLANG_ANALYZER_USE_AFTER_MOVE=YES_AGGRESSIVE
    export CLANG_BOUNDS_SAFETY_BRINGUP_MISSING_CHECKS=default
    export CLANG_BOUNDS_SAFETY_BRINGUP_MISSING_CHECKS_OPT_OUTS=
    export CLANG_CLANG_COVERAGE_MAPPING_LINKER_ARGS=NO
    export CLANG_COHORT_ARCHS=
    export CLANG_COLOR_DIAGNOSTICS=NO
    export CLANG_COVERAGE_MAPPING=NO
    export CLANG_COVERAGE_MAPPING_LINKER_ARGS=NO
    export CLANG_CXX_LANGUAGE_STANDARD=compiler-default
    export CLANG_CXX_LIBRARY=compiler-default
    export CLANG_CXX_STANDARD_LIBRARY_HARDENING=debug
    export CLANG_DEBUG_INFORMATION_LEVEL=default
    export CLANG_DEBUG_MODULES=YES
    export CLANG_DIAGNOSTICS_FILE=/Users/afanasyev/Library/Developer/Xcode/DerivedData/Telegram-bgradtrcdafgqwbewbqamjmitizp/Build/Intermediates.noindex/Telegram.build/bazel-out/ios_arm64-dbg-ios-arm64-min13.0-ST-faee4d1e8780/bin/Telegram/Telegram/Metal/.dia
    export CLANG_DISABLE_CXX_MODULES=YES
    export CLANG_ENABLE_APP_EXTENSION=NO
    export CLANG_ENABLE_BOUNDS_ATTRIBUTES=NO
    export CLANG_ENABLE_BOUNDS_SAFETY=NO
    export CLANG_ENABLE_CODE_COVERAGE=YES
    export CLANG_ENABLE_COMPILE_CACHE=
    export CLANG_ENABLE_CPLUSPLUS_TYPED_ALLOCATOR_SUPPORT=compiler-default
    export CLANG_ENABLE_CPP_STATIC_DESTRUCTORS=YES
    export CLANG_ENABLE_C_TYPED_ALLOCATOR_SUPPORT=compiler-default
    export CLANG_ENABLE_EXPLICIT_MODULES=YES
    export CLANG_ENABLE_MODULES=NO
    export CLANG_ENABLE_MODULE_DEBUGGING=YES
    export CLANG_ENABLE_MODULE_IMPLEMENTATION_OF=YES
    export CLANG_ENABLE_OBJC_ARC=YES
    export CLANG_ENABLE_OBJC_ARC_EXCEPTIONS=NO
    export CLANG_ENABLE_OBJC_WEAK=NO
    export CLANG_ENABLE_PREFIX_MAPPING=
    export CLANG_ENABLE_SECURITY_COMPILER_WARNINGS=NO
    export CLANG_ENABLE_STACK_ZERO_INIT=NO
    export CLANG_INDEX_STORE_COMPRESS=NO
    export CLANG_INDEX_STORE_ENABLE=YES
    export CLANG_INDEX_STORE_IGNORE_MACROS=NO
    export CLANG_INDEX_STORE_ONLY_PROJECT_FILES=NO
    export CLANG_INDEX_STORE_PATH=/Users/afanasyev/Library/Developer/Xcode/DerivedData/Telegram-bgradtrcdafgqwbewbqamjmitizp/Index.noindex/DataStore
    export CLANG_INSTRUMENT_FOR_OPTIMIZATION_PROFILING=NO
    export CLANG_LD_DYLIB_INSTALL_NAME=
    export CLANG_LD_EXPORT_GLOBAL_SYMBOLS=NO
    export CLANG_LD_SUPPRESS_WARNINGS=NO
    export CLANG_LD_THREAD_SANITIZER=
    export CLANG_LIBFUZZER=
    export CLANG_LINK_OBJC_RUNTIME=
    export CLANG_LINK_WITH_STANDARD_LIBRARIES=YES
    export CLANG_MACH_O_TYPE=mh_execute
    export CLANG_MACRO_BACKTRACE_LIMIT=0
    export CLANG_MODULES_AUTOLINK=NO
    export CLANG_MODULES_BUILD_SESSION_FILE=
    export CLANG_MODULES_DISABLE_PRIVATE_WARNING=NO
    export CLANG_MODULES_ENABLE_VERIFIER_TOOL=NO
    export CLANG_MODULES_IGNORE_MACROS=
    export CLANG_MODULES_PRUNE_AFTER=345600
    export CLANG_MODULES_PRUNE_INTERVAL=86400
    export CLANG_MODULES_VALIDATE_SYSTEM_HEADERS=NO
    export CLANG_MODULES_VERIFIER_VERBOSE_OUTPUT=NO
    export CLANG_MODULE_CACHE_PATH=/Users/afanasyev/Library/Developer/Xcode/DerivedData/ModuleCache.noindex
    export CLANG_MODULE_LSV=NO
    export CLANG_OMIT_FRAME_POINTERS=compiler-default
    export CLANG_OPTIMIZATION_PROFILE_FILE=/Volumes/dx/dev/_home/MTProxy/Telegram-iOS/OptimizationProfiles/Telegram.profdata
    export CLANG_OTHER_PREFIX_MAPPINGS=
    export CLANG_RESOURCE_DIR_CLANG=
    export CLANG_RESOURCE_DIR_SWIFTC=
    export CLANG_RETAIN_COMMENTS_FROM_SYSTEM_HEADERS=NO
    export CLANG_SANITIZER_COVERAGE=
    export CLANG_SDKROOT_LINKER_INPUT=iphoneos26.4
    export CLANG_STATIC_ANALYZER_MODE=shallow
    export CLANG_STATIC_ANALYZER_MODE_ACTION_deep=
    export CLANG_STATIC_ANALYZER_MODE_ACTION_shallow=Shallow
    export CLANG_STATIC_ANALYZER_MODE_ON_ANALYZE_ACTION=deep
    export CLANG_SYSTEM_FRAMEWORK_SEARCH_PATHS=
    export CLANG_TARGET_TRIPLE_ARCHS=undefined_arch
    export CLANG_THREAD_SANITIZER=
    export CLANG_TIDY_BUGPRONE_ASSERT_SIDE_EFFECT=YES
    export CLANG_TIDY_BUGPRONE_INFINITE_LOOP=YES
    export CLANG_TIDY_BUGPRONE_MOVE_FORWARDING_REFERENCE=YES
    export CLANG_TIDY_BUGPRONE_REDUNDANT_BRANCH_CONDITION=NO
    export CLANG_TIDY_MISC_REDUNDANT_EXPRESSION=NO
    export CLANG_TRIVIAL_AUTO_VAR_INIT=default
    export CLANG_UNDEFINED_BEHAVIOR_SANITIZER=
    export CLANG_UNDEFINED_BEHAVIOR_SANITIZER_INTEGER=NO
    export CLANG_UNDEFINED_BEHAVIOR_SANITIZER_NULLABILITY=NO
    export CLANG_UNDEFINED_BEHAVIOR_SANITIZER_TRAP_ON_SECURITY_ISSUES=NO
    export CLANG_UNDEFINED_BEHAVIOR_SANITIZER_TRAP_ON_SECURITY_ISSUES_OPT=YES
    export CLANG_USE_OPTIMIZATION_PROFILE=NO
    export CLANG_USE_RESPONSE_FILE=YES
    export CLANG_WARN_ASSIGN_ENUM=NO
    export CLANG_WARN_ATOMIC_IMPLICIT_SEQ_CST=NO
    export CLANG_WARN_BLOCK_CAPTURE_AUTORELEASING=NO
    export CLANG_WARN_BOOL_CONVERSION=NO
    export CLANG_WARN_COMMA=NO
    export CLANG_WARN_COMPLETION_HANDLER_MISUSE=NO
    export CLANG_WARN_CONSTANT_CONVERSION=NO
    export CLANG_WARN_CXX0X_EXTENSIONS=NO
    export CLANG_WARN_DELETE_NON_VIRTUAL_DTOR=YES
    export CLANG_WARN_DEPRECATED_OBJC_IMPLEMENTATIONS=NO
    export CLANG_WARN_DIRECT_OBJC_ISA_USAGE=YES
    export CLANG_WARN_DOCUMENTATION_COMMENTS=NO
    export CLANG_WARN_EMPTY_BODY=NO
    export CLANG_WARN_ENUM_CONVERSION=NO
    export CLANG_WARN_FLOAT_CONVERSION=NO
    export CLANG_WARN_FRAMEWORK_INCLUDE_PRIVATE_FROM_PUBLIC=NO
    export CLANG_WARN_IMPLICIT_FALLTHROUGH=NO
    export CLANG_WARN_IMPLICIT_SIGN_CONVERSION=NO
    export CLANG_WARN_INFINITE_RECURSION=NO
    export CLANG_WARN_INT_CONVERSION=NO
    export CLANG_WARN_MISSING_NOESCAPE=YES
    export CLANG_WARN_NON_LITERAL_NULL_CONVERSION=NO
    export CLANG_WARN_NULLABLE_TO_NONNULL_CONVERSION=NO
    export CLANG_WARN_OBJC_EXPLICIT_OWNERSHIP_TYPE=NO
    export CLANG_WARN_OBJC_IMPLICIT_ATOMIC_PROPERTIES=NO
    export CLANG_WARN_OBJC_IMPLICIT_RETAIN_SELF=NO
    export CLANG_WARN_OBJC_INTERFACE_IVARS=NO
    export CLANG_WARN_OBJC_LITERAL_CONVERSION=NO
    export CLANG_WARN_OBJC_MISSING_PROPERTY_SYNTHESIS=NO
    export CLANG_WARN_OBJC_REPEATED_USE_OF_WEAK=NO
    export CLANG_WARN_OBJC_ROOT_CLASS=YES
    export CLANG_WARN_PRAGMA_PACK=YES
    export CLANG_WARN_PRIVATE_MODULE=YES
    export CLANG_WARN_QUOTED_INCLUDE_IN_FRAMEWORK_HEADER=NO
    export CLANG_WARN_RANGE_LOOP_ANALYSIS=NO
    export CLANG_WARN_SEMICOLON_BEFORE_METHOD_BODY=NO
    export CLANG_WARN_STRICT_PROTOTYPES=NO
    export CLANG_WARN_SUSPICIOUS_IMPLICIT_CONVERSION=NO
    export CLANG_WARN_SUSPICIOUS_MOVE=NO
    export CLANG_WARN_UNGUARDED_AVAILABILITY=YES
    export CLANG_WARN_UNREACHABLE_CODE=NO
    export CLANG_WARN_UNSAFE_BUFFER_USAGE=DEFAULT
    export CLANG_WARN_VEXING_PARSE=YES
    export CLANG_WARN_XNU_TYPED_ALLOCATORS=DEFAULT
    export CLANG_WARN__ARC_BRIDGE_CAST_NONARC=YES
    export CLANG_WARN__DUPLICATE_METHOD_MATCH=NO
    export CLANG_WARN__EXIT_TIME_DESTRUCTORS=NO
    export CLANG_X86_VECTOR_INSTRUCTIONS=default
    export CLANG__INPUT_FILE_LIST_PATH__=
    export CLASS_FILE_DIR=/Users/afanasyev/Library/Developer/Xcode/DerivedData/Telegram-bgradtrcdafgqwbewbqamjmitizp/Build/Intermediates.noindex/Telegram.build/bazel-out/ios_arm64-dbg-ios-arm64-min13.0-ST-faee4d1e8780/bin/Telegram/Telegram/JavaClasses
    export CLEAN_PRECOMPS=YES
    export CLION_VM_OPTIONS=/Users/afanasyev/bin/jetbra/vmoptions/clion.vmoptions
    export CLONE_HEADERS=NO
    export CODESIGNING_FOLDER_PATH=/Users/afanasyev/Library/Developer/Xcode/DerivedData/Telegram-bgradtrcdafgqwbewbqamjmitizp/Build/Products/Debug-iphoneos/bazel-out/ios_arm64-dbg-ios-arm64-min13.0-ST-faee4d1e8780/bin/Telegram/Telegram.app
    export CODE_SIGNING_ALLOWED=NO
    export CODE_SIGNING_REQUIRED=YES
    export CODE_SIGN_ALLOW_ENTITLEMENTS_MODIFICATION=YES
    export CODE_SIGN_CONTEXT_CLASS=XCiPhoneOSCodeSignContext
    export CODE_SIGN_ENTITLEMENTS=/var/tmp/_bazel_afanasyev/9a39311ceb7a61706aa1e4e247e12702/rules_xcodeproj.noindex/build_output_base/execroot/_main/bazel-out/ios_arm64-dbg-ios-arm64-min13.0-ST-faee4d1e8780/bin/Telegram/TelegramEntitlements.entitlements
    export CODE_SIGN_IDENTITY="Apple Development"
    export CODE_SIGN_INJECT_BASE_ENTITLEMENTS=YES
    export CODE_SIGN_KEYCHAIN=
    export CODE_SIGN_LOCAL_EXECUTION_IDENTITY=
    export CODE_SIGN_RESOURCE_RULES_IN_BUNDLE=
    export CODE_SIGN_STYLE=Automatic
    export COHORT_ARCHS=
    export COHORT_BASE_ARCH=
    export COLOR_DIAGNOSTICS=NO
    export COMBINE_HIDPI_IMAGES=NO
    export COMMAND_MODE=unix2003
    export COMPILATION_CACHE_ENABLE_CACHING=
    export COMPILATION_CACHE_ENABLE_DIAGNOSTIC_REMARKS=
    export COMPILER_INDEX_STORE_ENABLE=Default
    export COMPILE_TARGET_NAME=Telegram
    export COMPOSITE_SDK_DIRS=/Users/afanasyev/Library/Developer/Xcode/DerivedData/Telegram-bgradtrcdafgqwbewbqamjmitizp/Build/Intermediates.noindex/CompositeSDKs
    export COMPRESS_PNG_FILES=YES
    export COMPRESS_TIFF_FILES_WHILE_COPYING=NO
    export CONFIGURATION=Debug
    export CONFIGURATION_BUILD_DIR=/Users/afanasyev/Library/Developer/Xcode/DerivedData/Telegram-bgradtrcdafgqwbewbqamjmitizp/Build/Products/Debug-iphoneos/bazel-out/ios_arm64-dbg-ios-arm64-min13.0-ST-faee4d1e8780/bin/Telegram
    export CONFIGURATION_TEMP_DIR=/Users/afanasyev/Library/Developer/Xcode/DerivedData/Telegram-bgradtrcdafgqwbewbqamjmitizp/Build/Intermediates.noindex/Telegram.build/Debug-iphoneos
    export CONTENTS_FOLDER_PATH=Telegram.app
    export CONTENTS_FOLDER_PATH_SHALLOW_BUNDLE_NO=Telegram.app/Contents
    export CONTENTS_FOLDER_PATH_SHALLOW_BUNDLE_YES=Telegram.app
    export COPYING_PRESERVES_HFS_DATA=NO
    export COPY_HEADERS_RUN_UNIFDEF=NO
    export COPY_HEADERS_UNIFDEF_FLAGS=
    export COPY_PHASE_STRIP=NO
    export COREML_CODEGEN_LANGUAGE=Automatic
    export COREML_CODEGEN_SWIFT_GLOBAL_MODULE=NO
    export COREML_CODEGEN_SWIFT_VERSION=5.0
    export COREML_COMPILER_CONTAINER=bundle-resources
    export COREML_COMPILER_INFOPLIST_CONTENT_FILE=/Users/afanasyev/Library/Developer/Xcode/DerivedData/Telegram-bgradtrcdafgqwbewbqamjmitizp/Build/Intermediates.noindex/Telegram.build/bazel-out/ios_arm64-dbg-ios-arm64-min13.0-ST-faee4d1e8780/bin/Telegram/Telegram/-CoreMLPartialInfo.plist
    export COREML_DEPLOYMENT_TARGET=13.0
    export COREML_DEPLOYMENT_TARGET__NO=13.0
    export COREML_DEPLOYMENT_TARGET__YES=13.0
    export COREML_PLATFORM_NAME=ios
    export COREML_PLATFORM_NAME__NO=ios
    export COREML_PLATFORM_NAME__YES=maccatalyst
    export CORRESPONDING_SIMULATOR_PLATFORM_DIR=/Applications/Xcode.app/Contents/Developer/Platforms/iPhoneSimulator.platform
    export CORRESPONDING_SIMULATOR_PLATFORM_NAME=iphonesimulator
    export CORRESPONDING_SIMULATOR_SDK_DIR=/Applications/Xcode.app/Contents/Developer/Platforms/iPhoneSimulator.platform/Developer/SDKs/iPhoneSimulator26.4.sdk
    export CORRESPONDING_SIMULATOR_SDK_NAME=iphonesimulator26.4
    export CP=/bin/cp
    export CPP_HEADERMAP_FILE=/Users/afanasyev/Library/Developer/Xcode/DerivedData/Telegram-bgradtrcdafgqwbewbqamjmitizp/Build/Intermediates.noindex/Telegram.build/bazel-out/ios_arm64-dbg-ios-arm64-min13.0-ST-faee4d1e8780/bin/Telegram/Telegram/Telegram.hmap
    export CPP_HEADERMAP_FILE_FOR_ALL_NON_FRAMEWORK_TARGET_HEADERS=/Users/afanasyev/Library/Developer/Xcode/DerivedData/Telegram-bgradtrcdafgqwbewbqamjmitizp/Build/Intermediates.noindex/Telegram.build/bazel-out/ios_arm64-dbg-ios-arm64-min13.0-ST-faee4d1e8780/bin/Telegram/Telegram/Telegram-all-non-framework-target-headers.hmap
    export CPP_HEADERMAP_FILE_FOR_ALL_TARGET_HEADERS=/Users/afanasyev/Library/Developer/Xcode/DerivedData/Telegram-bgradtrcdafgqwbewbqamjmitizp/Build/Intermediates.noindex/Telegram.build/bazel-out/ios_arm64-dbg-ios-arm64-min13.0-ST-faee4d1e8780/bin/Telegram/Telegram/Telegram-all-target-headers.hmap
    export CPP_HEADERMAP_FILE_FOR_GENERATED_FILES=/Users/afanasyev/Library/Developer/Xcode/DerivedData/Telegram-bgradtrcdafgqwbewbqamjmitizp/Build/Intermediates.noindex/Telegram.build/bazel-out/ios_arm64-dbg-ios-arm64-min13.0-ST-faee4d1e8780/bin/Telegram/Telegram/Telegram-generated-files.hmap
    export CPP_HEADERMAP_FILE_FOR_OWN_TARGET_HEADERS=/Users/afanasyev/Library/Developer/Xcode/DerivedData/Telegram-bgradtrcdafgqwbewbqamjmitizp/Build/Intermediates.noindex/Telegram.build/bazel-out/ios_arm64-dbg-ios-arm64-min13.0-ST-faee4d1e8780/bin/Telegram/Telegram/Telegram-own-target-headers.hmap
    export CPP_HEADERMAP_FILE_FOR_PROJECT_FILES=/Users/afanasyev/Library/Developer/Xcode/DerivedData/Telegram-bgradtrcdafgqwbewbqamjmitizp/Build/Intermediates.noindex/Telegram.build/bazel-out/ios_arm64-dbg-ios-arm64-min13.0-ST-faee4d1e8780/bin/Telegram/Telegram/Telegram-project-headers.hmap
    export CPP_HEADERMAP_PRODUCT_HEADERS_VFS_FILE=/Users/afanasyev/Library/Developer/Xcode/DerivedData/Telegram-bgradtrcdafgqwbewbqamjmitizp/Build/Intermediates.noindex/Telegram.build/Debug-iphoneos/Telegram--VFS-iphoneos/all-product-headers.yaml
    export CPP_HEADER_SYMLINKS_DIR=/Users/afanasyev/Library/Developer/Xcode/DerivedData/Telegram-bgradtrcdafgqwbewbqamjmitizp/Build/Intermediates.noindex/Telegram.build/bazel-out/ios_arm64-dbg-ios-arm64-min13.0-ST-faee4d1e8780/bin/Telegram/Telegram/Telegram.hdrs
    export CREATE_INFOPLIST_SECTION_IN_BINARY=NO
    export CURRENT_ARCH=undefined_arch
    export CURRENT_PROJECT_VERSION=
    export CURRENT_VARIANT=normal
    export CURRENT_VERSION=
    export CXX=/Volumes/dx/dev/_home/MTProxy/Telegram-iOS/Telegram/Telegram.xcodeproj/rules_xcodeproj/bazel/clang.sh
    export C_COMPILER_LAUNCHER=
    export C_PARAMS_FILE=/var/tmp/_bazel_afanasyev/9a39311ceb7a61706aa1e4e247e12702/rules_xcodeproj.noindex/build_output_base/execroot/_main/bazel-out/ios_arm64-dbg-ios-arm64-min13.0-ST-faee4d1e8780/bin/Telegram/Telegram.c.compile.params
    export CodeSignEntitlements=
    export CodeSignResourceRules=
    export DEAD_CODE_STRIPPING=YES
    export DEBUGGING_SYMBOLS=YES
    export DEBUG_INFORMATION_FORMAT=dwarf
    export DEBUG_INFORMATION_VERSION=compiler-default
    export DEFAULT_COMPILER=com.apple.compilers.llvm.clang.1_0
    export DEFAULT_DEXT_INSTALL_PATH=/System/Library/DriverExtensions
    export DEFAULT_KEXT_INSTALL_PATH=/System/Library/Extensions
    export DEFAULT_SSE_LEVEL_3_NO=default
    export DEFAULT_SSE_LEVEL_3_SUPPLEMENTAL_NO=default
    export DEFAULT_SSE_LEVEL_3_SUPPLEMENTAL_YES=ssse3
    export DEFAULT_SSE_LEVEL_3_YES=sse3
    export DEFAULT_SSE_LEVEL_4_1_NO=default
    export DEFAULT_SSE_LEVEL_4_1_YES=sse4.1
    export DEFAULT_SSE_LEVEL_4_2_NO=default
    export DEFAULT_SSE_LEVEL_4_2_YES=sse4.2
    export DEFINES_MODULE=NO
    export DEPLOYMENT_LOCATION=NO
    export DEPLOYMENT_POSTPROCESSING=NO
    export DEPLOYMENT_TARGET=13.0
    export DEPLOYMENT_TARGET_SETTING_NAME=IPHONEOS_DEPLOYMENT_TARGET
    export DEPLOYMENT_TARGET_SUGGESTED_VALUES="12.0 12.1 12.2 12.3 12.4 13.0 13.1 13.2 13.3 13.4 13.5 13.6 14.0 14.1 14.2 14.3 14.4 14.5 14.6 14.7 15.0 15.1 15.2 15.3 15.4 15.5 15.6 16.0 16.1 16.2 16.3 16.4 16.5 16.6 17.0 17.1 17.2 17.3 17.4 17.5 17.6 18.0 18.1 18.2 18.3 18.4 18.5 18.6 26.0 26.2 26.3 26.4"
    export DERIVED_DATA_DIR=/Users/afanasyev/Library/Developer/Xcode/DerivedData
    export DERIVED_FILES_DIR=/Users/afanasyev/Library/Developer/Xcode/DerivedData/Telegram-bgradtrcdafgqwbewbqamjmitizp/Build/Intermediates.noindex/Telegram.build/bazel-out/ios_arm64-dbg-ios-arm64-min13.0-ST-faee4d1e8780/bin/Telegram/Telegram/DerivedSources
    export DERIVED_FILE_DIR=/Users/afanasyev/Library/Developer/Xcode/DerivedData/Telegram-bgradtrcdafgqwbewbqamjmitizp/Build/Intermediates.noindex/Telegram.build/bazel-out/ios_arm64-dbg-ios-arm64-min13.0-ST-faee4d1e8780/bin/Telegram/Telegram/DerivedSources
    export DERIVED_PATHS=
    export DERIVED_SOURCES_DIR=/Users/afanasyev/Library/Developer/Xcode/DerivedData/Telegram-bgradtrcdafgqwbewbqamjmitizp/Build/Intermediates.noindex/Telegram.build/bazel-out/ios_arm64-dbg-ios-arm64-min13.0-ST-faee4d1e8780/bin/Telegram/Telegram/DerivedSources
    export DERIVE_MACCATALYST_PRODUCT_BUNDLE_IDENTIFIER=NO
    export DEVELOPER_APPLICATIONS_DIR=/Applications/Xcode.app/Contents/Developer/Applications
    export DEVELOPER_BIN_DIR=/Applications/Xcode.app/Contents/Developer/usr/bin
    export DEVELOPER_DIR=/Applications/Xcode.app/Contents/Developer
    export DEVELOPER_FRAMEWORKS_DIR=/Applications/Xcode.app/Contents/Developer/Library/Frameworks
    export DEVELOPER_FRAMEWORKS_DIR_QUOTED=/Applications/Xcode.app/Contents/Developer/Library/Frameworks
    export DEVELOPER_LIBRARY_DIR=/Applications/Xcode.app/Contents/Developer/Library
    export DEVELOPER_SDK_DIR=/Applications/Xcode.app/Contents/Developer/Platforms/MacOSX.platform/Developer/SDKs
    export DEVELOPER_TOOLS_DIR=/Applications/Xcode.app/Contents/Developer/Tools
    export DEVELOPER_USR_DIR=/Applications/Xcode.app/Contents/Developer/usr
    export DEVELOPMENT_ASSET_PATHS=
    export DEVELOPMENT_LANGUAGE=en
    export DEVELOPMENT_TEAM=2L5HM96J76
    export DEVICE_NAME="iPhone Anton"
    export DIFF=/usr/bin/diff
    export DOCC_ANALYZE_DIAGNOSTICS=NO
    export DOCC_ARCHIVE_PATH=/Users/afanasyev/Library/Developer/Xcode/DerivedData/Telegram-bgradtrcdafgqwbewbqamjmitizp/Build/Products/Debug-iphoneos/bazel-out/ios_arm64-dbg-ios-arm64-min13.0-ST-faee4d1e8780/bin/Telegram/Telegram.doccarchive
    export DOCC_CATALOG_DISPLAY_NAME=Telegram
    export DOCC_CATALOG_IDENTIFIER=org.toxeh.ChatOverTSPU
    export DOCC_DIAGNOSTICS_FILE=/Users/afanasyev/Library/Developer/Xcode/DerivedData/Telegram-bgradtrcdafgqwbewbqamjmitizp/Build/Intermediates.noindex/Telegram.build/bazel-out/ios_arm64-dbg-ios-arm64-min13.0-ST-faee4d1e8780/bin/Telegram/Telegram/Telegram-diagnostics.json
    export DOCC_EMIT_FIXITS=YES
    export DOCC_ENABLE_CXX_SUPPORT=YES
    export DOCC_EXEC=docc
    export DOCC_EXTRACT_EXTENSION_SYMBOLS=YES
    export DOCC_EXTRACT_OBJC_INFO_FOR_SWIFT_SYMBOLS=NO
    export DOCC_EXTRACT_SPI_DOCUMENTATION=NO
    export DOCC_EXTRACT_SWIFT_INFO_FOR_OBJC_SYMBOLS=NO
    export DOCC_HOSTING_BASE_PATH=
    export DOCC_IDE_CONSOLE_OUTPUT=YES
    export DOCC_MINIMUM_ACCESS_LEVEL=none
    export DOCC_OUTPUT_DIGEST_INFORMATION=NO
    export DOCC_OUTPUT_DIR=/Users/afanasyev/Library/Developer/Xcode/DerivedData/Telegram-bgradtrcdafgqwbewbqamjmitizp/Build/Products/Debug-iphoneos/bazel-out/ios_arm64-dbg-ios-arm64-min13.0-ST-faee4d1e8780/bin/Telegram
    export DOCC_OUTPUT_NAVIGATOR_INDEX=YES
    export DOCC_PRETTY_PRINT=NO
    export DOCC_SKIP_INHERITED_DOCS=NO
    export DOCC_SKIP_SYNTHESIZED_MEMBERS=NO
    export DOCC_TEMPLATE_PATH=
    export DOCC_TRANSFORM_FOR_STATIC_HOSTING=YES
    export DOCUMENTATION_FOLDER_PATH=Telegram.app/en.lproj/Documentation
    export DONT_GENERATE_INFOPLIST_FILE=NO
    export DRIVERKIT_DEPLOYMENT_TARGET=20.4
    export DSTROOT=/Users/afanasyev/Library/Developer/Xcode/DerivedData/Telegram-bgradtrcdafgqwbewbqamjmitizp/Build/Intermediates.noindex/Telegram.build
    export DSYMUTIL_DSYM_SEARCH_PATHS=
    export DSYMUTIL_QUIET_OPERATION=NO
    export DSYMUTIL_VARIANT_SUFFIX=
    export DSYMUTIL_VERBOSE=NO
    export DTRACE_OTHER_FLAGS=
    export DTRACE_OUTPUT_FILE_TYPE=Header
    export DT_TOOLCHAIN_DIR=/Applications/Xcode.app/Contents/Developer/Toolchains/XcodeDefault.xctoolchain
    export DUMP_DEPENDENCIES=NO
    export DUMP_DEPENDENCIES_OUTPUT_PATH=/Users/afanasyev/Library/Developer/Xcode/DerivedData/Telegram-bgradtrcdafgqwbewbqamjmitizp/Build/Intermediates.noindex/Telegram.build/bazel-out/ios_arm64-dbg-ios-arm64-min13.0-ST-faee4d1e8780/bin/Telegram/Telegram/Telegram-BuildDependencyInfo.json
    export DWARF_DSYM_FILE_NAME=Telegram.app.dSYM
    export DWARF_DSYM_FILE_SHOULD_ACCOMPANY_PRODUCT=NO
    export DWARF_DSYM_FOLDER_PATH=/Users/afanasyev/Library/Developer/Xcode/DerivedData/Telegram-bgradtrcdafgqwbewbqamjmitizp/Build/Products/Debug-iphoneos/bazel-out/ios_arm64-dbg-ios-arm64-min13.0-ST-faee4d1e8780/bin/Telegram
    export DYLIB_COMPATIBILITY_VERSION=
    export DYLIB_CURRENT_VERSION=
    export DYLIB_INSTALL_NAME_BASE=
    export EAGER_COMPILATION_ALLOW_SCRIPTS=NO
    export EAGER_LINKING=NO
    export EFFECTIVE_PLATFORM_NAME=-iphoneos
    export EFFECTIVE_PLATFORM_SUFFIX=os
    export EFFECTIVE_TOOLCHAINS_DIRS="/var/run/com.apple.security.cryptexd/mnt/com.apple.MobileAsset.MetalToolchain-v17.5.5179.6.ng60e4/Metal.xctoolchain /Applications/Xcode.app/Contents/Developer/Toolchains/XcodeDefault.xctoolchain"
    export ELECTRON_RUN_AS_NODE=1
    export EMBEDDED_CONTENT_CONTAINS_SWIFT=NO
    export EMBEDDED_PROFILE_NAME=embedded.mobileprovision
    export EMBED_ASSET_PACKS_IN_PRODUCT_BUNDLE=NO
    export ENABLE_APPINTENTS_DEPLOYMENT_AWARE_PROCESSING=YES
    export ENABLE_APPLE_KEXT_CODE_GENERATION=NO
    export ENABLE_APP_SANDBOX=NO
    export ENABLE_ASSISTANT_INTENTS_PROVIDER_VALIDATION=YES
    export ENABLE_CODE_COVERAGE=YES
    export ENABLE_COHORT_ARCHS=NO
    export ENABLE_CPLUSPLUS_BOUNDS_SAFE_BUFFERS=NO
    export ENABLE_C_BOUNDS_SAFETY=NO
    export ENABLE_DEBUG_DYLIB=NO
    export ENABLE_DEFAULT_HEADER_SEARCH_PATHS=YES
    export ENABLE_DEFAULT_SEARCH_PATHS=NO
    export ENABLE_ENHANCED_SECURITY=NO
    export ENABLE_FILE_ACCESS_DOWNLOADS_FOLDER=
    export ENABLE_FILE_ACCESS_MOVIES_FOLDER=
    export ENABLE_FILE_ACCESS_MUSIC_FOLDER=
    export ENABLE_FILE_ACCESS_PICTURE_FOLDER=
    export ENABLE_HARDENED_RUNTIME=NO
    export ENABLE_HEADER_DEPENDENCIES=YES
    export ENABLE_INCOMING_NETWORK_CONNECTIONS=NO
    export ENABLE_INCREMENTAL_DISTILL=NO
    export ENABLE_MODULE_VERIFIER=NO
    export ENABLE_NS_ASSERTIONS=YES
    export ENABLE_ONLY_ACTIVE_RESOURCES=YES
    export ENABLE_ON_DEMAND_RESOURCES=YES
    export ENABLE_OUTGOING_NETWORK_CONNECTIONS=NO
    export ENABLE_POINTER_AUTHENTICATION=NO
    export ENABLE_PREVIEWS=
    export ENABLE_RESOURCE_ACCESS_AUDIO_INPUT=NO
    export ENABLE_RESOURCE_ACCESS_BLUETOOTH=NO
    export ENABLE_RESOURCE_ACCESS_CALENDARS=NO
    export ENABLE_RESOURCE_ACCESS_CAMERA=NO
    export ENABLE_RESOURCE_ACCESS_CONTACTS=NO
    export ENABLE_RESOURCE_ACCESS_LOCATION=NO
    export ENABLE_RESOURCE_ACCESS_PHOTO_LIBRARY=NO
    export ENABLE_RESOURCE_ACCESS_PRINTING=NO
    export ENABLE_RESOURCE_ACCESS_USB=NO
    export ENABLE_SDK_IMPORTS=NO
    export ENABLE_SECURITY_COMPILER_WARNINGS=NO
    export ENABLE_STRICT_OBJC_MSGSEND=YES
    export ENABLE_SWIFT_6_UPCOMING_FEATURES_IN_SWIFT_VERSION_6_0=YES
    export ENABLE_SYSTEM_SANITIZERS=
    export ENABLE_TESTABILITY=NO
    export ENABLE_TESTING_SEARCH_PATHS=NO
    export ENABLE_USER_SCRIPT_SANDBOXING=NO
    export ENABLE_USER_SELECTED_FILES=
    export ENFORCE_VALID_ARCHS=YES
    export ENTITLEMENTS_ALLOWED=YES
    export ENTITLEMENTS_DESTINATION=Signature
    export ENTITLEMENTS_REQUIRED=NO
    export EXCLUDED_EXPLICIT_TARGET_DEPENDENCIES=
    export EXCLUDED_INSTALLSRC_SUBDIRECTORY_PATTERNS=".DS_Store .svn .git .hg CVS"
    export EXCLUDED_RECURSIVE_SEARCH_PATH_SUBDIRECTORIES="*.nib *.lproj *.framework *.gch *.xcode* *.xcassets *.icon (*) .DS_Store CVS .svn .git .hg *.pbproj *.pbxproj"
    export EXCLUDED_SOURCE_FILE_NAMES=
    export EXECUTABLES_FOLDER_PATH=Telegram.app/Executables
    export EXECUTABLE_EXTENSION=
    export EXECUTABLE_FOLDER_PATH=Telegram.app
    export EXECUTABLE_FOLDER_PATH_SHALLOW_BUNDLE_NO=Telegram.app/MacOS
    export EXECUTABLE_FOLDER_PATH_SHALLOW_BUNDLE_YES=Telegram.app
    export EXECUTABLE_NAME=Telegram
    export EXECUTABLE_PATH=Telegram.app/Telegram
    export EXECUTABLE_PREFIX=
    export EXECUTABLE_SUFFIX=
    export EXECUTABLE_VARIANT_SUFFIX=
    export EXPORTED_SYMBOLS_FILE=
    export EXTENSIONS_FOLDER_PATH=Telegram.app/Extensions
    export ExpandBuildSettings=
    export FILE_LIST=/Users/afanasyev/Library/Developer/Xcode/DerivedData/Telegram-bgradtrcdafgqwbewbqamjmitizp/Build/Intermediates.noindex/Telegram.build/bazel-out/ios_arm64-dbg-ios-arm64-min13.0-ST-faee4d1e8780/bin/Telegram/Telegram/Objects/LinkFileList
    export FIXED_FILES_DIR=/Users/afanasyev/Library/Developer/Xcode/DerivedData/Telegram-bgradtrcdafgqwbewbqamjmitizp/Build/Intermediates.noindex/Telegram.build/bazel-out/ios_arm64-dbg-ios-arm64-min13.0-ST-faee4d1e8780/bin/Telegram/Telegram/FixedFiles
    export FRAMEWORKS_FOLDER_PATH=Telegram.app/Frameworks
    export FRAMEWORK_FLAG_PREFIX=-framework
    export FRAMEWORK_SEARCH_PATHS=
    export FRAMEWORK_VERSION=A
    export FULL_PRODUCT_NAME=Telegram.app
    export FUSE_BUILD_PHASES=YES
    export FUSE_BUILD_SCRIPT_PHASES=NO
    export GCC3_VERSION=3.3
    export GCC_CHAR_IS_UNSIGNED_CHAR=NO
    export GCC_CW_ASM_SYNTAX=YES
    export GCC_C_LANGUAGE_STANDARD=compiler-default
    export GCC_DEBUG_INFORMATION_FORMAT=dwarf
    export GCC_DEBUG_INFORMATION_VERSION=compiler-default
    export GCC_DYNAMIC_NO_PIC=NO
    export GCC_ENABLE_ASM_KEYWORD=YES
    export GCC_ENABLE_BUILTIN_FUNCTIONS=YES
    export GCC_ENABLE_CPP_EXCEPTIONS=YES
    export GCC_ENABLE_CPP_RTTI=YES
    export GCC_ENABLE_EXCEPTIONS=NO
    export GCC_ENABLE_FLOATING_POINT_LIBRARY_CALLS=NO
    export GCC_ENABLE_KERNEL_DEVELOPMENT=NO
    export GCC_ENABLE_OBJC_EXCEPTIONS=YES
    export GCC_ENABLE_PASCAL_STRINGS=YES
    export GCC_ENABLE_SSE3_EXTENSIONS=NO
    export GCC_ENABLE_SSE41_EXTENSIONS=NO
    export GCC_ENABLE_SSE42_EXTENSIONS=NO
    export GCC_ENABLE_SUPPLEMENTAL_SSE3_INSTRUCTIONS=NO
    export GCC_ENABLE_TRIGRAPHS=NO
    export GCC_FAST_MATH=NO
    export GCC_GENERATE_DEBUGGING_SYMBOLS=YES
    export GCC_GENERATE_TEST_COVERAGE_FILES=NO
    export GCC_INCREASE_PRECOMPILED_HEADER_SHARING=NO
    export GCC_INLINES_ARE_PRIVATE_EXTERN=YES
    export GCC_INPUT_FILETYPE=automatic
    export GCC_INSTRUMENT_PROGRAM_FLOW_ARCS=NO
    export GCC_LINK_WITH_DYNAMIC_LIBRARIES=YES
    export GCC_NO_COMMON_BLOCKS=NO
    export GCC_OBJC_ABI_VERSION=
    export GCC_OBJC_LEGACY_DISPATCH=NO
    export GCC_OPERATION=compile
    export GCC_OPTIMIZATION_LEVEL=0
    export GCC_PFE_FILE_C_DIALECTS="c objective-c c++ objective-c++"
    export GCC_PRECOMPILE_PREFIX_HEADER=
    export GCC_PREFIX_HEADER=
    export GCC_PREPROCESSOR_DEFINITIONS=
    export GCC_PREPROCESSOR_DEFINITIONS_NOT_USED_IN_PRECOMPS=
    export GCC_PRODUCT_TYPE_PREPROCESSOR_DEFINITIONS=
    export GCC_REUSE_STRINGS=YES
    export GCC_SHORT_ENUMS=NO
    export GCC_STRICT_ALIASING=YES
    export GCC_SYMBOLS_PRIVATE_EXTERN=YES
    export GCC_THREADSAFE_STATICS=YES
    export GCC_THUMB_SUPPORT=YES
    export GCC_TREAT_IMPLICIT_FUNCTION_DECLARATIONS_AS_ERRORS=NO
    export GCC_TREAT_INCOMPATIBLE_POINTER_TYPE_WARNINGS_AS_ERRORS=NO
    export GCC_TREAT_WARNINGS_AS_ERRORS=NO
    export GCC_UNROLL_LOOPS=NO
    export GCC_USE_GCC3_PFE_SUPPORT=
    export GCC_USE_STANDARD_INCLUDE_SEARCHING=YES
    export GCC_VERSION=
    export GCC_VERSION_IDENTIFIER=
    export GCC_WARN_64_TO_32_BIT_CONVERSION=NO
    export GCC_WARN_ABOUT_DEPRECATED_FUNCTIONS=YES
    export GCC_WARN_ABOUT_INVALID_OFFSETOF_MACRO=YES
    export GCC_WARN_ABOUT_MISSING_FIELD_INITIALIZERS=NO
    export GCC_WARN_ABOUT_MISSING_NEWLINE=NO
    export GCC_WARN_ABOUT_MISSING_PROTOTYPES=NO
    export GCC_WARN_ABOUT_POINTER_SIGNEDNESS=YES
    export GCC_WARN_ABOUT_RETURN_TYPE=NO
    export GCC_WARN_ALLOW_INCOMPLETE_PROTOCOL=YES
    export GCC_WARN_CHECK_SWITCH_STATEMENTS=YES
    export GCC_WARN_FOUR_CHARACTER_CONSTANTS=NO
    export GCC_WARN_HIDDEN_VIRTUAL_FUNCTIONS=NO
    export GCC_WARN_INHIBIT_ALL_WARNINGS=NO
    export GCC_WARN_INITIALIZER_NOT_FULLY_BRACKETED=NO
    export GCC_WARN_MISSING_PARENTHESES=YES
    export GCC_WARN_MULTIPLE_DEFINITION_TYPES_FOR_SELECTOR=NO
    export GCC_WARN_NON_VIRTUAL_DESTRUCTOR=NO
    export GCC_WARN_PEDANTIC=NO
    export GCC_WARN_SHADOW=NO
    export GCC_WARN_SIGN_COMPARE=NO
    export GCC_WARN_STRICT_SELECTOR_MATCH=NO
    export GCC_WARN_TYPECHECK_CALLS_TO_PRINTF=YES
    export GCC_WARN_UNDECLARED_SELECTOR=NO
    export GCC_WARN_UNINITIALIZED_AUTOS=NO
    export GCC_WARN_UNKNOWN_PRAGMAS=NO
    export GCC_WARN_UNUSED_FUNCTION=NO
    export GCC_WARN_UNUSED_LABEL=NO
    export GCC_WARN_UNUSED_PARAMETER=NO
    export GCC_WARN_UNUSED_VALUE=YES
    export GCC_WARN_UNUSED_VARIABLE=NO
    export GENERATED_MODULEMAP_DIR=/Users/afanasyev/Library/Developer/Xcode/DerivedData/Telegram-bgradtrcdafgqwbewbqamjmitizp/Build/Intermediates.noindex/GeneratedModuleMaps-iphoneos
    export GENERATE_INFOPLIST_FILE=NO
    export GENERATE_INTERMEDIATE_TEXT_BASED_STUBS=YES
    export GENERATE_PKGINFO_FILE=YES
    export GENERATE_PRELINK_OBJECT_FILE=NO
    export GENERATE_PROFILING_CODE=NO
    export GENERATE_TEXT_BASED_STUBS=NO
    export GID=20
    export GLOBAL_CFLAGS=
    export GROUP=staff
    export GeneratedPkgInfoFile=
    export HEADERMAP_FILE_FORMAT=traditional
    export HEADERMAP_INCLUDES_FLAT_ENTRIES_FOR_TARGET_BEING_BUILT=YES
    export HEADERMAP_INCLUDES_FRAMEWORK_ENTRIES_FOR_ALL_PRODUCT_TYPES=YES
    export HEADERMAP_INCLUDES_FRAMEWORK_ENTRIES_FOR_TARGETS_NOT_BEING_BUILT=YES
    export HEADERMAP_INCLUDES_NONPUBLIC_NONPRIVATE_HEADERS=YES
    export HEADERMAP_INCLUDES_PROJECT_HEADERS=YES
    export HEADERMAP_USES_FRAMEWORK_PREFIX_ENTRIES=YES
    export HEADERMAP_USES_VFS=NO
    export HEADER_DEPENDENCIES=
    export HEADER_SEARCH_PATHS=
    export HOME=/Users/afanasyev
    export HOMEBREW_NO_ENV_HINTS=1
    export HOMEBREW_NO_INSTALL_CLEANUP=1
    export HOST_ARCH=arm64e
    export IBC_COMPILATION_MODE_FOR_IOS=
    export IBC_COMPILER_AUTO_ACTIVATE_CUSTOM_FONTS=YES
    export IBC_COMPILER_USE_NIBKEYEDARCHIVER_FOR_MACOS=NO
    export IBC_ERRORS=YES
    export IBC_EXEC=ibtool
    export IBC_FLATTEN_NIBS=YES
    export IBC_MODULE=Lib
    export IBC_NOTICES=YES
    export IBC_OTHER_FLAGS=
    export IBC_OVERRIDING_PLUGINS_AND_FRAMEWORKS_DIR=
    export IBC_PLUGINS=
    export IBC_PLUGIN_SEARCH_PATHS=
    export IBC_REGIONS_AND_STRINGS_FILES=
    export IBC_STRIP_NIBS=YES
    export IBC_WARNINGS=YES
    export IBSC_COMPILATION_MODE_FOR_IOS=
    export IBSC_COMPILER_AUTO_ACTIVATE_CUSTOM_FONTS=YES
    export IBSC_COMPILER_USE_NIBKEYEDARCHIVER_FOR_MACOS=NO
    export IBSC_ERRORS=YES
    export IBSC_FLATTEN_NIBS=YES
    export IBSC_MODULE=Lib
    export IBSC_NOTICES=YES
    export IBSC_OTHER_FLAGS=
    export IBSC_REGIONS_AND_STRINGS_FILES=
    export IBSC_STRIP_NIBS=YES
    export IBSC_WARNINGS=YES
    export ICONV=/usr/bin/iconv
    export IDEA_VM_OPTIONS=/Users/afanasyev/bin/jetbra/vmoptions/idea.vmoptions
    export IIG_CXX_LANGUAGE_STANDARD=compiler-default
    export IIG_DERIVED_FILE_DIR=/Users/afanasyev/Library/Developer/Xcode/DerivedData/Telegram-bgradtrcdafgqwbewbqamjmitizp/Build/Intermediates.noindex/Telegram.build/bazel-out/ios_arm64-dbg-ios-arm64-min13.0-ST-faee4d1e8780/bin/Telegram/Telegram/DerivedSources/Telegram
    export IIG_EXEC=iig
    export IIG_FRAMEWORK_NAME=Telegram
    export IIG_HEADERS_DIR=/Users/afanasyev/Library/Developer/Xcode/DerivedData/Telegram-bgradtrcdafgqwbewbqamjmitizp/Build/Intermediates.noindex/Telegram.build/bazel-out/ios_arm64-dbg-ios-arm64-min13.0-ST-faee4d1e8780/bin/Telegram/Telegram/DerivedSources/Telegram
    export IIG_IMPLEMENTATION_DIR=/Users/afanasyev/Library/Developer/Xcode/DerivedData/Telegram-bgradtrcdafgqwbewbqamjmitizp/Build/Intermediates.noindex/Telegram.build/bazel-out/ios_arm64-dbg-ios-arm64-min13.0-ST-faee4d1e8780/bin/Telegram/Telegram/DerivedSources/Telegram
    export IIG_PREPROCESSOR_DEFINITIONS=__IIG=1
    export IMPLICIT_DEPENDENCY_DOMAIN=default
    export IMPORT_INDEX_BUILD_INDEXSTORES=YES
    export INCLUDED_EXPLICIT_TARGET_DEPENDENCIES=
    export INCLUDED_RECURSIVE_SEARCH_PATH_SUBDIRECTORIES=
    export INCLUDED_SOURCE_FILE_NAMES=
    export INDEXING_PROJECT_DIR__=/var/tmp/_bazel_afanasyev/9a39311ceb7a61706aa1e4e247e12702/rules_xcodeproj.noindex/build_output_base/execroot/_main
    export INDEXING_PROJECT_DIR__NO=/var/tmp/_bazel_afanasyev/9a39311ceb7a61706aa1e4e247e12702/rules_xcodeproj.noindex/build_output_base/execroot/_main
    export INDEXING_PROJECT_DIR__YES=/var/tmp/_bazel_afanasyev/9a39311ceb7a61706aa1e4e247e12702/rules_xcodeproj.noindex/indexbuild_output_base/execroot/_main
    export INDEX_DATA_STORE_DIR=/Users/afanasyev/Library/Developer/Xcode/DerivedData/Telegram-bgradtrcdafgqwbewbqamjmitizp/Index.noindex/DataStore
    export INDEX_ENABLE_DATA_STORE=YES
    export INDEX_FORCE_SCRIPT_EXECUTION=YES
    export INDEX_IMPORT=/var/tmp/_bazel_afanasyev/9a39311ceb7a61706aa1e4e247e12702/rules_xcodeproj.noindex/build_output_base/execroot/_main/bazel-out/darwin_arm64-opt-exec-ST-d57f47055a04/bin/external/rules_xcodeproj++non_module_deps+rules_xcodeproj_index_import/index-import
    export INDEX_PRECOMPS_DIR=/Users/afanasyev/Library/Developer/Xcode/DerivedData/Telegram-bgradtrcdafgqwbewbqamjmitizp/Index.noindex/PrecompiledHeaders
    export INDEX_STORE_COMPRESS=NO
    export INDEX_STORE_ONLY_PROJECT_FILES=NO
    export INFOPLIST_ENABLE_CFBUNDLEICONS_MERGE=YES
    export INFOPLIST_EXPAND_BUILD_SETTINGS=YES
    export INFOPLIST_FILE=/var/tmp/_bazel_afanasyev/9a39311ceb7a61706aa1e4e247e12702/rules_xcodeproj.noindex/build_output_base/execroot/_main/bazel-out/ios_arm64-dbg-ios-arm64-min13.0-ST-faee4d1e8780/bin/Telegram/rules_xcodeproj/Telegram/Info.plist
    export INFOPLIST_KEY_CFBundleDisplayName=
    export INFOPLIST_KEY_CLKComplicationPrincipalClass=
    export INFOPLIST_KEY_GCSupportsControllerUserInteraction=
    export INFOPLIST_KEY_GCSupportsGameMode=
    export INFOPLIST_KEY_ITSAppUsesNonExemptEncryption=
    export INFOPLIST_KEY_ITSEncryptionExportComplianceCode=
    export INFOPLIST_KEY_LSApplicationCategoryType=
    export INFOPLIST_KEY_LSBackgroundOnly=
    export INFOPLIST_KEY_LSSupportsOpeningDocumentsInPlace=
    export INFOPLIST_KEY_LSUIElement=
    export INFOPLIST_KEY_MetalCaptureEnabled=
    export INFOPLIST_KEY_NFCReaderUsageDescription=
    export INFOPLIST_KEY_NSAccessoryTrackingUsageDescription=
    export INFOPLIST_KEY_NSAppDataUsageDescription=
    export INFOPLIST_KEY_NSAppleEventsUsageDescription=
    export INFOPLIST_KEY_NSAppleMusicUsageDescription=
    export INFOPLIST_KEY_NSBluetoothAlwaysUsageDescription=
    export INFOPLIST_KEY_NSBluetoothPeripheralUsageDescription=
    export INFOPLIST_KEY_NSBluetoothWhileInUseUsageDescription=
    export INFOPLIST_KEY_NSCalendarsFullAccessUsageDescription=
    export INFOPLIST_KEY_NSCalendarsUsageDescription=
    export INFOPLIST_KEY_NSCalendarsWriteOnlyAccessUsageDescription=
    export INFOPLIST_KEY_NSCameraUsageDescription=
    export INFOPLIST_KEY_NSContactsUsageDescription=
    export INFOPLIST_KEY_NSCriticalMessagingUsageDescription=
    export INFOPLIST_KEY_NSDesktopFolderUsageDescription=
    export INFOPLIST_KEY_NSDocumentsFolderUsageDescription=
    export INFOPLIST_KEY_NSDownloadsFolderUsageDescription=
    export INFOPLIST_KEY_NSFaceIDUsageDescription=
    export INFOPLIST_KEY_NSFallDetectionUsageDescription=
    export INFOPLIST_KEY_NSFileProviderDomainUsageDescription=
    export INFOPLIST_KEY_NSFileProviderPresenceUsageDescription=
    export INFOPLIST_KEY_NSFinancialDataUsageDescription=
    export INFOPLIST_KEY_NSFocusStatusUsageDescription=
    export INFOPLIST_KEY_NSGKFriendListUsageDescription=
    export INFOPLIST_KEY_NSHandsTrackingUsageDescription=
    export INFOPLIST_KEY_NSHealthClinicalHealthRecordsShareUsageDescription=
    export INFOPLIST_KEY_NSHealthShareUsageDescription=
    export INFOPLIST_KEY_NSHealthUpdateUsageDescription=
    export INFOPLIST_KEY_NSHomeKitUsageDescription=
    export INFOPLIST_KEY_NSHumanReadableCopyright=
    export INFOPLIST_KEY_NSIdentityUsageDescription=
    export INFOPLIST_KEY_NSLocalNetworkUsageDescription=
    export INFOPLIST_KEY_NSLocationAlwaysAndWhenInUseUsageDescription=
    export INFOPLIST_KEY_NSLocationAlwaysUsageDescription=
    export INFOPLIST_KEY_NSLocationTemporaryUsageDescriptionDictionary=
    export INFOPLIST_KEY_NSLocationUsageDescription=
    export INFOPLIST_KEY_NSLocationWhenInUseUsageDescription=
    export INFOPLIST_KEY_NSMainCameraUsageDescription=
    export INFOPLIST_KEY_NSMainNibFile=
    export INFOPLIST_KEY_NSMainStoryboardFile=
    export INFOPLIST_KEY_NSMicrophoneUsageDescription=
    export INFOPLIST_KEY_NSMotionUsageDescription=
    export INFOPLIST_KEY_NSNearbyInteractionAllowOnceUsageDescription=
    export INFOPLIST_KEY_NSNearbyInteractionUsageDescription=
    export INFOPLIST_KEY_NSNetworkVolumesUsageDescription=
    export INFOPLIST_KEY_NSPhotoLibraryAddUsageDescription=
    export INFOPLIST_KEY_NSPhotoLibraryUsageDescription=
    export INFOPLIST_KEY_NSPrincipalClass=
    export INFOPLIST_KEY_NSRemindersFullAccessUsageDescription=
    export INFOPLIST_KEY_NSRemindersUsageDescription=
    export INFOPLIST_KEY_NSRemovableVolumesUsageDescription=
    export INFOPLIST_KEY_NSSensorKitPrivacyPolicyURL=
    export INFOPLIST_KEY_NSSensorKitUsageDescription=
    export INFOPLIST_KEY_NSSiriUsageDescription=
    export INFOPLIST_KEY_NSSpeechRecognitionUsageDescription=
    export INFOPLIST_KEY_NSStickerSharingLevel=
    export INFOPLIST_KEY_NSSupportsLiveActivities=
    export INFOPLIST_KEY_NSSupportsLiveActivitiesFrequentUpdates=
    export INFOPLIST_KEY_NSSystemAdministrationUsageDescription=
    export INFOPLIST_KEY_NSSystemExtensionUsageDescription=
    export INFOPLIST_KEY_NSUserTrackingUsageDescription=
    export INFOPLIST_KEY_NSVideoSubscriberAccountUsageDescription=
    export INFOPLIST_KEY_NSVoIPUsageDescription=
    export INFOPLIST_KEY_NSWorldSensingUsageDescription=
    export INFOPLIST_KEY_OSBundleUsageDescription=
    export INFOPLIST_KEY_UIApplicationSceneManifest_Generation=
    export INFOPLIST_KEY_UIApplicationSupportsIndirectInputEvents=
    export INFOPLIST_KEY_UILaunchScreen_Generation=
    export INFOPLIST_KEY_UILaunchStoryboardName=
    export INFOPLIST_KEY_UIMainStoryboardFile=
    export INFOPLIST_KEY_UIRequiresFullScreen=
    export INFOPLIST_KEY_UIStatusBarHidden=
    export INFOPLIST_KEY_UIStatusBarStyle=
    export INFOPLIST_KEY_UISupportsDocumentBrowser=
    export INFOPLIST_KEY_UIUserInterfaceStyle=
    export INFOPLIST_KEY_WKCompanionAppBundleIdentifier=
    export INFOPLIST_KEY_WKExtensionDelegateClassName=
    export INFOPLIST_KEY_WKRunsIndependentlyOfCompanionApp=
    export INFOPLIST_KEY_WKWatchOnly=
    export INFOPLIST_OTHER_PREPROCESSOR_FLAGS=
    export INFOPLIST_OUTPUT_FORMAT=binary
    export INFOPLIST_PATH=Telegram.app/Info.plist
    export INFOPLIST_PREFIX_HEADER=
    export INFOPLIST_PREPROCESS=NO
    export INFOPLIST_PREPROCESSOR_DEFINITIONS=
    export INFOSTRINGS_PATH=Telegram.app/en.lproj/InfoPlist.strings
    export INIT_ROUTINE=
    export INLINE_PRIVATE_FRAMEWORKS=NO
    export INSTALLAPI_IGNORE_SKIP_INSTALL=YES
    export INSTALLHDRS_COPY_PHASE=NO
    export INSTALLHDRS_SCRIPT_PHASE=NO
    export INSTALL_DIR=/Users/afanasyev/Library/Developer/Xcode/DerivedData/Telegram-bgradtrcdafgqwbewbqamjmitizp/Build/Intermediates.noindex/Telegram.buildbazel-out/ios_arm64-dbg-ios-arm64-min13.0-ST-faee4d1e8780/bin/Telegram/Telegram/bin
    export INSTALL_GROUP=staff
    export INSTALL_MODE_FLAG=u+w,go-w,a+rX
    export INSTALL_OWNER=afanasyev
    export INSTALL_PATH=bazel-out/ios_arm64-dbg-ios-arm64-min13.0-ST-faee4d1e8780/bin/Telegram/Telegram/bin
    export INSTALL_ROOT=/Users/afanasyev/Library/Developer/Xcode/DerivedData/Telegram-bgradtrcdafgqwbewbqamjmitizp/Build/Intermediates.noindex/Telegram.build
    export INSTRUMENTS_PACKAGE_BUILDER=instrumentbuilder
    export INSTRUMENTS_PACKAGE_BUILDER_DEPENDENCY_INFO_FILE=/Users/afanasyev/Library/Developer/Xcode/DerivedData/Telegram-bgradtrcdafgqwbewbqamjmitizp/Build/Intermediates.noindex/Telegram.build/bazel-out/ios_arm64-dbg-ios-arm64-min13.0-ST-faee4d1e8780/bin/Telegram/Telegram/instruments-package-builder.dependencies
    export INSTRUMENTS_PACKAGE_BUILDER_LINKED_PACKAGES=
    export INSTRUMENTS_PACKAGE_BUILDER_NO_SYSTEM_SEARCH=NO
    export INSTRUMENTS_PACKAGE_BUILDER_SEARCH_PATHS=/Users/afanasyev/Library/Developer/Xcode/DerivedData/Telegram-bgradtrcdafgqwbewbqamjmitizp/Build/Products/Debug-iphoneos/bazel-out/ios_arm64-dbg-ios-arm64-min13.0-ST-faee4d1e8780/bin/Telegram
    export INSTRUMENTS_PACKAGE_BUILDER_VERSION_OVERRIDE=
    export INTENTS_CODEGEN_LANGUAGE=Automatic
    export INTERNAL_DIR=/Volumes/dx/dev/_home/MTProxy/Telegram-iOS/Telegram/Telegram.xcodeproj/rules_xcodeproj
    export IPHONEOS_DEPLOYMENT_TARGET=13.0
    export IS_MACCATALYST=
    export InfoPlistPath=
    export JAVAC_DEFAULT_FLAGS="-J-Xms64m -J-XX:NewSize=4M -J-Dfile.encoding=UTF8"
    export JAVA_APP_STUB=/System/Library/Frameworks/JavaVM.framework/Resources/MacOS/JavaApplicationStub
    export JAVA_ARCHIVE_CLASSES=YES
    export JAVA_ARCHIVE_TYPE=JAR
    export JAVA_COMPILER=/usr/bin/javac
    export JAVA_FOLDER_PATH=Telegram.app/Java
    export JAVA_FRAMEWORK_JARS=
    export JAVA_FRAMEWORK_RESOURCES_DIRS=Resources
    export JAVA_JAR_FLAGS=cv
    export JAVA_SOURCE_SUBDIR=.
    export JAVA_USE_DEPENDENCIES=YES
    export JAVA_ZIP_FLAGS=-urg
    export JETBRAINSCLIENT_VM_OPTIONS=/Users/afanasyev/bin/jetbra/vmoptions/jetbrainsclient.vmoptions
    export JETBRAINS_CLIENT_VM_OPTIONS=/Users/afanasyev/bin/jetbra/vmoptions/jetbrains_client.vmoptions
    export JIKES_DEFAULT_FLAGS="+E +OLDCSO"
    export KASAN_CFLAGS_CLASSIC="-DKASAN=1 -DKASAN_CLASSIC=1 -fsanitize=address -mllvm -asan-globals-live-support -mllvm -asan-force-dynamic-shadow"
    export KASAN_CFLAGS_TBI="-DKASAN=1 -DKASAN_TBI=1 -fsanitize=kernel-hwaddress -mllvm -hwasan-recover=0 -mllvm -hwasan-instrument-atomics=0 -mllvm -hwasan-instrument-stack=1 -mllvm -hwasan-generate-tags-with-calls=1 -mllvm -hwasan-instrument-with-calls=1 -mllvm -hwasan-use-short-granules=0 -mllvm -hwasan-memory-access-callback-prefix=__asan_"
    export KASAN_DEFAULT_CFLAGS="-DKASAN=1 -DKASAN_CLASSIC=1 -fsanitize=address -mllvm -asan-globals-live-support -mllvm -asan-force-dynamic-shadow"
    export KEEP_PRIVATE_EXTERNS=NO
    export KEXT_CFLAGS=
    export KEXT_CPLUSPLUSFLAGS=
    export LAUNCH_CONSTRAINT_PARENT=
    export LAUNCH_CONSTRAINT_RESPONSIBLE=
    export LAUNCH_CONSTRAINT_SELF=
    export LD=/Volumes/dx/dev/_home/MTProxy/Telegram-iOS/Telegram/Telegram.xcodeproj/rules_xcodeproj/bazel/ld
    export LDPLUSPLUS=/Volumes/dx/dev/_home/MTProxy/Telegram-iOS/Telegram/Telegram.xcodeproj/rules_xcodeproj/bazel/ld
    export LD_ADDRESS_SANITIZER=-fsanitize=address
    export LD_ADDRESS_SANITIZER_clang=-fsanitize=address
    export LD_ADDRESS_SANITIZER_swiftc=-sanitize=address
    export LD_ADD_MERGEABLE_DEBUG_HOOK=
    export LD_CLIENT_NAME=
    export LD_COHORT_ARCHS=
    export LD_DEBUG_VARIANT=YES
    export LD_DEPENDENCY_INFO_FILE=/undefined_arch/Telegram_dependency_info.dat
    export LD_DETERMINISTIC_MODE=YES
    export LD_DONT_RUN_DEDUPLICATION=YES
    export LD_DYLIB_ALLOWABLE_CLIENTS=
    export LD_DYLIB_INSTALL_NAME=
    export LD_ENTITLEMENTS_SECTION=
    export LD_ENTITLEMENTS_SECTION_DER=
    export LD_ENTRY_POINT=
    export LD_ENVIRONMENT=
    export LD_EXPORT_GLOBAL_SYMBOLS=NO
    export LD_EXPORT_SYMBOLS=YES
    export LD_FINAL_OUTPUT_FILE=bazel-out/ios_arm64-dbg-ios-arm64-min13.0-ST-faee4d1e8780/bin/Telegram/Telegram/bin/Telegram.app/Telegram
    export LD_FLAGS=
    export LD_GENERATE_MAP_FILE=NO
    export LD_LTO_OBJECT_FILE=/undefined_arch/Telegram_lto.o
    export LD_MAKE_MERGEABLE=NO
    export LD_MAP_FILE_PATH=/Users/afanasyev/Library/Developer/Xcode/DerivedData/Telegram-bgradtrcdafgqwbewbqamjmitizp/Build/Intermediates.noindex/Telegram.build/bazel-out/ios_arm64-dbg-ios-arm64-min13.0-ST-faee4d1e8780/bin/Telegram/Telegram/Telegram-LinkMap-normal-undefined_arch.txt
    export LD_NO_PIE=NO
    export LD_OBJC_ABI_VERSION=
    export LD_OBJC_RUNTIME_ARGS=-fobjc-link-runtime
    export LD_OBJC_RUNTIME_ARGS_clang=-fobjc-link-runtime
    export LD_OBJC_RUNTIME_ARGS_swiftc=-link-objc-runtime
    export LD_OPTIMIZATION_LEVEL=0
    export LD_QUOTE_LINKER_ARGUMENTS_FOR_COMPILER_DRIVER=YES
    export LD_RUNPATH_SEARCH_PATHS=
    export LD_RUNPATH_SEARCH_PATHS_YES="@loader_path/../Frameworks"
    export LD_SDK_IMPORTS_FILE=/undefined_arch/Telegram_normal_undefined_arch_sdk_imports.json
    export LD_SHARED_CACHE_ELIGIBLE=Automatic
    export LD_SKIP_MERGEABLE_LIBRARY_BUNDLE_HOOK=NO
    export LD_SUPPRESS_WARNINGS=NO
    export LD_TARGET_TRIPLE_ARCHS=undefined_arch
    export LD_THREAD_SANITIZER=
    export LD_WARN_DUPLICATE_LIBRARIES=NO
    export LD_WARN_UNUSED_DYLIBS=NO
    export LEGACY_DEVELOPER_DIR=/Applications/Xcode.app/Contents/Developer/PlugIns/Xcode3Core.ideplugin/Contents/SharedSupport/Developer
    export LEGACY_INDEX_IMPORT=/var/tmp/_bazel_afanasyev/9a39311ceb7a61706aa1e4e247e12702/rules_xcodeproj.noindex/build_output_base/execroot/_main/bazel-out/darwin_arm64-opt-exec-ST-d57f47055a04/bin/external/rules_xcodeproj++non_module_deps+rules_xcodeproj_legacy_index_import/index-import
    export LEX=lex
    export LEXFLAGS=
    export LEX_CASE_INSENSITIVE_SCANNER=NO
    export LEX_INSERT_LINE_DIRECTIVES=YES
    export LEX_SUPPRESS_DEFAULT_RULE=NO
    export LEX_SUPPRESS_WARNINGS=NO
    export LIBRARY_DEXT_INSTALL_PATH=/Library/DriverExtensions
    export LIBRARY_FLAG_NOSPACE=YES
    export LIBRARY_FLAG_PREFIX=-l
    export LIBRARY_KEXT_INSTALL_PATH=/Library/Extensions
    export LIBRARY_LOAD_CONSTRAINT=
    export LIBRARY_SEARCH_PATHS=
    export LIBTOOL=/Volumes/dx/dev/_home/MTProxy/Telegram-iOS/Telegram/Telegram.xcodeproj/rules_xcodeproj/bazel/libtool
    export LIBTOOL_ARCH=undefined_arch
    export LIBTOOL_COHORT_ARCHS=
    export LIBTOOL_DEPENDENCY_INFO_FILE=/undefined_arch/Telegram_libtool_dependency_info.dat
    export LIBTOOL_DEPLOYMENT_TARGET=13.0
    export LIBTOOL_DETERMINISTIC_MODE=YES
    export LIBTOOL_FILE_LIST_FORMAT=unescapedNewlineSeparated
    export LIBTOOL_USE_RESPONSE_FILE=YES
    export LINKER_DISPLAYS_MANGLED_NAMES=NO
    export LINKER_DRIVER=clang
    export LINKER_FILE_LIST_FORMAT=unescapedNewlineSeparated
    export LINKER_FILE_LIST_FORMAT_clang=unescapedNewlineSeparated
    export LINKER_FILE_LIST_FORMAT_swiftc=unixShellQuotedSpaceSeparated
    export LINKER_LIBRARY_FLAGS=
    export LINKER_RESPONSE_FILE_FORMAT=unixShellQuotedSpaceSeparated
    export LINK_PARAMS_FILE=/var/tmp/_bazel_afanasyev/9a39311ceb7a61706aa1e4e247e12702/rules_xcodeproj.noindex/build_output_base/execroot/_main/bazel-out/ios_arm64-dbg-ios-arm64-min13.0-ST-faee4d1e8780/bin/Telegram/Telegram.rules_xcodeproj.link.params
    export LINK_WITH_STANDARD_LIBRARIES=YES
    export LLVM_IMPLICIT_AGGRESSIVE_OPTIMIZATIONS=NO
    export LLVM_LTO=NO
    export LLVM_OPTIMIZATION_LEVEL_VAL_0=NO
    export LLVM_OPTIMIZATION_LEVEL_VAL_1=NO
    export LLVM_OPTIMIZATION_LEVEL_VAL_2=NO
    export LLVM_OPTIMIZATION_LEVEL_VAL_3=NO
    export LLVM_OPTIMIZATION_LEVEL_VAL_fast=YES
    export LLVM_OPTIMIZATION_LEVEL_VAL_s=NO
    export LLVM_OPTIMIZATION_LEVEL_VAL_z=NO
    export LLVM_TARGET_TRIPLE_OS_VERSION=ios13.0
    export LLVM_TARGET_TRIPLE_SUFFIX=
    export LLVM_TARGET_TRIPLE_VENDOR=apple
    export LM_AUX_CONST_METADATA_LIST_PATH=
    export LM_AUX_INTENTS_METADATA_FILES_LIST_PATH=/Users/afanasyev/Library/Developer/Xcode/DerivedData/Telegram-bgradtrcdafgqwbewbqamjmitizp/Build/Intermediates.noindex/Telegram.build/bazel-out/ios_arm64-dbg-ios-arm64-min13.0-ST-faee4d1e8780/bin/Telegram/Telegram/Telegram.DependencyMetadataFileList
    export LM_AUX_INTENTS_STATIC_METADATA_FILES_LIST_PATH=/Users/afanasyev/Library/Developer/Xcode/DerivedData/Telegram-bgradtrcdafgqwbewbqamjmitizp/Build/Intermediates.noindex/Telegram.build/bazel-out/ios_arm64-dbg-ios-arm64-min13.0-ST-faee4d1e8780/bin/Telegram/Telegram/Telegram.DependencyStaticMetadataFileList
    export LM_BINARY_PATH=
    export LM_BUNDLE_IDENTIFIER=org.toxeh.ChatOverTSPU
    export LM_COMPILE_TIME_EXTRACTION=YES
    export LM_DEPENDENCY_FILES=
    export LM_ENABLE_APP_NAME_OVERRIDE=NO
    export LM_ENABLE_ASSISTANT_INTENT_APP_NAME_OVERRIDE=NO
    export LM_ENABLE_LINK_GENERATION=YES
    export LM_ENABLE_STRING_VALIDATION=YES
    export LM_FILTER_WARNINGS=NO
    export LM_FORCE_LINK_GENERATION=NO
    export LM_FORCE_METADATA_OUTPUT=NO
    export LM_NO_APP_SHORTCUT_LOCALIZATION=YES
    export LM_OUTPUT_DIR=
    export LM_STRINGSDATA_FILES=
    export LOCALIZABLE_CONTENT_DIR=
    export LOCALIZATION_EXPORT_SUPPORTED=YES
    export LOCALIZATION_PREFERS_STRING_CATALOGS=NO
    export LOCALIZED_RESOURCES_FOLDER_PATH=Telegram.app/en.lproj
    export LOCALIZED_STRING_CODE_COMMENTS=NO
    export LOCALIZED_STRING_MACRO_NAMES="NSLocalizedString CFCopyLocalizedString"
    export LOCALIZED_STRING_SWIFTUI_SUPPORT=YES
    export LOCAL_ADMIN_APPS_DIR=/Applications/Utilities
    export LOCAL_APPS_DIR=/Applications
    export LOCAL_DEVELOPER_DIR=/Library/Developer
    export LOCAL_DEVELOPER_EXECUTABLES_DIR=
    export LOCAL_LIBRARY_DIR=/Library
    export LOCROOT=
    export LOCSYMROOT=
    export LOGNAME=afanasyev
    export MACH_O_TYPE=mh_execute
    export MACOSX_DEPLOYMENT_TARGET=11.5
    export MACOS_CREATOR=
    export MACOS_CREATOR_ARG=
    export MACOS_TYPE=
    export MACOS_TYPE_ARG=
    export MAC_OS_X_PRODUCT_BUILD_VERSION=25E246
    export MAC_OS_X_VERSION_ACTUAL=260400
    export MAC_OS_X_VERSION_MAJOR=260000
    export MAC_OS_X_VERSION_MAX_ALLOWED=
    export MAC_OS_X_VERSION_MINOR=260400
    export MAC_OS_X_VERSION_MIN_REQUIRED=
    export MAKE_MERGEABLE=NO
    export MANPATH="/Applications/Xcode.app/Contents/Developer/Platforms/MacOSX.platform/Developer/SDKs/MacOSX.sdk/usr/share/man:/Applications/Xcode.app/Contents/Developer/Platforms/MacOSX.platform/usr/share/man:/Applications/Xcode.app/Contents/Developer/usr/share/man:/Applications/Xcode.app/Contents/Developer/Toolchains/XcodeDefault.xctoolchain/usr/share/man:"
    export MAPC_MODULE=Lib
    export MAPC_NO_WARNINGS=NO
    export MARKETING_VERSION=
    export MERGEABLE_LIBRARY=NO
    export MERGED_BINARY_TYPE=none
    export MERGE_LINKED_LIBRARIES=NO
    export METAL_INDEX_STORE_ONLY_PROJECT_FILES=NO
    export METAL_LIBRARY_FILE_BASE=default
    export METAL_LIBRARY_OUTPUT_DIR=/Users/afanasyev/Library/Developer/Xcode/DerivedData/Telegram-bgradtrcdafgqwbewbqamjmitizp/Build/Products/Debug-iphoneos/bazel-out/ios_arm64-dbg-ios-arm64-min13.0-ST-faee4d1e8780/bin/Telegram/Telegram.app
    export MIG_DEPLOYMENT_TARGET=13.0
    export MIG_EXEC=mig
    export MODULEMAP_FILE=
    export MODULEMAP_PRIVATE_FILE=
    export MODULES_FOLDER_PATH=Telegram.app/Modules
    export MODULES_VERIFIER_EXEC=modules-verifier
    export MODULE_CACHE_DIR=/Users/afanasyev/Library/Developer/Xcode/DerivedData/ModuleCache.noindex
    export MODULE_DEPENDENCIES=
    export MODULE_NAME=
    export MODULE_START=
    export MODULE_STOP=
    export MODULE_VERIFIER_LSV=NO
    export MODULE_VERIFIER_SUPPORTED_LANGUAGES=objective-c
    export MODULE_VERIFIER_TARGET_TRIPLE_ARCHS=arm64
    export MODULE_VERIFIER_VERBOSE=NO
    export MODULE_VERSION=
    export MOMC_MODULE=Lib
    export MOMC_NO_DELETE_RULE_WARNINGS=NO
    export MOMC_NO_INVERSE_RELATIONSHIP_WARNINGS=NO
    export MOMC_NO_MAX_PROPERTY_COUNT_WARNINGS=NO
    export MOMC_NO_WARNINGS=NO
    export MOMC_OUTPUT_SUFFIX=
    export MOMC_OUTPUT_SUFFIX__xcdatamodel=.mom
    export MOMC_OUTPUT_SUFFIX__xcdatamodeld=.momd
    export MOMC_SUPPRESS_INVERSE_TRANSIENT_ERROR=NO
    export MTLCOMPILER_DEPENDENCY_INFO_FILE=/Users/afanasyev/Library/Developer/Xcode/DerivedData/Telegram-bgradtrcdafgqwbewbqamjmitizp/Build/Intermediates.noindex/Telegram.build/bazel-out/ios_arm64-dbg-ios-arm64-min13.0-ST-faee4d1e8780/bin/Telegram/Telegram/Metal/.dat
    export MTLCOMPILER_OUTPUT_FILE=/Users/afanasyev/Library/Developer/Xcode/DerivedData/Telegram-bgradtrcdafgqwbewbqamjmitizp/Build/Intermediates.noindex/Telegram.build/bazel-out/ios_arm64-dbg-ios-arm64-min13.0-ST-faee4d1e8780/bin/Telegram/Telegram/Metal/.air
    export MTLLINKER_ALTERNATE_LINKER=
    export MTLLINKER_INCLUDE_SOURCE=
    export MTLLINKER_OUTPUT_FILE=
    export MTLLINKER_TARGET_TRIPLE=
    export MTL_COMPILER_FLAGS=
    export MTL_ENABLE_DEBUG_INFO=NO
    export MTL_ENABLE_INDEX_STORE=YES
    export MTL_ENABLE_MODULES=STDLIB
    export MTL_FAST_MATH=YES
    export MTL_FRAMEWORK_SEARCH_PATH_BUILT_PRODUCTS_DIR=
    export MTL_HEADER_SEARCH_PATHS=
    export MTL_HEADER_SEARCH_PATH_BUILT_PRODUCTS_DIR=
    export MTL_IGNORE_WARNINGS=NO
    export MTL_INDEX_STORE_PATH=/Users/afanasyev/Library/Developer/Xcode/DerivedData/Telegram-bgradtrcdafgqwbewbqamjmitizp/Index.noindex/DataStore
    export MTL_LANGUAGE_REVISION=UseDeploymentTarget
    export MTL_LANGUAGE_REVISION_dialect=ios
    export MTL_LANGUAGE_REVISION_dialect_macosx=macos
    export MTL_LANGUAGE_REVISION_optgen=UseDeploymentTarget
    export MTL_MATH_FP32_FUNCTIONS=FAST
    export MTL_MATH_FP32_FUNCTIONS_derived_NO=PRECISE
    export MTL_MATH_MODE=FAST
    export MTL_MATH_MODE_derived_NO=SAFE
    export MTL_OPTIMIZATION_LEVEL=default
    export MTL_TARGET_TRIPLE=air64-apple-ios13.0
    export MTL_TREAT_WARNINGS_AS_ERRORS=NO
    export MallocNanoZone=0
    export NATIVE_ARCH=arm64e
    export NATIVE_ARCH_32_BIT=i386
    export NATIVE_ARCH_64_BIT=arm64e
    export NATIVE_ARCH_ACTUAL=arm64e
    export NO_COMMON=YES
    export NO_PROXY="*.azureedge.net"
    export OBJECT_FILE_ASSEMBLER_LINKER_RESPONSE_FILE_FORMAT=unixShellQuotedSpaceSeparated
    export OBJECT_FILE_DIR=/Users/afanasyev/Library/Developer/Xcode/DerivedData/Telegram-bgradtrcdafgqwbewbqamjmitizp/Build/Intermediates.noindex/Telegram.build/bazel-out/ios_arm64-dbg-ios-arm64-min13.0-ST-faee4d1e8780/bin/Telegram/Telegram/Objects
    export OBJROOT=/Users/afanasyev/Library/Developer/Xcode/DerivedData/Telegram-bgradtrcdafgqwbewbqamjmitizp/Build/Intermediates.noindex
    export ONLY_ACTIVE_ARCH=YES
    export OPENCLC=/System/Library/Frameworks/OpenCL.framework/Libraries/openclc
    export OPENCL_ARCHS="i386 x86_64 gpu_32 gpu_64"
    export OPENCL_AUTO_VECTORIZE_ENABLE=YES
    export OPENCL_COMPILER_VERSION=CL1.1
    export OPENCL_DENORMS_ARE_ZERO=NO
    export OPENCL_DOUBLE_AS_SINGLE=NO
    export OPENCL_FAST_RELAXED_MATH=NO
    export OPENCL_MAD_ENABLE=NO
    export OPENCL_OPTIMIZATION_LEVEL=s
    export OPTIMIZATION_CFLAGS=
    export ORDER_FILE=
    export OS=MACOS
    export OSAC=/usr/bin/osacompile
    export OSACOMPILE_EXECUTE_ONLY=NO
    export OSLogRateLimit=64
    export OTHER_CFLAGS="@/Users/afanasyev/Library/Developer/Xcode/DerivedData/Telegram-bgradtrcdafgqwbewbqamjmitizp/Build/Intermediates.noindex/Telegram.build/bazel-out/ios_arm64-dbg-ios-arm64-min13.0-ST-faee4d1e8780/bin/Telegram/Telegram/DerivedSources/c.compile.params -D_FORTIFY_SOURCE=1"
    export OTHER_CLANG_MODULES_VERIFIER_FLAGS=
    export OTHER_CODE_SIGN_FLAGS=
    export OTHER_CPLUSPLUSFLAGS="@/Users/afanasyev/Library/Developer/Xcode/DerivedData/Telegram-bgradtrcdafgqwbewbqamjmitizp/Build/Intermediates.noindex/Telegram.build/bazel-out/ios_arm64-dbg-ios-arm64-min13.0-ST-faee4d1e8780/bin/Telegram/Telegram/DerivedSources/c.compile.params -D_FORTIFY_SOURCE=1"
    export OTHER_IIG_CFLAGS=
    export OTHER_IIG_FLAGS=
    export OTHER_LDFLAGS="@/Users/afanasyev/Library/Developer/Xcode/DerivedData/Telegram-bgradtrcdafgqwbewbqamjmitizp/Build/Intermediates.noindex/Telegram.build/bazel-out/ios_arm64-dbg-ios-arm64-min13.0-ST-faee4d1e8780/bin/Telegram/Telegram/DerivedSources/link.params"
    export OTHER_LDRFLAGS="@/Users/afanasyev/Library/Developer/Xcode/DerivedData/Telegram-bgradtrcdafgqwbewbqamjmitizp/Build/Intermediates.noindex/Telegram.build/bazel-out/ios_arm64-dbg-ios-arm64-min13.0-ST-faee4d1e8780/bin/Telegram/Telegram/DerivedSources/link.params"
    export OTHER_LIBTOOLFLAGS=
    export OTHER_MIGFLAGS=
    export OTHER_MODULE_VERIFIER_FLAGS=
    export OTHER_OSACOMPILEFLAGS=
    export OTHER_OSAFLAGS=
    export OTHER_PRECOMP_CFLAGS=
    export OTHER_RESMERGERFLAGS=
    export OTHER_REZFLAGS=
    export OTHER_SWIFT_FLAGS="-Xcc -working-directory -Xcc /var/tmp/_bazel_afanasyev/9a39311ceb7a61706aa1e4e247e12702/rules_xcodeproj.noindex/build_output_base/execroot/_main -working-directory /var/tmp/_bazel_afanasyev/9a39311ceb7a61706aa1e4e247e12702/rules_xcodeproj.noindex/build_output_base/execroot/_main  -enforce-exclusivity=checked -emit-const-values-path bazel-out/ios_arm64-dbg-ios-arm64-min13.0-ST-faee4d1e8780/bin/Telegram/Lib_objs/Telegram-iOS/Application.swift.swiftconstvalues -DDEBUG -Onone -Xfrontend -internalize-at-link -enable-testing -disable-sandbox -file-compilation-dir . -I/var/tmp/_bazel_afanasyev/9a39311ceb7a61706aa1e4e247e12702/rules_xcodeproj.noindex/build_output_base/execroot/_main/bazel-out/ios_arm64-dbg-ios-arm64-min13.0-ST-faee4d1e8780/bin/submodules/SSignalKit/SwiftSignalKit -I/var/tmp/_bazel_afanasyev/9a39311ceb7a61706aa1e4e247e12702/rules_xcodeproj.noindex/build_output_base/execroot/_main/bazel-out/ios_arm64-dbg-ios-arm64-min13.0-ST-faee4d1e8780/bin/submodules/Markdown -I/var/tmp/_bazel_afanasyev/9a39311ceb7a61706aa1e4e247e12702/rules_xcodeproj.noindex/build_output_base/execroot/_main/bazel-out/ios_arm64-dbg-ios-arm64-min13.0-ST-faee4d1e8780/bin/submodules/Display -I/var/tmp/_bazel_afanasyev/9a39311ceb7a61706aa1e4e247e12702/rules_xcodeproj.noindex/build_output_base/execroot/_main/bazel-out/ios_arm64-dbg-ios-arm64-min13.0-ST-faee4d1e8780/bin/submodules/ManagedFile -I/var/tmp/_bazel_afanasyev/9a39311ceb7a61706aa1e4e247e12702/rules_xcodeproj.noindex/build_output_base/execroot/_main/bazel-out/ios_arm64-dbg-ios-arm64-min13.0-ST-faee4d1e8780/bin/submodules/Utils/RangeSet -I/var/tmp/_bazel_afanasyev/9a39311ceb7a61706aa1e4e247e12702/rules_xcodeproj.noindex/build_output_base/execroot/_main/bazel-out/ios_arm64-dbg-ios-arm64-min13.0-ST-faee4d1e8780/bin/submodules/Postbox -I/var/tmp/_bazel_afanasyev/9a39311ceb7a61706aa1e4e247e12702/rules_xcodeproj.noindex/build_output_base/execroot/_main/bazel-out/ios_arm64-dbg-ios-arm64-min13.0-ST-faee4d1e8780/bin/submodules/TelegramApi -I/var/tmp/_bazel_afanasyev/9a39311ceb7a61706aa1e4e247e12702/rules_xcodeproj.noindex/build_output_base/execroot/_main/bazel-out/ios_arm64-dbg-ios-arm64-min13.0-ST-faee4d1e8780/bin/submodules/CloudData -I/var/tmp/_bazel_afanasyev/9a39311ceb7a61706aa1e4e247e12702/rules_xcodeproj.noindex/build_output_base/execroot/_main/bazel-out/ios_arm64-dbg-ios-arm64-min13.0-ST-faee4d1e8780/bin/submodules/Reachability -I/var/tmp/_bazel_afanasyev/9a39311ceb7a61706aa1e4e247e12702/rules_xcodeproj.noindex/build_output_base/execroot/_main/bazel-out/ios_arm64-dbg-ios-arm64-min13.0-ST-faee4d1e8780/bin/submodules/Emoji -I/var/tmp/_bazel_afanasyev/9a39311ceb7a61706aa1e4e247e12702/rules_xcodeproj.noindex/build_output_base/execroot/_main/bazel-out/ios_arm64-dbg-ios-arm64-min13.0-ST-faee4d1e8780/bin/submodules/TelegramCore/FlatBuffers -I/var/tmp/_bazel_afanasyev/9a39311ceb7a61706aa1e4e247e12702/rules_xcodeproj.noindex/build_output_base/execroot/_main/bazel-out/ios_arm64-dbg-ios-arm64-min13.0-ST-faee4d1e8780/bin/submodules/TelegramCore/FlatSerialization -I/var/tmp/_bazel_afanasyev/9a39311ceb7a61706aa1e4e247e12702/rules_xcodeproj.noindex/build_output_base/execroot/_main/bazel-out/ios_arm64-dbg-ios-arm64-min13.0-ST-faee4d1e8780/bin/submodules/TelegramCore -I/var/tmp/_bazel_afanasyev/9a39311ceb7a61706aa1e4e247e12702/rules_xcodeproj.noindex/build_output_base/execroot/_main/bazel-out/ios_arm64-dbg-ios-arm64-min13.0-ST-faee4d1e8780/bin/submodules/TelegramUIPreferences -I/var/tmp/_bazel_afanasyev/9a39311ceb7a61706aa1e4e247e12702/rules_xcodeproj.noindex/build_output_base/execroot/_main/bazel-out/ios_arm64-dbg-ios-arm64-min13.0-ST-faee4d1e8780/bin/submodules/MediaResources -I/var/tmp/_bazel_afanasyev/9a39311ceb7a61706aa1e4e247e12702/rules_xcodeproj.noindex/build_output_base/execroot/_main/bazel-out/ios_arm64-dbg-ios-arm64-min13.0-ST-faee4d1e8780/bin/submodules/StringPluralization -I/var/tmp/_bazel_afanasyev/9a39311ceb7a61706aa1e4e247e12702/rules_xcodeproj.noindex/build_output_base/execroot/_main/bazel-out/ios_arm64-dbg-ios-arm64-min13.0-ST-faee4d1e8780/bin/submodules/TinyThumbnail -I/var/tmp/_bazel_afanasyev/9a39311ceb7a61706aa1e4e247e12702/rules_xcodeproj.noindex/build_output_base/execroot/_main/bazel-out/ios_arm64-dbg-ios-arm64-min13.0-ST-faee4d1e8780/bin/submodules/TelegramPresentationData -I/var/tmp/_bazel_afanasyev/9a39311ceb7a61706aa1e4e247e12702/rules_xcodeproj.noindex/build_output_base/execroot/_main/bazel-out/ios_arm64-dbg-ios-arm64-min13.0-ST-faee4d1e8780/bin/submodules/TelegramAudio -I/var/tmp/_bazel_afanasyev/9a39311ceb7a61706aa1e4e247e12702/rules_xcodeproj.noindex/build_output_base/execroot/_main/bazel-out/ios_arm64-dbg-ios-arm64-min13.0-ST-faee4d1e8780/bin/submodules/PlatformRestrictionMatching -I/var/tmp/_bazel_afanasyev/9a39311ceb7a61706aa1e4e247e12702/rules_xcodeproj.noindex/build_output_base/execroot/_main/bazel-out/ios_arm64-dbg-ios-arm64-min13.0-ST-faee4d1e8780/bin/submodules/LocalizedPeerData -I/var/tmp/_bazel_afanasyev/9a39311ceb7a61706aa1e4e247e12702/rules_xcodeproj.noindex/build_output_base/execroot/_main/bazel-out/ios_arm64-dbg-ios-arm64-min13.0-ST-faee4d1e8780/bin/submodules/TextFormat -I/var/tmp/_bazel_afanasyev/9a39311ceb7a61706aa1e4e247e12702/rules_xcodeproj.noindex/build_output_base/execroot/_main/bazel-out/ios_arm64-dbg-ios-arm64-min13.0-ST-faee4d1e8780/bin/submodules/TelegramStringFormatting -I/var/tmp/_bazel_afanasyev/9a39311ceb7a61706aa1e4e247e12702/rules_xcodeproj.noindex/build_output_base/execroot/_main/bazel-out/ios_arm64-dbg-ios-arm64-min13.0-ST-faee4d1e8780/bin/submodules/TemporaryCachedPeerDataManager -I/var/tmp/_bazel_afanasyev/9a39311ceb7a61706aa1e4e247e12702/rules_xcodeproj.noindex/build_output_base/execroot/_main/bazel-out/ios_arm64-dbg-ios-arm64-min13.0-ST-faee4d1e8780/bin/submodules/DeviceLocationManager -I/var/tmp/_bazel_afanasyev/9a39311ceb7a61706aa1e4e247e12702/rules_xcodeproj.noindex/build_output_base/execroot/_main/bazel-out/ios_arm64-dbg-ios-arm64-min13.0-ST-faee4d1e8780/bin/submodules/MediaPlayer -I/var/tmp/_bazel_afanasyev/9a39311ceb7a61706aa1e4e247e12702/rules_xcodeproj.noindex/build_output_base/execroot/_main/bazel-out/ios_arm64-dbg-ios-arm64-min13.0-ST-faee4d1e8780/bin/submodules/UrlEscaping -I/var/tmp/_bazel_afanasyev/9a39311ceb7a61706aa1e4e247e12702/rules_xcodeproj.noindex/build_output_base/execroot/_main/bazel-out/ios_arm64-dbg-ios-arm64-min13.0-ST-faee4d1e8780/bin/submodules/MusicAlbumArtResources -I/var/tmp/_bazel_afanasyev/9a39311ceb7a61706aa1e4e247e12702/rules_xcodeproj.noindex/build_output_base/execroot/_main/bazel-out/ios_arm64-dbg-ios-arm64-min13.0-ST-faee4d1e8780/bin/submodules/PersistentStringHash -I/var/tmp/_bazel_afanasyev/9a39311ceb7a61706aa1e4e247e12702/rules_xcodeproj.noindex/build_output_base/execroot/_main/bazel-out/ios_arm64-dbg-ios-arm64-min13.0-ST-faee4d1e8780/bin/submodules/InAppPurchaseManager -I/var/tmp/_bazel_afanasyev/9a39311ceb7a61706aa1e4e247e12702/rules_xcodeproj.noindex/build_output_base/execroot/_main/bazel-out/ios_arm64-dbg-ios-arm64-min13.0-ST-faee4d1e8780/bin/submodules/TelegramUI/Components/AnimationCache -I/var/tmp/_bazel_afanasyev/9a39311ceb7a61706aa1e4e247e12702/rules_xcodeproj.noindex/build_output_base/execroot/_main/bazel-out/ios_arm64-dbg-ios-arm64-min13.0-ST-faee4d1e8780/bin/submodules/TelegramUI/Components/MultiAnimationRenderer -I/var/tmp/_bazel_afanasyev/9a39311ceb7a61706aa1e4e247e12702/rules_xcodeproj.noindex/build_output_base/execroot/_main/bazel-out/ios_arm64-dbg-ios-arm64-min13.0-ST-faee4d1e8780/bin/submodules/AccountContext -I/var/tmp/_bazel_afanasyev/9a39311ceb7a61706aa1e4e247e12702/rules_xcodeproj.noindex/build_output_base/execroot/_main/bazel-out/ios_arm64-dbg-ios-arm64-min13.0-ST-faee4d1e8780/bin/submodules/lottie-ios -I/var/tmp/_bazel_afanasyev/9a39311ceb7a61706aa1e4e247e12702/rules_xcodeproj.noindex/build_output_base/execroot/_main/bazel-out/ios_arm64-dbg-ios-arm64-min13.0-ST-faee4d1e8780/bin/submodules/ImageTransparency -I/var/tmp/_bazel_afanasyev/9a39311ceb7a61706aa1e4e247e12702/rules_xcodeproj.noindex/build_output_base/execroot/_main/bazel-out/ios_arm64-dbg-ios-arm64-min13.0-ST-faee4d1e8780/bin/submodules/ImageBlur -I/var/tmp/_bazel_afanasyev/9a39311ceb7a61706aa1e4e247e12702/rules_xcodeproj.noindex/build_output_base/execroot/_main/bazel-out/ios_arm64-dbg-ios-arm64-min13.0-ST-faee4d1e8780/bin/submodules/Tuples -I/var/tmp/_bazel_afanasyev/9a39311ceb7a61706aa1e4e247e12702/rules_xcodeproj.noindex/build_output_base/execroot/_main/bazel-out/ios_arm64-dbg-ios-arm64-min13.0-ST-faee4d1e8780/bin/submodules/ImageCompression -I/var/tmp/_bazel_afanasyev/9a39311ceb7a61706aa1e4e247e12702/rules_xcodeproj.noindex/build_output_base/execroot/_main/bazel-out/ios_arm64-dbg-ios-arm64-min13.0-ST-faee4d1e8780/bin/submodules/PhotoResources -I/var/tmp/_bazel_afanasyev/9a39311ceb7a61706aa1e4e247e12702/rules_xcodeproj.noindex/build_output_base/execroot/_main/bazel-out/ios_arm64-dbg-ios-arm64-min13.0-ST-faee4d1e8780/bin/submodules/DeviceAccess -I/var/tmp/_bazel_afanasyev/9a39311ceb7a61706aa1e4e247e12702/rules_xcodeproj.noindex/build_output_base/execroot/_main/bazel-out/ios_arm64-dbg-ios-arm64-min13.0-ST-faee4d1e8780/bin/submodules/TelegramPermissions -I/var/tmp/_bazel_afanasyev/9a39311ceb7a61706aa1e4e247e12702/rules_xcodeproj.noindex/build_output_base/execroot/_main/bazel-out/ios_arm64-dbg-ios-arm64-min13.0-ST-faee4d1e8780/bin/submodules/TelegramNotices -I/var/tmp/_bazel_afanasyev/9a39311ceb7a61706aa1e4e247e12702/rules_xcodeproj.noindex/build_output_base/execroot/_main/bazel-out/ios_arm64-dbg-ios-arm64-min13.0-ST-faee4d1e8780/bin/submodules/TelegramVoip -I/var/tmp/_bazel_afanasyev/9a39311ceb7a61706aa1e4e247e12702/rules_xcodeproj.noindex/build_output_base/execroot/_main/bazel-out/ios_arm64-dbg-ios-arm64-min13.0-ST-faee4d1e8780/bin/submodules/MergeLists -I/var/tmp/_bazel_afanasyev/9a39311ceb7a61706aa1e4e247e12702/rules_xcodeproj.noindex/build_output_base/execroot/_main/bazel-out/ios_arm64-dbg-ios-arm64-min13.0-ST-faee4d1e8780/bin/submodules/ActivityIndicator -I/var/tmp/_bazel_afanasyev/9a39311ceb7a61706aa1e4e247e12702/rules_xcodeproj.noindex/build_output_base/execroot/_main/bazel-out/ios_arm64-dbg-ios-arm64-min13.0-ST-faee4d1e8780/bin/submodules/ProgressNavigationButtonNode -I/var/tmp/_bazel_afanasyev/9a39311ceb7a61706aa1e4e247e12702/rules_xcodeproj.noindex/build_output_base/execroot/_main/bazel-out/ios_arm64-dbg-ios-arm64-min13.0-ST-faee4d1e8780/bin/submodules/SwitchNode -I/var/tmp/_bazel_afanasyev/9a39311ceb7a61706aa1e4e247e12702/rules_xcodeproj.noindex/build_output_base/execroot/_main/bazel-out/ios_arm64-dbg-ios-arm64-min13.0-ST-faee4d1e8780/bin/submodules/Components/MetalImageView -I/var/tmp/_bazel_afanasyev/9a39311ceb7a61706aa1e4e247e12702/rules_xcodeproj.noindex/build_output_base/execroot/_main/bazel-out/ios_arm64-dbg-ios-arm64-min13.0-ST-faee4d1e8780/bin/submodules/AnimationCompression -I/var/tmp/_bazel_afanasyev/9a39311ceb7a61706aa1e4e247e12702/rules_xcodeproj.noindex/build_output_base/execroot/_main/bazel-out/ios_arm64-dbg-ios-arm64-min13.0-ST-faee4d1e8780/bin/submodules/AnimatedStickerNode -I/var/tmp/_bazel_afanasyev/9a39311ceb7a61706aa1e4e247e12702/rules_xcodeproj.noindex/build_output_base/execroot/_main/bazel-out/ios_arm64-dbg-ios-arm64-min13.0-ST-faee4d1e8780/bin/submodules/StickerResources -I/var/tmp/_bazel_afanasyev/9a39311ceb7a61706aa1e4e247e12702/rules_xcodeproj.noindex/build_output_base/execroot/_main/bazel-out/ios_arm64-dbg-ios-arm64-min13.0-ST-faee4d1e8780/bin/submodules/LocalMediaResources -I/var/tmp/_bazel_afanasyev/9a39311ceb7a61706aa1e4e247e12702/rules_xcodeproj.noindex/build_output_base/execroot/_main/bazel-out/ios_arm64-dbg-ios-arm64-min13.0-ST-faee4d1e8780/bin/submodules/SoftwareVideo -I/var/tmp/_bazel_afanasyev/9a39311ceb7a61706aa1e4e247e12702/rules_xcodeproj.noindex/build_output_base/execroot/_main/bazel-out/ios_arm64-dbg-ios-arm64-min13.0-ST-faee4d1e8780/bin/submodules/TelegramAnimatedStickerNode -I/var/tmp/_bazel_afanasyev/9a39311ceb7a61706aa1e4e247e12702/rules_xcodeproj.noindex/build_output_base/execroot/_main/bazel-out/ios_arm64-dbg-ios-arm64-min13.0-ST-faee4d1e8780/bin/submodules/CheckNode -I/var/tmp/_bazel_afanasyev/9a39311ceb7a61706aa1e4e247e12702/rules_xcodeproj.noindex/build_output_base/execroot/_main/bazel-out/ios_arm64-dbg-ios-arm64-min13.0-ST-faee4d1e8780/bin/submodules/SegmentedControlNode -I/var/tmp/_bazel_afanasyev/9a39311ceb7a61706aa1e4e247e12702/rules_xcodeproj.noindex/build_output_base/execroot/_main/bazel-out/ios_arm64-dbg-ios-arm64-min13.0-ST-faee4d1e8780/bin/submodules/AnimationUI -I/var/tmp/_bazel_afanasyev/9a39311ceb7a61706aa1e4e247e12702/rules_xcodeproj.noindex/build_output_base/execroot/_main/bazel-out/ios_arm64-dbg-ios-arm64-min13.0-ST-faee4d1e8780/bin/submodules/Components/HierarchyTrackingLayer -I/var/tmp/_bazel_afanasyev/9a39311ceb7a61706aa1e4e247e12702/rules_xcodeproj.noindex/build_output_base/execroot/_main/bazel-out/ios_arm64-dbg-ios-arm64-min13.0-ST-faee4d1e8780/bin/submodules/TelegramUI/Components/Utils/GenerateStickerPlaceholderImage -I/var/tmp/_bazel_afanasyev/9a39311ceb7a61706aa1e4e247e12702/rules_xcodeproj.noindex/build_output_base/execroot/_main/bazel-out/ios_arm64-dbg-ios-arm64-min13.0-ST-faee4d1e8780/bin/submodules/ShimmerEffect -I/var/tmp/_bazel_afanasyev/9a39311ceb7a61706aa1e4e247e12702/rules_xcodeproj.noindex/build_output_base/execroot/_main/bazel-out/ios_arm64-dbg-ios-arm64-min13.0-ST-faee4d1e8780/bin/submodules/ManagedAnimationNode -I/var/tmp/_bazel_afanasyev/9a39311ceb7a61706aa1e4e247e12702/rules_xcodeproj.noindex/build_output_base/execroot/_main/bazel-out/ios_arm64-dbg-ios-arm64-min13.0-ST-faee4d1e8780/bin/submodules/ComponentFlow -I/var/tmp/_bazel_afanasyev/9a39311ceb7a61706aa1e4e247e12702/rules_xcodeproj.noindex/build_output_base/execroot/_main/bazel-out/ios_arm64-dbg-ios-arm64-min13.0-ST-faee4d1e8780/bin/submodules/TelegramUI/Components/Stories/AvatarStoryIndicatorComponent -I/var/tmp/_bazel_afanasyev/9a39311ceb7a61706aa1e4e247e12702/rules_xcodeproj.noindex/build_output_base/execroot/_main/bazel-out/ios_arm64-dbg-ios-arm64-min13.0-ST-faee4d1e8780/bin/submodules/DirectMediaImageCache -I/var/tmp/_bazel_afanasyev/9a39311ceb7a61706aa1e4e247e12702/rules_xcodeproj.noindex/build_output_base/execroot/_main/bazel-out/ios_arm64-dbg-ios-arm64-min13.0-ST-faee4d1e8780/bin/submodules/AvatarNode -I/var/tmp/_bazel_afanasyev/9a39311ceb7a61706aa1e4e247e12702/rules_xcodeproj.noindex/build_output_base/execroot/_main/bazel-out/ios_arm64-dbg-ios-arm64-min13.0-ST-faee4d1e8780/bin/submodules/TelegramUI/Components/PlainButtonComponent -I/var/tmp/_bazel_afanasyev/9a39311ceb7a61706aa1e4e247e12702/rules_xcodeproj.noindex/build_output_base/execroot/_main/bazel-out/ios_arm64-dbg-ios-arm64-min13.0-ST-faee4d1e8780/bin/submodules/TelegramUI/Components/LottieAnimationCache -I/var/tmp/_bazel_afanasyev/9a39311ceb7a61706aa1e4e247e12702/rules_xcodeproj.noindex/build_output_base/execroot/_main/bazel-out/ios_arm64-dbg-ios-arm64-min13.0-ST-faee4d1e8780/bin/submodules/TelegramUI/Components/VideoAnimationCache -I/var/tmp/_bazel_afanasyev/9a39311ceb7a61706aa1e4e247e12702/rules_xcodeproj.noindex/build_output_base/execroot/_main/bazel-out/ios_arm64-dbg-ios-arm64-min13.0-ST-faee4d1e8780/bin/submodules/TelegramUI/Components/EmojiTextAttachmentView -I/var/tmp/_bazel_afanasyev/9a39311ceb7a61706aa1e4e247e12702/rules_xcodeproj.noindex/build_output_base/execroot/_main/bazel-out/ios_arm64-dbg-ios-arm64-min13.0-ST-faee4d1e8780/bin/submodules/InvisibleInkDustNode -I/var/tmp/_bazel_afanasyev/9a39311ceb7a61706aa1e4e247e12702/rules_xcodeproj.noindex/build_output_base/execroot/_main/bazel-out/ios_arm64-dbg-ios-arm64-min13.0-ST-faee4d1e8780/bin/submodules/TelegramUI/Components/TextNodeWithEntities -I/var/tmp/_bazel_afanasyev/9a39311ceb7a61706aa1e4e247e12702/rules_xcodeproj.noindex/build_output_base/execroot/_main/bazel-out/ios_arm64-dbg-ios-arm64-min13.0-ST-faee4d1e8780/bin/submodules/Components/MultilineTextWithEntitiesComponent -I/var/tmp/_bazel_afanasyev/9a39311ceb7a61706aa1e4e247e12702/rules_xcodeproj.noindex/build_output_base/execroot/_main/bazel-out/ios_arm64-dbg-ios-arm64-min13.0-ST-faee4d1e8780/bin/submodules/TelegramUI/Components/TabSelectorComponent -I/var/tmp/_bazel_afanasyev/9a39311ceb7a61706aa1e4e247e12702/rules_xcodeproj.noindex/build_output_base/execroot/_main/bazel-out/ios_arm64-dbg-ios-arm64-min13.0-ST-faee4d1e8780/bin/submodules/Components/ComponentDisplayAdapters -I/var/tmp/_bazel_afanasyev/9a39311ceb7a61706aa1e4e247e12702/rules_xcodeproj.noindex/build_output_base/execroot/_main/bazel-out/ios_arm64-dbg-ios-arm64-min13.0-ST-faee4d1e8780/bin/submodules/TelegramUI/Components/ListItemComponentAdaptor -I/var/tmp/_bazel_afanasyev/9a39311ceb7a61706aa1e4e247e12702/rules_xcodeproj.noindex/build_output_base/execroot/_main/bazel-out/ios_arm64-dbg-ios-arm64-min13.0-ST-faee4d1e8780/bin/submodules/TelegramUI/Components/MeshTransform -I/var/tmp/_bazel_afanasyev/9a39311ceb7a61706aa1e4e247e12702/rules_xcodeproj.noindex/build_output_base/execroot/_main/bazel-out/ios_arm64-dbg-ios-arm64-min13.0-ST-faee4d1e8780/bin/submodules/TelegramUI/Components/GlassBackgroundComponent -I/var/tmp/_bazel_afanasyev/9a39311ceb7a61706aa1e4e247e12702/rules_xcodeproj.noindex/build_output_base/execroot/_main/bazel-out/ios_arm64-dbg-ios-arm64-min13.0-ST-faee4d1e8780/bin/submodules/TelegramUI/Components/LiquidLens -I/var/tmp/_bazel_afanasyev/9a39311ceb7a61706aa1e4e247e12702/rules_xcodeproj.noindex/build_output_base/execroot/_main/bazel-out/ios_arm64-dbg-ios-arm64-min13.0-ST-faee4d1e8780/bin/submodules/TelegramUI/Components/TextBadgeComponent -I/var/tmp/_bazel_afanasyev/9a39311ceb7a61706aa1e4e247e12702/rules_xcodeproj.noindex/build_output_base/execroot/_main/bazel-out/ios_arm64-dbg-ios-arm64-min13.0-ST-faee4d1e8780/bin/submodules/TelegramUI/Components/HeaderPanelContainerComponent -I/var/tmp/_bazel_afanasyev/9a39311ceb7a61706aa1e4e247e12702/rules_xcodeproj.noindex/build_output_base/execroot/_main/bazel-out/ios_arm64-dbg-ios-arm64-min13.0-ST-faee4d1e8780/bin/submodules/TelegramUI/Components/HorizontalTabsComponent -I/var/tmp/_bazel_afanasyev/9a39311ceb7a61706aa1e4e247e12702/rules_xcodeproj.noindex/build_output_base/execroot/_main/bazel-out/ios_arm64-dbg-ios-arm64-min13.0-ST-faee4d1e8780/bin/submodules/ItemListUI -I/var/tmp/_bazel_afanasyev/9a39311ceb7a61706aa1e4e247e12702/rules_xcodeproj.noindex/build_output_base/execroot/_main/bazel-out/ios_arm64-dbg-ios-arm64-min13.0-ST-faee4d1e8780/bin/submodules/OverlayStatusController -I/var/tmp/_bazel_afanasyev/9a39311ceb7a61706aa1e4e247e12702/rules_xcodeproj.noindex/build_output_base/execroot/_main/bazel-out/ios_arm64-dbg-ios-arm64-min13.0-ST-faee4d1e8780/bin/submodules/AlertUI -I/var/tmp/_bazel_afanasyev/9a39311ceb7a61706aa1e4e247e12702/rules_xcodeproj.noindex/build_output_base/execroot/_main/bazel-out/ios_arm64-dbg-ios-arm64-min13.0-ST-faee4d1e8780/bin/submodules/SolidRoundedButtonNode -I/var/tmp/_bazel_afanasyev/9a39311ceb7a61706aa1e4e247e12702/rules_xcodeproj.noindex/build_output_base/execroot/_main/bazel-out/ios_arm64-dbg-ios-arm64-min13.0-ST-faee4d1e8780/bin/submodules/UrlWhitelist -I/var/tmp/_bazel_afanasyev/9a39311ceb7a61706aa1e4e247e12702/rules_xcodeproj.noindex/build_output_base/execroot/_main/bazel-out/ios_arm64-dbg-ios-arm64-min13.0-ST-faee4d1e8780/bin/submodules/Components/ViewControllerComponent -I/var/tmp/_bazel_afanasyev/9a39311ceb7a61706aa1e4e247e12702/rules_xcodeproj.noindex/build_output_base/execroot/_main/bazel-out/ios_arm64-dbg-ios-arm64-min13.0-ST-faee4d1e8780/bin/submodules/Components/MultilineTextComponent -I/var/tmp/_bazel_afanasyev/9a39311ceb7a61706aa1e4e247e12702/rules_xcodeproj.noindex/build_output_base/execroot/_main/bazel-out/ios_arm64-dbg-ios-arm64-min13.0-ST-faee4d1e8780/bin/submodules/Components/ActivityIndicatorComponent -I/var/tmp/_bazel_afanasyev/9a39311ceb7a61706aa1e4e247e12702/rules_xcodeproj.noindex/build_output_base/execroot/_main/bazel-out/ios_arm64-dbg-ios-arm64-min13.0-ST-faee4d1e8780/bin/submodules/TelegramUI/Components/AlertComponent -I/var/tmp/_bazel_afanasyev/9a39311ceb7a61706aa1e4e247e12702/rules_xcodeproj.noindex/build_output_base/execroot/_main/bazel-out/ios_arm64-dbg-ios-arm64-min13.0-ST-faee4d1e8780/bin/submodules/UrlHandling -I/var/tmp/_bazel_afanasyev/9a39311ceb7a61706aa1e4e247e12702/rules_xcodeproj.noindex/build_output_base/execroot/_main/bazel-out/ios_arm64-dbg-ios-arm64-min13.0-ST-faee4d1e8780/bin/submodules/PresentationDataUtils -I/var/tmp/_bazel_afanasyev/9a39311ceb7a61706aa1e4e247e12702/rules_xcodeproj.noindex/build_output_base/execroot/_main/bazel-out/ios_arm64-dbg-ios-arm64-min13.0-ST-faee4d1e8780/bin/submodules/SemanticStatusNode -I/var/tmp/_bazel_afanasyev/9a39311ceb7a61706aa1e4e247e12702/rules_xcodeproj.noindex/build_output_base/execroot/_main/bazel-out/ios_arm64-dbg-ios-arm64-min13.0-ST-faee4d1e8780/bin/submodules/Components/BalancedTextComponent -I/var/tmp/_bazel_afanasyev/9a39311ceb7a61706aa1e4e247e12702/rules_xcodeproj.noindex/build_output_base/execroot/_main/bazel-out/ios_arm64-dbg-ios-arm64-min13.0-ST-faee4d1e8780/bin/submodules/TooltipUI -I/var/tmp/_bazel_afanasyev/9a39311ceb7a61706aa1e4e247e12702/rules_xcodeproj.noindex/build_output_base/execroot/_main/bazel-out/ios_arm64-dbg-ios-arm64-min13.0-ST-faee4d1e8780/bin/submodules/PeerPresenceStatusManager -I/var/tmp/_bazel_afanasyev/9a39311ceb7a61706aa1e4e247e12702/rules_xcodeproj.noindex/build_output_base/execroot/_main/bazel-out/ios_arm64-dbg-ios-arm64-min13.0-ST-faee4d1e8780/bin/submodules/TextSelectionNode -I/var/tmp/_bazel_afanasyev/9a39311ceb7a61706aa1e4e247e12702/rules_xcodeproj.noindex/build_output_base/execroot/_main/bazel-out/ios_arm64-dbg-ios-arm64-min13.0-ST-faee4d1e8780/bin/submodules/MetalEngine -I/var/tmp/_bazel_afanasyev/9a39311ceb7a61706aa1e4e247e12702/rules_xcodeproj.noindex/build_output_base/execroot/_main/bazel-out/ios_arm64-dbg-ios-arm64-min13.0-ST-faee4d1e8780/bin/submodules/Components/BundleIconComponent -I/var/tmp/_bazel_afanasyev/9a39311ceb7a61706aa1e4e247e12702/rules_xcodeproj.noindex/build_output_base/execroot/_main/bazel-out/ios_arm64-dbg-ios-arm64-min13.0-ST-faee4d1e8780/bin/submodules/TelegramUI/Components/AnimatedTextComponent -I/var/tmp/_bazel_afanasyev/9a39311ceb7a61706aa1e4e247e12702/rules_xcodeproj.noindex/build_output_base/execroot/_main/bazel-out/ios_arm64-dbg-ios-arm64-min13.0-ST-faee4d1e8780/bin/submodules/TelegramUI/Components/Calls/CallScreen -I/var/tmp/_bazel_afanasyev/9a39311ceb7a61706aa1e4e247e12702/rules_xcodeproj.noindex/build_output_base/execroot/_main/bazel-out/ios_arm64-dbg-ios-arm64-min13.0-ST-faee4d1e8780/bin/submodules/AudioBlob -I/var/tmp/_bazel_afanasyev/9a39311ceb7a61706aa1e4e247e12702/rules_xcodeproj.noindex/build_output_base/execroot/_main/bazel-out/ios_arm64-dbg-ios-arm64-min13.0-ST-faee4d1e8780/bin/submodules/AnimatedAvatarSetNode -I/var/tmp/_bazel_afanasyev/9a39311ceb7a61706aa1e4e247e12702/rules_xcodeproj.noindex/build_output_base/execroot/_main/bazel-out/ios_arm64-dbg-ios-arm64-min13.0-ST-faee4d1e8780/bin/submodules/Components/ReactionImageComponent -I/var/tmp/_bazel_afanasyev/9a39311ceb7a61706aa1e4e247e12702/rules_xcodeproj.noindex/build_output_base/execroot/_main/bazel-out/ios_arm64-dbg-ios-arm64-min13.0-ST-faee4d1e8780/bin/submodules/Components/ReactionButtonListComponent -I/var/tmp/_bazel_afanasyev/9a39311ceb7a61706aa1e4e247e12702/rules_xcodeproj.noindex/build_output_base/execroot/_main/bazel-out/ios_arm64-dbg-ios-arm64-min13.0-ST-faee4d1e8780/bin/submodules/DirectionalPanGesture -I/var/tmp/_bazel_afanasyev/9a39311ceb7a61706aa1e4e247e12702/rules_xcodeproj.noindex/build_output_base/execroot/_main/bazel-out/ios_arm64-dbg-ios-arm64-min13.0-ST-faee4d1e8780/bin/submodules/Components/PagerComponent -I/var/tmp/_bazel_afanasyev/9a39311ceb7a61706aa1e4e247e12702/rules_xcodeproj.noindex/build_output_base/execroot/_main/bazel-out/ios_arm64-dbg-ios-arm64-min13.0-ST-faee4d1e8780/bin/submodules/Components/BlurredBackgroundComponent -I/var/tmp/_bazel_afanasyev/9a39311ceb7a61706aa1e4e247e12702/rules_xcodeproj.noindex/build_output_base/execroot/_main/bazel-out/ios_arm64-dbg-ios-arm64-min13.0-ST-faee4d1e8780/bin/submodules/TelegramUI/Components/EmojiStatusComponent -I/var/tmp/_bazel_afanasyev/9a39311ceb7a61706aa1e4e247e12702/rules_xcodeproj.noindex/build_output_base/execroot/_main/bazel-out/ios_arm64-dbg-ios-arm64-min13.0-ST-faee4d1e8780/bin/submodules/TelegramUI/Components/LottieComponent -I/var/tmp/_bazel_afanasyev/9a39311ceb7a61706aa1e4e247e12702/rules_xcodeproj.noindex/build_output_base/execroot/_main/bazel-out/ios_arm64-dbg-ios-arm64-min13.0-ST-faee4d1e8780/bin/submodules/TelegramUI/Components/LottieComponentEmojiContent -I/var/tmp/_bazel_afanasyev/9a39311ceb7a61706aa1e4e247e12702/rules_xcodeproj.noindex/build_output_base/execroot/_main/bazel-out/ios_arm64-dbg-ios-arm64-min13.0-ST-faee4d1e8780/bin/submodules/RadialStatusNode -I/var/tmp/_bazel_afanasyev/9a39311ceb7a61706aa1e4e247e12702/rules_xcodeproj.noindex/build_output_base/execroot/_main/bazel-out/ios_arm64-dbg-ios-arm64-min13.0-ST-faee4d1e8780/bin/submodules/SlotMachineAnimationNode -I/var/tmp/_bazel_afanasyev/9a39311ceb7a61706aa1e4e247e12702/rules_xcodeproj.noindex/build_output_base/execroot/_main/bazel-out/ios_arm64-dbg-ios-arm64-min13.0-ST-faee4d1e8780/bin/submodules/UndoUI -I/var/tmp/_bazel_afanasyev/9a39311ceb7a61706aa1e4e247e12702/rules_xcodeproj.noindex/build_output_base/execroot/_main/bazel-out/ios_arm64-dbg-ios-arm64-min13.0-ST-faee4d1e8780/bin/submodules/Components/SolidRoundedButtonComponent -I/var/tmp/_bazel_afanasyev/9a39311ceb7a61706aa1e4e247e12702/rules_xcodeproj.noindex/build_output_base/execroot/_main/bazel-out/ios_arm64-dbg-ios-arm64-min13.0-ST-faee4d1e8780/bin/submodules/Components/LottieAnimationComponent -I/var/tmp/_bazel_afanasyev/9a39311ceb7a61706aa1e4e247e12702/rules_xcodeproj.noindex/build_output_base/execroot/_main/bazel-out/ios_arm64-dbg-ios-arm64-min13.0-ST-faee4d1e8780/bin/submodules/TelegramUI/Components/BatchVideoRendering -I/var/tmp/_bazel_afanasyev/9a39311ceb7a61706aa1e4e247e12702/rules_xcodeproj.noindex/build_output_base/execroot/_main/bazel-out/ios_arm64-dbg-ios-arm64-min13.0-ST-faee4d1e8780/bin/submodules/TelegramUI/Components/GifVideoLayer -I/var/tmp/_bazel_afanasyev/9a39311ceb7a61706aa1e4e247e12702/rules_xcodeproj.noindex/build_output_base/execroot/_main/bazel-out/ios_arm64-dbg-ios-arm64-min13.0-ST-faee4d1e8780/bin/submodules/TelegramUI/Components/EdgeEffect -I/var/tmp/_bazel_afanasyev/9a39311ceb7a61706aa1e4e247e12702/rules_xcodeproj.noindex/build_output_base/execroot/_main/bazel-out/ios_arm64-dbg-ios-arm64-min13.0-ST-faee4d1e8780/bin/submodules/TelegramUI/Components/TabSelectionRecognizer -I/var/tmp/_bazel_afanasyev/9a39311ceb7a61706aa1e4e247e12702/rules_xcodeproj.noindex/build_output_base/execroot/_main/bazel-out/ios_arm64-dbg-ios-arm64-min13.0-ST-faee4d1e8780/bin/submodules/TelegramUI/Components/EntityKeyboard -I/var/tmp/_bazel_afanasyev/9a39311ceb7a61706aa1e4e247e12702/rules_xcodeproj.noindex/build_output_base/execroot/_main/bazel-out/ios_arm64-dbg-ios-arm64-min13.0-ST-faee4d1e8780/bin/submodules/TelegramUI/Components/EmojiStatusSelectionComponent -I/var/tmp/_bazel_afanasyev/9a39311ceb7a61706aa1e4e247e12702/rules_xcodeproj.noindex/build_output_base/execroot/_main/bazel-out/ios_arm64-dbg-ios-arm64-min13.0-ST-faee4d1e8780/bin/submodules/TelegramUI/Components/Chat/MergedAvatarsNode -I/var/tmp/_bazel_afanasyev/9a39311ceb7a61706aa1e4e247e12702/rules_xcodeproj.noindex/build_output_base/execroot/_main/bazel-out/ios_arm64-dbg-ios-arm64-min13.0-ST-faee4d1e8780/bin/submodules/TelegramUI/Components/Premium/PremiumStarComponent -I/var/tmp/_bazel_afanasyev/9a39311ceb7a61706aa1e4e247e12702/rules_xcodeproj.noindex/build_output_base/execroot/_main/bazel-out/ios_arm64-dbg-ios-arm64-min13.0-ST-faee4d1e8780/bin/submodules/ReactionSelectionNode -I/var/tmp/_bazel_afanasyev/9a39311ceb7a61706aa1e4e247e12702/rules_xcodeproj.noindex/build_output_base/execroot/_main/bazel-out/ios_arm64-dbg-ios-arm64-min13.0-ST-faee4d1e8780/bin/submodules/ContextUI -I/var/tmp/_bazel_afanasyev/9a39311ceb7a61706aa1e4e247e12702/rules_xcodeproj.noindex/build_output_base/execroot/_main/bazel-out/ios_arm64-dbg-ios-arm64-min13.0-ST-faee4d1e8780/bin/submodules/ItemListPeerItem -I/var/tmp/_bazel_afanasyev/9a39311ceb7a61706aa1e4e247e12702/rules_xcodeproj.noindex/build_output_base/execroot/_main/bazel-out/ios_arm64-dbg-ios-arm64-min13.0-ST-faee4d1e8780/bin/submodules/SaveToCameraRoll -I/var/tmp/_bazel_afanasyev/9a39311ceb7a61706aa1e4e247e12702/rules_xcodeproj.noindex/build_output_base/execroot/_main/bazel-out/ios_arm64-dbg-ios-arm64-min13.0-ST-faee4d1e8780/bin/submodules/ActionSheetPeerItem -I/var/tmp/_bazel_afanasyev/9a39311ceb7a61706aa1e4e247e12702/rules_xcodeproj.noindex/build_output_base/execroot/_main/bazel-out/ios_arm64-dbg-ios-arm64-min13.0-ST-faee4d1e8780/bin/submodules/ListSectionHeaderNode -I/var/tmp/_bazel_afanasyev/9a39311ceb7a61706aa1e4e247e12702/rules_xcodeproj.noindex/build_output_base/execroot/_main/bazel-out/ios_arm64-dbg-ios-arm64-min13.0-ST-faee4d1e8780/bin/submodules/PeerOnlineMarkerNode -I/var/tmp/_bazel_afanasyev/9a39311ceb7a61706aa1e4e247e12702/rules_xcodeproj.noindex/build_output_base/execroot/_main/bazel-out/ios_arm64-dbg-ios-arm64-min13.0-ST-faee4d1e8780/bin/submodules/SelectablePeerNode -I/var/tmp/_bazel_afanasyev/9a39311ceb7a61706aa1e4e247e12702/rules_xcodeproj.noindex/build_output_base/execroot/_main/bazel-out/ios_arm64-dbg-ios-arm64-min13.0-ST-faee4d1e8780/bin/submodules/HorizontalPeerItem -I/var/tmp/_bazel_afanasyev/9a39311ceb7a61706aa1e4e247e12702/rules_xcodeproj.noindex/build_output_base/execroot/_main/bazel-out/ios_arm64-dbg-ios-arm64-min13.0-ST-faee4d1e8780/bin/submodules/ChatListSearchRecentPeersNode -I/var/tmp/_bazel_afanasyev/9a39311ceb7a61706aa1e4e247e12702/rules_xcodeproj.noindex/build_output_base/execroot/_main/bazel-out/ios_arm64-dbg-ios-arm64-min13.0-ST-faee4d1e8780/bin/submodules/TelegramIntents -I/var/tmp/_bazel_afanasyev/9a39311ceb7a61706aa1e4e247e12702/rules_xcodeproj.noindex/build_output_base/execroot/_main/bazel-out/ios_arm64-dbg-ios-arm64-min13.0-ST-faee4d1e8780/bin/submodules/GradientBackground -I/var/tmp/_bazel_afanasyev/9a39311ceb7a61706aa1e4e247e12702/rules_xcodeproj.noindex/build_output_base/execroot/_main/bazel-out/ios_arm64-dbg-ios-arm64-min13.0-ST-faee4d1e8780/bin/submodules/WallpaperResources -I/var/tmp/_bazel_afanasyev/9a39311ceb7a61706aa1e4e247e12702/rules_xcodeproj.noindex/build_output_base/execroot/_main/bazel-out/ios_arm64-dbg-ios-arm64-min13.0-ST-faee4d1e8780/bin/submodules/WallpaperBackgroundNode -I/var/tmp/_bazel_afanasyev/9a39311ceb7a61706aa1e4e247e12702/rules_xcodeproj.noindex/build_output_base/execroot/_main/bazel-out/ios_arm64-dbg-ios-arm64-min13.0-ST-faee4d1e8780/bin/submodules/TelegramUniversalVideoContent -I/var/tmp/_bazel_afanasyev/9a39311ceb7a61706aa1e4e247e12702/rules_xcodeproj.noindex/build_output_base/execroot/_main/bazel-out/ios_arm64-dbg-ios-arm64-min13.0-ST-faee4d1e8780/bin/submodules/Pasteboard -I/var/tmp/_bazel_afanasyev/9a39311ceb7a61706aa1e4e247e12702/rules_xcodeproj.noindex/build_output_base/execroot/_main/bazel-out/ios_arm64-dbg-ios-arm64-min13.0-ST-faee4d1e8780/bin/submodules/TelegramUI/Components/Chat/MessageInlineBlockBackgroundView -I/var/tmp/_bazel_afanasyev/9a39311ceb7a61706aa1e4e247e12702/rules_xcodeproj.noindex/build_output_base/execroot/_main/bazel-out/ios_arm64-dbg-ios-arm64-min13.0-ST-faee4d1e8780/bin/submodules/TelegramUI/Components/Chat/ChatInputTextNode -I/var/tmp/_bazel_afanasyev/9a39311ceb7a61706aa1e4e247e12702/rules_xcodeproj.noindex/build_output_base/execroot/_main/bazel-out/ios_arm64-dbg-ios-arm64-min13.0-ST-faee4d1e8780/bin/submodules/TextInputMenu -I/var/tmp/_bazel_afanasyev/9a39311ceb7a61706aa1e4e247e12702/rules_xcodeproj.noindex/build_output_base/execroot/_main/bazel-out/ios_arm64-dbg-ios-arm64-min13.0-ST-faee4d1e8780/bin/submodules/TelegramUI/Components/TextFieldComponent -I/var/tmp/_bazel_afanasyev/9a39311ceb7a61706aa1e4e247e12702/rules_xcodeproj.noindex/build_output_base/execroot/_main/bazel-out/ios_arm64-dbg-ios-arm64-min13.0-ST-faee4d1e8780/bin/submodules/AudioWaveform -I/var/tmp/_bazel_afanasyev/9a39311ceb7a61706aa1e4e247e12702/rules_xcodeproj.noindex/build_output_base/execroot/_main/bazel-out/ios_arm64-dbg-ios-arm64-min13.0-ST-faee4d1e8780/bin/submodules/ChatInterfaceState -I/var/tmp/_bazel_afanasyev/9a39311ceb7a61706aa1e4e247e12702/rules_xcodeproj.noindex/build_output_base/execroot/_main/bazel-out/ios_arm64-dbg-ios-arm64-min13.0-ST-faee4d1e8780/bin/submodules/ChatContextQuery -I/var/tmp/_bazel_afanasyev/9a39311ceb7a61706aa1e4e247e12702/rules_xcodeproj.noindex/build_output_base/execroot/_main/bazel-out/ios_arm64-dbg-ios-arm64-min13.0-ST-faee4d1e8780/bin/submodules/ChatPresentationInterfaceState -I/var/tmp/_bazel_afanasyev/9a39311ceb7a61706aa1e4e247e12702/rules_xcodeproj.noindex/build_output_base/execroot/_main/bazel-out/ios_arm64-dbg-ios-arm64-min13.0-ST-faee4d1e8780/bin/submodules/Utils/DeviceModel -I/var/tmp/_bazel_afanasyev/9a39311ceb7a61706aa1e4e247e12702/rules_xcodeproj.noindex/build_output_base/execroot/_main/bazel-out/ios_arm64-dbg-ios-arm64-min13.0-ST-faee4d1e8780/bin/submodules/Camera -I/var/tmp/_bazel_afanasyev/9a39311ceb7a61706aa1e4e247e12702/rules_xcodeproj.noindex/build_output_base/execroot/_main/bazel-out/ios_arm64-dbg-ios-arm64-min13.0-ST-faee4d1e8780/bin/submodules/LegacyUI -I/var/tmp/_bazel_afanasyev/9a39311ceb7a61706aa1e4e247e12702/rules_xcodeproj.noindex/build_output_base/execroot/_main/bazel-out/ios_arm64-dbg-ios-arm64-min13.0-ST-faee4d1e8780/bin/submodules/SearchPeerMembers -I/var/tmp/_bazel_afanasyev/9a39311ceb7a61706aa1e4e247e12702/rules_xcodeproj.noindex/build_output_base/execroot/_main/bazel-out/ios_arm64-dbg-ios-arm64-min13.0-ST-faee4d1e8780/bin/submodules/HexColor -I/var/tmp/_bazel_afanasyev/9a39311ceb7a61706aa1e4e247e12702/rules_xcodeproj.noindex/build_output_base/execroot/_main/bazel-out/ios_arm64-dbg-ios-arm64-min13.0-ST-faee4d1e8780/bin/submodules/TelegramUI/Components/DynamicCornerRadiusView -I/var/tmp/_bazel_afanasyev/9a39311ceb7a61706aa1e4e247e12702/rules_xcodeproj.noindex/build_output_base/execroot/_main/bazel-out/ios_arm64-dbg-ios-arm64-min13.0-ST-faee4d1e8780/bin/submodules/Components/SheetComponent -I/var/tmp/_bazel_afanasyev/9a39311ceb7a61706aa1e4e247e12702/rules_xcodeproj.noindex/build_output_base/execroot/_main/bazel-out/ios_arm64-dbg-ios-arm64-min13.0-ST-faee4d1e8780/bin/submodules/TelegramUI/Components/ChatInputNode -I/var/tmp/_bazel_afanasyev/9a39311ceb7a61706aa1e4e247e12702/rules_xcodeproj.noindex/build_output_base/execroot/_main/bazel-out/ios_arm64-dbg-ios-arm64-min13.0-ST-faee4d1e8780/bin/submodules/ConfettiEffect -I/var/tmp/_bazel_afanasyev/9a39311ceb7a61706aa1e4e247e12702/rules_xcodeproj.noindex/build_output_base/execroot/_main/bazel-out/ios_arm64-dbg-ios-arm64-min13.0-ST-faee4d1e8780/bin/submodules/InstantPageCache -I/var/tmp/_bazel_afanasyev/9a39311ceb7a61706aa1e4e247e12702/rules_xcodeproj.noindex/build_output_base/execroot/_main/bazel-out/ios_arm64-dbg-ios-arm64-min13.0-ST-faee4d1e8780/bin/submodules/Components/ResizableSheetComponent -I/var/tmp/_bazel_afanasyev/9a39311ceb7a61706aa1e4e247e12702/rules_xcodeproj.noindex/build_output_base/execroot/_main/bazel-out/ios_arm64-dbg-ios-arm64-min13.0-ST-faee4d1e8780/bin/submodules/ItemListPeerActionItem -I/var/tmp/_bazel_afanasyev/9a39311ceb7a61706aa1e4e247e12702/rules_xcodeproj.noindex/build_output_base/execroot/_main/bazel-out/ios_arm64-dbg-ios-arm64-min13.0-ST-faee4d1e8780/bin/submodules/DatePickerNode -I/var/tmp/_bazel_afanasyev/9a39311ceb7a61706aa1e4e247e12702/rules_xcodeproj.noindex/build_output_base/execroot/_main/bazel-out/ios_arm64-dbg-ios-arm64-min13.0-ST-faee4d1e8780/bin/submodules/TelegramUI/Components/ItemListDatePickerItem -I/var/tmp/_bazel_afanasyev/9a39311ceb7a61706aa1e4e247e12702/rules_xcodeproj.noindex/build_output_base/execroot/_main/bazel-out/ios_arm64-dbg-ios-arm64-min13.0-ST-faee4d1e8780/bin/submodules/TelegramUI/Components/ButtonComponent -I/var/tmp/_bazel_afanasyev/9a39311ceb7a61706aa1e4e247e12702/rules_xcodeproj.noindex/build_output_base/execroot/_main/bazel-out/ios_arm64-dbg-ios-arm64-min13.0-ST-faee4d1e8780/bin/submodules/TelegramUI/Components/AnimatedCounterComponent -I/var/tmp/_bazel_afanasyev/9a39311ceb7a61706aa1e4e247e12702/rules_xcodeproj.noindex/build_output_base/execroot/_main/bazel-out/ios_arm64-dbg-ios-arm64-min13.0-ST-faee4d1e8780/bin/submodules/TelegramUI/Components/TokenListTextField -I/var/tmp/_bazel_afanasyev/9a39311ceb7a61706aa1e4e247e12702/rules_xcodeproj.noindex/build_output_base/execroot/_main/bazel-out/ios_arm64-dbg-ios-arm64-min13.0-ST-faee4d1e8780/bin/submodules/TelegramUI/Components/ListSectionComponent -I/var/tmp/_bazel_afanasyev/9a39311ceb7a61706aa1e4e247e12702/rules_xcodeproj.noindex/build_output_base/execroot/_main/bazel-out/ios_arm64-dbg-ios-arm64-min13.0-ST-faee4d1e8780/bin/submodules/TelegramUI/Components/ListItemSwipeOptionContainer -I/var/tmp/_bazel_afanasyev/9a39311ceb7a61706aa1e4e247e12702/rules_xcodeproj.noindex/build_output_base/execroot/_main/bazel-out/ios_arm64-dbg-ios-arm64-min13.0-ST-faee4d1e8780/bin/submodules/TelegramUI/Components/Stories/PeerListItemComponent -I/var/tmp/_bazel_afanasyev/9a39311ceb7a61706aa1e4e247e12702/rules_xcodeproj.noindex/build_output_base/execroot/_main/bazel-out/ios_arm64-dbg-ios-arm64-min13.0-ST-faee4d1e8780/bin/submodules/TelegramUI/Components/SwitchComponent -I/var/tmp/_bazel_afanasyev/9a39311ceb7a61706aa1e4e247e12702/rules_xcodeproj.noindex/build_output_base/execroot/_main/bazel-out/ios_arm64-dbg-ios-arm64-min13.0-ST-faee4d1e8780/bin/submodules/SearchBarNode -I/var/tmp/_bazel_afanasyev/9a39311ceb7a61706aa1e4e247e12702/rules_xcodeproj.noindex/build_output_base/execroot/_main/bazel-out/ios_arm64-dbg-ios-arm64-min13.0-ST-faee4d1e8780/bin/submodules/TelegramUI/Components/GlassBarButtonComponent -I/var/tmp/_bazel_afanasyev/9a39311ceb7a61706aa1e4e247e12702/rules_xcodeproj.noindex/build_output_base/execroot/_main/bazel-out/ios_arm64-dbg-ios-arm64-min13.0-ST-faee4d1e8780/bin/submodules/TelegramUI/Components/SearchInputPanelComponent -I/var/tmp/_bazel_afanasyev/9a39311ceb7a61706aa1e4e247e12702/rules_xcodeproj.noindex/build_output_base/execroot/_main/bazel-out/ios_arm64-dbg-ios-arm64-min13.0-ST-faee4d1e8780/bin/submodules/CountrySelectionUI -I/var/tmp/_bazel_afanasyev/9a39311ceb7a61706aa1e4e247e12702/rules_xcodeproj.noindex/build_output_base/execroot/_main/bazel-out/ios_arm64-dbg-ios-arm64-min13.0-ST-faee4d1e8780/bin/submodules/TelegramUI/Components/ListActionItemComponent -I/var/tmp/_bazel_afanasyev/9a39311ceb7a61706aa1e4e247e12702/rules_xcodeproj.noindex/build_output_base/execroot/_main/bazel-out/ios_arm64-dbg-ios-arm64-min13.0-ST-faee4d1e8780/bin/submodules/TelegramUI/Components/SliderComponent -I/var/tmp/_bazel_afanasyev/9a39311ceb7a61706aa1e4e247e12702/rules_xcodeproj.noindex/build_output_base/execroot/_main/bazel-out/ios_arm64-dbg-ios-arm64-min13.0-ST-faee4d1e8780/bin/submodules/TelegramUI/Components/ListItemSliderSelectorComponent -I/var/tmp/_bazel_afanasyev/9a39311ceb7a61706aa1e4e247e12702/rules_xcodeproj.noindex/build_output_base/execroot/_main/bazel-out/ios_arm64-dbg-ios-arm64-min13.0-ST-faee4d1e8780/bin/submodules/TelegramUI/Components/AlertComponent/AlertMultilineInputFieldComponent -I/var/tmp/_bazel_afanasyev/9a39311ceb7a61706aa1e4e247e12702/rules_xcodeproj.noindex/build_output_base/execroot/_main/bazel-out/ios_arm64-dbg-ios-arm64-min13.0-ST-faee4d1e8780/bin/submodules/PromptUI -I/var/tmp/_bazel_afanasyev/9a39311ceb7a61706aa1e4e247e12702/rules_xcodeproj.noindex/build_output_base/execroot/_main/bazel-out/ios_arm64-dbg-ios-arm64-min13.0-ST-faee4d1e8780/bin/submodules/Components/AnimatedStickerComponent -I/var/tmp/_bazel_afanasyev/9a39311ceb7a61706aa1e4e247e12702/rules_xcodeproj.noindex/build_output_base/execroot/_main/bazel-out/ios_arm64-dbg-ios-arm64-min13.0-ST-faee4d1e8780/bin/submodules/PeerInfoUI/CreateExternalMediaStreamScreen -I/var/tmp/_bazel_afanasyev/9a39311ceb7a61706aa1e4e247e12702/rules_xcodeproj.noindex/build_output_base/execroot/_main/bazel-out/ios_arm64-dbg-ios-arm64-min13.0-ST-faee4d1e8780/bin/submodules/TelegramUI/Components/ShareWithPeersScreen -I/var/tmp/_bazel_afanasyev/9a39311ceb7a61706aa1e4e247e12702/rules_xcodeproj.noindex/build_output_base/execroot/_main/bazel-out/ios_arm64-dbg-ios-arm64-min13.0-ST-faee4d1e8780/bin/submodules/TelegramUI/Components/Utils/RoundedRectWithTailPath -I/var/tmp/_bazel_afanasyev/9a39311ceb7a61706aa1e4e247e12702/rules_xcodeproj.noindex/build_output_base/execroot/_main/bazel-out/ios_arm64-dbg-ios-arm64-min13.0-ST-faee4d1e8780/bin/submodules/TelegramUI/Components/PremiumPeerShortcutComponent -I/var/tmp/_bazel_afanasyev/9a39311ceb7a61706aa1e4e247e12702/rules_xcodeproj.noindex/build_output_base/execroot/_main/bazel-out/ios_arm64-dbg-ios-arm64-min13.0-ST-faee4d1e8780/bin/submodules/TelegramUI/Components/EmojiActionIconComponent -I/var/tmp/_bazel_afanasyev/9a39311ceb7a61706aa1e4e247e12702/rules_xcodeproj.noindex/build_output_base/execroot/_main/bazel-out/ios_arm64-dbg-ios-arm64-min13.0-ST-faee4d1e8780/bin/submodules/TelegramUI/Components/ScrollComponent -I/var/tmp/_bazel_afanasyev/9a39311ceb7a61706aa1e4e247e12702/rules_xcodeproj.noindex/build_output_base/execroot/_main/bazel-out/ios_arm64-dbg-ios-arm64-min13.0-ST-faee4d1e8780/bin/submodules/TelegramUI/Components/Premium/PremiumCoinComponent -I/var/tmp/_bazel_afanasyev/9a39311ceb7a61706aa1e4e247e12702/rules_xcodeproj.noindex/build_output_base/execroot/_main/bazel-out/ios_arm64-dbg-ios-arm64-min13.0-ST-faee4d1e8780/bin/submodules/TelegramUI/Components/Gifts/TableComponent -I/var/tmp/_bazel_afanasyev/9a39311ceb7a61706aa1e4e247e12702/rules_xcodeproj.noindex/build_output_base/execroot/_main/bazel-out/ios_arm64-dbg-ios-arm64-min13.0-ST-faee4d1e8780/bin/submodules/TelegramUI/Components/Gifts/PeerTableCellComponent -I/var/tmp/_bazel_afanasyev/9a39311ceb7a61706aa1e4e247e12702/rules_xcodeproj.noindex/build_output_base/execroot/_main/bazel-out/ios_arm64-dbg-ios-arm64-min13.0-ST-faee4d1e8780/bin/submodules/PremiumUI -I/var/tmp/_bazel_afanasyev/9a39311ceb7a61706aa1e4e247e12702/rules_xcodeproj.noindex/build_output_base/execroot/_main/bazel-out/ios_arm64-dbg-ios-arm64-min13.0-ST-faee4d1e8780/bin/submodules/StickerPeekUI -I/var/tmp/_bazel_afanasyev/9a39311ceb7a61706aa1e4e247e12702/rules_xcodeproj.noindex/build_output_base/execroot/_main/bazel-out/ios_arm64-dbg-ios-arm64-min13.0-ST-faee4d1e8780/bin/submodules/TelegramUI/Components/MultiplexedVideoNode -I/var/tmp/_bazel_afanasyev/9a39311ceb7a61706aa1e4e247e12702/rules_xcodeproj.noindex/build_output_base/execroot/_main/bazel-out/ios_arm64-dbg-ios-arm64-min13.0-ST-faee4d1e8780/bin/submodules/TelegramUI/Components/ChatControllerInteraction -I/var/tmp/_bazel_afanasyev/9a39311ceb7a61706aa1e4e247e12702/rules_xcodeproj.noindex/build_output_base/execroot/_main/bazel-out/ios_arm64-dbg-ios-arm64-min13.0-ST-faee4d1e8780/bin/submodules/FeaturedStickersScreen -I/var/tmp/_bazel_afanasyev/9a39311ceb7a61706aa1e4e247e12702/rules_xcodeproj.noindex/build_output_base/execroot/_main/bazel-out/ios_arm64-dbg-ios-arm64-min13.0-ST-faee4d1e8780/bin/submodules/TelegramUI/Components/EntityKeyboardGifContent -I/var/tmp/_bazel_afanasyev/9a39311ceb7a61706aa1e4e247e12702/rules_xcodeproj.noindex/build_output_base/execroot/_main/bazel-out/ios_arm64-dbg-ios-arm64-min13.0-ST-faee4d1e8780/bin/submodules/TelegramUI/Components/LegacyMessageInputPanelInputView -I/var/tmp/_bazel_afanasyev/9a39311ceb7a61706aa1e4e247e12702/rules_xcodeproj.noindex/build_output_base/execroot/_main/bazel-out/ios_arm64-dbg-ios-arm64-min13.0-ST-faee4d1e8780/bin/submodules/TouchDownGesture -I/var/tmp/_bazel_afanasyev/9a39311ceb7a61706aa1e4e247e12702/rules_xcodeproj.noindex/build_output_base/execroot/_main/bazel-out/ios_arm64-dbg-ios-arm64-min13.0-ST-faee4d1e8780/bin/submodules/Speak -I/var/tmp/_bazel_afanasyev/9a39311ceb7a61706aa1e4e247e12702/rules_xcodeproj.noindex/build_output_base/execroot/_main/bazel-out/ios_arm64-dbg-ios-arm64-min13.0-ST-faee4d1e8780/bin/submodules/AnimatedCountLabelNode -I/var/tmp/_bazel_afanasyev/9a39311ceb7a61706aa1e4e247e12702/rules_xcodeproj.noindex/build_output_base/execroot/_main/bazel-out/ios_arm64-dbg-ios-arm64-min13.0-ST-faee4d1e8780/bin/submodules/AttachmentTextInputPanelNode -I/var/tmp/_bazel_afanasyev/9a39311ceb7a61706aa1e4e247e12702/rules_xcodeproj.noindex/build_output_base/execroot/_main/bazel-out/ios_arm64-dbg-ios-arm64-min13.0-ST-faee4d1e8780/bin/submodules/TelegramUI/Components/ChatEntityKeyboardInputNode -I/var/tmp/_bazel_afanasyev/9a39311ceb7a61706aa1e4e247e12702/rules_xcodeproj.noindex/build_output_base/execroot/_main/bazel-out/ios_arm64-dbg-ios-arm64-min13.0-ST-faee4d1e8780/bin/submodules/FileMediaResourceStatus -I/var/tmp/_bazel_afanasyev/9a39311ceb7a61706aa1e4e247e12702/rules_xcodeproj.noindex/build_output_base/execroot/_main/bazel-out/ios_arm64-dbg-ios-arm64-min13.0-ST-faee4d1e8780/bin/submodules/TelegramUI/Components/MediaEditor/ImageObjectSeparation -I/var/tmp/_bazel_afanasyev/9a39311ceb7a61706aa1e4e247e12702/rules_xcodeproj.noindex/build_output_base/execroot/_main/bazel-out/ios_arm64-dbg-ios-arm64-min13.0-ST-faee4d1e8780/bin/submodules/TelegramUI/Components/MediaEditor -I/var/tmp/_bazel_afanasyev/9a39311ceb7a61706aa1e4e247e12702/rules_xcodeproj.noindex/build_output_base/execroot/_main/bazel-out/ios_arm64-dbg-ios-arm64-min13.0-ST-faee4d1e8780/bin/submodules/TelegramUI/Components/LottieComponentResourceContent -I/var/tmp/_bazel_afanasyev/9a39311ceb7a61706aa1e4e247e12702/rules_xcodeproj.noindex/build_output_base/execroot/_main/bazel-out/ios_arm64-dbg-ios-arm64-min13.0-ST-faee4d1e8780/bin/submodules/TelegramUI/Components/CameraButtonComponent -I/var/tmp/_bazel_afanasyev/9a39311ceb7a61706aa1e4e247e12702/rules_xcodeproj.noindex/build_output_base/execroot/_main/bazel-out/ios_arm64-dbg-ios-arm64-min13.0-ST-faee4d1e8780/bin/submodules/TelegramUI/Components/DustEffect -I/var/tmp/_bazel_afanasyev/9a39311ceb7a61706aa1e4e247e12702/rules_xcodeproj.noindex/build_output_base/execroot/_main/bazel-out/ios_arm64-dbg-ios-arm64-min13.0-ST-faee4d1e8780/bin/submodules/TelegramUI/Components/TextLoadingEffect -I/var/tmp/_bazel_afanasyev/9a39311ceb7a61706aa1e4e247e12702/rules_xcodeproj.noindex/build_output_base/execroot/_main/bazel-out/ios_arm64-dbg-ios-arm64-min13.0-ST-faee4d1e8780/bin/submodules/TelegramUI/Components/StickerPickerScreen -I/var/tmp/_bazel_afanasyev/9a39311ceb7a61706aa1e4e247e12702/rules_xcodeproj.noindex/build_output_base/execroot/_main/bazel-out/ios_arm64-dbg-ios-arm64-min13.0-ST-faee4d1e8780/bin/submodules/DrawingUI -I/var/tmp/_bazel_afanasyev/9a39311ceb7a61706aa1e4e247e12702/rules_xcodeproj.noindex/build_output_base/execroot/_main/bazel-out/ios_arm64-dbg-ios-arm64-min13.0-ST-faee4d1e8780/bin/submodules/LegacyMediaPickerUI -I/var/tmp/_bazel_afanasyev/9a39311ceb7a61706aa1e4e247e12702/rules_xcodeproj.noindex/build_output_base/execroot/_main/bazel-out/ios_arm64-dbg-ios-arm64-min13.0-ST-faee4d1e8780/bin/submodules/TelegramUI/Components/ChatSendButtonRadialStatusNode -I/var/tmp/_bazel_afanasyev/9a39311ceb7a61706aa1e4e247e12702/rules_xcodeproj.noindex/build_output_base/execroot/_main/bazel-out/ios_arm64-dbg-ios-arm64-min13.0-ST-faee4d1e8780/bin/submodules/TelegramUI/Components/LegacyInstantVideoController -I/var/tmp/_bazel_afanasyev/9a39311ceb7a61706aa1e4e247e12702/rules_xcodeproj.noindex/build_output_base/execroot/_main/bazel-out/ios_arm64-dbg-ios-arm64-min13.0-ST-faee4d1e8780/bin/submodules/TelegramUI/Components/ChatTextInputMediaRecordingButton -I/var/tmp/_bazel_afanasyev/9a39311ceb7a61706aa1e4e247e12702/rules_xcodeproj.noindex/build_output_base/execroot/_main/bazel-out/ios_arm64-dbg-ios-arm64-min13.0-ST-faee4d1e8780/bin/submodules/TelegramUI/Components/AudioWaveformComponent -I/var/tmp/_bazel_afanasyev/9a39311ceb7a61706aa1e4e247e12702/rules_xcodeproj.noindex/build_output_base/execroot/_main/bazel-out/ios_arm64-dbg-ios-arm64-min13.0-ST-faee4d1e8780/bin/submodules/TelegramUI/Components/MoreHeaderButton -I/var/tmp/_bazel_afanasyev/9a39311ceb7a61706aa1e4e247e12702/rules_xcodeproj.noindex/build_output_base/execroot/_main/bazel-out/ios_arm64-dbg-ios-arm64-min13.0-ST-faee4d1e8780/bin/submodules/TelegramUI/Components/EmojiSuggestionsComponent -I/var/tmp/_bazel_afanasyev/9a39311ceb7a61706aa1e4e247e12702/rules_xcodeproj.noindex/build_output_base/execroot/_main/bazel-out/ios_arm64-dbg-ios-arm64-min13.0-ST-faee4d1e8780/bin/submodules/TelegramUI/Components/MessageInputActionButtonComponent -I/var/tmp/_bazel_afanasyev/9a39311ceb7a61706aa1e4e247e12702/rules_xcodeproj.noindex/build_output_base/execroot/_main/bazel-out/ios_arm64-dbg-ios-arm64-min13.0-ST-faee4d1e8780/bin/submodules/TelegramUI/Components/ContextReferenceButtonComponent -I/var/tmp/_bazel_afanasyev/9a39311ceb7a61706aa1e4e247e12702/rules_xcodeproj.noindex/build_output_base/execroot/_main/bazel-out/ios_arm64-dbg-ios-arm64-min13.0-ST-faee4d1e8780/bin/submodules/TelegramUI/Components/Stories/ForwardInfoPanelComponent -I/var/tmp/_bazel_afanasyev/9a39311ceb7a61706aa1e4e247e12702/rules_xcodeproj.noindex/build_output_base/execroot/_main/bazel-out/ios_arm64-dbg-ios-arm64-min13.0-ST-faee4d1e8780/bin/submodules/TelegramUI/Components/EditableChatTextNode -I/var/tmp/_bazel_afanasyev/9a39311ceb7a61706aa1e4e247e12702/rules_xcodeproj.noindex/build_output_base/execroot/_main/bazel-out/ios_arm64-dbg-ios-arm64-min13.0-ST-faee4d1e8780/bin/submodules/TelegramUI/Components/Chat/ChatInputPanelNode -I/var/tmp/_bazel_afanasyev/9a39311ceb7a61706aa1e4e247e12702/rules_xcodeproj.noindex/build_output_base/execroot/_main/bazel-out/ios_arm64-dbg-ios-arm64-min13.0-ST-faee4d1e8780/bin/submodules/TelegramUI/Components/Chat/ChatTextInputSlowmodePlaceholderNode -I/var/tmp/_bazel_afanasyev/9a39311ceb7a61706aa1e4e247e12702/rules_xcodeproj.noindex/build_output_base/execroot/_main/bazel-out/ios_arm64-dbg-ios-arm64-min13.0-ST-faee4d1e8780/bin/submodules/ChatMessageBackground -I/var/tmp/_bazel_afanasyev/9a39311ceb7a61706aa1e4e247e12702/rules_xcodeproj.noindex/build_output_base/execroot/_main/bazel-out/ios_arm64-dbg-ios-arm64-min13.0-ST-faee4d1e8780/bin/submodules/TelegramUI/Components/LottieMetal -I/var/tmp/_bazel_afanasyev/9a39311ceb7a61706aa1e4e247e12702/rules_xcodeproj.noindex/build_output_base/execroot/_main/bazel-out/ios_arm64-dbg-ios-arm64-min13.0-ST-faee4d1e8780/bin/submodules/ChatSendMessageActionUI -I/var/tmp/_bazel_afanasyev/9a39311ceb7a61706aa1e4e247e12702/rules_xcodeproj.noindex/build_output_base/execroot/_main/bazel-out/ios_arm64-dbg-ios-arm64-min13.0-ST-faee4d1e8780/bin/submodules/TelegramUI/Components/StarsParticleEffect -I/var/tmp/_bazel_afanasyev/9a39311ceb7a61706aa1e4e247e12702/rules_xcodeproj.noindex/build_output_base/execroot/_main/bazel-out/ios_arm64-dbg-ios-arm64-min13.0-ST-faee4d1e8780/bin/submodules/TelegramUI/Components/Chat/ChatTextInputActionButtonsNode -I/var/tmp/_bazel_afanasyev/9a39311ceb7a61706aa1e4e247e12702/rules_xcodeproj.noindex/build_output_base/execroot/_main/bazel-out/ios_arm64-dbg-ios-arm64-min13.0-ST-faee4d1e8780/bin/submodules/TelegramUI/Components/Chat/ChatTextInputAudioRecordingTimeNode -I/var/tmp/_bazel_afanasyev/9a39311ceb7a61706aa1e4e247e12702/rules_xcodeproj.noindex/build_output_base/execroot/_main/bazel-out/ios_arm64-dbg-ios-arm64-min13.0-ST-faee4d1e8780/bin/submodules/TelegramUI/Components/Chat/ChatTextInputAudioRecordingCancelIndicator -I/var/tmp/_bazel_afanasyev/9a39311ceb7a61706aa1e4e247e12702/rules_xcodeproj.noindex/build_output_base/execroot/_main/bazel-out/ios_arm64-dbg-ios-arm64-min13.0-ST-faee4d1e8780/bin/submodules/TelegramUI/Components/Chat/ChatRecordingViewOnceButtonNode -I/var/tmp/_bazel_afanasyev/9a39311ceb7a61706aa1e4e247e12702/rules_xcodeproj.noindex/build_output_base/execroot/_main/bazel-out/ios_arm64-dbg-ios-arm64-min13.0-ST-faee4d1e8780/bin/submodules/TelegramUI/Components/Chat/ChatInputAccessoryPanel -I/var/tmp/_bazel_afanasyev/9a39311ceb7a61706aa1e4e247e12702/rules_xcodeproj.noindex/build_output_base/execroot/_main/bazel-out/ios_arm64-dbg-ios-arm64-min13.0-ST-faee4d1e8780/bin/submodules/TelegramUI/Components/Chat/ChatInputAutocompletePanel -I/var/tmp/_bazel_afanasyev/9a39311ceb7a61706aa1e4e247e12702/rules_xcodeproj.noindex/build_output_base/execroot/_main/bazel-out/ios_arm64-dbg-ios-arm64-min13.0-ST-faee4d1e8780/bin/submodules/TelegramUI/Components/AudioWaveformNode -I/var/tmp/_bazel_afanasyev/9a39311ceb7a61706aa1e4e247e12702/rules_xcodeproj.noindex/build_output_base/execroot/_main/bazel-out/ios_arm64-dbg-ios-arm64-min13.0-ST-faee4d1e8780/bin/submodules/TelegramUI/Components/MediaScrubberComponent -I/var/tmp/_bazel_afanasyev/9a39311ceb7a61706aa1e4e247e12702/rules_xcodeproj.noindex/build_output_base/execroot/_main/bazel-out/ios_arm64-dbg-ios-arm64-min13.0-ST-faee4d1e8780/bin/submodules/TelegramUI/Components/Chat/ChatRecordingPreviewInputPanelNode -I/var/tmp/_bazel_afanasyev/9a39311ceb7a61706aa1e4e247e12702/rules_xcodeproj.noindex/build_output_base/execroot/_main/bazel-out/ios_arm64-dbg-ios-arm64-min13.0-ST-faee4d1e8780/bin/submodules/TelegramUI/Components/Chat/ChatInputContextPanelNode -I/var/tmp/_bazel_afanasyev/9a39311ceb7a61706aa1e4e247e12702/rules_xcodeproj.noindex/build_output_base/execroot/_main/bazel-out/ios_arm64-dbg-ios-arm64-min13.0-ST-faee4d1e8780/bin/submodules/TelegramUI/Components/RasterizedCompositionComponent -I/var/tmp/_bazel_afanasyev/9a39311ceb7a61706aa1e4e247e12702/rules_xcodeproj.noindex/build_output_base/execroot/_main/bazel-out/ios_arm64-dbg-ios-arm64-min13.0-ST-faee4d1e8780/bin/submodules/TelegramUI/Components/Calls/VoiceChatActionButton -I/var/tmp/_bazel_afanasyev/9a39311ceb7a61706aa1e4e247e12702/rules_xcodeproj.noindex/build_output_base/execroot/_main/bazel-out/ios_arm64-dbg-ios-arm64-min13.0-ST-faee4d1e8780/bin/submodules/TelegramUI/Components/Calls/VideoChatMicButtonComponent -I/var/tmp/_bazel_afanasyev/9a39311ceb7a61706aa1e4e247e12702/rules_xcodeproj.noindex/build_output_base/execroot/_main/bazel-out/ios_arm64-dbg-ios-arm64-min13.0-ST-faee4d1e8780/bin/submodules/TelegramUI/Components/Chat/ChatTextInputPanelNode -I/var/tmp/_bazel_afanasyev/9a39311ceb7a61706aa1e4e247e12702/rules_xcodeproj.noindex/build_output_base/execroot/_main/bazel-out/ios_arm64-dbg-ios-arm64-min13.0-ST-faee4d1e8780/bin/submodules/TelegramUI/Components/PeerNameTextComponent -I/var/tmp/_bazel_afanasyev/9a39311ceb7a61706aa1e4e247e12702/rules_xcodeproj.noindex/build_output_base/execroot/_main/bazel-out/ios_arm64-dbg-ios-arm64-min13.0-ST-faee4d1e8780/bin/submodules/TelegramUI/Components/Stories/LiveChat/StoryLiveChatMessageComponent -I/var/tmp/_bazel_afanasyev/9a39311ceb7a61706aa1e4e247e12702/rules_xcodeproj.noindex/build_output_base/execroot/_main/bazel-out/ios_arm64-dbg-ios-arm64-min13.0-ST-faee4d1e8780/bin/submodules/TelegramUI/Components/MessageInputPanelComponent -I/var/tmp/_bazel_afanasyev/9a39311ceb7a61706aa1e4e247e12702/rules_xcodeproj.noindex/build_output_base/execroot/_main/bazel-out/ios_arm64-dbg-ios-arm64-min13.0-ST-faee4d1e8780/bin/submodules/TelegramUI/Components/Stars/StarsBalanceOverlayComponent -I/var/tmp/_bazel_afanasyev/9a39311ceb7a61706aa1e4e247e12702/rules_xcodeproj.noindex/build_output_base/execroot/_main/bazel-out/ios_arm64-dbg-ios-arm64-min13.0-ST-faee4d1e8780/bin/submodules/TelegramUI/Components/CheckComponent -I/var/tmp/_bazel_afanasyev/9a39311ceb7a61706aa1e4e247e12702/rules_xcodeproj.noindex/build_output_base/execroot/_main/bazel-out/ios_arm64-dbg-ios-arm64-min13.0-ST-faee4d1e8780/bin/submodules/TelegramUI/Components/AlertComponent/AlertCheckComponent -I/var/tmp/_bazel_afanasyev/9a39311ceb7a61706aa1e4e247e12702/rules_xcodeproj.noindex/build_output_base/execroot/_main/bazel-out/ios_arm64-dbg-ios-arm64-min13.0-ST-faee4d1e8780/bin/submodules/TelegramUI/Components/Chat/ChatMessagePaymentAlertController -I/var/tmp/_bazel_afanasyev/9a39311ceb7a61706aa1e4e247e12702/rules_xcodeproj.noindex/build_output_base/execroot/_main/bazel-out/ios_arm64-dbg-ios-arm64-min13.0-ST-faee4d1e8780/bin/submodules/ShareController -I/var/tmp/_bazel_afanasyev/9a39311ceb7a61706aa1e4e247e12702/rules_xcodeproj.noindex/build_output_base/execroot/_main/bazel-out/ios_arm64-dbg-ios-arm64-min13.0-ST-faee4d1e8780/bin/submodules/DeleteChatPeerActionSheetItem -I/var/tmp/_bazel_afanasyev/9a39311ceb7a61706aa1e4e247e12702/rules_xcodeproj.noindex/build_output_base/execroot/_main/bazel-out/ios_arm64-dbg-ios-arm64-min13.0-ST-faee4d1e8780/bin/submodules/WebsiteType -I/var/tmp/_bazel_afanasyev/9a39311ceb7a61706aa1e4e247e12702/rules_xcodeproj.noindex/build_output_base/execroot/_main/bazel-out/ios_arm64-dbg-ios-arm64-min13.0-ST-faee4d1e8780/bin/submodules/ScreenCaptureDetection -I/var/tmp/_bazel_afanasyev/9a39311ceb7a61706aa1e4e247e12702/rules_xcodeproj.noindex/build_output_base/execroot/_main/bazel-out/ios_arm64-dbg-ios-arm64-min13.0-ST-faee4d1e8780/bin/submodules/OpenInExternalAppUI -I/var/tmp/_bazel_afanasyev/9a39311ceb7a61706aa1e4e247e12702/rules_xcodeproj.noindex/build_output_base/execroot/_main/bazel-out/ios_arm64-dbg-ios-arm64-min13.0-ST-faee4d1e8780/bin/submodules/SwipeToDismissGesture -I/var/tmp/_bazel_afanasyev/9a39311ceb7a61706aa1e4e247e12702/rules_xcodeproj.noindex/build_output_base/execroot/_main/bazel-out/ios_arm64-dbg-ios-arm64-min13.0-ST-faee4d1e8780/bin/submodules/ItemListStickerPackItem -I/var/tmp/_bazel_afanasyev/9a39311ceb7a61706aa1e4e247e12702/rules_xcodeproj.noindex/build_output_base/execroot/_main/bazel-out/ios_arm64-dbg-ios-arm64-min13.0-ST-faee4d1e8780/bin/submodules/ArchivedStickerPacksNotice -I/var/tmp/_bazel_afanasyev/9a39311ceb7a61706aa1e4e247e12702/rules_xcodeproj.noindex/build_output_base/execroot/_main/bazel-out/ios_arm64-dbg-ios-arm64-min13.0-ST-faee4d1e8780/bin/submodules/MoreButtonNode -I/var/tmp/_bazel_afanasyev/9a39311ceb7a61706aa1e4e247e12702/rules_xcodeproj.noindex/build_output_base/execroot/_main/bazel-out/ios_arm64-dbg-ios-arm64-min13.0-ST-faee4d1e8780/bin/submodules/TelegramUI/Components/Stickers/StickerPackEditTitleController -I/var/tmp/_bazel_afanasyev/9a39311ceb7a61706aa1e4e247e12702/rules_xcodeproj.noindex/build_output_base/execroot/_main/bazel-out/ios_arm64-dbg-ios-arm64-min13.0-ST-faee4d1e8780/bin/submodules/StickerPackPreviewUI -I/var/tmp/_bazel_afanasyev/9a39311ceb7a61706aa1e4e247e12702/rules_xcodeproj.noindex/build_output_base/execroot/_main/bazel-out/ios_arm64-dbg-ios-arm64-min13.0-ST-faee4d1e8780/bin/submodules/ImageContentAnalysis -I/var/tmp/_bazel_afanasyev/9a39311ceb7a61706aa1e4e247e12702/rules_xcodeproj.noindex/build_output_base/execroot/_main/bazel-out/ios_arm64-dbg-ios-arm64-min13.0-ST-faee4d1e8780/bin/submodules/TelegramUI/Components/TranslationLanguagesContextMenuContent -I/var/tmp/_bazel_afanasyev/9a39311ceb7a61706aa1e4e247e12702/rules_xcodeproj.noindex/build_output_base/execroot/_main/bazel-out/ios_arm64-dbg-ios-arm64-min13.0-ST-faee4d1e8780/bin/submodules/TranslateUI -I/var/tmp/_bazel_afanasyev/9a39311ceb7a61706aa1e4e247e12702/rules_xcodeproj.noindex/build_output_base/execroot/_main/bazel-out/ios_arm64-dbg-ios-arm64-min13.0-ST-faee4d1e8780/bin/submodules/TelegramUI/Components/SliderContextItem -I/var/tmp/_bazel_afanasyev/9a39311ceb7a61706aa1e4e247e12702/rules_xcodeproj.noindex/build_output_base/execroot/_main/bazel-out/ios_arm64-dbg-ios-arm64-min13.0-ST-faee4d1e8780/bin/submodules/TelegramUI/Components/SectionTitleContextItem -I/var/tmp/_bazel_afanasyev/9a39311ceb7a61706aa1e4e247e12702/rules_xcodeproj.noindex/build_output_base/execroot/_main/bazel-out/ios_arm64-dbg-ios-arm64-min13.0-ST-faee4d1e8780/bin/submodules/AdUI -I/var/tmp/_bazel_afanasyev/9a39311ceb7a61706aa1e4e247e12702/rules_xcodeproj.noindex/build_output_base/execroot/_main/bazel-out/ios_arm64-dbg-ios-arm64-min13.0-ST-faee4d1e8780/bin/submodules/TelegramUI/Components/NavigationStackComponent -I/var/tmp/_bazel_afanasyev/9a39311ceb7a61706aa1e4e247e12702/rules_xcodeproj.noindex/build_output_base/execroot/_main/bazel-out/ios_arm64-dbg-ios-arm64-min13.0-ST-faee4d1e8780/bin/submodules/TelegramUI/Components/Ads/AdsReportScreen -I/var/tmp/_bazel_afanasyev/9a39311ceb7a61706aa1e4e247e12702/rules_xcodeproj.noindex/build_output_base/execroot/_main/bazel-out/ios_arm64-dbg-ios-arm64-min13.0-ST-faee4d1e8780/bin/submodules/TelegramUI/Components/Ads/AdsInfoScreen -I/var/tmp/_bazel_afanasyev/9a39311ceb7a61706aa1e4e247e12702/rules_xcodeproj.noindex/build_output_base/execroot/_main/bazel-out/ios_arm64-dbg-ios-arm64-min13.0-ST-faee4d1e8780/bin/submodules/TelegramUI/Components/SaveProgressScreen -I/var/tmp/_bazel_afanasyev/9a39311ceb7a61706aa1e4e247e12702/rules_xcodeproj.noindex/build_output_base/execroot/_main/bazel-out/ios_arm64-dbg-ios-arm64-min13.0-ST-faee4d1e8780/bin/submodules/TelegramUI/Components/BadgeComponent -I/var/tmp/_bazel_afanasyev/9a39311ceb7a61706aa1e4e247e12702/rules_xcodeproj.noindex/build_output_base/execroot/_main/bazel-out/ios_arm64-dbg-ios-arm64-min13.0-ST-faee4d1e8780/bin/submodules/TelegramUI/Components/ToastComponent -I/var/tmp/_bazel_afanasyev/9a39311ceb7a61706aa1e4e247e12702/rules_xcodeproj.noindex/build_output_base/execroot/_main/bazel-out/ios_arm64-dbg-ios-arm64-min13.0-ST-faee4d1e8780/bin/submodules/TelegramUI/Components/GlassControls -I/var/tmp/_bazel_afanasyev/9a39311ceb7a61706aa1e4e247e12702/rules_xcodeproj.noindex/build_output_base/execroot/_main/bazel-out/ios_arm64-dbg-ios-arm64-min13.0-ST-faee4d1e8780/bin/submodules/TelegramUI/Components/VideoPlaybackControlsComponent -I/var/tmp/_bazel_afanasyev/9a39311ceb7a61706aa1e4e247e12702/rules_xcodeproj.noindex/build_output_base/execroot/_main/bazel-out/ios_arm64-dbg-ios-arm64-min13.0-ST-faee4d1e8780/bin/submodules/GalleryUI -I/var/tmp/_bazel_afanasyev/9a39311ceb7a61706aa1e4e247e12702/rules_xcodeproj.noindex/build_output_base/execroot/_main/bazel-out/ios_arm64-dbg-ios-arm64-min13.0-ST-faee4d1e8780/bin/submodules/PeerAvatarGalleryUI -I/var/tmp/_bazel_afanasyev/9a39311ceb7a61706aa1e4e247e12702/rules_xcodeproj.noindex/build_output_base/execroot/_main/bazel-out/ios_arm64-dbg-ios-arm64-min13.0-ST-faee4d1e8780/bin/submodules/AvatarVideoNode -I/var/tmp/_bazel_afanasyev/9a39311ceb7a61706aa1e4e247e12702/rules_xcodeproj.noindex/build_output_base/execroot/_main/bazel-out/ios_arm64-dbg-ios-arm64-min13.0-ST-faee4d1e8780/bin/submodules/TelegramUI/Components/Stories/StorySetIndicatorComponent -I/var/tmp/_bazel_afanasyev/9a39311ceb7a61706aa1e4e247e12702/rules_xcodeproj.noindex/build_output_base/execroot/_main/bazel-out/ios_arm64-dbg-ios-arm64-min13.0-ST-faee4d1e8780/bin/submodules/PeerInfoAvatarListNode -I/var/tmp/_bazel_afanasyev/9a39311ceb7a61706aa1e4e247e12702/rules_xcodeproj.noindex/build_output_base/execroot/_main/bazel-out/ios_arm64-dbg-ios-arm64-min13.0-ST-faee4d1e8780/bin/submodules/MapResourceToAvatarSizes -I/var/tmp/_bazel_afanasyev/9a39311ceb7a61706aa1e4e247e12702/rules_xcodeproj.noindex/build_output_base/execroot/_main/bazel-out/ios_arm64-dbg-ios-arm64-min13.0-ST-faee4d1e8780/bin/submodules/ChatTitleActivityNode -I/var/tmp/_bazel_afanasyev/9a39311ceb7a61706aa1e4e247e12702/rules_xcodeproj.noindex/build_output_base/execroot/_main/bazel-out/ios_arm64-dbg-ios-arm64-min13.0-ST-faee4d1e8780/bin/submodules/Components/UndoPanelComponent -I/var/tmp/_bazel_afanasyev/9a39311ceb7a61706aa1e4e247e12702/rules_xcodeproj.noindex/build_output_base/execroot/_main/bazel-out/ios_arm64-dbg-ios-arm64-min13.0-ST-faee4d1e8780/bin/submodules/PhoneNumberFormat -I/var/tmp/_bazel_afanasyev/9a39311ceb7a61706aa1e4e247e12702/rules_xcodeproj.noindex/build_output_base/execroot/_main/bazel-out/ios_arm64-dbg-ios-arm64-min13.0-ST-faee4d1e8780/bin/submodules/TelegramUI/Components/BackButtonComponent -I/var/tmp/_bazel_afanasyev/9a39311ceb7a61706aa1e4e247e12702/rules_xcodeproj.noindex/build_output_base/execroot/_main/bazel-out/ios_arm64-dbg-ios-arm64-min13.0-ST-faee4d1e8780/bin/submodules/SearchUI -I/var/tmp/_bazel_afanasyev/9a39311ceb7a61706aa1e4e247e12702/rules_xcodeproj.noindex/build_output_base/execroot/_main/bazel-out/ios_arm64-dbg-ios-arm64-min13.0-ST-faee4d1e8780/bin/submodules/ContactsPeerItem -I/var/tmp/_bazel_afanasyev/9a39311ceb7a61706aa1e4e247e12702/rules_xcodeproj.noindex/build_output_base/execroot/_main/bazel-out/ios_arm64-dbg-ios-arm64-min13.0-ST-faee4d1e8780/bin/submodules/PeersNearbyIconNode -I/var/tmp/_bazel_afanasyev/9a39311ceb7a61706aa1e4e247e12702/rules_xcodeproj.noindex/build_output_base/execroot/_main/bazel-out/ios_arm64-dbg-ios-arm64-min13.0-ST-faee4d1e8780/bin/submodules/TelegramPermissionsUI -I/var/tmp/_bazel_afanasyev/9a39311ceb7a61706aa1e4e247e12702/rules_xcodeproj.noindex/build_output_base/execroot/_main/bazel-out/ios_arm64-dbg-ios-arm64-min13.0-ST-faee4d1e8780/bin/submodules/NotificationSoundSelectionUI -I/var/tmp/_bazel_afanasyev/9a39311ceb7a61706aa1e4e247e12702/rules_xcodeproj.noindex/build_output_base/execroot/_main/bazel-out/ios_arm64-dbg-ios-arm64-min13.0-ST-faee4d1e8780/bin/submodules/ChatListSearchItemHeader -I/var/tmp/_bazel_afanasyev/9a39311ceb7a61706aa1e4e247e12702/rules_xcodeproj.noindex/build_output_base/execroot/_main/bazel-out/ios_arm64-dbg-ios-arm64-min13.0-ST-faee4d1e8780/bin/submodules/QrCode -I/var/tmp/_bazel_afanasyev/9a39311ceb7a61706aa1e4e247e12702/rules_xcodeproj.noindex/build_output_base/execroot/_main/bazel-out/ios_arm64-dbg-ios-arm64-min13.0-ST-faee4d1e8780/bin/submodules/SectionHeaderItem -I/var/tmp/_bazel_afanasyev/9a39311ceb7a61706aa1e4e247e12702/rules_xcodeproj.noindex/build_output_base/execroot/_main/bazel-out/ios_arm64-dbg-ios-arm64-min13.0-ST-faee4d1e8780/bin/submodules/GlassButtonNode -I/var/tmp/_bazel_afanasyev/9a39311ceb7a61706aa1e4e247e12702/rules_xcodeproj.noindex/build_output_base/execroot/_main/bazel-out/ios_arm64-dbg-ios-arm64-min13.0-ST-faee4d1e8780/bin/submodules/QrCodeUI -I/var/tmp/_bazel_afanasyev/9a39311ceb7a61706aa1e4e247e12702/rules_xcodeproj.noindex/build_output_base/execroot/_main/bazel-out/ios_arm64-dbg-ios-arm64-min13.0-ST-faee4d1e8780/bin/submodules/InviteLinksUI -I/var/tmp/_bazel_afanasyev/9a39311ceb7a61706aa1e4e247e12702/rules_xcodeproj.noindex/build_output_base/execroot/_main/bazel-out/ios_arm64-dbg-ios-arm64-min13.0-ST-faee4d1e8780/bin/submodules/TelegramUI/Components/AlertComponent/AlertInputFieldComponent -I/var/tmp/_bazel_afanasyev/9a39311ceb7a61706aa1e4e247e12702/rules_xcodeproj.noindex/build_output_base/execroot/_main/bazel-out/ios_arm64-dbg-ios-arm64-min13.0-ST-faee4d1e8780/bin/submodules/TelegramCallsUI -I/var/tmp/_bazel_afanasyev/9a39311ceb7a61706aa1e4e247e12702/rules_xcodeproj.noindex/build_output_base/execroot/_main/bazel-out/ios_arm64-dbg-ios-arm64-min13.0-ST-faee4d1e8780/bin/submodules/TelegramUpdateUI -I/var/tmp/_bazel_afanasyev/9a39311ceb7a61706aa1e4e247e12702/rules_xcodeproj.noindex/build_output_base/execroot/_main/bazel-out/ios_arm64-dbg-ios-arm64-min13.0-ST-faee4d1e8780/bin/submodules/LiveLocationTimerNode -I/var/tmp/_bazel_afanasyev/9a39311ceb7a61706aa1e4e247e12702/rules_xcodeproj.noindex/build_output_base/execroot/_main/bazel-out/ios_arm64-dbg-ios-arm64-min13.0-ST-faee4d1e8780/bin/submodules/TelegramUI/Components/Stars/ItemShimmeringLoadingComponent -I/var/tmp/_bazel_afanasyev/9a39311ceb7a61706aa1e4e247e12702/rules_xcodeproj.noindex/build_output_base/execroot/_main/bazel-out/ios_arm64-dbg-ios-arm64-min13.0-ST-faee4d1e8780/bin/submodules/TelegramUI/Components/PeerInfo/PeerInfoCoverComponent -I/var/tmp/_bazel_afanasyev/9a39311ceb7a61706aa1e4e247e12702/rules_xcodeproj.noindex/build_output_base/execroot/_main/bazel-out/ios_arm64-dbg-ios-arm64-min13.0-ST-faee4d1e8780/bin/submodules/TelegramUI/Components/Gifts/GiftItemComponent -I/var/tmp/_bazel_afanasyev/9a39311ceb7a61706aa1e4e247e12702/rules_xcodeproj.noindex/build_output_base/execroot/_main/bazel-out/ios_arm64-dbg-ios-arm64-min13.0-ST-faee4d1e8780/bin/submodules/TelegramBaseController -I/var/tmp/_bazel_afanasyev/9a39311ceb7a61706aa1e4e247e12702/rules_xcodeproj.noindex/build_output_base/execroot/_main/bazel-out/ios_arm64-dbg-ios-arm64-min13.0-ST-faee4d1e8780/bin/submodules/LiveLocationManager -I/var/tmp/_bazel_afanasyev/9a39311ceb7a61706aa1e4e247e12702/rules_xcodeproj.noindex/build_output_base/execroot/_main/bazel-out/ios_arm64-dbg-ios-arm64-min13.0-ST-faee4d1e8780/bin/submodules/TelegramUI/Components/PremiumLockButtonSubtitleComponent -I/var/tmp/_bazel_afanasyev/9a39311ceb7a61706aa1e4e247e12702/rules_xcodeproj.noindex/build_output_base/execroot/_main/bazel-out/ios_arm64-dbg-ios-arm64-min13.0-ST-faee4d1e8780/bin/submodules/TelegramUI/Components/ListSwitchItemComponent -I/var/tmp/_bazel_afanasyev/9a39311ceb7a61706aa1e4e247e12702/rules_xcodeproj.noindex/build_output_base/execroot/_main/bazel-out/ios_arm64-dbg-ios-arm64-min13.0-ST-faee4d1e8780/bin/submodules/TelegramUI/Components/PeerAllowedReactionsScreen -I/var/tmp/_bazel_afanasyev/9a39311ceb7a61706aa1e4e247e12702/rules_xcodeproj.noindex/build_output_base/execroot/_main/bazel-out/ios_arm64-dbg-ios-arm64-min13.0-ST-faee4d1e8780/bin/submodules/TelegramUI/Components/ListMultilineTextFieldItemComponent -I/var/tmp/_bazel_afanasyev/9a39311ceb7a61706aa1e4e247e12702/rules_xcodeproj.noindex/build_output_base/execroot/_main/bazel-out/ios_arm64-dbg-ios-arm64-min13.0-ST-faee4d1e8780/bin/submodules/LocationResources -I/var/tmp/_bazel_afanasyev/9a39311ceb7a61706aa1e4e247e12702/rules_xcodeproj.noindex/build_output_base/execroot/_main/bazel-out/ios_arm64-dbg-ios-arm64-min13.0-ST-faee4d1e8780/bin/submodules/TelegramUI/Components/ListComposePollOptionComponent -I/var/tmp/_bazel_afanasyev/9a39311ceb7a61706aa1e4e247e12702/rules_xcodeproj.noindex/build_output_base/execroot/_main/bazel-out/ios_arm64-dbg-ios-arm64-min13.0-ST-faee4d1e8780/bin/submodules/ChatTextLinkEditUI -I/var/tmp/_bazel_afanasyev/9a39311ceb7a61706aa1e4e247e12702/rules_xcodeproj.noindex/build_output_base/execroot/_main/bazel-out/ios_arm64-dbg-ios-arm64-min13.0-ST-faee4d1e8780/bin/submodules/TelegramUI/Components/LegacyMessageInputPanel -I/var/tmp/_bazel_afanasyev/9a39311ceb7a61706aa1e4e247e12702/rules_xcodeproj.noindex/build_output_base/execroot/_main/bazel-out/ios_arm64-dbg-ios-arm64-min13.0-ST-faee4d1e8780/bin/submodules/TelegramUI/Components/Chat/TopMessageReactions -I/var/tmp/_bazel_afanasyev/9a39311ceb7a61706aa1e4e247e12702/rules_xcodeproj.noindex/build_output_base/execroot/_main/bazel-out/ios_arm64-dbg-ios-arm64-min13.0-ST-faee4d1e8780/bin/submodules/TelegramUI/Components/MinimizedContainer -I/var/tmp/_bazel_afanasyev/9a39311ceb7a61706aa1e4e247e12702/rules_xcodeproj.noindex/build_output_base/execroot/_main/bazel-out/ios_arm64-dbg-ios-arm64-min13.0-ST-faee4d1e8780/bin/submodules/AttachmentUI -I/var/tmp/_bazel_afanasyev/9a39311ceb7a61706aa1e4e247e12702/rules_xcodeproj.noindex/build_output_base/execroot/_main/bazel-out/ios_arm64-dbg-ios-arm64-min13.0-ST-faee4d1e8780/bin/submodules/MosaicLayout -I/var/tmp/_bazel_afanasyev/9a39311ceb7a61706aa1e4e247e12702/rules_xcodeproj.noindex/build_output_base/execroot/_main/bazel-out/ios_arm64-dbg-ios-arm64-min13.0-ST-faee4d1e8780/bin/submodules/WebSearchUI -I/var/tmp/_bazel_afanasyev/9a39311ceb7a61706aa1e4e247e12702/rules_xcodeproj.noindex/build_output_base/execroot/_main/bazel-out/ios_arm64-dbg-ios-arm64-min13.0-ST-faee4d1e8780/bin/submodules/SparseItemGrid -I/var/tmp/_bazel_afanasyev/9a39311ceb7a61706aa1e4e247e12702/rules_xcodeproj.noindex/build_output_base/execroot/_main/bazel-out/ios_arm64-dbg-ios-arm64-min13.0-ST-faee4d1e8780/bin/submodules/TelegramUI/Components/MediaAssetsContext -I/var/tmp/_bazel_afanasyev/9a39311ceb7a61706aa1e4e247e12702/rules_xcodeproj.noindex/build_output_base/execroot/_main/bazel-out/ios_arm64-dbg-ios-arm64-min13.0-ST-faee4d1e8780/bin/submodules/TelegramUI/Components/AvatarBackground -I/var/tmp/_bazel_afanasyev/9a39311ceb7a61706aa1e4e247e12702/rules_xcodeproj.noindex/build_output_base/execroot/_main/bazel-out/ios_arm64-dbg-ios-arm64-min13.0-ST-faee4d1e8780/bin/submodules/MediaPickerUI -I/var/tmp/_bazel_afanasyev/9a39311ceb7a61706aa1e4e247e12702/rules_xcodeproj.noindex/build_output_base/execroot/_main/bazel-out/ios_arm64-dbg-ios-arm64-min13.0-ST-faee4d1e8780/bin/submodules/TelegramUI/Components/LegacyCamera -I/var/tmp/_bazel_afanasyev/9a39311ceb7a61706aa1e4e247e12702/rules_xcodeproj.noindex/build_output_base/execroot/_main/bazel-out/ios_arm64-dbg-ios-arm64-min13.0-ST-faee4d1e8780/bin/submodules/Geocoding -I/var/tmp/_bazel_afanasyev/9a39311ceb7a61706aa1e4e247e12702/rules_xcodeproj.noindex/build_output_base/execroot/_main/bazel-out/ios_arm64-dbg-ios-arm64-min13.0-ST-faee4d1e8780/bin/submodules/ItemListVenueItem -I/var/tmp/_bazel_afanasyev/9a39311ceb7a61706aa1e4e247e12702/rules_xcodeproj.noindex/build_output_base/execroot/_main/bazel-out/ios_arm64-dbg-ios-arm64-min13.0-ST-faee4d1e8780/bin/submodules/CounterControllerTitleView -I/var/tmp/_bazel_afanasyev/9a39311ceb7a61706aa1e4e247e12702/rules_xcodeproj.noindex/build_output_base/execroot/_main/bazel-out/ios_arm64-dbg-ios-arm64-min13.0-ST-faee4d1e8780/bin/submodules/LocationUI -I/var/tmp/_bazel_afanasyev/9a39311ceb7a61706aa1e4e247e12702/rules_xcodeproj.noindex/build_output_base/execroot/_main/bazel-out/ios_arm64-dbg-ios-arm64-min13.0-ST-faee4d1e8780/bin/submodules/ListMessageItem -I/var/tmp/_bazel_afanasyev/9a39311ceb7a61706aa1e4e247e12702/rules_xcodeproj.noindex/build_output_base/execroot/_main/bazel-out/ios_arm64-dbg-ios-arm64-min13.0-ST-faee4d1e8780/bin/submodules/TelegramUI/Components/MediaManager/PeerMessagesMediaPlaylist -I/var/tmp/_bazel_afanasyev/9a39311ceb7a61706aa1e4e247e12702/rules_xcodeproj.noindex/build_output_base/execroot/_main/bazel-out/ios_arm64-dbg-ios-arm64-min13.0-ST-faee4d1e8780/bin/submodules/TelegramUI/Components/AttachmentFileController -I/var/tmp/_bazel_afanasyev/9a39311ceb7a61706aa1e4e247e12702/rules_xcodeproj.noindex/build_output_base/execroot/_main/bazel-out/ios_arm64-dbg-ios-arm64-min13.0-ST-faee4d1e8780/bin/submodules/TelegramUI/Components/ChatScheduleTimeController -I/var/tmp/_bazel_afanasyev/9a39311ceb7a61706aa1e4e247e12702/rules_xcodeproj.noindex/build_output_base/execroot/_main/bazel-out/ios_arm64-dbg-ios-arm64-min13.0-ST-faee4d1e8780/bin/submodules/Pdf -I/var/tmp/_bazel_afanasyev/9a39311ceb7a61706aa1e4e247e12702/rules_xcodeproj.noindex/build_output_base/execroot/_main/bazel-out/ios_arm64-dbg-ios-arm64-min13.0-ST-faee4d1e8780/bin/submodules/ICloudResources -I/var/tmp/_bazel_afanasyev/9a39311ceb7a61706aa1e4e247e12702/rules_xcodeproj.noindex/build_output_base/execroot/_main/bazel-out/ios_arm64-dbg-ios-arm64-min13.0-ST-faee4d1e8780/bin/submodules/TelegramUI/Components/ComposePollScreen -I/var/tmp/_bazel_afanasyev/9a39311ceb7a61706aa1e4e247e12702/rules_xcodeproj.noindex/build_output_base/execroot/_main/bazel-out/ios_arm64-dbg-ios-arm64-min13.0-ST-faee4d1e8780/bin/submodules/GameUI -I/var/tmp/_bazel_afanasyev/9a39311ceb7a61706aa1e4e247e12702/rules_xcodeproj.noindex/build_output_base/execroot/_main/bazel-out/ios_arm64-dbg-ios-arm64-min13.0-ST-faee4d1e8780/bin/submodules/LocalAuth -I/var/tmp/_bazel_afanasyev/9a39311ceb7a61706aa1e4e247e12702/rules_xcodeproj.noindex/build_output_base/execroot/_main/bazel-out/ios_arm64-dbg-ios-arm64-min13.0-ST-faee4d1e8780/bin/submodules/PasswordSetupUI -I/var/tmp/_bazel_afanasyev/9a39311ceb7a61706aa1e4e247e12702/rules_xcodeproj.noindex/build_output_base/execroot/_main/bazel-out/ios_arm64-dbg-ios-arm64-min13.0-ST-faee4d1e8780/bin/submodules/BotPaymentsUI -I/var/tmp/_bazel_afanasyev/9a39311ceb7a61706aa1e4e247e12702/rules_xcodeproj.noindex/build_output_base/execroot/_main/bazel-out/ios_arm64-dbg-ios-arm64-min13.0-ST-faee4d1e8780/bin/submodules/LiveLocationPositionNode -I/var/tmp/_bazel_afanasyev/9a39311ceb7a61706aa1e4e247e12702/rules_xcodeproj.noindex/build_output_base/execroot/_main/bazel-out/ios_arm64-dbg-ios-arm64-min13.0-ST-faee4d1e8780/bin/submodules/InstantPageUI -I/var/tmp/_bazel_afanasyev/9a39311ceb7a61706aa1e4e247e12702/rules_xcodeproj.noindex/build_output_base/execroot/_main/bazel-out/ios_arm64-dbg-ios-arm64-min13.0-ST-faee4d1e8780/bin/submodules/TelegramUI/Components/Gifts/GiftAnimationComponent -I/var/tmp/_bazel_afanasyev/9a39311ceb7a61706aa1e4e247e12702/rules_xcodeproj.noindex/build_output_base/execroot/_main/bazel-out/ios_arm64-dbg-ios-arm64-min13.0-ST-faee4d1e8780/bin/submodules/TelegramUI/Components/Chat/ChatHistoryEntry -I/var/tmp/_bazel_afanasyev/9a39311ceb7a61706aa1e4e247e12702/rules_xcodeproj.noindex/build_output_base/execroot/_main/bazel-out/ios_arm64-dbg-ios-arm64-min13.0-ST-faee4d1e8780/bin/submodules/TelegramUI/Components/Chat/ChatMessageItemCommon -I/var/tmp/_bazel_afanasyev/9a39311ceb7a61706aa1e4e247e12702/rules_xcodeproj.noindex/build_output_base/execroot/_main/bazel-out/ios_arm64-dbg-ios-arm64-min13.0-ST-faee4d1e8780/bin/submodules/TelegramUI/Components/Chat/ChatMessageItem -I/var/tmp/_bazel_afanasyev/9a39311ceb7a61706aa1e4e247e12702/rules_xcodeproj.noindex/build_output_base/execroot/_main/bazel-out/ios_arm64-dbg-ios-arm64-min13.0-ST-faee4d1e8780/bin/submodules/LanguageSuggestionUI -I/var/tmp/_bazel_afanasyev/9a39311ceb7a61706aa1e4e247e12702/rules_xcodeproj.noindex/build_output_base/execroot/_main/bazel-out/ios_arm64-dbg-ios-arm64-min13.0-ST-faee4d1e8780/bin/submodules/TelegramUI/Components/ChatTimerScreen -I/var/tmp/_bazel_afanasyev/9a39311ceb7a61706aa1e4e247e12702/rules_xcodeproj.noindex/build_output_base/execroot/_main/bazel-out/ios_arm64-dbg-ios-arm64-min13.0-ST-faee4d1e8780/bin/submodules/TelegramUI/Components/Stories/StoryFooterPanelComponent -I/var/tmp/_bazel_afanasyev/9a39311ceb7a61706aa1e4e247e12702/rules_xcodeproj.noindex/build_output_base/execroot/_main/bazel-out/ios_arm64-dbg-ios-arm64-min13.0-ST-faee4d1e8780/bin/submodules/TelegramUI/Components/VolumeSliderContextItem -I/var/tmp/_bazel_afanasyev/9a39311ceb7a61706aa1e4e247e12702/rules_xcodeproj.noindex/build_output_base/execroot/_main/bazel-out/ios_arm64-dbg-ios-arm64-min13.0-ST-faee4d1e8780/bin/submodules/TelegramUI/Components/LensTransition -I/var/tmp/_bazel_afanasyev/9a39311ceb7a61706aa1e4e247e12702/rules_xcodeproj.noindex/build_output_base/execroot/_main/bazel-out/ios_arm64-dbg-ios-arm64-min13.0-ST-faee4d1e8780/bin/submodules/TelegramUI/Components/ContextControllerImpl -I/var/tmp/_bazel_afanasyev/9a39311ceb7a61706aa1e4e247e12702/rules_xcodeproj.noindex/build_output_base/execroot/_main/bazel-out/ios_arm64-dbg-ios-arm64-min13.0-ST-faee4d1e8780/bin/submodules/TelegramUI/Components/MediaEditorScreen -I/var/tmp/_bazel_afanasyev/9a39311ceb7a61706aa1e4e247e12702/rules_xcodeproj.noindex/build_output_base/execroot/_main/bazel-out/ios_arm64-dbg-ios-arm64-min13.0-ST-faee4d1e8780/bin/submodules/Utils/VolumeButtons -I/var/tmp/_bazel_afanasyev/9a39311ceb7a61706aa1e4e247e12702/rules_xcodeproj.noindex/build_output_base/execroot/_main/bazel-out/ios_arm64-dbg-ios-arm64-min13.0-ST-faee4d1e8780/bin/submodules/TelegramUI/Components/PeerReportScreen -I/var/tmp/_bazel_afanasyev/9a39311ceb7a61706aa1e4e247e12702/rules_xcodeproj.noindex/build_output_base/execroot/_main/bazel-out/ios_arm64-dbg-ios-arm64-min13.0-ST-faee4d1e8780/bin/submodules/TelegramUI/Components/Stories/StoryStealthModeSheetScreen -I/var/tmp/_bazel_afanasyev/9a39311ceb7a61706aa1e4e247e12702/rules_xcodeproj.noindex/build_output_base/execroot/_main/bazel-out/ios_arm64-dbg-ios-arm64-min13.0-ST-faee4d1e8780/bin/submodules/TelegramUI/Components/NavigationSearchComponent -I/var/tmp/_bazel_afanasyev/9a39311ceb7a61706aa1e4e247e12702/rules_xcodeproj.noindex/build_output_base/execroot/_main/bazel-out/ios_arm64-dbg-ios-arm64-min13.0-ST-faee4d1e8780/bin/submodules/TelegramUI/Components/OptionButtonComponent -I/var/tmp/_bazel_afanasyev/9a39311ceb7a61706aa1e4e247e12702/rules_xcodeproj.noindex/build_output_base/execroot/_main/bazel-out/ios_arm64-dbg-ios-arm64-min13.0-ST-faee4d1e8780/bin/submodules/TelegramUI/Components/Stories/StoryQualityUpgradeSheetScreen -I/var/tmp/_bazel_afanasyev/9a39311ceb7a61706aa1e4e247e12702/rules_xcodeproj.noindex/build_output_base/execroot/_main/bazel-out/ios_arm64-dbg-ios-arm64-min13.0-ST-faee4d1e8780/bin/submodules/TelegramUI/Components/InteractiveTextComponent -I/var/tmp/_bazel_afanasyev/9a39311ceb7a61706aa1e4e247e12702/rules_xcodeproj.noindex/build_output_base/execroot/_main/bazel-out/ios_arm64-dbg-ios-arm64-min13.0-ST-faee4d1e8780/bin/submodules/TelegramUI/Components/AsyncListComponent -I/var/tmp/_bazel_afanasyev/9a39311ceb7a61706aa1e4e247e12702/rules_xcodeproj.noindex/build_output_base/execroot/_main/bazel-out/ios_arm64-dbg-ios-arm64-min13.0-ST-faee4d1e8780/bin/submodules/TelegramUI/Components/Chat/ChatSendStarsScreen -I/var/tmp/_bazel_afanasyev/9a39311ceb7a61706aa1e4e247e12702/rules_xcodeproj.noindex/build_output_base/execroot/_main/bazel-out/ios_arm64-dbg-ios-arm64-min13.0-ST-faee4d1e8780/bin/submodules/TelegramUI/Components/AdminUserActionsSheet -I/var/tmp/_bazel_afanasyev/9a39311ceb7a61706aa1e4e247e12702/rules_xcodeproj.noindex/build_output_base/execroot/_main/bazel-out/ios_arm64-dbg-ios-arm64-min13.0-ST-faee4d1e8780/bin/submodules/TelegramUI/Components/Chat/ChatSendAsContextMenu -I/var/tmp/_bazel_afanasyev/9a39311ceb7a61706aa1e4e247e12702/rules_xcodeproj.noindex/build_output_base/execroot/_main/bazel-out/ios_arm64-dbg-ios-arm64-min13.0-ST-faee4d1e8780/bin/submodules/TelegramUI/Components/Stories/StoryContainerScreen -I/var/tmp/_bazel_afanasyev/9a39311ceb7a61706aa1e4e247e12702/rules_xcodeproj.noindex/build_output_base/execroot/_main/bazel-out/ios_arm64-dbg-ios-arm64-min13.0-ST-faee4d1e8780/bin/submodules/TelegramUI/Components/ChatListTitleView -I/var/tmp/_bazel_afanasyev/9a39311ceb7a61706aa1e4e247e12702/rules_xcodeproj.noindex/build_output_base/execroot/_main/bazel-out/ios_arm64-dbg-ios-arm64-min13.0-ST-faee4d1e8780/bin/submodules/TelegramUI/Components/Utils/AnimatableProperty -I/var/tmp/_bazel_afanasyev/9a39311ceb7a61706aa1e4e247e12702/rules_xcodeproj.noindex/build_output_base/execroot/_main/bazel-out/ios_arm64-dbg-ios-arm64-min13.0-ST-faee4d1e8780/bin/submodules/TelegramUI/Components/Stories/StoryPeerListComponent -I/var/tmp/_bazel_afanasyev/9a39311ceb7a61706aa1e4e247e12702/rules_xcodeproj.noindex/build_output_base/execroot/_main/bazel-out/ios_arm64-dbg-ios-arm64-min13.0-ST-faee4d1e8780/bin/submodules/TelegramUI/Components/ChatListHeaderComponent -I/var/tmp/_bazel_afanasyev/9a39311ceb7a61706aa1e4e247e12702/rules_xcodeproj.noindex/build_output_base/execroot/_main/bazel-out/ios_arm64-dbg-ios-arm64-min13.0-ST-faee4d1e8780/bin/submodules/ContactListUI -I/var/tmp/_bazel_afanasyev/9a39311ceb7a61706aa1e4e247e12702/rules_xcodeproj.noindex/build_output_base/execroot/_main/bazel-out/ios_arm64-dbg-ios-arm64-min13.0-ST-faee4d1e8780/bin/submodules/ChatMessageInteractiveMediaBadge -I/var/tmp/_bazel_afanasyev/9a39311ceb7a61706aa1e4e247e12702/rules_xcodeproj.noindex/build_output_base/execroot/_main/bazel-out/ios_arm64-dbg-ios-arm64-min13.0-ST-faee4d1e8780/bin/submodules/GalleryData -I/var/tmp/_bazel_afanasyev/9a39311ceb7a61706aa1e4e247e12702/rules_xcodeproj.noindex/build_output_base/execroot/_main/bazel-out/ios_arm64-dbg-ios-arm64-min13.0-ST-faee4d1e8780/bin/submodules/GridMessageSelectionNode -I/var/tmp/_bazel_afanasyev/9a39311ceb7a61706aa1e4e247e12702/rules_xcodeproj.noindex/build_output_base/execroot/_main/bazel-out/ios_arm64-dbg-ios-arm64-min13.0-ST-faee4d1e8780/bin/submodules/ChatListFilterSettingsHeaderItem -I/var/tmp/_bazel_afanasyev/9a39311ceb7a61706aa1e4e247e12702/rules_xcodeproj.noindex/build_output_base/execroot/_main/bazel-out/ios_arm64-dbg-ios-arm64-min13.0-ST-faee4d1e8780/bin/submodules/FetchManagerImpl -I/var/tmp/_bazel_afanasyev/9a39311ceb7a61706aa1e4e247e12702/rules_xcodeproj.noindex/build_output_base/execroot/_main/bazel-out/ios_arm64-dbg-ios-arm64-min13.0-ST-faee4d1e8780/bin/submodules/Components/ProgressIndicatorComponent -I/var/tmp/_bazel_afanasyev/9a39311ceb7a61706aa1e4e247e12702/rules_xcodeproj.noindex/build_output_base/execroot/_main/bazel-out/ios_arm64-dbg-ios-arm64-min13.0-ST-faee4d1e8780/bin/submodules/TelegramUI/Components/ForumCreateTopicScreen -I/var/tmp/_bazel_afanasyev/9a39311ceb7a61706aa1e4e247e12702/rules_xcodeproj.noindex/build_output_base/execroot/_main/bazel-out/ios_arm64-dbg-ios-arm64-min13.0-ST-faee4d1e8780/bin/submodules/TelegramUI/Components/ChatTitleView -I/var/tmp/_bazel_afanasyev/9a39311ceb7a61706aa1e4e247e12702/rules_xcodeproj.noindex/build_output_base/execroot/_main/bazel-out/ios_arm64-dbg-ios-arm64-min13.0-ST-faee4d1e8780/bin/submodules/TelegramUI/Components/NotificationPeerExceptionController -I/var/tmp/_bazel_afanasyev/9a39311ceb7a61706aa1e4e247e12702/rules_xcodeproj.noindex/build_output_base/execroot/_main/bazel-out/ios_arm64-dbg-ios-arm64-min13.0-ST-faee4d1e8780/bin/submodules/ItemListAvatarAndNameInfoItem -I/var/tmp/_bazel_afanasyev/9a39311ceb7a61706aa1e4e247e12702/rules_xcodeproj.noindex/build_output_base/execroot/_main/bazel-out/ios_arm64-dbg-ios-arm64-min13.0-ST-faee4d1e8780/bin/submodules/NotificationMuteSettingsUI -I/var/tmp/_bazel_afanasyev/9a39311ceb7a61706aa1e4e247e12702/rules_xcodeproj.noindex/build_output_base/execroot/_main/bazel-out/ios_arm64-dbg-ios-arm64-min13.0-ST-faee4d1e8780/bin/submodules/SinglePhoneInputNode -I/var/tmp/_bazel_afanasyev/9a39311ceb7a61706aa1e4e247e12702/rules_xcodeproj.noindex/build_output_base/execroot/_main/bazel-out/ios_arm64-dbg-ios-arm64-min13.0-ST-faee4d1e8780/bin/submodules/EncryptionKeyVisualization -I/var/tmp/_bazel_afanasyev/9a39311ceb7a61706aa1e4e247e12702/rules_xcodeproj.noindex/build_output_base/execroot/_main/bazel-out/ios_arm64-dbg-ios-arm64-min13.0-ST-faee4d1e8780/bin/submodules/ItemListAddressItem -I/var/tmp/_bazel_afanasyev/9a39311ceb7a61706aa1e4e247e12702/rules_xcodeproj.noindex/build_output_base/execroot/_main/bazel-out/ios_arm64-dbg-ios-arm64-min13.0-ST-faee4d1e8780/bin/submodules/TelegramUI/Components/SendInviteLinkScreen -I/var/tmp/_bazel_afanasyev/9a39311ceb7a61706aa1e4e247e12702/rules_xcodeproj.noindex/build_output_base/execroot/_main/bazel-out/ios_arm64-dbg-ios-arm64-min13.0-ST-faee4d1e8780/bin/submodules/TelegramUI/Components/GroupStickerPackSetupController -I/var/tmp/_bazel_afanasyev/9a39311ceb7a61706aa1e4e247e12702/rules_xcodeproj.noindex/build_output_base/execroot/_main/bazel-out/ios_arm64-dbg-ios-arm64-min13.0-ST-faee4d1e8780/bin/submodules/TelegramUI/Components/PeerManagement/OldChannelsController -I/var/tmp/_bazel_afanasyev/9a39311ceb7a61706aa1e4e247e12702/rules_xcodeproj.noindex/build_output_base/execroot/_main/bazel-out/ios_arm64-dbg-ios-arm64-min13.0-ST-faee4d1e8780/bin/submodules/TelegramUI/Components/PeerManagement/OwnershipTransferController -I/var/tmp/_bazel_afanasyev/9a39311ceb7a61706aa1e4e247e12702/rules_xcodeproj.noindex/build_output_base/execroot/_main/bazel-out/ios_arm64-dbg-ios-arm64-min13.0-ST-faee4d1e8780/bin/submodules/TelegramUI/Components/PeerInfo/MessagePriceItem -I/var/tmp/_bazel_afanasyev/9a39311ceb7a61706aa1e4e247e12702/rules_xcodeproj.noindex/build_output_base/execroot/_main/bazel-out/ios_arm64-dbg-ios-arm64-min13.0-ST-faee4d1e8780/bin/submodules/PeerInfoUI -I/var/tmp/_bazel_afanasyev/9a39311ceb7a61706aa1e4e247e12702/rules_xcodeproj.noindex/build_output_base/execroot/_main/bazel-out/ios_arm64-dbg-ios-arm64-min13.0-ST-faee4d1e8780/bin/submodules/TelegramUI/Components/ChatFolderLinkPreviewScreen -I/var/tmp/_bazel_afanasyev/9a39311ceb7a61706aa1e4e247e12702/rules_xcodeproj.noindex/build_output_base/execroot/_main/bazel-out/ios_arm64-dbg-ios-arm64-min13.0-ST-faee4d1e8780/bin/submodules/TelegramUI/Components/ActionPanelComponent -I/var/tmp/_bazel_afanasyev/9a39311ceb7a61706aa1e4e247e12702/rules_xcodeproj.noindex/build_output_base/execroot/_main/bazel-out/ios_arm64-dbg-ios-arm64-min13.0-ST-faee4d1e8780/bin/submodules/TelegramUI/Components/EmptyStateIndicatorComponent -I/var/tmp/_bazel_afanasyev/9a39311ceb7a61706aa1e4e247e12702/rules_xcodeproj.noindex/build_output_base/execroot/_main/bazel-out/ios_arm64-dbg-ios-arm64-min13.0-ST-faee4d1e8780/bin/submodules/TelegramUI/Components/PeerInfo/PeerInfoPaneNode -I/var/tmp/_bazel_afanasyev/9a39311ceb7a61706aa1e4e247e12702/rules_xcodeproj.noindex/build_output_base/execroot/_main/bazel-out/ios_arm64-dbg-ios-arm64-min13.0-ST-faee4d1e8780/bin/submodules/TelegramUI/Components/Settings/LanguageSelectionScreen -I/var/tmp/_bazel_afanasyev/9a39311ceb7a61706aa1e4e247e12702/rules_xcodeproj.noindex/build_output_base/execroot/_main/bazel-out/ios_arm64-dbg-ios-arm64-min13.0-ST-faee4d1e8780/bin/submodules/TelegramUI/Components/Stars/StarsAvatarComponent -I/var/tmp/_bazel_afanasyev/9a39311ceb7a61706aa1e4e247e12702/rules_xcodeproj.noindex/build_output_base/execroot/_main/bazel-out/ios_arm64-dbg-ios-arm64-min13.0-ST-faee4d1e8780/bin/submodules/TelegramUI/Components/Stars/BalanceNeededScreen -I/var/tmp/_bazel_afanasyev/9a39311ceb7a61706aa1e4e247e12702/rules_xcodeproj.noindex/build_output_base/execroot/_main/bazel-out/ios_arm64-dbg-ios-arm64-min13.0-ST-faee4d1e8780/bin/submodules/TelegramUI/Components/Stars/StarsWithdrawalScreen -I/var/tmp/_bazel_afanasyev/9a39311ceb7a61706aa1e4e247e12702/rules_xcodeproj.noindex/build_output_base/execroot/_main/bazel-out/ios_arm64-dbg-ios-arm64-min13.0-ST-faee4d1e8780/bin/submodules/TelegramUI/Components/AlertComponent/AlertTransferHeaderComponent -I/var/tmp/_bazel_afanasyev/9a39311ceb7a61706aa1e4e247e12702/rules_xcodeproj.noindex/build_output_base/execroot/_main/bazel-out/ios_arm64-dbg-ios-arm64-min13.0-ST-faee4d1e8780/bin/submodules/TelegramUI/Components/AvatarComponent -I/var/tmp/_bazel_afanasyev/9a39311ceb7a61706aa1e4e247e12702/rules_xcodeproj.noindex/build_output_base/execroot/_main/bazel-out/ios_arm64-dbg-ios-arm64-min13.0-ST-faee4d1e8780/bin/submodules/TelegramUI/Components/ChatThemeScreen -I/var/tmp/_bazel_afanasyev/9a39311ceb7a61706aa1e4e247e12702/rules_xcodeproj.noindex/build_output_base/execroot/_main/bazel-out/ios_arm64-dbg-ios-arm64-min13.0-ST-faee4d1e8780/bin/submodules/TelegramUI/Components/PeerInfo/ProfileLevelRatingBarComponent -I/var/tmp/_bazel_afanasyev/9a39311ceb7a61706aa1e4e247e12702/rules_xcodeproj.noindex/build_output_base/execroot/_main/bazel-out/ios_arm64-dbg-ios-arm64-min13.0-ST-faee4d1e8780/bin/submodules/TelegramUI/Components/SegmentControlComponent -I/var/tmp/_bazel_afanasyev/9a39311ceb7a61706aa1e4e247e12702/rules_xcodeproj.noindex/build_output_base/execroot/_main/bazel-out/ios_arm64-dbg-ios-arm64-min13.0-ST-faee4d1e8780/bin/submodules/TelegramUI/Components/Gifts/GiftRemainingCountComponent -I/var/tmp/_bazel_afanasyev/9a39311ceb7a61706aa1e4e247e12702/rules_xcodeproj.noindex/build_output_base/execroot/_main/bazel-out/ios_arm64-dbg-ios-arm64-min13.0-ST-faee4d1e8780/bin/submodules/TelegramUI/Components/Gifts/InfoParagraphComponent -I/var/tmp/_bazel_afanasyev/9a39311ceb7a61706aa1e4e247e12702/rules_xcodeproj.noindex/build_output_base/execroot/_main/bazel-out/ios_arm64-dbg-ios-arm64-min13.0-ST-faee4d1e8780/bin/submodules/TelegramUI/Components/AlertComponent/AlertTableComponent -I/var/tmp/_bazel_afanasyev/9a39311ceb7a61706aa1e4e247e12702/rules_xcodeproj.noindex/build_output_base/execroot/_main/bazel-out/ios_arm64-dbg-ios-arm64-min13.0-ST-faee4d1e8780/bin/submodules/TelegramUI/Components/Gifts/GiftViewScreen -I/var/tmp/_bazel_afanasyev/9a39311ceb7a61706aa1e4e247e12702/rules_xcodeproj.noindex/build_output_base/execroot/_main/bazel-out/ios_arm64-dbg-ios-arm64-min13.0-ST-faee4d1e8780/bin/submodules/TelegramUI/Components/Gifts/GiftUnpinScreen -I/var/tmp/_bazel_afanasyev/9a39311ceb7a61706aa1e4e247e12702/rules_xcodeproj.noindex/build_output_base/execroot/_main/bazel-out/ios_arm64-dbg-ios-arm64-min13.0-ST-faee4d1e8780/bin/submodules/TelegramUI/Components/BottomButtonPanelComponent -I/var/tmp/_bazel_afanasyev/9a39311ceb7a61706aa1e4e247e12702/rules_xcodeproj.noindex/build_output_base/execroot/_main/bazel-out/ios_arm64-dbg-ios-arm64-min13.0-ST-faee4d1e8780/bin/submodules/TelegramUI/Components/PeerInfo/CollectionTabItemComponent -I/var/tmp/_bazel_afanasyev/9a39311ceb7a61706aa1e4e247e12702/rules_xcodeproj.noindex/build_output_base/execroot/_main/bazel-out/ios_arm64-dbg-ios-arm64-min13.0-ST-faee4d1e8780/bin/submodules/TelegramUI/Components/PeerInfo/PeerInfoVisualMediaPaneNode -I/var/tmp/_bazel_afanasyev/9a39311ceb7a61706aa1e4e247e12702/rules_xcodeproj.noindex/build_output_base/execroot/_main/bazel-out/ios_arm64-dbg-ios-arm64-min13.0-ST-faee4d1e8780/bin/submodules/TelegramUI/Components/PeerInfo/PeerInfoStoryGridScreen -I/var/tmp/_bazel_afanasyev/9a39311ceb7a61706aa1e4e247e12702/rules_xcodeproj.noindex/build_output_base/execroot/_main/bazel-out/ios_arm64-dbg-ios-arm64-min13.0-ST-faee4d1e8780/bin/submodules/TelegramUI/Components/Settings/ArchiveInfoScreen -I/var/tmp/_bazel_afanasyev/9a39311ceb7a61706aa1e4e247e12702/rules_xcodeproj.noindex/build_output_base/execroot/_main/bazel-out/ios_arm64-dbg-ios-arm64-min13.0-ST-faee4d1e8780/bin/submodules/TelegramUI/Components/Settings/NewSessionInfoScreen -I/var/tmp/_bazel_afanasyev/9a39311ceb7a61706aa1e4e247e12702/rules_xcodeproj.noindex/build_output_base/execroot/_main/bazel-out/ios_arm64-dbg-ios-arm64-min13.0-ST-faee4d1e8780/bin/submodules/TelegramUI/Components/Settings/PeerNameColorItem -I/var/tmp/_bazel_afanasyev/9a39311ceb7a61706aa1e4e247e12702/rules_xcodeproj.noindex/build_output_base/execroot/_main/bazel-out/ios_arm64-dbg-ios-arm64-min13.0-ST-faee4d1e8780/bin/submodules/TelegramUI/Components/Settings/BirthdayPickerScreen -I/var/tmp/_bazel_afanasyev/9a39311ceb7a61706aa1e4e247e12702/rules_xcodeproj.noindex/build_output_base/execroot/_main/bazel-out/ios_arm64-dbg-ios-arm64-min13.0-ST-faee4d1e8780/bin/submodules/TelegramUI/Components/AvatarUploadToastScreen -I/var/tmp/_bazel_afanasyev/9a39311ceb7a61706aa1e4e247e12702/rules_xcodeproj.noindex/build_output_base/execroot/_main/bazel-out/ios_arm64-dbg-ios-arm64-min13.0-ST-faee4d1e8780/bin/submodules/TelegramUI/Components/ChatList/ChatListFilterTabContainerNode -I/var/tmp/_bazel_afanasyev/9a39311ceb7a61706aa1e4e247e12702/rules_xcodeproj.noindex/build_output_base/execroot/_main/bazel-out/ios_arm64-dbg-ios-arm64-min13.0-ST-faee4d1e8780/bin/submodules/TelegramUI/Components/GlobalControlPanelsContext -I/var/tmp/_bazel_afanasyev/9a39311ceb7a61706aa1e4e247e12702/rules_xcodeproj.noindex/build_output_base/execroot/_main/bazel-out/ios_arm64-dbg-ios-arm64-min13.0-ST-faee4d1e8780/bin/submodules/TelegramUI/Components/MediaPlaybackHeaderPanelComponent -I/var/tmp/_bazel_afanasyev/9a39311ceb7a61706aa1e4e247e12702/rules_xcodeproj.noindex/build_output_base/execroot/_main/bazel-out/ios_arm64-dbg-ios-arm64-min13.0-ST-faee4d1e8780/bin/submodules/TelegramUI/Components/LiveLocationHeaderPanelComponent -I/var/tmp/_bazel_afanasyev/9a39311ceb7a61706aa1e4e247e12702/rules_xcodeproj.noindex/build_output_base/execroot/_main/bazel-out/ios_arm64-dbg-ios-arm64-min13.0-ST-faee4d1e8780/bin/submodules/TelegramUI/Components/ChatList/ChatListSearchFiltersContainerNode -I/var/tmp/_bazel_afanasyev/9a39311ceb7a61706aa1e4e247e12702/rules_xcodeproj.noindex/build_output_base/execroot/_main/bazel-out/ios_arm64-dbg-ios-arm64-min13.0-ST-faee4d1e8780/bin/submodules/TelegramUI/Components/ChatList/ChatListHeaderNoticeComponent -I/var/tmp/_bazel_afanasyev/9a39311ceb7a61706aa1e4e247e12702/rules_xcodeproj.noindex/build_output_base/execroot/_main/bazel-out/ios_arm64-dbg-ios-arm64-min13.0-ST-faee4d1e8780/bin/submodules/ChatListUI -I/var/tmp/_bazel_afanasyev/9a39311ceb7a61706aa1e4e247e12702/rules_xcodeproj.noindex/build_output_base/execroot/_main/bazel-out/ios_arm64-dbg-ios-arm64-min13.0-ST-faee4d1e8780/bin/submodules/TelegramUI/Components/Chat/ChatMessageTransitionNode -I/var/tmp/_bazel_afanasyev/9a39311ceb7a61706aa1e4e247e12702/rules_xcodeproj.noindex/build_output_base/execroot/_main/bazel-out/ios_arm64-dbg-ios-arm64-min13.0-ST-faee4d1e8780/bin/submodules/TelegramUI/Components/Chat/ChatMessageItemView -I/var/tmp/_bazel_afanasyev/9a39311ceb7a61706aa1e4e247e12702/rules_xcodeproj.noindex/build_output_base/execroot/_main/bazel-out/ios_arm64-dbg-ios-arm64-min13.0-ST-faee4d1e8780/bin/submodules/TelegramUI/Components/Chat/ChatMessageForwardInfoNode -I/var/tmp/_bazel_afanasyev/9a39311ceb7a61706aa1e4e247e12702/rules_xcodeproj.noindex/build_output_base/execroot/_main/bazel-out/ios_arm64-dbg-ios-arm64-min13.0-ST-faee4d1e8780/bin/submodules/TelegramUI/Components/Chat/ChatMessageDateAndStatusNode -I/var/tmp/_bazel_afanasyev/9a39311ceb7a61706aa1e4e247e12702/rules_xcodeproj.noindex/build_output_base/execroot/_main/bazel-out/ios_arm64-dbg-ios-arm64-min13.0-ST-faee4d1e8780/bin/submodules/TelegramUI/Components/Chat/ChatMessageReplyInfoNode -I/var/tmp/_bazel_afanasyev/9a39311ceb7a61706aa1e4e247e12702/rules_xcodeproj.noindex/build_output_base/execroot/_main/bazel-out/ios_arm64-dbg-ios-arm64-min13.0-ST-faee4d1e8780/bin/submodules/TelegramUI/Components/Chat/ChatMessageSwipeToReplyNode -I/var/tmp/_bazel_afanasyev/9a39311ceb7a61706aa1e4e247e12702/rules_xcodeproj.noindex/build_output_base/execroot/_main/bazel-out/ios_arm64-dbg-ios-arm64-min13.0-ST-faee4d1e8780/bin/submodules/TelegramUI/Components/Chat/ChatMessageSelectionNode -I/var/tmp/_bazel_afanasyev/9a39311ceb7a61706aa1e4e247e12702/rules_xcodeproj.noindex/build_output_base/execroot/_main/bazel-out/ios_arm64-dbg-ios-arm64-min13.0-ST-faee4d1e8780/bin/submodules/TelegramUI/Components/Chat/ChatMessageDeliveryFailedNode -I/var/tmp/_bazel_afanasyev/9a39311ceb7a61706aa1e4e247e12702/rules_xcodeproj.noindex/build_output_base/execroot/_main/bazel-out/ios_arm64-dbg-ios-arm64-min13.0-ST-faee4d1e8780/bin/submodules/TelegramUI/Components/Chat/ChatMessageShareButton -I/var/tmp/_bazel_afanasyev/9a39311ceb7a61706aa1e4e247e12702/rules_xcodeproj.noindex/build_output_base/execroot/_main/bazel-out/ios_arm64-dbg-ios-arm64-min13.0-ST-faee4d1e8780/bin/submodules/TelegramUI/Components/Chat/ChatMessageThreadInfoNode -I/var/tmp/_bazel_afanasyev/9a39311ceb7a61706aa1e4e247e12702/rules_xcodeproj.noindex/build_output_base/execroot/_main/bazel-out/ios_arm64-dbg-ios-arm64-min13.0-ST-faee4d1e8780/bin/submodules/TelegramUI/Components/Chat/ChatMessageActionButtonsNode -I/var/tmp/_bazel_afanasyev/9a39311ceb7a61706aa1e4e247e12702/rules_xcodeproj.noindex/build_output_base/execroot/_main/bazel-out/ios_arm64-dbg-ios-arm64-min13.0-ST-faee4d1e8780/bin/submodules/TelegramUI/Components/Chat/ChatMessageBubbleContentNode -I/var/tmp/_bazel_afanasyev/9a39311ceb7a61706aa1e4e247e12702/rules_xcodeproj.noindex/build_output_base/execroot/_main/bazel-out/ios_arm64-dbg-ios-arm64-min13.0-ST-faee4d1e8780/bin/submodules/TelegramUI/Components/Chat/ChatMessageReactionsFooterContentNode -I/var/tmp/_bazel_afanasyev/9a39311ceb7a61706aa1e4e247e12702/rules_xcodeproj.noindex/build_output_base/execroot/_main/bazel-out/ios_arm64-dbg-ios-arm64-min13.0-ST-faee4d1e8780/bin/submodules/TelegramUI/Components/Chat/ChatSwipeToReplyRecognizer -I/var/tmp/_bazel_afanasyev/9a39311ceb7a61706aa1e4e247e12702/rules_xcodeproj.noindex/build_output_base/execroot/_main/bazel-out/ios_arm64-dbg-ios-arm64-min13.0-ST-faee4d1e8780/bin/submodules/TelegramUI/Components/Chat/ChatMessageSuggestedPostInfoNode -I/var/tmp/_bazel_afanasyev/9a39311ceb7a61706aa1e4e247e12702/rules_xcodeproj.noindex/build_output_base/execroot/_main/bazel-out/ios_arm64-dbg-ios-arm64-min13.0-ST-faee4d1e8780/bin/submodules/TelegramUI/Components/Chat/ChatMessageStickerItemNode -I/var/tmp/_bazel_afanasyev/9a39311ceb7a61706aa1e4e247e12702/rules_xcodeproj.noindex/build_output_base/execroot/_main/bazel-out/ios_arm64-dbg-ios-arm64-min13.0-ST-faee4d1e8780/bin/submodules/TelegramUI/Components/Chat/ManagedDiceAnimationNode -I/var/tmp/_bazel_afanasyev/9a39311ceb7a61706aa1e4e247e12702/rules_xcodeproj.noindex/build_output_base/execroot/_main/bazel-out/ios_arm64-dbg-ios-arm64-min13.0-ST-faee4d1e8780/bin/submodules/TelegramUI/Components/Chat/MessageHaptics -I/var/tmp/_bazel_afanasyev/9a39311ceb7a61706aa1e4e247e12702/rules_xcodeproj.noindex/build_output_base/execroot/_main/bazel-out/ios_arm64-dbg-ios-arm64-min13.0-ST-faee4d1e8780/bin/submodules/TelegramUI/Components/Chat/ChatMessageAnimatedStickerItemNode -I/var/tmp/_bazel_afanasyev/9a39311ceb7a61706aa1e4e247e12702/rules_xcodeproj.noindex/build_output_base/execroot/_main/bazel-out/ios_arm64-dbg-ios-arm64-min13.0-ST-faee4d1e8780/bin/submodules/TelegramUI/Components/Chat/ShimmeringLinkNode -I/var/tmp/_bazel_afanasyev/9a39311ceb7a61706aa1e4e247e12702/rules_xcodeproj.noindex/build_output_base/execroot/_main/bazel-out/ios_arm64-dbg-ios-arm64-min13.0-ST-faee4d1e8780/bin/submodules/TelegramUI/Components/Chat/MessageQuoteComponent -I/var/tmp/_bazel_afanasyev/9a39311ceb7a61706aa1e4e247e12702/rules_xcodeproj.noindex/build_output_base/execroot/_main/bazel-out/ios_arm64-dbg-ios-arm64-min13.0-ST-faee4d1e8780/bin/submodules/TelegramUI/Components/Chat/ChatMessageTextBubbleContentNode -I/var/tmp/_bazel_afanasyev/9a39311ceb7a61706aa1e4e247e12702/rules_xcodeproj.noindex/build_output_base/execroot/_main/bazel-out/ios_arm64-dbg-ios-arm64-min13.0-ST-faee4d1e8780/bin/submodules/TelegramUI/Components/Chat/ChatMessageCallBubbleContentNode -I/var/tmp/_bazel_afanasyev/9a39311ceb7a61706aa1e4e247e12702/rules_xcodeproj.noindex/build_output_base/execroot/_main/bazel-out/ios_arm64-dbg-ios-arm64-min13.0-ST-faee4d1e8780/bin/submodules/TelegramUI/Components/AudioTranscriptionButtonComponent -I/var/tmp/_bazel_afanasyev/9a39311ceb7a61706aa1e4e247e12702/rules_xcodeproj.noindex/build_output_base/execroot/_main/bazel-out/ios_arm64-dbg-ios-arm64-min13.0-ST-faee4d1e8780/bin/submodules/Media/ConvertOpusToAAC -I/var/tmp/_bazel_afanasyev/9a39311ceb7a61706aa1e4e247e12702/rules_xcodeproj.noindex/build_output_base/execroot/_main/bazel-out/ios_arm64-dbg-ios-arm64-min13.0-ST-faee4d1e8780/bin/submodules/Media/LocalAudioTranscription -I/var/tmp/_bazel_afanasyev/9a39311ceb7a61706aa1e4e247e12702/rules_xcodeproj.noindex/build_output_base/execroot/_main/bazel-out/ios_arm64-dbg-ios-arm64-min13.0-ST-faee4d1e8780/bin/submodules/TelegramUI/Components/AudioTranscriptionPendingIndicatorComponent -I/var/tmp/_bazel_afanasyev/9a39311ceb7a61706aa1e4e247e12702/rules_xcodeproj.noindex/build_output_base/execroot/_main/bazel-out/ios_arm64-dbg-ios-arm64-min13.0-ST-faee4d1e8780/bin/submodules/TelegramUI/Components/Chat/ChatMessageInteractiveFileNode -I/var/tmp/_bazel_afanasyev/9a39311ceb7a61706aa1e4e247e12702/rules_xcodeproj.noindex/build_output_base/execroot/_main/bazel-out/ios_arm64-dbg-ios-arm64-min13.0-ST-faee4d1e8780/bin/submodules/TelegramUI/Components/Chat/ChatMessageFileBubbleContentNode -I/var/tmp/_bazel_afanasyev/9a39311ceb7a61706aa1e4e247e12702/rules_xcodeproj.noindex/build_output_base/execroot/_main/bazel-out/ios_arm64-dbg-ios-arm64-min13.0-ST-faee4d1e8780/bin/submodules/TelegramUI/Components/WallpaperPreviewMedia -I/var/tmp/_bazel_afanasyev/9a39311ceb7a61706aa1e4e247e12702/rules_xcodeproj.noindex/build_output_base/execroot/_main/bazel-out/ios_arm64-dbg-ios-arm64-min13.0-ST-faee4d1e8780/bin/submodules/TelegramUI/Components/Chat/ChatMessageInteractiveMediaNode -I/var/tmp/_bazel_afanasyev/9a39311ceb7a61706aa1e4e247e12702/rules_xcodeproj.noindex/build_output_base/execroot/_main/bazel-out/ios_arm64-dbg-ios-arm64-min13.0-ST-faee4d1e8780/bin/submodules/TelegramUI/Components/Chat/InstantVideoRadialStatusNode -I/var/tmp/_bazel_afanasyev/9a39311ceb7a61706aa1e4e247e12702/rules_xcodeproj.noindex/build_output_base/execroot/_main/bazel-out/ios_arm64-dbg-ios-arm64-min13.0-ST-faee4d1e8780/bin/submodules/TelegramUI/Components/Chat/ChatInstantVideoMessageDurationNode -I/var/tmp/_bazel_afanasyev/9a39311ceb7a61706aa1e4e247e12702/rules_xcodeproj.noindex/build_output_base/execroot/_main/bazel-out/ios_arm64-dbg-ios-arm64-min13.0-ST-faee4d1e8780/bin/submodules/TelegramUI/Components/Chat/ChatMessageInteractiveInstantVideoNode -I/var/tmp/_bazel_afanasyev/9a39311ceb7a61706aa1e4e247e12702/rules_xcodeproj.noindex/build_output_base/execroot/_main/bazel-out/ios_arm64-dbg-ios-arm64-min13.0-ST-faee4d1e8780/bin/submodules/TelegramUI/Components/Chat/ChatMessageAttachedContentButtonNode -I/var/tmp/_bazel_afanasyev/9a39311ceb7a61706aa1e4e247e12702/rules_xcodeproj.noindex/build_output_base/execroot/_main/bazel-out/ios_arm64-dbg-ios-arm64-min13.0-ST-faee4d1e8780/bin/submodules/TelegramUI/Components/Chat/ChatMessageAttachedContentNode -I/var/tmp/_bazel_afanasyev/9a39311ceb7a61706aa1e4e247e12702/rules_xcodeproj.noindex/build_output_base/execroot/_main/bazel-out/ios_arm64-dbg-ios-arm64-min13.0-ST-faee4d1e8780/bin/submodules/TelegramUI/Components/Chat/ChatMessageWebpageBubbleContentNode -I/var/tmp/_bazel_afanasyev/9a39311ceb7a61706aa1e4e247e12702/rules_xcodeproj.noindex/build_output_base/execroot/_main/bazel-out/ios_arm64-dbg-ios-arm64-min13.0-ST-faee4d1e8780/bin/submodules/TelegramUI/Components/Chat/PollBubbleTimerNode -I/var/tmp/_bazel_afanasyev/9a39311ceb7a61706aa1e4e247e12702/rules_xcodeproj.noindex/build_output_base/execroot/_main/bazel-out/ios_arm64-dbg-ios-arm64-min13.0-ST-faee4d1e8780/bin/submodules/TelegramUI/Components/Chat/ChatMessagePollBubbleContentNode -I/var/tmp/_bazel_afanasyev/9a39311ceb7a61706aa1e4e247e12702/rules_xcodeproj.noindex/build_output_base/execroot/_main/bazel-out/ios_arm64-dbg-ios-arm64-min13.0-ST-faee4d1e8780/bin/submodules/TelegramUI/Components/Chat/ChatMessageTodoBubbleContentNode -I/var/tmp/_bazel_afanasyev/9a39311ceb7a61706aa1e4e247e12702/rules_xcodeproj.noindex/build_output_base/execroot/_main/bazel-out/ios_arm64-dbg-ios-arm64-min13.0-ST-faee4d1e8780/bin/submodules/TelegramUI/Components/Chat/ChatMessageInstantVideoBubbleContentNode -I/var/tmp/_bazel_afanasyev/9a39311ceb7a61706aa1e4e247e12702/rules_xcodeproj.noindex/build_output_base/execroot/_main/bazel-out/ios_arm64-dbg-ios-arm64-min13.0-ST-faee4d1e8780/bin/submodules/TelegramUI/Components/Chat/ChatMessageCommentFooterContentNode -I/var/tmp/_bazel_afanasyev/9a39311ceb7a61706aa1e4e247e12702/rules_xcodeproj.noindex/build_output_base/execroot/_main/bazel-out/ios_arm64-dbg-ios-arm64-min13.0-ST-faee4d1e8780/bin/submodules/TelegramUI/Components/Chat/ChatMessageActionBubbleContentNode -I/var/tmp/_bazel_afanasyev/9a39311ceb7a61706aa1e4e247e12702/rules_xcodeproj.noindex/build_output_base/execroot/_main/bazel-out/ios_arm64-dbg-ios-arm64-min13.0-ST-faee4d1e8780/bin/submodules/TelegramUI/Components/Chat/ChatMessageContactBubbleContentNode -I/var/tmp/_bazel_afanasyev/9a39311ceb7a61706aa1e4e247e12702/rules_xcodeproj.noindex/build_output_base/execroot/_main/bazel-out/ios_arm64-dbg-ios-arm64-min13.0-ST-faee4d1e8780/bin/submodules/TelegramUI/Components/Chat/ChatMessageEventLogPreviousDescriptionContentNode -I/var/tmp/_bazel_afanasyev/9a39311ceb7a61706aa1e4e247e12702/rules_xcodeproj.noindex/build_output_base/execroot/_main/bazel-out/ios_arm64-dbg-ios-arm64-min13.0-ST-faee4d1e8780/bin/submodules/TelegramUI/Components/Chat/ChatMessageEventLogPreviousLinkContentNode -I/var/tmp/_bazel_afanasyev/9a39311ceb7a61706aa1e4e247e12702/rules_xcodeproj.noindex/build_output_base/execroot/_main/bazel-out/ios_arm64-dbg-ios-arm64-min13.0-ST-faee4d1e8780/bin/submodules/TelegramUI/Components/Chat/ChatMessageEventLogPreviousMessageContentNode -I/var/tmp/_bazel_afanasyev/9a39311ceb7a61706aa1e4e247e12702/rules_xcodeproj.noindex/build_output_base/execroot/_main/bazel-out/ios_arm64-dbg-ios-arm64-min13.0-ST-faee4d1e8780/bin/submodules/TelegramUI/Components/Chat/ChatMessageGameBubbleContentNode -I/var/tmp/_bazel_afanasyev/9a39311ceb7a61706aa1e4e247e12702/rules_xcodeproj.noindex/build_output_base/execroot/_main/bazel-out/ios_arm64-dbg-ios-arm64-min13.0-ST-faee4d1e8780/bin/submodules/TelegramUI/Components/Chat/ChatMessageInvoiceBubbleContentNode -I/var/tmp/_bazel_afanasyev/9a39311ceb7a61706aa1e4e247e12702/rules_xcodeproj.noindex/build_output_base/execroot/_main/bazel-out/ios_arm64-dbg-ios-arm64-min13.0-ST-faee4d1e8780/bin/submodules/TelegramUI/Components/Chat/ChatMessageMapBubbleContentNode -I/var/tmp/_bazel_afanasyev/9a39311ceb7a61706aa1e4e247e12702/rules_xcodeproj.noindex/build_output_base/execroot/_main/bazel-out/ios_arm64-dbg-ios-arm64-min13.0-ST-faee4d1e8780/bin/submodules/TelegramUI/Components/Chat/ChatMessageMediaBubbleContentNode -I/var/tmp/_bazel_afanasyev/9a39311ceb7a61706aa1e4e247e12702/rules_xcodeproj.noindex/build_output_base/execroot/_main/bazel-out/ios_arm64-dbg-ios-arm64-min13.0-ST-faee4d1e8780/bin/submodules/TelegramUI/Components/Chat/ChatMessageProfilePhotoSuggestionContentNode -I/var/tmp/_bazel_afanasyev/9a39311ceb7a61706aa1e4e247e12702/rules_xcodeproj.noindex/build_output_base/execroot/_main/bazel-out/ios_arm64-dbg-ios-arm64-min13.0-ST-faee4d1e8780/bin/submodules/TelegramUI/Components/Chat/ChatMessageBirthdateSuggestionContentNode -I/var/tmp/_bazel_afanasyev/9a39311ceb7a61706aa1e4e247e12702/rules_xcodeproj.noindex/build_output_base/execroot/_main/bazel-out/ios_arm64-dbg-ios-arm64-min13.0-ST-faee4d1e8780/bin/submodules/TelegramUI/Components/Chat/ChatMessageRestrictedBubbleContentNode -I/var/tmp/_bazel_afanasyev/9a39311ceb7a61706aa1e4e247e12702/rules_xcodeproj.noindex/build_output_base/execroot/_main/bazel-out/ios_arm64-dbg-ios-arm64-min13.0-ST-faee4d1e8780/bin/submodules/TelegramUI/Components/Chat/ChatMessageStoryMentionContentNode -I/var/tmp/_bazel_afanasyev/9a39311ceb7a61706aa1e4e247e12702/rules_xcodeproj.noindex/build_output_base/execroot/_main/bazel-out/ios_arm64-dbg-ios-arm64-min13.0-ST-faee4d1e8780/bin/submodules/TelegramUI/Components/Chat/ChatMessageUnsupportedBubbleContentNode -I/var/tmp/_bazel_afanasyev/9a39311ceb7a61706aa1e4e247e12702/rules_xcodeproj.noindex/build_output_base/execroot/_main/bazel-out/ios_arm64-dbg-ios-arm64-min13.0-ST-faee4d1e8780/bin/submodules/TelegramUI/Components/Chat/ChatMessageWallpaperBubbleContentNode -I/var/tmp/_bazel_afanasyev/9a39311ceb7a61706aa1e4e247e12702/rules_xcodeproj.noindex/build_output_base/execroot/_main/bazel-out/ios_arm64-dbg-ios-arm64-min13.0-ST-faee4d1e8780/bin/submodules/TelegramUI/Components/Chat/ChatMessageGiftBubbleContentNode -I/var/tmp/_bazel_afanasyev/9a39311ceb7a61706aa1e4e247e12702/rules_xcodeproj.noindex/build_output_base/execroot/_main/bazel-out/ios_arm64-dbg-ios-arm64-min13.0-ST-faee4d1e8780/bin/submodules/TelegramUI/Components/Chat/ChatMessageGiftOfferBubbleContentNode -I/var/tmp/_bazel_afanasyev/9a39311ceb7a61706aa1e4e247e12702/rules_xcodeproj.noindex/build_output_base/execroot/_main/bazel-out/ios_arm64-dbg-ios-arm64-min13.0-ST-faee4d1e8780/bin/submodules/TelegramUI/Components/Chat/ChatMessageDisableCopyProtectionBubbleContentNode -I/var/tmp/_bazel_afanasyev/9a39311ceb7a61706aa1e4e247e12702/rules_xcodeproj.noindex/build_output_base/execroot/_main/bazel-out/ios_arm64-dbg-ios-arm64-min13.0-ST-faee4d1e8780/bin/submodules/TelegramUI/Components/Chat/ChatMessageGiveawayBubbleContentNode -I/var/tmp/_bazel_afanasyev/9a39311ceb7a61706aa1e4e247e12702/rules_xcodeproj.noindex/build_output_base/execroot/_main/bazel-out/ios_arm64-dbg-ios-arm64-min13.0-ST-faee4d1e8780/bin/submodules/TelegramUI/Components/Chat/ChatMessageJoinedChannelBubbleContentNode -I/var/tmp/_bazel_afanasyev/9a39311ceb7a61706aa1e4e247e12702/rules_xcodeproj.noindex/build_output_base/execroot/_main/bazel-out/ios_arm64-dbg-ios-arm64-min13.0-ST-faee4d1e8780/bin/submodules/TelegramUI/Components/Chat/ChatMessageFactCheckBubbleContentNode -I/var/tmp/_bazel_afanasyev/9a39311ceb7a61706aa1e4e247e12702/rules_xcodeproj.noindex/build_output_base/execroot/_main/bazel-out/ios_arm64-dbg-ios-arm64-min13.0-ST-faee4d1e8780/bin/submodules/TelegramUI/Components/Chat/ChatMessageUnlockMediaNode -I/var/tmp/_bazel_afanasyev/9a39311ceb7a61706aa1e4e247e12702/rules_xcodeproj.noindex/build_output_base/execroot/_main/bazel-out/ios_arm64-dbg-ios-arm64-min13.0-ST-faee4d1e8780/bin/submodules/TelegramUI/Components/Chat/ChatMessageStarsMediaInfoNode -I/var/tmp/_bazel_afanasyev/9a39311ceb7a61706aa1e4e247e12702/rules_xcodeproj.noindex/build_output_base/execroot/_main/bazel-out/ios_arm64-dbg-ios-arm64-min13.0-ST-faee4d1e8780/bin/submodules/TelegramUI/Components/PremiumAlertController -I/var/tmp/_bazel_afanasyev/9a39311ceb7a61706aa1e4e247e12702/rules_xcodeproj.noindex/build_output_base/execroot/_main/bazel-out/ios_arm64-dbg-ios-arm64-min13.0-ST-faee4d1e8780/bin/submodules/TelegramUI/Components/Chat/ChatMessageBubbleItemNode -I/var/tmp/_bazel_afanasyev/9a39311ceb7a61706aa1e4e247e12702/rules_xcodeproj.noindex/build_output_base/execroot/_main/bazel-out/ios_arm64-dbg-ios-arm64-min13.0-ST-faee4d1e8780/bin/submodules/TelegramUI/Components/Chat/ChatMessageItemImpl -I/var/tmp/_bazel_afanasyev/9a39311ceb7a61706aa1e4e247e12702/rules_xcodeproj.noindex/build_output_base/execroot/_main/bazel-out/ios_arm64-dbg-ios-arm64-min13.0-ST-faee4d1e8780/bin/submodules/WebUI -I/var/tmp/_bazel_afanasyev/9a39311ceb7a61706aa1e4e247e12702/rules_xcodeproj.noindex/build_output_base/execroot/_main/bazel-out/ios_arm64-dbg-ios-arm64-min13.0-ST-faee4d1e8780/bin/submodules/PhoneInputNode -I/var/tmp/_bazel_afanasyev/9a39311ceb7a61706aa1e4e247e12702/rules_xcodeproj.noindex/build_output_base/execroot/_main/bazel-out/ios_arm64-dbg-ios-arm64-min13.0-ST-faee4d1e8780/bin/submodules/DateSelectionUI -I/var/tmp/_bazel_afanasyev/9a39311ceb7a61706aa1e4e247e12702/rules_xcodeproj.noindex/build_output_base/execroot/_main/bazel-out/ios_arm64-dbg-ios-arm64-min13.0-ST-faee4d1e8780/bin/submodules/PassportUI -I/var/tmp/_bazel_afanasyev/9a39311ceb7a61706aa1e4e247e12702/rules_xcodeproj.noindex/build_output_base/execroot/_main/bazel-out/ios_arm64-dbg-ios-arm64-min13.0-ST-faee4d1e8780/bin/submodules/PasscodeInputFieldNode -I/var/tmp/_bazel_afanasyev/9a39311ceb7a61706aa1e4e247e12702/rules_xcodeproj.noindex/build_output_base/execroot/_main/bazel-out/ios_arm64-dbg-ios-arm64-min13.0-ST-faee4d1e8780/bin/submodules/PasscodeUI -I/var/tmp/_bazel_afanasyev/9a39311ceb7a61706aa1e4e247e12702/rules_xcodeproj.noindex/build_output_base/execroot/_main/bazel-out/ios_arm64-dbg-ios-arm64-min13.0-ST-faee4d1e8780/bin/submodules/CallListUI -I/var/tmp/_bazel_afanasyev/9a39311ceb7a61706aa1e4e247e12702/rules_xcodeproj.noindex/build_output_base/execroot/_main/bazel-out/ios_arm64-dbg-ios-arm64-min13.0-ST-faee4d1e8780/bin/submodules/HashtagSearchUI -I/var/tmp/_bazel_afanasyev/9a39311ceb7a61706aa1e4e247e12702/rules_xcodeproj.noindex/build_output_base/execroot/_main/bazel-out/ios_arm64-dbg-ios-arm64-min13.0-ST-faee4d1e8780/bin/submodules/JoinLinkPreviewUI -I/var/tmp/_bazel_afanasyev/9a39311ceb7a61706aa1e4e247e12702/rules_xcodeproj.noindex/build_output_base/execroot/_main/bazel-out/ios_arm64-dbg-ios-arm64-min13.0-ST-faee4d1e8780/bin/submodules/LanguageLinkPreviewUI -I/var/tmp/_bazel_afanasyev/9a39311ceb7a61706aa1e4e247e12702/rules_xcodeproj.noindex/build_output_base/execroot/_main/bazel-out/ios_arm64-dbg-ios-arm64-min13.0-ST-faee4d1e8780/bin/submodules/PeersNearbyUI -I/var/tmp/_bazel_afanasyev/9a39311ceb7a61706aa1e4e247e12702/rules_xcodeproj.noindex/build_output_base/execroot/_main/bazel-out/ios_arm64-dbg-ios-arm64-min13.0-ST-faee4d1e8780/bin/submodules/RaiseToListen -I/var/tmp/_bazel_afanasyev/9a39311ceb7a61706aa1e4e247e12702/rules_xcodeproj.noindex/build_output_base/execroot/_main/bazel-out/ios_arm64-dbg-ios-arm64-min13.0-ST-faee4d1e8780/bin/submodules/ShareItems -I/var/tmp/_bazel_afanasyev/9a39311ceb7a61706aa1e4e247e12702/rules_xcodeproj.noindex/build_output_base/execroot/_main/bazel-out/ios_arm64-dbg-ios-arm64-min13.0-ST-faee4d1e8780/bin/submodules/AuthorizationUtils -I/var/tmp/_bazel_afanasyev/9a39311ceb7a61706aa1e4e247e12702/rules_xcodeproj.noindex/build_output_base/execroot/_main/bazel-out/ios_arm64-dbg-ios-arm64-min13.0-ST-faee4d1e8780/bin/submodules/CodeInputView -I/var/tmp/_bazel_afanasyev/9a39311ceb7a61706aa1e4e247e12702/rules_xcodeproj.noindex/build_output_base/execroot/_main/bazel-out/ios_arm64-dbg-ios-arm64-min13.0-ST-faee4d1e8780/bin/submodules/DebugSettingsUI -I/var/tmp/_bazel_afanasyev/9a39311ceb7a61706aa1e4e247e12702/rules_xcodeproj.noindex/build_output_base/execroot/_main/bazel-out/ios_arm64-dbg-ios-arm64-min13.0-ST-faee4d1e8780/bin/submodules/AuthorizationUI -I/var/tmp/_bazel_afanasyev/9a39311ceb7a61706aa1e4e247e12702/rules_xcodeproj.noindex/build_output_base/execroot/_main/bazel-out/ios_arm64-dbg-ios-arm64-min13.0-ST-faee4d1e8780/bin/submodules/AccountUtils -I/var/tmp/_bazel_afanasyev/9a39311ceb7a61706aa1e4e247e12702/rules_xcodeproj.noindex/build_output_base/execroot/_main/bazel-out/ios_arm64-dbg-ios-arm64-min13.0-ST-faee4d1e8780/bin/submodules/Components/Forms/PrefixSectionGroupComponent -I/var/tmp/_bazel_afanasyev/9a39311ceb7a61706aa1e4e247e12702/rules_xcodeproj.noindex/build_output_base/execroot/_main/bazel-out/ios_arm64-dbg-ios-arm64-min13.0-ST-faee4d1e8780/bin/submodules/Components/Forms/TextInputComponent -I/var/tmp/_bazel_afanasyev/9a39311ceb7a61706aa1e4e247e12702/rules_xcodeproj.noindex/build_output_base/execroot/_main/bazel-out/ios_arm64-dbg-ios-arm64-min13.0-ST-faee4d1e8780/bin/submodules/Components/Forms/CreditCardInputComponent -I/var/tmp/_bazel_afanasyev/9a39311ceb7a61706aa1e4e247e12702/rules_xcodeproj.noindex/build_output_base/execroot/_main/bazel-out/ios_arm64-dbg-ios-arm64-min13.0-ST-faee4d1e8780/bin/submodules/PaymentMethodUI -I/var/tmp/_bazel_afanasyev/9a39311ceb7a61706aa1e4e247e12702/rules_xcodeproj.noindex/build_output_base/execroot/_main/bazel-out/ios_arm64-dbg-ios-arm64-min13.0-ST-faee4d1e8780/bin/submodules/TelegramUI/Components/StorageUsageScreen -I/var/tmp/_bazel_afanasyev/9a39311ceb7a61706aa1e4e247e12702/rules_xcodeproj.noindex/build_output_base/execroot/_main/bazel-out/ios_arm64-dbg-ios-arm64-min13.0-ST-faee4d1e8780/bin/submodules/TelegramUI/Components/Settings/ThemeCarouselItem -I/var/tmp/_bazel_afanasyev/9a39311ceb7a61706aa1e4e247e12702/rules_xcodeproj.noindex/build_output_base/execroot/_main/bazel-out/ios_arm64-dbg-ios-arm64-min13.0-ST-faee4d1e8780/bin/submodules/TelegramUI/Components/Settings/SettingsThemeWallpaperNode -I/var/tmp/_bazel_afanasyev/9a39311ceb7a61706aa1e4e247e12702/rules_xcodeproj.noindex/build_output_base/execroot/_main/bazel-out/ios_arm64-dbg-ios-arm64-min13.0-ST-faee4d1e8780/bin/submodules/TelegramUI/Components/Settings/WallpaperGalleryScreen -I/var/tmp/_bazel_afanasyev/9a39311ceb7a61706aa1e4e247e12702/rules_xcodeproj.noindex/build_output_base/execroot/_main/bazel-out/ios_arm64-dbg-ios-arm64-min13.0-ST-faee4d1e8780/bin/submodules/TelegramUI/Components/Settings/GenerateThemeName -I/var/tmp/_bazel_afanasyev/9a39311ceb7a61706aa1e4e247e12702/rules_xcodeproj.noindex/build_output_base/execroot/_main/bazel-out/ios_arm64-dbg-ios-arm64-min13.0-ST-faee4d1e8780/bin/submodules/TelegramUI/Components/Settings/ThemeAccentColorScreen -I/var/tmp/_bazel_afanasyev/9a39311ceb7a61706aa1e4e247e12702/rules_xcodeproj.noindex/build_output_base/execroot/_main/bazel-out/ios_arm64-dbg-ios-arm64-min13.0-ST-faee4d1e8780/bin/submodules/TelegramUI/Components/Settings/BoostLevelIconComponent -I/var/tmp/_bazel_afanasyev/9a39311ceb7a61706aa1e4e247e12702/rules_xcodeproj.noindex/build_output_base/execroot/_main/bazel-out/ios_arm64-dbg-ios-arm64-min13.0-ST-faee4d1e8780/bin/submodules/TelegramUI/Components/Settings/WallpaperGridScreen -I/var/tmp/_bazel_afanasyev/9a39311ceb7a61706aa1e4e247e12702/rules_xcodeproj.noindex/build_output_base/execroot/_main/bazel-out/ios_arm64-dbg-ios-arm64-min13.0-ST-faee4d1e8780/bin/submodules/TelegramUI/Components/Gifts/GiftLoadingShimmerView -I/var/tmp/_bazel_afanasyev/9a39311ceb7a61706aa1e4e247e12702/rules_xcodeproj.noindex/build_output_base/execroot/_main/bazel-out/ios_arm64-dbg-ios-arm64-min13.0-ST-faee4d1e8780/bin/submodules/TelegramUI/Components/Settings/PeerNameColorScreen -I/var/tmp/_bazel_afanasyev/9a39311ceb7a61706aa1e4e247e12702/rules_xcodeproj.noindex/build_output_base/execroot/_main/bazel-out/ios_arm64-dbg-ios-arm64-min13.0-ST-faee4d1e8780/bin/submodules/TelegramUI/Components/Settings/QuickReactionSetupController -I/var/tmp/_bazel_afanasyev/9a39311ceb7a61706aa1e4e247e12702/rules_xcodeproj.noindex/build_output_base/execroot/_main/bazel-out/ios_arm64-dbg-ios-arm64-min13.0-ST-faee4d1e8780/bin/submodules/TelegramUI/Components/Settings/ThemeSettingsThemeItem -I/var/tmp/_bazel_afanasyev/9a39311ceb7a61706aa1e4e247e12702/rules_xcodeproj.noindex/build_output_base/execroot/_main/bazel-out/ios_arm64-dbg-ios-arm64-min13.0-ST-faee4d1e8780/bin/submodules/TelegramUI/Components/Settings/PasskeysScreen -I/var/tmp/_bazel_afanasyev/9a39311ceb7a61706aa1e4e247e12702/rules_xcodeproj.noindex/build_output_base/execroot/_main/bazel-out/ios_arm64-dbg-ios-arm64-min13.0-ST-faee4d1e8780/bin/submodules/TelegramUI/Components/FaceScanScreen -I/var/tmp/_bazel_afanasyev/9a39311ceb7a61706aa1e4e247e12702/rules_xcodeproj.noindex/build_output_base/execroot/_main/bazel-out/ios_arm64-dbg-ios-arm64-min13.0-ST-faee4d1e8780/bin/submodules/TelegramUI/Components/AvatarEditorScreen -I/var/tmp/_bazel_afanasyev/9a39311ceb7a61706aa1e4e247e12702/rules_xcodeproj.noindex/build_output_base/execroot/_main/bazel-out/ios_arm64-dbg-ios-arm64-min13.0-ST-faee4d1e8780/bin/submodules/TelegramUI/Components/Settings/PeerSelectionScreen -I/var/tmp/_bazel_afanasyev/9a39311ceb7a61706aa1e4e247e12702/rules_xcodeproj.noindex/build_output_base/execroot/_main/bazel-out/ios_arm64-dbg-ios-arm64-min13.0-ST-faee4d1e8780/bin/submodules/SettingsUI -I/var/tmp/_bazel_afanasyev/9a39311ceb7a61706aa1e4e247e12702/rules_xcodeproj.noindex/build_output_base/execroot/_main/bazel-out/ios_arm64-dbg-ios-arm64-min13.0-ST-faee4d1e8780/bin/submodules/WidgetItems -I/var/tmp/_bazel_afanasyev/9a39311ceb7a61706aa1e4e247e12702/rules_xcodeproj.noindex/build_output_base/execroot/_main/bazel-out/ios_arm64-dbg-ios-arm64-min13.0-ST-faee4d1e8780/bin/submodules/WidgetItemsUtils -I/var/tmp/_bazel_afanasyev/9a39311ceb7a61706aa1e4e247e12702/rules_xcodeproj.noindex/build_output_base/execroot/_main/bazel-out/ios_arm64-dbg-ios-arm64-min13.0-ST-faee4d1e8780/bin/submodules/AppLockState -I/var/tmp/_bazel_afanasyev/9a39311ceb7a61706aa1e4e247e12702/rules_xcodeproj.noindex/build_output_base/execroot/_main/bazel-out/ios_arm64-dbg-ios-arm64-min13.0-ST-faee4d1e8780/bin/submodules/AppLock -I/var/tmp/_bazel_afanasyev/9a39311ceb7a61706aa1e4e247e12702/rules_xcodeproj.noindex/build_output_base/execroot/_main/bazel-out/ios_arm64-dbg-ios-arm64-min13.0-ST-faee4d1e8780/bin/submodules/NotificationsPresentationData -I/var/tmp/_bazel_afanasyev/9a39311ceb7a61706aa1e4e247e12702/rules_xcodeproj.noindex/build_output_base/execroot/_main/bazel-out/ios_arm64-dbg-ios-arm64-min13.0-ST-faee4d1e8780/bin/submodules/AnimatedNavigationStripeNode -I/var/tmp/_bazel_afanasyev/9a39311ceb7a61706aa1e4e247e12702/rules_xcodeproj.noindex/build_output_base/execroot/_main/bazel-out/ios_arm64-dbg-ios-arm64-min13.0-ST-faee4d1e8780/bin/Telegram -I/var/tmp/_bazel_afanasyev/9a39311ceb7a61706aa1e4e247e12702/rules_xcodeproj.noindex/build_output_base/execroot/_main/bazel-out/ios_arm64-dbg-ios-arm64-min13.0-ST-faee4d1e8780/bin/submodules/ChatImportUI -I/var/tmp/_bazel_afanasyev/9a39311ceb7a61706aa1e4e247e12702/rules_xcodeproj.noindex/build_output_base/execroot/_main/bazel-out/ios_arm64-dbg-ios-arm64-min13.0-ST-faee4d1e8780/bin/submodules/ImportStickerPackUI -I/var/tmp/_bazel_afanasyev/9a39311ceb7a61706aa1e4e247e12702/rules_xcodeproj.noindex/build_output_base/execroot/_main/bazel-out/ios_arm64-dbg-ios-arm64-min13.0-ST-faee4d1e8780/bin/submodules/CalendarMessageScreen -I/var/tmp/_bazel_afanasyev/9a39311ceb7a61706aa1e4e247e12702/rules_xcodeproj.noindex/build_output_base/execroot/_main/bazel-out/ios_arm64-dbg-ios-arm64-min13.0-ST-faee4d1e8780/bin/submodules/Components/ReactionListContextMenuContent -I/var/tmp/_bazel_afanasyev/9a39311ceb7a61706aa1e4e247e12702/rules_xcodeproj.noindex/build_output_base/execroot/_main/bazel-out/ios_arm64-dbg-ios-arm64-min13.0-ST-faee4d1e8780/bin/submodules/TelegramUI/Components/TabBarComponent -I/var/tmp/_bazel_afanasyev/9a39311ceb7a61706aa1e4e247e12702/rules_xcodeproj.noindex/build_output_base/execroot/_main/bazel-out/ios_arm64-dbg-ios-arm64-min13.0-ST-faee4d1e8780/bin/submodules/TabBarUI -I/var/tmp/_bazel_afanasyev/9a39311ceb7a61706aa1e4e247e12702/rules_xcodeproj.noindex/build_output_base/execroot/_main/bazel-out/ios_arm64-dbg-ios-arm64-min13.0-ST-faee4d1e8780/bin/submodules/TelegramUI/Components/Chat/ChatHistorySearchContainerNode -I/var/tmp/_bazel_afanasyev/9a39311ceb7a61706aa1e4e247e12702/rules_xcodeproj.noindex/build_output_base/execroot/_main/bazel-out/ios_arm64-dbg-ios-arm64-min13.0-ST-faee4d1e8780/bin/submodules/TelegramUI/Components/PeerInfo/AccountPeerContextItem -I/var/tmp/_bazel_afanasyev/9a39311ceb7a61706aa1e4e247e12702/rules_xcodeproj.noindex/build_output_base/execroot/_main/bazel-out/ios_arm64-dbg-ios-arm64-min13.0-ST-faee4d1e8780/bin/submodules/TelegramUI/Components/AuthConfirmationScreen -I/var/tmp/_bazel_afanasyev/9a39311ceb7a61706aa1e4e247e12702/rules_xcodeproj.noindex/build_output_base/execroot/_main/bazel-out/ios_arm64-dbg-ios-arm64-min13.0-ST-faee4d1e8780/bin/submodules/BrowserUI -I/var/tmp/_bazel_afanasyev/9a39311ceb7a61706aa1e4e247e12702/rules_xcodeproj.noindex/build_output_base/execroot/_main/bazel-out/ios_arm64-dbg-ios-arm64-min13.0-ST-faee4d1e8780/bin/submodules/TelegramUI/Components/ChatInputPanelContainer -I/var/tmp/_bazel_afanasyev/9a39311ceb7a61706aa1e4e247e12702/rules_xcodeproj.noindex/build_output_base/execroot/_main/bazel-out/ios_arm64-dbg-ios-arm64-min13.0-ST-faee4d1e8780/bin/submodules/TelegramUI/Components/NotificationExceptionsScreen -I/var/tmp/_bazel_afanasyev/9a39311ceb7a61706aa1e4e247e12702/rules_xcodeproj.noindex/build_output_base/execroot/_main/bazel-out/ios_arm64-dbg-ios-arm64-min13.0-ST-faee4d1e8780/bin/submodules/MediaPasteboardUI -I/var/tmp/_bazel_afanasyev/9a39311ceb7a61706aa1e4e247e12702/rules_xcodeproj.noindex/build_output_base/execroot/_main/bazel-out/ios_arm64-dbg-ios-arm64-min13.0-ST-faee4d1e8780/bin/submodules/TelegramUI/Components/CameraScreen -I/var/tmp/_bazel_afanasyev/9a39311ceb7a61706aa1e4e247e12702/rules_xcodeproj.noindex/build_output_base/execroot/_main/bazel-out/ios_arm64-dbg-ios-arm64-min13.0-ST-faee4d1e8780/bin/submodules/TelegramUI/Components/Chat/ChatAvatarNavigationNode -I/var/tmp/_bazel_afanasyev/9a39311ceb7a61706aa1e4e247e12702/rules_xcodeproj.noindex/build_output_base/execroot/_main/bazel-out/ios_arm64-dbg-ios-arm64-min13.0-ST-faee4d1e8780/bin/submodules/TelegramUI/Components/TelegramUIDeclareEncodables -I/var/tmp/_bazel_afanasyev/9a39311ceb7a61706aa1e4e247e12702/rules_xcodeproj.noindex/build_output_base/execroot/_main/bazel-out/ios_arm64-dbg-ios-arm64-min13.0-ST-faee4d1e8780/bin/submodules/TelegramUI/Components/Resources/FetchVideoMediaResource -I/var/tmp/_bazel_afanasyev/9a39311ceb7a61706aa1e4e247e12702/rules_xcodeproj.noindex/build_output_base/execroot/_main/bazel-out/ios_arm64-dbg-ios-arm64-min13.0-ST-faee4d1e8780/bin/submodules/TelegramUI/Components/Resources/FetchAudioMediaResource -I/var/tmp/_bazel_afanasyev/9a39311ceb7a61706aa1e4e247e12702/rules_xcodeproj.noindex/build_output_base/execroot/_main/bazel-out/ios_arm64-dbg-ios-arm64-min13.0-ST-faee4d1e8780/bin/submodules/TelegramUI/Components/TelegramAccountAuxiliaryMethods -I/var/tmp/_bazel_afanasyev/9a39311ceb7a61706aa1e4e247e12702/rules_xcodeproj.noindex/build_output_base/execroot/_main/bazel-out/ios_arm64-dbg-ios-arm64-min13.0-ST-faee4d1e8780/bin/submodules/TelegramUI/Components/Chat/AccessoryPanelNode -I/var/tmp/_bazel_afanasyev/9a39311ceb7a61706aa1e4e247e12702/rules_xcodeproj.noindex/build_output_base/execroot/_main/bazel-out/ios_arm64-dbg-ios-arm64-min13.0-ST-faee4d1e8780/bin/submodules/TelegramUI/Components/Chat/ForwardAccessoryPanelNode -I/var/tmp/_bazel_afanasyev/9a39311ceb7a61706aa1e4e247e12702/rules_xcodeproj.noindex/build_output_base/execroot/_main/bazel-out/ios_arm64-dbg-ios-arm64-min13.0-ST-faee4d1e8780/bin/submodules/TelegramUI/Components/PeerSelectionController -I/var/tmp/_bazel_afanasyev/9a39311ceb7a61706aa1e4e247e12702/rules_xcodeproj.noindex/build_output_base/execroot/_main/bazel-out/ios_arm64-dbg-ios-arm64-min13.0-ST-faee4d1e8780/bin/submodules/GraphCore -I/var/tmp/_bazel_afanasyev/9a39311ceb7a61706aa1e4e247e12702/rules_xcodeproj.noindex/build_output_base/execroot/_main/bazel-out/ios_arm64-dbg-ios-arm64-min13.0-ST-faee4d1e8780/bin/submodules/GraphUI -I/var/tmp/_bazel_afanasyev/9a39311ceb7a61706aa1e4e247e12702/rules_xcodeproj.noindex/build_output_base/execroot/_main/bazel-out/ios_arm64-dbg-ios-arm64-min13.0-ST-faee4d1e8780/bin/submodules/StatisticsUI -I/var/tmp/_bazel_afanasyev/9a39311ceb7a61706aa1e4e247e12702/rules_xcodeproj.noindex/build_output_base/execroot/_main/bazel-out/ios_arm64-dbg-ios-arm64-min13.0-ST-faee4d1e8780/bin/submodules/TelegramUI/Components/Gifts/GiftSetupScreen -I/var/tmp/_bazel_afanasyev/9a39311ceb7a61706aa1e4e247e12702/rules_xcodeproj.noindex/build_output_base/execroot/_main/bazel-out/ios_arm64-dbg-ios-arm64-min13.0-ST-faee4d1e8780/bin/submodules/TelegramUI/Components/Gifts/GiftOptionsScreen -I/var/tmp/_bazel_afanasyev/9a39311ceb7a61706aa1e4e247e12702/rules_xcodeproj.noindex/build_output_base/execroot/_main/bazel-out/ios_arm64-dbg-ios-arm64-min13.0-ST-faee4d1e8780/bin/submodules/TelegramUI/Components/PremiumGiftAttachmentScreen -I/var/tmp/_bazel_afanasyev/9a39311ceb7a61706aa1e4e247e12702/rules_xcodeproj.noindex/build_output_base/execroot/_main/bazel-out/ios_arm64-dbg-ios-arm64-min13.0-ST-faee4d1e8780/bin/submodules/TelegramUI/Components/Chat/EditableTokenListNode -I/var/tmp/_bazel_afanasyev/9a39311ceb7a61706aa1e4e247e12702/rules_xcodeproj.noindex/build_output_base/execroot/_main/bazel-out/ios_arm64-dbg-ios-arm64-min13.0-ST-faee4d1e8780/bin/submodules/TelegramUI/Components/Chat/ChatOverscrollControl -I/var/tmp/_bazel_afanasyev/9a39311ceb7a61706aa1e4e247e12702/rules_xcodeproj.noindex/build_output_base/execroot/_main/bazel-out/ios_arm64-dbg-ios-arm64-min13.0-ST-faee4d1e8780/bin/submodules/TelegramUI/Components/Chat/ChatBotInfoItem -I/var/tmp/_bazel_afanasyev/9a39311ceb7a61706aa1e4e247e12702/rules_xcodeproj.noindex/build_output_base/execroot/_main/bazel-out/ios_arm64-dbg-ios-arm64-min13.0-ST-faee4d1e8780/bin/submodules/TelegramUI/Components/Chat/ChatUserInfoItem -I/var/tmp/_bazel_afanasyev/9a39311ceb7a61706aa1e4e247e12702/rules_xcodeproj.noindex/build_output_base/execroot/_main/bazel-out/ios_arm64-dbg-ios-arm64-min13.0-ST-faee4d1e8780/bin/submodules/TelegramUI/Components/Chat/ChatNewThreadInfoItem -I/var/tmp/_bazel_afanasyev/9a39311ceb7a61706aa1e4e247e12702/rules_xcodeproj.noindex/build_output_base/execroot/_main/bazel-out/ios_arm64-dbg-ios-arm64-min13.0-ST-faee4d1e8780/bin/submodules/TelegramUI/Components/Chat/ChatButtonKeyboardInputNode -I/var/tmp/_bazel_afanasyev/9a39311ceb7a61706aa1e4e247e12702/rules_xcodeproj.noindex/build_output_base/execroot/_main/bazel-out/ios_arm64-dbg-ios-arm64-min13.0-ST-faee4d1e8780/bin/submodules/TelegramUI/Components/Chat/ChatChannelSubscriberInputPanelNode -I/var/tmp/_bazel_afanasyev/9a39311ceb7a61706aa1e4e247e12702/rules_xcodeproj.noindex/build_output_base/execroot/_main/bazel-out/ios_arm64-dbg-ios-arm64-min13.0-ST-faee4d1e8780/bin/submodules/TelegramUI/Components/Chat/ChatContextResultPeekContent -I/var/tmp/_bazel_afanasyev/9a39311ceb7a61706aa1e4e247e12702/rules_xcodeproj.noindex/build_output_base/execroot/_main/bazel-out/ios_arm64-dbg-ios-arm64-min13.0-ST-faee4d1e8780/bin/submodules/TelegramUI/Components/CompositeTextNode -I/var/tmp/_bazel_afanasyev/9a39311ceb7a61706aa1e4e247e12702/rules_xcodeproj.noindex/build_output_base/execroot/_main/bazel-out/ios_arm64-dbg-ios-arm64-min13.0-ST-faee4d1e8780/bin/submodules/TelegramUI/Components/Chat/ReplyAccessoryPanelNode -I/var/tmp/_bazel_afanasyev/9a39311ceb7a61706aa1e4e247e12702/rules_xcodeproj.noindex/build_output_base/execroot/_main/bazel-out/ios_arm64-dbg-ios-arm64-min13.0-ST-faee4d1e8780/bin/submodules/TelegramUI/Components/Chat/SuggestPostAccessoryPanelNode -I/var/tmp/_bazel_afanasyev/9a39311ceb7a61706aa1e4e247e12702/rules_xcodeproj.noindex/build_output_base/execroot/_main/bazel-out/ios_arm64-dbg-ios-arm64-min13.0-ST-faee4d1e8780/bin/submodules/TelegramUI/Components/Chat/ChatMessageInstantVideoItemNode -I/var/tmp/_bazel_afanasyev/9a39311ceb7a61706aa1e4e247e12702/rules_xcodeproj.noindex/build_output_base/execroot/_main/bazel-out/ios_arm64-dbg-ios-arm64-min13.0-ST-faee4d1e8780/bin/submodules/TelegramUI/Components/Chat/ChatNavigationButton -I/var/tmp/_bazel_afanasyev/9a39311ceb7a61706aa1e4e247e12702/rules_xcodeproj.noindex/build_output_base/execroot/_main/bazel-out/ios_arm64-dbg-ios-arm64-min13.0-ST-faee4d1e8780/bin/submodules/TelegramUI/Components/Chat/ChatLoadingNode -I/var/tmp/_bazel_afanasyev/9a39311ceb7a61706aa1e4e247e12702/rules_xcodeproj.noindex/build_output_base/execroot/_main/bazel-out/ios_arm64-dbg-ios-arm64-min13.0-ST-faee4d1e8780/bin/submodules/TelegramUI/Components/Chat/ChatRecentActionsController -I/var/tmp/_bazel_afanasyev/9a39311ceb7a61706aa1e4e247e12702/rules_xcodeproj.noindex/build_output_base/execroot/_main/bazel-out/ios_arm64-dbg-ios-arm64-min13.0-ST-faee4d1e8780/bin/submodules/TelegramUI/Components/ContextMenuScreen -I/var/tmp/_bazel_afanasyev/9a39311ceb7a61706aa1e4e247e12702/rules_xcodeproj.noindex/build_output_base/execroot/_main/bazel-out/ios_arm64-dbg-ios-arm64-min13.0-ST-faee4d1e8780/bin/submodules/TelegramUI/Components/MultiScaleTextNode -I/var/tmp/_bazel_afanasyev/9a39311ceb7a61706aa1e4e247e12702/rules_xcodeproj.noindex/build_output_base/execroot/_main/bazel-out/ios_arm64-dbg-ios-arm64-min13.0-ST-faee4d1e8780/bin/submodules/TelegramUI/Components/Chat/ChatMessageSelectionInputPanelNode -I/var/tmp/_bazel_afanasyev/9a39311ceb7a61706aa1e4e247e12702/rules_xcodeproj.noindex/build_output_base/execroot/_main/bazel-out/ios_arm64-dbg-ios-arm64-min13.0-ST-faee4d1e8780/bin/submodules/TelegramUI/Components/PeerInfo/PeerInfoChatListPaneNode -I/var/tmp/_bazel_afanasyev/9a39311ceb7a61706aa1e4e247e12702/rules_xcodeproj.noindex/build_output_base/execroot/_main/bazel-out/ios_arm64-dbg-ios-arm64-min13.0-ST-faee4d1e8780/bin/submodules/TelegramUI/Components/PeerInfo/PeerInfoChatPaneNode -I/var/tmp/_bazel_afanasyev/9a39311ceb7a61706aa1e4e247e12702/rules_xcodeproj.noindex/build_output_base/execroot/_main/bazel-out/ios_arm64-dbg-ios-arm64-min13.0-ST-faee4d1e8780/bin/submodules/TelegramUI/Components/PeerInfo/VerifyAlertController -I/var/tmp/_bazel_afanasyev/9a39311ceb7a61706aa1e4e247e12702/rules_xcodeproj.noindex/build_output_base/execroot/_main/bazel-out/ios_arm64-dbg-ios-arm64-min13.0-ST-faee4d1e8780/bin/submodules/TelegramUI/Components/PeerInfo/PeerInfoRatingComponent -I/var/tmp/_bazel_afanasyev/9a39311ceb7a61706aa1e4e247e12702/rules_xcodeproj.noindex/build_output_base/execroot/_main/bazel-out/ios_arm64-dbg-ios-arm64-min13.0-ST-faee4d1e8780/bin/submodules/TelegramUI/Components/PeerInfo/ProfileLevelInfoScreen -I/var/tmp/_bazel_afanasyev/9a39311ceb7a61706aa1e4e247e12702/rules_xcodeproj.noindex/build_output_base/execroot/_main/bazel-out/ios_arm64-dbg-ios-arm64-min13.0-ST-faee4d1e8780/bin/submodules/TelegramUI/Components/MarqueeComponent -I/var/tmp/_bazel_afanasyev/9a39311ceb7a61706aa1e4e247e12702/rules_xcodeproj.noindex/build_output_base/execroot/_main/bazel-out/ios_arm64-dbg-ios-arm64-min13.0-ST-faee4d1e8780/bin/submodules/TelegramUI/Components/PeerInfo/PeerInfoScreen -I/var/tmp/_bazel_afanasyev/9a39311ceb7a61706aa1e4e247e12702/rules_xcodeproj.noindex/build_output_base/execroot/_main/bazel-out/ios_arm64-dbg-ios-arm64-min13.0-ST-faee4d1e8780/bin/submodules/TelegramUI/Components/Chat/ChatQrCodeScreen -I/var/tmp/_bazel_afanasyev/9a39311ceb7a61706aa1e4e247e12702/rules_xcodeproj.noindex/build_output_base/execroot/_main/bazel-out/ios_arm64-dbg-ios-arm64-min13.0-ST-faee4d1e8780/bin/submodules/TelegramUI/Components/SavedMessages/SavedMessagesScreen -I/var/tmp/_bazel_afanasyev/9a39311ceb7a61706aa1e4e247e12702/rules_xcodeproj.noindex/build_output_base/execroot/_main/bazel-out/ios_arm64-dbg-ios-arm64-min13.0-ST-faee4d1e8780/bin/submodules/TelegramUI/Components/Chat/ChatMessageNotificationItem -I/var/tmp/_bazel_afanasyev/9a39311ceb7a61706aa1e4e247e12702/rules_xcodeproj.noindex/build_output_base/execroot/_main/bazel-out/ios_arm64-dbg-ios-arm64-min13.0-ST-faee4d1e8780/bin/submodules/TelegramUI/Components/VideoMessageCameraScreen -I/var/tmp/_bazel_afanasyev/9a39311ceb7a61706aa1e4e247e12702/rules_xcodeproj.noindex/build_output_base/execroot/_main/bazel-out/ios_arm64-dbg-ios-arm64-min13.0-ST-faee4d1e8780/bin/submodules/TelegramUI/Components/Chat/ChatShareMessageTagView -I/var/tmp/_bazel_afanasyev/9a39311ceb7a61706aa1e4e247e12702/rules_xcodeproj.noindex/build_output_base/execroot/_main/bazel-out/ios_arm64-dbg-ios-arm64-min13.0-ST-faee4d1e8780/bin/submodules/TelegramUI/Components/Chat/SavedTagNameAlertController -I/var/tmp/_bazel_afanasyev/9a39311ceb7a61706aa1e4e247e12702/rules_xcodeproj.noindex/build_output_base/execroot/_main/bazel-out/ios_arm64-dbg-ios-arm64-min13.0-ST-faee4d1e8780/bin/submodules/TelegramUI/Components/Chat/ChatInlineSearchResultsListComponent -I/var/tmp/_bazel_afanasyev/9a39311ceb7a61706aa1e4e247e12702/rules_xcodeproj.noindex/build_output_base/execroot/_main/bazel-out/ios_arm64-dbg-ios-arm64-min13.0-ST-faee4d1e8780/bin/submodules/TelegramUI/Components/ListTextFieldItemComponent -I/var/tmp/_bazel_afanasyev/9a39311ceb7a61706aa1e4e247e12702/rules_xcodeproj.noindex/build_output_base/execroot/_main/bazel-out/ios_arm64-dbg-ios-arm64-min13.0-ST-faee4d1e8780/bin/submodules/TelegramUI/Components/Settings/ChatbotSetupScreen -I/var/tmp/_bazel_afanasyev/9a39311ceb7a61706aa1e4e247e12702/rules_xcodeproj.noindex/build_output_base/execroot/_main/bazel-out/ios_arm64-dbg-ios-arm64-min13.0-ST-faee4d1e8780/bin/submodules/TelegramUI/Components/Settings/BusinessLocationSetupScreen -I/var/tmp/_bazel_afanasyev/9a39311ceb7a61706aa1e4e247e12702/rules_xcodeproj.noindex/build_output_base/execroot/_main/bazel-out/ios_arm64-dbg-ios-arm64-min13.0-ST-faee4d1e8780/bin/submodules/TelegramUI/Components/Settings/TimezoneSelectionScreen -I/var/tmp/_bazel_afanasyev/9a39311ceb7a61706aa1e4e247e12702/rules_xcodeproj.noindex/build_output_base/execroot/_main/bazel-out/ios_arm64-dbg-ios-arm64-min13.0-ST-faee4d1e8780/bin/submodules/TelegramUI/Components/TimeSelectionActionSheet -I/var/tmp/_bazel_afanasyev/9a39311ceb7a61706aa1e4e247e12702/rules_xcodeproj.noindex/build_output_base/execroot/_main/bazel-out/ios_arm64-dbg-ios-arm64-min13.0-ST-faee4d1e8780/bin/submodules/TelegramUI/Components/Settings/BusinessHoursSetupScreen -I/var/tmp/_bazel_afanasyev/9a39311ceb7a61706aa1e4e247e12702/rules_xcodeproj.noindex/build_output_base/execroot/_main/bazel-out/ios_arm64-dbg-ios-arm64-min13.0-ST-faee4d1e8780/bin/submodules/TelegramUI/Components/Settings/QuickReplyNameAlertController -I/var/tmp/_bazel_afanasyev/9a39311ceb7a61706aa1e4e247e12702/rules_xcodeproj.noindex/build_output_base/execroot/_main/bazel-out/ios_arm64-dbg-ios-arm64-min13.0-ST-faee4d1e8780/bin/submodules/TelegramUI/Components/Settings/AutomaticBusinessMessageSetupScreen -I/var/tmp/_bazel_afanasyev/9a39311ceb7a61706aa1e4e247e12702/rules_xcodeproj.noindex/build_output_base/execroot/_main/bazel-out/ios_arm64-dbg-ios-arm64-min13.0-ST-faee4d1e8780/bin/submodules/TelegramUI/Components/Chat/ChatMediaInputStickerGridItem -I/var/tmp/_bazel_afanasyev/9a39311ceb7a61706aa1e4e247e12702/rules_xcodeproj.noindex/build_output_base/execroot/_main/bazel-out/ios_arm64-dbg-ios-arm64-min13.0-ST-faee4d1e8780/bin/submodules/TelegramUI/Components/Chat/ChatEmptyNode -I/var/tmp/_bazel_afanasyev/9a39311ceb7a61706aa1e4e247e12702/rules_xcodeproj.noindex/build_output_base/execroot/_main/bazel-out/ios_arm64-dbg-ios-arm64-min13.0-ST-faee4d1e8780/bin/submodules/TelegramUI/Components/Settings/BusinessIntroSetupScreen -I/var/tmp/_bazel_afanasyev/9a39311ceb7a61706aa1e4e247e12702/rules_xcodeproj.noindex/build_output_base/execroot/_main/bazel-out/ios_arm64-dbg-ios-arm64-min13.0-ST-faee4d1e8780/bin/submodules/TelegramUI/Components/Settings/CollectibleItemInfoScreen -I/var/tmp/_bazel_afanasyev/9a39311ceb7a61706aa1e4e247e12702/rules_xcodeproj.noindex/build_output_base/execroot/_main/bazel-out/ios_arm64-dbg-ios-arm64-min13.0-ST-faee4d1e8780/bin/submodules/TelegramUI/Components/Settings/BusinessLinkNameAlertController -I/var/tmp/_bazel_afanasyev/9a39311ceb7a61706aa1e4e247e12702/rules_xcodeproj.noindex/build_output_base/execroot/_main/bazel-out/ios_arm64-dbg-ios-arm64-min13.0-ST-faee4d1e8780/bin/submodules/TelegramUI/Components/Settings/BotSettingsScreen -I/var/tmp/_bazel_afanasyev/9a39311ceb7a61706aa1e4e247e12702/rules_xcodeproj.noindex/build_output_base/execroot/_main/bazel-out/ios_arm64-dbg-ios-arm64-min13.0-ST-faee4d1e8780/bin/submodules/TelegramUI/Components/Chat/ChatSendAudioMessageContextPreview -I/var/tmp/_bazel_afanasyev/9a39311ceb7a61706aa1e4e247e12702/rules_xcodeproj.noindex/build_output_base/execroot/_main/bazel-out/ios_arm64-dbg-ios-arm64-min13.0-ST-faee4d1e8780/bin/submodules/TelegramUI/Components/Stars/StarsImageComponent -I/var/tmp/_bazel_afanasyev/9a39311ceb7a61706aa1e4e247e12702/rules_xcodeproj.noindex/build_output_base/execroot/_main/bazel-out/ios_arm64-dbg-ios-arm64-min13.0-ST-faee4d1e8780/bin/submodules/TelegramUI/Components/Premium/PremiumDiamondComponent -I/var/tmp/_bazel_afanasyev/9a39311ceb7a61706aa1e4e247e12702/rules_xcodeproj.noindex/build_output_base/execroot/_main/bazel-out/ios_arm64-dbg-ios-arm64-min13.0-ST-faee4d1e8780/bin/submodules/TelegramUI/Components/Stars/StarsTransactionsScreen -I/var/tmp/_bazel_afanasyev/9a39311ceb7a61706aa1e4e247e12702/rules_xcodeproj.noindex/build_output_base/execroot/_main/bazel-out/ios_arm64-dbg-ios-arm64-min13.0-ST-faee4d1e8780/bin/submodules/TelegramUI/Components/Stars/StarsPurchaseScreen -I/var/tmp/_bazel_afanasyev/9a39311ceb7a61706aa1e4e247e12702/rules_xcodeproj.noindex/build_output_base/execroot/_main/bazel-out/ios_arm64-dbg-ios-arm64-min13.0-ST-faee4d1e8780/bin/submodules/TelegramUI/Components/Stars/StarsTransferScreen -I/var/tmp/_bazel_afanasyev/9a39311ceb7a61706aa1e4e247e12702/rules_xcodeproj.noindex/build_output_base/execroot/_main/bazel-out/ios_arm64-dbg-ios-arm64-min13.0-ST-faee4d1e8780/bin/submodules/TelegramUI/Components/MiniAppListScreen -I/var/tmp/_bazel_afanasyev/9a39311ceb7a61706aa1e4e247e12702/rules_xcodeproj.noindex/build_output_base/execroot/_main/bazel-out/ios_arm64-dbg-ios-arm64-min13.0-ST-faee4d1e8780/bin/submodules/TelegramUI/Components/Stars/StarsTransactionScreen -I/var/tmp/_bazel_afanasyev/9a39311ceb7a61706aa1e4e247e12702/rules_xcodeproj.noindex/build_output_base/execroot/_main/bazel-out/ios_arm64-dbg-ios-arm64-min13.0-ST-faee4d1e8780/bin/submodules/TelegramUI/Components/Chat/FactCheckAlertController -I/var/tmp/_bazel_afanasyev/9a39311ceb7a61706aa1e4e247e12702/rules_xcodeproj.noindex/build_output_base/execroot/_main/bazel-out/ios_arm64-dbg-ios-arm64-min13.0-ST-faee4d1e8780/bin/submodules/TelegramUI/Components/SpaceWarpView -I/var/tmp/_bazel_afanasyev/9a39311ceb7a61706aa1e4e247e12702/rules_xcodeproj.noindex/build_output_base/execroot/_main/bazel-out/ios_arm64-dbg-ios-arm64-min13.0-ST-faee4d1e8780/bin/submodules/TelegramUI/Components/Stars/StarsIntroScreen -I/var/tmp/_bazel_afanasyev/9a39311ceb7a61706aa1e4e247e12702/rules_xcodeproj.noindex/build_output_base/execroot/_main/bazel-out/ios_arm64-dbg-ios-arm64-min13.0-ST-faee4d1e8780/bin/submodules/TelegramUI/Components/Gifts/GiftStoreScreen -I/var/tmp/_bazel_afanasyev/9a39311ceb7a61706aa1e4e247e12702/rules_xcodeproj.noindex/build_output_base/execroot/_main/bazel-out/ios_arm64-dbg-ios-arm64-min13.0-ST-faee4d1e8780/bin/submodules/TelegramUI/Components/Gifts/GiftCraftScreen -I/var/tmp/_bazel_afanasyev/9a39311ceb7a61706aa1e4e247e12702/rules_xcodeproj.noindex/build_output_base/execroot/_main/bazel-out/ios_arm64-dbg-ios-arm64-min13.0-ST-faee4d1e8780/bin/submodules/TelegramUI/Components/ContentReportScreen -I/var/tmp/_bazel_afanasyev/9a39311ceb7a61706aa1e4e247e12702/rules_xcodeproj.noindex/build_output_base/execroot/_main/bazel-out/ios_arm64-dbg-ios-arm64-min13.0-ST-faee4d1e8780/bin/submodules/TelegramUI/Components/PeerInfo/AffiliateProgramSetupScreen -I/var/tmp/_bazel_afanasyev/9a39311ceb7a61706aa1e4e247e12702/rules_xcodeproj.noindex/build_output_base/execroot/_main/bazel-out/ios_arm64-dbg-ios-arm64-min13.0-ST-faee4d1e8780/bin/submodules/TelegramUI/Components/Settings/AccountFreezeInfoScreen -I/var/tmp/_bazel_afanasyev/9a39311ceb7a61706aa1e4e247e12702/rules_xcodeproj.noindex/build_output_base/execroot/_main/bazel-out/ios_arm64-dbg-ios-arm64-min13.0-ST-faee4d1e8780/bin/submodules/TelegramUI/Components/JoinSubjectScreen -I/var/tmp/_bazel_afanasyev/9a39311ceb7a61706aa1e4e247e12702/rules_xcodeproj.noindex/build_output_base/execroot/_main/bazel-out/ios_arm64-dbg-ios-arm64-min13.0-ST-faee4d1e8780/bin/submodules/TelegramUI/Components/Chat/QuickShareScreen -I/var/tmp/_bazel_afanasyev/9a39311ceb7a61706aa1e4e247e12702/rules_xcodeproj.noindex/build_output_base/execroot/_main/bazel-out/ios_arm64-dbg-ios-arm64-min13.0-ST-faee4d1e8780/bin/submodules/TelegramUI/Components/PeerInfo/PostSuggestionsSettingsScreen -I/var/tmp/_bazel_afanasyev/9a39311ceb7a61706aa1e4e247e12702/rules_xcodeproj.noindex/build_output_base/execroot/_main/bazel-out/ios_arm64-dbg-ios-arm64-min13.0-ST-faee4d1e8780/bin/submodules/TelegramUI/Components/ForumSettingsScreen -I/var/tmp/_bazel_afanasyev/9a39311ceb7a61706aa1e4e247e12702/rules_xcodeproj.noindex/build_output_base/execroot/_main/bazel-out/ios_arm64-dbg-ios-arm64-min13.0-ST-faee4d1e8780/bin/submodules/TelegramUI/Components/MaskedContainerComponent -I/var/tmp/_bazel_afanasyev/9a39311ceb7a61706aa1e4e247e12702/rules_xcodeproj.noindex/build_output_base/execroot/_main/bazel-out/ios_arm64-dbg-ios-arm64-min13.0-ST-faee4d1e8780/bin/submodules/TelegramUI/Components/Chat/ChatSideTopicsPanel -I/var/tmp/_bazel_afanasyev/9a39311ceb7a61706aa1e4e247e12702/rules_xcodeproj.noindex/build_output_base/execroot/_main/bazel-out/ios_arm64-dbg-ios-arm64-min13.0-ST-faee4d1e8780/bin/submodules/TelegramUI/Components/ComposeTodoScreen -I/var/tmp/_bazel_afanasyev/9a39311ceb7a61706aa1e4e247e12702/rules_xcodeproj.noindex/build_output_base/execroot/_main/bazel-out/ios_arm64-dbg-ios-arm64-min13.0-ST-faee4d1e8780/bin/submodules/TelegramUI/Components/SuggestedPostApproveAlert -I/var/tmp/_bazel_afanasyev/9a39311ceb7a61706aa1e4e247e12702/rules_xcodeproj.noindex/build_output_base/execroot/_main/bazel-out/ios_arm64-dbg-ios-arm64-min13.0-ST-faee4d1e8780/bin/submodules/TelegramUI/Components/Chat/ChatInputMessageAccessoryPanel -I/var/tmp/_bazel_afanasyev/9a39311ceb7a61706aa1e4e247e12702/rules_xcodeproj.noindex/build_output_base/execroot/_main/bazel-out/ios_arm64-dbg-ios-arm64-min13.0-ST-faee4d1e8780/bin/submodules/TelegramUI/Components/Chat/ChatPanelsComponent -I/var/tmp/_bazel_afanasyev/9a39311ceb7a61706aa1e4e247e12702/rules_xcodeproj.noindex/build_output_base/execroot/_main/bazel-out/ios_arm64-dbg-ios-arm64-min13.0-ST-faee4d1e8780/bin/submodules/TelegramUI/Components/Contacts/NewContactScreen -I/var/tmp/_bazel_afanasyev/9a39311ceb7a61706aa1e4e247e12702/rules_xcodeproj.noindex/build_output_base/execroot/_main/bazel-out/ios_arm64-dbg-ios-arm64-min13.0-ST-faee4d1e8780/bin/submodules/TelegramUI/Components/NavigationBarImpl -I/var/tmp/_bazel_afanasyev/9a39311ceb7a61706aa1e4e247e12702/rules_xcodeproj.noindex/build_output_base/execroot/_main/bazel-out/ios_arm64-dbg-ios-arm64-min13.0-ST-faee4d1e8780/bin/submodules/TelegramUI/Components/TranslateHeaderPanelComponent -I/var/tmp/_bazel_afanasyev/9a39311ceb7a61706aa1e4e247e12702/rules_xcodeproj.noindex/build_output_base/execroot/_main/bazel-out/ios_arm64-dbg-ios-arm64-min13.0-ST-faee4d1e8780/bin/submodules/TelegramUI/Components/AdPanelHeaderPanelComponent -I/var/tmp/_bazel_afanasyev/9a39311ceb7a61706aa1e4e247e12702/rules_xcodeproj.noindex/build_output_base/execroot/_main/bazel-out/ios_arm64-dbg-ios-arm64-min13.0-ST-faee4d1e8780/bin/submodules/TelegramUI/Components/MessageFeeHeaderPanelComponent -I/var/tmp/_bazel_afanasyev/9a39311ceb7a61706aa1e4e247e12702/rules_xcodeproj.noindex/build_output_base/execroot/_main/bazel-out/ios_arm64-dbg-ios-arm64-min13.0-ST-faee4d1e8780/bin/submodules/TelegramUI/Components/LegacyChatHeaderPanelComponent -I/var/tmp/_bazel_afanasyev/9a39311ceb7a61706aa1e4e247e12702/rules_xcodeproj.noindex/build_output_base/execroot/_main/bazel-out/ios_arm64-dbg-ios-arm64-min13.0-ST-faee4d1e8780/bin/submodules/TelegramUI/Components/GroupCallHeaderPanelComponent -I/var/tmp/_bazel_afanasyev/9a39311ceb7a61706aa1e4e247e12702/rules_xcodeproj.noindex/build_output_base/execroot/_main/bazel-out/ios_arm64-dbg-ios-arm64-min13.0-ST-faee4d1e8780/bin/submodules/TelegramUI/Components/Chat/ChatSearchNavigationContentNode -I/var/tmp/_bazel_afanasyev/9a39311ceb7a61706aa1e4e247e12702/rules_xcodeproj.noindex/build_output_base/execroot/_main/bazel-out/ios_arm64-dbg-ios-arm64-min13.0-ST-faee4d1e8780/bin/submodules/TelegramUI/Components/Gifts/GiftDemoScreen -I/var/tmp/_bazel_afanasyev/9a39311ceb7a61706aa1e4e247e12702/rules_xcodeproj.noindex/build_output_base/execroot/_main/bazel-out/ios_arm64-dbg-ios-arm64-min13.0-ST-faee4d1e8780/bin/submodules/TelegramUI/Components/EmojiGameStakeScreen -I/var/tmp/_bazel_afanasyev/9a39311ceb7a61706aa1e4e247e12702/rules_xcodeproj.noindex/build_output_base/execroot/_main/bazel-out/ios_arm64-dbg-ios-arm64-min13.0-ST-faee4d1e8780/bin/submodules/TelegramUI/Components/Chat/ChatAgeRestrictionAlertController -I/var/tmp/_bazel_afanasyev/9a39311ceb7a61706aa1e4e247e12702/rules_xcodeproj.noindex/build_output_base/execroot/_main/bazel-out/ios_arm64-dbg-ios-arm64-min13.0-ST-faee4d1e8780/bin/submodules/TelegramUI/Components/CocoonInfoScreen -I/var/tmp/_bazel_afanasyev/9a39311ceb7a61706aa1e4e247e12702/rules_xcodeproj.noindex/build_output_base/execroot/_main/bazel-out/ios_arm64-dbg-ios-arm64-min13.0-ST-faee4d1e8780/bin/submodules/TelegramUI/Components/ProxyServerPreviewScreen -I/var/tmp/_bazel_afanasyev/9a39311ceb7a61706aa1e4e247e12702/rules_xcodeproj.noindex/build_output_base/execroot/_main/bazel-out/ios_arm64-dbg-ios-arm64-min13.0-ST-faee4d1e8780/bin/submodules/TelegramUI/Components/RankChatPreviewItem -I/var/tmp/_bazel_afanasyev/9a39311ceb7a61706aa1e4e247e12702/rules_xcodeproj.noindex/build_output_base/execroot/_main/bazel-out/ios_arm64-dbg-ios-arm64-min13.0-ST-faee4d1e8780/bin/submodules/TelegramUI/Components/ChatParticipantRightsScreen -I/var/tmp/_bazel_afanasyev/9a39311ceb7a61706aa1e4e247e12702/rules_xcodeproj.noindex/build_output_base/execroot/_main/bazel-out/ios_arm64-dbg-ios-arm64-min13.0-ST-faee4d1e8780/bin/submodules/TelegramUI/Components/PeerInfo/PeerCopyProtectionInfoScreen -I/var/tmp/_bazel_afanasyev/9a39311ceb7a61706aa1e4e247e12702/rules_xcodeproj.noindex/build_output_base/execroot/_main/bazel-out/ios_arm64-dbg-ios-arm64-min13.0-ST-faee4d1e8780/bin/submodules/TelegramUI/Components/Chat/ChatRankInfoScreen -I/var/tmp/_bazel_afanasyev/9a39311ceb7a61706aa1e4e247e12702/rules_xcodeproj.noindex/build_output_base/execroot/_main/bazel-out/ios_arm64-dbg-ios-arm64-min13.0-ST-faee4d1e8780/bin/submodules/TelegramUI/Components/TooltipComponent -I/var/tmp/_bazel_afanasyev/9a39311ceb7a61706aa1e4e247e12702/rules_xcodeproj.noindex/build_output_base/execroot/_main/bazel-out/ios_arm64-dbg-ios-arm64-min13.0-ST-faee4d1e8780/bin/submodules/TelegramUI/Components/TextProcessingScreen -I/var/tmp/_bazel_afanasyev/9a39311ceb7a61706aa1e4e247e12702/rules_xcodeproj.noindex/build_output_base/execroot/_main/bazel-out/ios_arm64-dbg-ios-arm64-min13.0-ST-faee4d1e8780/bin/submodules/TelegramUI/Components/CreateBotScreen -I/var/tmp/_bazel_afanasyev/9a39311ceb7a61706aa1e4e247e12702/rules_xcodeproj.noindex/build_output_base/execroot/_main/bazel-out/ios_arm64-dbg-ios-arm64-min13.0-ST-faee4d1e8780/bin/submodules/TelegramUI -F/Volumes/dx/dev/_home/MTProxy/Telegram-iOS/third-party/recaptcha/RecaptchaEnterprise.xcframework/ios-arm64 -Xcc -F -Xcc /Volumes/dx/dev/_home/MTProxy/Telegram-iOS/third-party/recaptcha/RecaptchaEnterprise.xcframework/ios-arm64 -Xcc -I -Xcc /Volumes/dx/dev/_home/MTProxy/Telegram-iOS/submodules/SSignalKit/SSignalKit/Source -Xcc -I -Xcc /var/tmp/_bazel_afanasyev/9a39311ceb7a61706aa1e4e247e12702/rules_xcodeproj.noindex/build_output_base/execroot/_main/bazel-out/ios_arm64-dbg-ios-arm64-min13.0-ST-faee4d1e8780/bin/submodules/SSignalKit/SSignalKit/Source -Xcc -I -Xcc /Volumes/dx/dev/_home/MTProxy/Telegram-iOS/submodules/AsyncDisplayKit/Source/PublicHeaders -Xcc -I -Xcc /var/tmp/_bazel_afanasyev/9a39311ceb7a61706aa1e4e247e12702/rules_xcodeproj.noindex/build_output_base/execroot/_main/bazel-out/ios_arm64-dbg-ios-arm64-min13.0-ST-faee4d1e8780/bin/submodules/AsyncDisplayKit/Source/PublicHeaders -Xcc -I -Xcc /Volumes/dx/dev/_home/MTProxy/Telegram-iOS/submodules/ObjCRuntimeUtils/Source -Xcc -I -Xcc /var/tmp/_bazel_afanasyev/9a39311ceb7a61706aa1e4e247e12702/rules_xcodeproj.noindex/build_output_base/execroot/_main/bazel-out/ios_arm64-dbg-ios-arm64-min13.0-ST-faee4d1e8780/bin/submodules/ObjCRuntimeUtils/Source -Xcc -I -Xcc /Volumes/dx/dev/_home/MTProxy/Telegram-iOS/submodules/UIKitRuntimeUtils/Source -Xcc -I -Xcc /var/tmp/_bazel_afanasyev/9a39311ceb7a61706aa1e4e247e12702/rules_xcodeproj.noindex/build_output_base/execroot/_main/bazel-out/ios_arm64-dbg-ios-arm64-min13.0-ST-faee4d1e8780/bin/submodules/UIKitRuntimeUtils/Source -Xcc -I -Xcc /Volumes/dx/dev/_home/MTProxy/Telegram-iOS/submodules/AppBundle/PublicHeaders -Xcc -I -Xcc /var/tmp/_bazel_afanasyev/9a39311ceb7a61706aa1e4e247e12702/rules_xcodeproj.noindex/build_output_base/execroot/_main/bazel-out/ios_arm64-dbg-ios-arm64-min13.0-ST-faee4d1e8780/bin/submodules/AppBundle/PublicHeaders -Xcc -I -Xcc /Volumes/dx/dev/_home/MTProxy/Telegram-iOS/submodules/Crc32/PublicHeaders -Xcc -I -Xcc /var/tmp/_bazel_afanasyev/9a39311ceb7a61706aa1e4e247e12702/rules_xcodeproj.noindex/build_output_base/execroot/_main/bazel-out/ios_arm64-dbg-ios-arm64-min13.0-ST-faee4d1e8780/bin/submodules/Crc32/PublicHeaders -Xcc -I -Xcc /Volumes/dx/dev/_home/MTProxy/Telegram-iOS/submodules/sqlcipher/PublicHeaders -Xcc -I -Xcc /var/tmp/_bazel_afanasyev/9a39311ceb7a61706aa1e4e247e12702/rules_xcodeproj.noindex/build_output_base/execroot/_main/bazel-out/ios_arm64-dbg-ios-arm64-min13.0-ST-faee4d1e8780/bin/submodules/sqlcipher/PublicHeaders -Xcc -I -Xcc /Volumes/dx/dev/_home/MTProxy/Telegram-iOS/submodules/MurMurHash32/PublicHeaders -Xcc -I -Xcc /var/tmp/_bazel_afanasyev/9a39311ceb7a61706aa1e4e247e12702/rules_xcodeproj.noindex/build_output_base/execroot/_main/bazel-out/ios_arm64-dbg-ios-arm64-min13.0-ST-faee4d1e8780/bin/submodules/MurMurHash32/PublicHeaders -Xcc -I -Xcc /Volumes/dx/dev/_home/MTProxy/Telegram-iOS/submodules/StringTransliteration/PublicHeaders -Xcc -I -Xcc /var/tmp/_bazel_afanasyev/9a39311ceb7a61706aa1e4e247e12702/rules_xcodeproj.noindex/build_output_base/execroot/_main/bazel-out/ios_arm64-dbg-ios-arm64-min13.0-ST-faee4d1e8780/bin/submodules/StringTransliteration/PublicHeaders -Xcc -I -Xcc /Volumes/dx/dev/_home/MTProxy/Telegram-iOS/submodules/CryptoUtils/PublicHeaders -Xcc -I -Xcc /var/tmp/_bazel_afanasyev/9a39311ceb7a61706aa1e4e247e12702/rules_xcodeproj.noindex/build_output_base/execroot/_main/bazel-out/ios_arm64-dbg-ios-arm64-min13.0-ST-faee4d1e8780/bin/submodules/CryptoUtils/PublicHeaders -Xcc -I -Xcc /Volumes/dx/dev/_home/MTProxy/Telegram-iOS/submodules/Utils/DarwinDirStat/PublicHeaders -Xcc -I -Xcc /var/tmp/_bazel_afanasyev/9a39311ceb7a61706aa1e4e247e12702/rules_xcodeproj.noindex/build_output_base/execroot/_main/bazel-out/ios_arm64-dbg-ios-arm64-min13.0-ST-faee4d1e8780/bin/submodules/Utils/DarwinDirStat/PublicHeaders -Xcc -I -Xcc /Volumes/dx/dev/_home/MTProxy/Telegram-iOS/submodules/MtProtoKit/PublicHeaders -Xcc -I -Xcc /var/tmp/_bazel_afanasyev/9a39311ceb7a61706aa1e4e247e12702/rules_xcodeproj.noindex/build_output_base/execroot/_main/bazel-out/ios_arm64-dbg-ios-arm64-min13.0-ST-faee4d1e8780/bin/submodules/MtProtoKit/PublicHeaders -Xcc -I -Xcc /Volumes/dx/dev/_home/MTProxy/Telegram-iOS/submodules/EncryptionProvider/PublicHeaders -Xcc -I -Xcc /var/tmp/_bazel_afanasyev/9a39311ceb7a61706aa1e4e247e12702/rules_xcodeproj.noindex/build_output_base/execroot/_main/bazel-out/ios_arm64-dbg-ios-arm64-min13.0-ST-faee4d1e8780/bin/submodules/EncryptionProvider/PublicHeaders -Xcc -I -Xcc /Volumes/dx/dev/_home/MTProxy/Telegram-iOS/submodules/NetworkLogging/PublicHeaders -Xcc -I -Xcc /var/tmp/_bazel_afanasyev/9a39311ceb7a61706aa1e4e247e12702/rules_xcodeproj.noindex/build_output_base/execroot/_main/bazel-out/ios_arm64-dbg-ios-arm64-min13.0-ST-faee4d1e8780/bin/submodules/NetworkLogging/PublicHeaders -Xcc -I -Xcc /Volumes/dx/dev/_home/MTProxy/Telegram-iOS/submodules/Reachability/LegacyReachability/PublicHeaders -Xcc -I -Xcc /var/tmp/_bazel_afanasyev/9a39311ceb7a61706aa1e4e247e12702/rules_xcodeproj.noindex/build_output_base/execroot/_main/bazel-out/ios_arm64-dbg-ios-arm64-min13.0-ST-faee4d1e8780/bin/submodules/Reachability/LegacyReachability/PublicHeaders -Xcc -I -Xcc /Volumes/dx/dev/_home/MTProxy/Telegram-iOS/submodules/NumberPluralizationForm/PublicHeaders -Xcc -I -Xcc /var/tmp/_bazel_afanasyev/9a39311ceb7a61706aa1e4e247e12702/rules_xcodeproj.noindex/build_output_base/execroot/_main/bazel-out/ios_arm64-dbg-ios-arm64-min13.0-ST-faee4d1e8780/bin/submodules/NumberPluralizationForm/PublicHeaders -Xcc -I -Xcc /Volumes/dx/dev/_home/MTProxy/Telegram-iOS/submodules/Sunrise/PublicHeaders -Xcc -I -Xcc /var/tmp/_bazel_afanasyev/9a39311ceb7a61706aa1e4e247e12702/rules_xcodeproj.noindex/build_output_base/execroot/_main/bazel-out/ios_arm64-dbg-ios-arm64-min13.0-ST-faee4d1e8780/bin/submodules/Sunrise/PublicHeaders -Xcc -I -Xcc /Volumes/dx/dev/_home/MTProxy/Telegram-iOS/submodules/FastBlur/PublicHeaders -Xcc -I -Xcc /var/tmp/_bazel_afanasyev/9a39311ceb7a61706aa1e4e247e12702/rules_xcodeproj.noindex/build_output_base/execroot/_main/bazel-out/ios_arm64-dbg-ios-arm64-min13.0-ST-faee4d1e8780/bin/submodules/FastBlur/PublicHeaders -Xcc -I -Xcc /Volumes/dx/dev/_home/MTProxy/Telegram-iOS/Telegram/GeneratedPresentationStrings/PublicHeaders -Xcc -I -Xcc /var/tmp/_bazel_afanasyev/9a39311ceb7a61706aa1e4e247e12702/rules_xcodeproj.noindex/build_output_base/execroot/_main/bazel-out/ios_arm64-dbg-ios-arm64-min13.0-ST-faee4d1e8780/bin/Telegram/GeneratedPresentationStrings/PublicHeaders -Xcc -I -Xcc /Volumes/dx/dev/_home/MTProxy/Telegram-iOS/third-party/libprisma/include -Xcc -I -Xcc /var/tmp/_bazel_afanasyev/9a39311ceb7a61706aa1e4e247e12702/rules_xcodeproj.noindex/build_output_base/execroot/_main/bazel-out/ios_arm64-dbg-ios-arm64-min13.0-ST-faee4d1e8780/bin/third-party/libprisma/include -Xcc -I -Xcc /Volumes/dx/dev/_home/MTProxy/Telegram-iOS/third-party/boost_regex/include -Xcc -I -Xcc /var/tmp/_bazel_afanasyev/9a39311ceb7a61706aa1e4e247e12702/rules_xcodeproj.noindex/build_output_base/execroot/_main/bazel-out/ios_arm64-dbg-ios-arm64-min13.0-ST-faee4d1e8780/bin/third-party/boost_regex/include -Xcc -I -Xcc /Volumes/dx/dev/_home/MTProxy/Telegram-iOS/submodules/FFMpegBinding/Public -Xcc -I -Xcc /var/tmp/_bazel_afanasyev/9a39311ceb7a61706aa1e4e247e12702/rules_xcodeproj.noindex/build_output_base/execroot/_main/bazel-out/ios_arm64-dbg-ios-arm64-min13.0-ST-faee4d1e8780/bin/submodules/FFMpegBinding/Public -Xcc -I -Xcc /Volumes/dx/dev/_home/MTProxy/Telegram-iOS/submodules/ffmpeg/Public -Xcc -I -Xcc /var/tmp/_bazel_afanasyev/9a39311ceb7a61706aa1e4e247e12702/rules_xcodeproj.noindex/build_output_base/execroot/_main/bazel-out/ios_arm64-dbg-ios-arm64-min13.0-ST-faee4d1e8780/bin/submodules/ffmpeg/Public -Xcc -I -Xcc /Volumes/dx/dev/_home/MTProxy/Telegram-iOS/third-party/libvpx/Public -Xcc -I -Xcc /var/tmp/_bazel_afanasyev/9a39311ceb7a61706aa1e4e247e12702/rules_xcodeproj.noindex/build_output_base/execroot/_main/bazel-out/ios_arm64-dbg-ios-arm64-min13.0-ST-faee4d1e8780/bin/third-party/libvpx/Public -Xcc -I -Xcc /Volumes/dx/dev/_home/MTProxy/Telegram-iOS/third-party/opus/Public -Xcc -I -Xcc /var/tmp/_bazel_afanasyev/9a39311ceb7a61706aa1e4e247e12702/rules_xcodeproj.noindex/build_output_base/execroot/_main/bazel-out/ios_arm64-dbg-ios-arm64-min13.0-ST-faee4d1e8780/bin/third-party/opus/Public -Xcc -I -Xcc /Volumes/dx/dev/_home/MTProxy/Telegram-iOS/third-party/dav1d/Public -Xcc -I -Xcc /var/tmp/_bazel_afanasyev/9a39311ceb7a61706aa1e4e247e12702/rules_xcodeproj.noindex/build_output_base/execroot/_main/bazel-out/ios_arm64-dbg-ios-arm64-min13.0-ST-faee4d1e8780/bin/third-party/dav1d/Public -Xcc -I -Xcc /Volumes/dx/dev/_home/MTProxy/Telegram-iOS/submodules/RingBuffer/PublicHeaders -Xcc -I -Xcc /var/tmp/_bazel_afanasyev/9a39311ceb7a61706aa1e4e247e12702/rules_xcodeproj.noindex/build_output_base/execroot/_main/bazel-out/ios_arm64-dbg-ios-arm64-min13.0-ST-faee4d1e8780/bin/submodules/RingBuffer/PublicHeaders -Xcc -I -Xcc /Volumes/dx/dev/_home/MTProxy/Telegram-iOS/submodules/YuvConversion/PublicHeaders -Xcc -I -Xcc /var/tmp/_bazel_afanasyev/9a39311ceb7a61706aa1e4e247e12702/rules_xcodeproj.noindex/build_output_base/execroot/_main/bazel-out/ios_arm64-dbg-ios-arm64-min13.0-ST-faee4d1e8780/bin/submodules/YuvConversion/PublicHeaders -Xcc -I -Xcc /Volumes/dx/dev/_home/MTProxy/Telegram-iOS/submodules/TelegramUI/Components/AnimationCache/ImageDCT/PublicHeaders -Xcc -I -Xcc /var/tmp/_bazel_afanasyev/9a39311ceb7a61706aa1e4e247e12702/rules_xcodeproj.noindex/build_output_base/execroot/_main/bazel-out/ios_arm64-dbg-ios-arm64-min13.0-ST-faee4d1e8780/bin/submodules/TelegramUI/Components/AnimationCache/ImageDCT/PublicHeaders -Xcc -I -Xcc /Volumes/dx/dev/_home/MTProxy/Telegram-iOS/submodules/LegacyComponents/PublicHeaders -Xcc -I -Xcc /var/tmp/_bazel_afanasyev/9a39311ceb7a61706aa1e4e247e12702/rules_xcodeproj.noindex/build_output_base/execroot/_main/bazel-out/ios_arm64-dbg-ios-arm64-min13.0-ST-faee4d1e8780/bin/submodules/LegacyComponents/PublicHeaders -Xcc -I -Xcc /Volumes/dx/dev/_home/MTProxy/Telegram-iOS/submodules/WebPBinding/PublicHeaders -Xcc -I -Xcc /var/tmp/_bazel_afanasyev/9a39311ceb7a61706aa1e4e247e12702/rules_xcodeproj.noindex/build_output_base/execroot/_main/bazel-out/ios_arm64-dbg-ios-arm64-min13.0-ST-faee4d1e8780/bin/submodules/WebPBinding/PublicHeaders -Xcc -I -Xcc /Volumes/dx/dev/_home/MTProxy/Telegram-iOS/third-party/webp/Public -Xcc -I -Xcc /var/tmp/_bazel_afanasyev/9a39311ceb7a61706aa1e4e247e12702/rules_xcodeproj.noindex/build_output_base/execroot/_main/bazel-out/ios_arm64-dbg-ios-arm64-min13.0-ST-faee4d1e8780/bin/third-party/webp/Public -Xcc -I -Xcc /Volumes/dx/dev/_home/MTProxy/Telegram-iOS/submodules/RMIntro/PublicHeaders -Xcc -I -Xcc /var/tmp/_bazel_afanasyev/9a39311ceb7a61706aa1e4e247e12702/rules_xcodeproj.noindex/build_output_base/execroot/_main/bazel-out/ios_arm64-dbg-ios-arm64-min13.0-ST-faee4d1e8780/bin/submodules/RMIntro/PublicHeaders -Xcc -I -Xcc /Volumes/dx/dev/_home/MTProxy/Telegram-iOS/submodules/GZip/Sources -Xcc -I -Xcc /var/tmp/_bazel_afanasyev/9a39311ceb7a61706aa1e4e247e12702/rules_xcodeproj.noindex/build_output_base/execroot/_main/bazel-out/ios_arm64-dbg-ios-arm64-min13.0-ST-faee4d1e8780/bin/submodules/GZip/Sources -Xcc -I -Xcc /Volumes/dx/dev/_home/MTProxy/Telegram-iOS/submodules/Svg/PublicHeaders -Xcc -I -Xcc /var/tmp/_bazel_afanasyev/9a39311ceb7a61706aa1e4e247e12702/rules_xcodeproj.noindex/build_output_base/execroot/_main/bazel-out/ios_arm64-dbg-ios-arm64-min13.0-ST-faee4d1e8780/bin/submodules/Svg/PublicHeaders -Xcc -I -Xcc /Volumes/dx/dev/_home/MTProxy/Telegram-iOS/submodules/MozjpegBinding/Public -Xcc -I -Xcc /var/tmp/_bazel_afanasyev/9a39311ceb7a61706aa1e4e247e12702/rules_xcodeproj.noindex/build_output_base/execroot/_main/bazel-out/ios_arm64-dbg-ios-arm64-min13.0-ST-faee4d1e8780/bin/submodules/MozjpegBinding/Public -Xcc -I -Xcc /Volumes/dx/dev/_home/MTProxy/Telegram-iOS/third-party/mozjpeg/Public -Xcc -I -Xcc /var/tmp/_bazel_afanasyev/9a39311ceb7a61706aa1e4e247e12702/rules_xcodeproj.noindex/build_output_base/execroot/_main/bazel-out/ios_arm64-dbg-ios-arm64-min13.0-ST-faee4d1e8780/bin/third-party/mozjpeg/Public -Xcc -I -Xcc /Volumes/dx/dev/_home/MTProxy/Telegram-iOS/submodules/TgVoipWebrtc/PublicHeaders -Xcc -I -Xcc /var/tmp/_bazel_afanasyev/9a39311ceb7a61706aa1e4e247e12702/rules_xcodeproj.noindex/build_output_base/execroot/_main/bazel-out/ios_arm64-dbg-ios-arm64-min13.0-ST-faee4d1e8780/bin/submodules/TgVoipWebrtc/PublicHeaders -Xcc -I -Xcc /Volumes/dx/dev/_home/MTProxy/Telegram-iOS/third-party/ogg/include -Xcc -I -Xcc /var/tmp/_bazel_afanasyev/9a39311ceb7a61706aa1e4e247e12702/rules_xcodeproj.noindex/build_output_base/execroot/_main/bazel-out/ios_arm64-dbg-ios-arm64-min13.0-ST-faee4d1e8780/bin/third-party/ogg/include -Xcc -I -Xcc /Volumes/dx/dev/_home/MTProxy/Telegram-iOS/third-party/opusfile/include -Xcc -I -Xcc /var/tmp/_bazel_afanasyev/9a39311ceb7a61706aa1e4e247e12702/rules_xcodeproj.noindex/build_output_base/execroot/_main/bazel-out/ios_arm64-dbg-ios-arm64-min13.0-ST-faee4d1e8780/bin/third-party/opusfile/include -Xcc -I -Xcc /Volumes/dx/dev/_home/MTProxy/Telegram-iOS/third-party/rnnoise/PublicHeaders -Xcc -I -Xcc /var/tmp/_bazel_afanasyev/9a39311ceb7a61706aa1e4e247e12702/rules_xcodeproj.noindex/build_output_base/execroot/_main/bazel-out/ios_arm64-dbg-ios-arm64-min13.0-ST-faee4d1e8780/bin/third-party/rnnoise/PublicHeaders -Xcc -I -Xcc /Volumes/dx/dev/_home/MTProxy/Telegram-iOS/third-party/td/TdBinding/Public -Xcc -I -Xcc /var/tmp/_bazel_afanasyev/9a39311ceb7a61706aa1e4e247e12702/rules_xcodeproj.noindex/build_output_base/execroot/_main/bazel-out/ios_arm64-dbg-ios-arm64-min13.0-ST-faee4d1e8780/bin/third-party/td/TdBinding/Public -Xcc -I -Xcc /Volumes/dx/dev/_home/MTProxy/Telegram-iOS/third-party/td/Public/td -Xcc -I -Xcc /var/tmp/_bazel_afanasyev/9a39311ceb7a61706aa1e4e247e12702/rules_xcodeproj.noindex/build_output_base/execroot/_main/bazel-out/ios_arm64-dbg-ios-arm64-min13.0-ST-faee4d1e8780/bin/third-party/td/Public/td -Xcc -I -Xcc /Volumes/dx/dev/_home/MTProxy/Telegram-iOS/submodules/rlottie/PublicHeaders -Xcc -I -Xcc /var/tmp/_bazel_afanasyev/9a39311ceb7a61706aa1e4e247e12702/rules_xcodeproj.noindex/build_output_base/execroot/_main/bazel-out/ios_arm64-dbg-ios-arm64-min13.0-ST-faee4d1e8780/bin/submodules/rlottie/PublicHeaders -Xcc -I -Xcc /Volumes/dx/dev/_home/MTProxy/Telegram-iOS/submodules/AnimationCompression/DctHuffman/PublicHeaders -Xcc -I -Xcc /var/tmp/_bazel_afanasyev/9a39311ceb7a61706aa1e4e247e12702/rules_xcodeproj.noindex/build_output_base/execroot/_main/bazel-out/ios_arm64-dbg-ios-arm64-min13.0-ST-faee4d1e8780/bin/submodules/AnimationCompression/DctHuffman/PublicHeaders -Xcc -I -Xcc /Volumes/dx/dev/_home/MTProxy/Telegram-iOS/submodules/TelegramUI/Components/MeshTransform/MeshTransformApi/PublicHeaders -Xcc -I -Xcc /var/tmp/_bazel_afanasyev/9a39311ceb7a61706aa1e4e247e12702/rules_xcodeproj.noindex/build_output_base/execroot/_main/bazel-out/ios_arm64-dbg-ios-arm64-min13.0-ST-faee4d1e8780/bin/submodules/TelegramUI/Components/MeshTransform/MeshTransformApi/PublicHeaders -Xcc -I -Xcc /Volumes/dx/dev/_home/MTProxy/Telegram-iOS/submodules/OverlayStatusController/Impl/Sources -Xcc -I -Xcc /var/tmp/_bazel_afanasyev/9a39311ceb7a61706aa1e4e247e12702/rules_xcodeproj.noindex/build_output_base/execroot/_main/bazel-out/ios_arm64-dbg-ios-arm64-min13.0-ST-faee4d1e8780/bin/submodules/OverlayStatusController/Impl/Sources -Xcc -I -Xcc /Volumes/dx/dev/_home/MTProxy/Telegram-iOS/submodules/TelegramCallsUI/CallsEmoji/PublicHeaders -Xcc -I -Xcc /var/tmp/_bazel_afanasyev/9a39311ceb7a61706aa1e4e247e12702/rules_xcodeproj.noindex/build_output_base/execroot/_main/bazel-out/ios_arm64-dbg-ios-arm64-min13.0-ST-faee4d1e8780/bin/submodules/TelegramCallsUI/CallsEmoji/PublicHeaders -Xcc -I -Xcc /Volumes/dx/dev/_home/MTProxy/Telegram-iOS/submodules/Utils/ShelfPack/PublicHeaders -Xcc -I -Xcc /var/tmp/_bazel_afanasyev/9a39311ceb7a61706aa1e4e247e12702/rules_xcodeproj.noindex/build_output_base/execroot/_main/bazel-out/ios_arm64-dbg-ios-arm64-min13.0-ST-faee4d1e8780/bin/submodules/Utils/ShelfPack/PublicHeaders -Xcc -I -Xcc /Volumes/dx/dev/_home/MTProxy/Telegram-iOS/submodules/TelegramUI/Components/Chat/ChatInputTextNode/ChatInputTextViewImpl/PublicHeaders -Xcc -I -Xcc /var/tmp/_bazel_afanasyev/9a39311ceb7a61706aa1e4e247e12702/rules_xcodeproj.noindex/build_output_base/execroot/_main/bazel-out/ios_arm64-dbg-ios-arm64-min13.0-ST-faee4d1e8780/bin/submodules/TelegramUI/Components/Chat/ChatInputTextNode/ChatInputTextViewImpl/PublicHeaders -Xcc -I -Xcc /Volumes/dx/dev/_home/MTProxy/Telegram-iOS/submodules/MimeTypes/PublicHeaders -Xcc -I -Xcc /var/tmp/_bazel_afanasyev/9a39311ceb7a61706aa1e4e247e12702/rules_xcodeproj.noindex/build_output_base/execroot/_main/bazel-out/ios_arm64-dbg-ios-arm64-min13.0-ST-faee4d1e8780/bin/submodules/MimeTypes/PublicHeaders -Xcc -I -Xcc /Volumes/dx/dev/_home/MTProxy/Telegram-iOS/third-party/ZipArchive/PublicHeaders -Xcc -I -Xcc /var/tmp/_bazel_afanasyev/9a39311ceb7a61706aa1e4e247e12702/rules_xcodeproj.noindex/build_output_base/execroot/_main/bazel-out/ios_arm64-dbg-ios-arm64-min13.0-ST-faee4d1e8780/bin/third-party/ZipArchive/PublicHeaders -Xcc -I -Xcc /Volumes/dx/dev/_home/MTProxy/Telegram-iOS/submodules/LottieCpp/lottiecpp/PublicHeaders -Xcc -I -Xcc /var/tmp/_bazel_afanasyev/9a39311ceb7a61706aa1e4e247e12702/rules_xcodeproj.noindex/build_output_base/execroot/_main/bazel-out/ios_arm64-dbg-ios-arm64-min13.0-ST-faee4d1e8780/bin/submodules/LottieCpp/lottiecpp/PublicHeaders -Xcc -I -Xcc /Volumes/dx/dev/_home/MTProxy/Telegram-iOS/submodules/DeviceProximity/PublicHeaders -Xcc -I -Xcc /var/tmp/_bazel_afanasyev/9a39311ceb7a61706aa1e4e247e12702/rules_xcodeproj.noindex/build_output_base/execroot/_main/bazel-out/ios_arm64-dbg-ios-arm64-min13.0-ST-faee4d1e8780/bin/submodules/DeviceProximity/PublicHeaders -Xcc -I -Xcc /Volumes/dx/dev/_home/MTProxy/Telegram-iOS/third-party/LibYuvBinding/PublicHeaders -Xcc -I -Xcc /var/tmp/_bazel_afanasyev/9a39311ceb7a61706aa1e4e247e12702/rules_xcodeproj.noindex/build_output_base/execroot/_main/bazel-out/ios_arm64-dbg-ios-arm64-min13.0-ST-faee4d1e8780/bin/third-party/LibYuvBinding/PublicHeaders -Xcc -I -Xcc /Volumes/dx/dev/_home/MTProxy/Telegram-iOS/submodules/libphonenumber/PublicHeaders -Xcc -I -Xcc /var/tmp/_bazel_afanasyev/9a39311ceb7a61706aa1e4e247e12702/rules_xcodeproj.noindex/build_output_base/execroot/_main/bazel-out/ios_arm64-dbg-ios-arm64-min13.0-ST-faee4d1e8780/bin/submodules/libphonenumber/PublicHeaders -Xcc -I -Xcc /Volumes/dx/dev/_home/MTProxy/Telegram-iOS/submodules/BuildConfig/PublicHeaders -Xcc -I -Xcc /var/tmp/_bazel_afanasyev/9a39311ceb7a61706aa1e4e247e12702/rules_xcodeproj.noindex/build_output_base/execroot/_main/bazel-out/ios_arm64-dbg-ios-arm64-min13.0-ST-faee4d1e8780/bin/submodules/BuildConfig/PublicHeaders -Xcc -I -Xcc /Volumes/dx/dev/_home/MTProxy/Telegram-iOS/submodules/BuildConfigExtra/PublicHeaders -Xcc -I -Xcc /var/tmp/_bazel_afanasyev/9a39311ceb7a61706aa1e4e247e12702/rules_xcodeproj.noindex/build_output_base/execroot/_main/bazel-out/ios_arm64-dbg-ios-arm64-min13.0-ST-faee4d1e8780/bin/submodules/BuildConfigExtra/PublicHeaders -Xcc -I -Xcc /Volumes/dx/dev/_home/MTProxy/Telegram-iOS/submodules/PKCS/PublicHeaders -Xcc -I -Xcc /var/tmp/_bazel_afanasyev/9a39311ceb7a61706aa1e4e247e12702/rules_xcodeproj.noindex/build_output_base/execroot/_main/bazel-out/ios_arm64-dbg-ios-arm64-min13.0-ST-faee4d1e8780/bin/submodules/PKCS/PublicHeaders -Xcc -I -Xcc /Volumes/dx/dev/_home/MTProxy/Telegram-iOS/submodules/Utils/LokiRng/PublicHeaders -Xcc -I -Xcc /var/tmp/_bazel_afanasyev/9a39311ceb7a61706aa1e4e247e12702/rules_xcodeproj.noindex/build_output_base/execroot/_main/bazel-out/ios_arm64-dbg-ios-arm64-min13.0-ST-faee4d1e8780/bin/submodules/Utils/LokiRng/PublicHeaders -Xcc -I -Xcc /Volumes/dx/dev/_home/MTProxy/Telegram-iOS/submodules/Stripe/PublicHeaders -Xcc -I -Xcc /var/tmp/_bazel_afanasyev/9a39311ceb7a61706aa1e4e247e12702/rules_xcodeproj.noindex/build_output_base/execroot/_main/bazel-out/ios_arm64-dbg-ios-arm64-min13.0-ST-faee4d1e8780/bin/submodules/Stripe/PublicHeaders -Xcc -I -Xcc /Volumes/dx/dev/_home/MTProxy/Telegram-iOS/submodules/EncryptionKeyVisualization/Impl/PublicHeaders -Xcc -I -Xcc /var/tmp/_bazel_afanasyev/9a39311ceb7a61706aa1e4e247e12702/rules_xcodeproj.noindex/build_output_base/execroot/_main/bazel-out/ios_arm64-dbg-ios-arm64-min13.0-ST-faee4d1e8780/bin/submodules/EncryptionKeyVisualization/Impl/PublicHeaders -Xcc -I -Xcc /Volumes/dx/dev/_home/MTProxy/Telegram-iOS/submodules/MonotonicTime/PublicHeaders -Xcc -I -Xcc /var/tmp/_bazel_afanasyev/9a39311ceb7a61706aa1e4e247e12702/rules_xcodeproj.noindex/build_output_base/execroot/_main/bazel-out/ios_arm64-dbg-ios-arm64-min13.0-ST-faee4d1e8780/bin/submodules/MonotonicTime/PublicHeaders -Xcc -I -Xcc /Volumes/dx/dev/_home/MTProxy/Telegram-iOS/submodules/RaiseToListen/Impl/PublicHeaders -Xcc -I -Xcc /var/tmp/_bazel_afanasyev/9a39311ceb7a61706aa1e4e247e12702/rules_xcodeproj.noindex/build_output_base/execroot/_main/bazel-out/ios_arm64-dbg-ios-arm64-min13.0-ST-faee4d1e8780/bin/submodules/RaiseToListen/Impl/PublicHeaders -Xcc -I -Xcc /Volumes/dx/dev/_home/MTProxy/Telegram-iOS/submodules/OpusBinding/PublicHeaders -Xcc -I -Xcc /var/tmp/_bazel_afanasyev/9a39311ceb7a61706aa1e4e247e12702/rules_xcodeproj.noindex/build_output_base/execroot/_main/bazel-out/ios_arm64-dbg-ios-arm64-min13.0-ST-faee4d1e8780/bin/submodules/OpusBinding/PublicHeaders -Xcc -I -Xcc /Volumes/dx/dev/_home/MTProxy/Telegram-iOS/submodules/ShareItems/Impl/PublicHeaders -Xcc -I -Xcc /var/tmp/_bazel_afanasyev/9a39311ceb7a61706aa1e4e247e12702/rules_xcodeproj.noindex/build_output_base/execroot/_main/bazel-out/ios_arm64-dbg-ios-arm64-min13.0-ST-faee4d1e8780/bin/submodules/ShareItems/Impl/PublicHeaders -Xcc -I -Xcc /Volumes/dx/dev/_home/MTProxy/Telegram-iOS/submodules/OpenSSLEncryptionProvider/PublicHeaders -Xcc -I -Xcc /var/tmp/_bazel_afanasyev/9a39311ceb7a61706aa1e4e247e12702/rules_xcodeproj.noindex/build_output_base/execroot/_main/bazel-out/ios_arm64-dbg-ios-arm64-min13.0-ST-faee4d1e8780/bin/submodules/OpenSSLEncryptionProvider/PublicHeaders -Xcc -I -Xcc /Volumes/dx/dev/_home/MTProxy/Telegram-iOS/submodules/ContactsHelper/PublicHeaders -Xcc -I -Xcc /var/tmp/_bazel_afanasyev/9a39311ceb7a61706aa1e4e247e12702/rules_xcodeproj.noindex/build_output_base/execroot/_main/bazel-out/ios_arm64-dbg-ios-arm64-min13.0-ST-faee4d1e8780/bin/submodules/ContactsHelper/PublicHeaders -Xcc -iquote -Xcc /var/tmp/_bazel_afanasyev/9a39311ceb7a61706aa1e4e247e12702/rules_xcodeproj.noindex/build_output_base/execroot/_main -Xcc -iquote -Xcc /var/tmp/_bazel_afanasyev/9a39311ceb7a61706aa1e4e247e12702/rules_xcodeproj.noindex/build_output_base/execroot/_main/bazel-out/ios_arm64-dbg-ios-arm64-min13.0-ST-faee4d1e8780/bin -Xcc -isystem -Xcc /Volumes/dx/dev/_home/MTProxy/Telegram-iOS/third-party/boringssl/src/include -Xcc -isystem -Xcc /var/tmp/_bazel_afanasyev/9a39311ceb7a61706aa1e4e247e12702/rules_xcodeproj.noindex/build_output_base/execroot/_main/bazel-out/ios_arm64-dbg-ios-arm64-min13.0-ST-faee4d1e8780/bin/third-party/boringssl/src/include -Xcc -isystem -Xcc /Volumes/dx/dev/_home/MTProxy/Telegram-iOS/third-party/boringssl/ssl_headers/src/include -Xcc -isystem -Xcc /var/tmp/_bazel_afanasyev/9a39311ceb7a61706aa1e4e247e12702/rules_xcodeproj.noindex/build_output_base/execroot/_main/bazel-out/ios_arm64-dbg-ios-arm64-min13.0-ST-faee4d1e8780/bin/third-party/boringssl/ssl_headers/src/include -Xcc -isystem -Xcc /Volumes/dx/dev/_home/MTProxy/Telegram-iOS/third-party/webrtc/opus_headers -Xcc -isystem -Xcc /var/tmp/_bazel_afanasyev/9a39311ceb7a61706aa1e4e247e12702/rules_xcodeproj.noindex/build_output_base/execroot/_main/bazel-out/ios_arm64-dbg-ios-arm64-min13.0-ST-faee4d1e8780/bin/third-party/webrtc/opus_headers -Xcc -isystem -Xcc /Volumes/dx/dev/_home/MTProxy/Telegram-iOS/third-party/libyuv/third_party/libyuv/include -Xcc -isystem -Xcc /var/tmp/_bazel_afanasyev/9a39311ceb7a61706aa1e4e247e12702/rules_xcodeproj.noindex/build_output_base/execroot/_main/bazel-out/ios_arm64-dbg-ios-arm64-min13.0-ST-faee4d1e8780/bin/third-party/libyuv/third_party/libyuv/include -Xcc -isystem -Xcc /Volumes/dx/dev/_home/MTProxy/Telegram-iOS/third-party/openh264 -Xcc -isystem -Xcc /var/tmp/_bazel_afanasyev/9a39311ceb7a61706aa1e4e247e12702/rules_xcodeproj.noindex/build_output_base/execroot/_main/bazel-out/ios_arm64-dbg-ios-arm64-min13.0-ST-faee4d1e8780/bin/third-party/openh264 -Xcc -isystem -Xcc /Volumes/dx/dev/_home/MTProxy/Telegram-iOS/third-party/webrtc/field_trials_header -Xcc -isystem -Xcc /var/tmp/_bazel_afanasyev/9a39311ceb7a61706aa1e4e247e12702/rules_xcodeproj.noindex/build_output_base/execroot/_main/bazel-out/ios_arm64-dbg-ios-arm64-min13.0-ST-faee4d1e8780/bin/third-party/webrtc/field_trials_header -Xcc -isystem -Xcc /Volumes/dx/dev/_home/MTProxy/Telegram-iOS/third-party/webrtc/crc32c -Xcc -isystem -Xcc /var/tmp/_bazel_afanasyev/9a39311ceb7a61706aa1e4e247e12702/rules_xcodeproj.noindex/build_output_base/execroot/_main/bazel-out/ios_arm64-dbg-ios-arm64-min13.0-ST-faee4d1e8780/bin/third-party/webrtc/crc32c -Xcc -isystem -Xcc /Volumes/dx/dev/_home/MTProxy/Telegram-iOS/third-party/webrtc/libsrtp_config -Xcc -isystem -Xcc /var/tmp/_bazel_afanasyev/9a39311ceb7a61706aa1e4e247e12702/rules_xcodeproj.noindex/build_output_base/execroot/_main/bazel-out/ios_arm64-dbg-ios-arm64-min13.0-ST-faee4d1e8780/bin/third-party/webrtc/libsrtp_config -Xcc -isystem -Xcc /Volumes/dx/dev/_home/MTProxy/Telegram-iOS/third-party/webrtc/rnnoise -Xcc -isystem -Xcc /var/tmp/_bazel_afanasyev/9a39311ceb7a61706aa1e4e247e12702/rules_xcodeproj.noindex/build_output_base/execroot/_main/bazel-out/ios_arm64-dbg-ios-arm64-min13.0-ST-faee4d1e8780/bin/third-party/webrtc/rnnoise -Xcc -isystem -Xcc /Volumes/dx/dev/_home/MTProxy/Telegram-iOS/third-party/webrtc/pffft -Xcc -isystem -Xcc /var/tmp/_bazel_afanasyev/9a39311ceb7a61706aa1e4e247e12702/rules_xcodeproj.noindex/build_output_base/execroot/_main/bazel-out/ios_arm64-dbg-ios-arm64-min13.0-ST-faee4d1e8780/bin/third-party/webrtc/pffft -Xcc -isystem -Xcc /Volumes/dx/dev/_home/MTProxy/Telegram-iOS/third-party/webrtc/libsrtp -Xcc -isystem -Xcc /var/tmp/_bazel_afanasyev/9a39311ceb7a61706aa1e4e247e12702/rules_xcodeproj.noindex/build_output_base/execroot/_main/bazel-out/ios_arm64-dbg-ios-arm64-min13.0-ST-faee4d1e8780/bin/third-party/webrtc/libsrtp -Xcc -DMINIMAL_ASDK -Xcc -fmodule-map-file=/Volumes/dx/dev/_home/MTProxy/Telegram-iOS/third-party/recaptcha/RecaptchaEnterprise.xcframework/ios-arm64/RecaptchaEnterprise.framework/Modules/module.modulemap -Xcc -fmodule-map-file=/var/tmp/_bazel_afanasyev/9a39311ceb7a61706aa1e4e247e12702/rules_xcodeproj.noindex/build_output_base/execroot/_main/bazel-out/ios_arm64-dbg-ios-arm64-min13.0-ST-faee4d1e8780/bin/submodules/SSignalKit/SSignalKit/SSignalKit_modulemap/_/module.modulemap -Xcc -fmodule-map-file=/var/tmp/_bazel_afanasyev/9a39311ceb7a61706aa1e4e247e12702/rules_xcodeproj.noindex/build_output_base/execroot/_main/bazel-out/ios_arm64-dbg-ios-arm64-min13.0-ST-faee4d1e8780/bin/submodules/AsyncDisplayKit/AsyncDisplayKit_modulemap/_/module.modulemap -Xcc -fmodule-map-file=/var/tmp/_bazel_afanasyev/9a39311ceb7a61706aa1e4e247e12702/rules_xcodeproj.noindex/build_output_base/execroot/_main/bazel-out/ios_arm64-dbg-ios-arm64-min13.0-ST-faee4d1e8780/bin/submodules/ObjCRuntimeUtils/ObjCRuntimeUtils_modulemap/_/module.modulemap -Xcc -fmodule-map-file=/var/tmp/_bazel_afanasyev/9a39311ceb7a61706aa1e4e247e12702/rules_xcodeproj.noindex/build_output_base/execroot/_main/bazel-out/ios_arm64-dbg-ios-arm64-min13.0-ST-faee4d1e8780/bin/submodules/UIKitRuntimeUtils/UIKitRuntimeUtils_modulemap/_/module.modulemap -Xcc -fmodule-map-file=/var/tmp/_bazel_afanasyev/9a39311ceb7a61706aa1e4e247e12702/rules_xcodeproj.noindex/build_output_base/execroot/_main/bazel-out/ios_arm64-dbg-ios-arm64-min13.0-ST-faee4d1e8780/bin/submodules/AppBundle/AppBundle_modulemap/_/module.modulemap -Xcc -fmodule-map-file=/var/tmp/_bazel_afanasyev/9a39311ceb7a61706aa1e4e247e12702/rules_xcodeproj.noindex/build_output_base/execroot/_main/bazel-out/ios_arm64-dbg-ios-arm64-min13.0-ST-faee4d1e8780/bin/submodules/Crc32/Crc32_modulemap/_/module.modulemap -Xcc -fmodule-map-file=/var/tmp/_bazel_afanasyev/9a39311ceb7a61706aa1e4e247e12702/rules_xcodeproj.noindex/build_output_base/execroot/_main/bazel-out/ios_arm64-dbg-ios-arm64-min13.0-ST-faee4d1e8780/bin/submodules/sqlcipher/sqlcipher_modulemap/_/module.modulemap -Xcc -fmodule-map-file=/var/tmp/_bazel_afanasyev/9a39311ceb7a61706aa1e4e247e12702/rules_xcodeproj.noindex/build_output_base/execroot/_main/bazel-out/ios_arm64-dbg-ios-arm64-min13.0-ST-faee4d1e8780/bin/submodules/MurMurHash32/MurMurHash32_modulemap/_/module.modulemap -Xcc -fmodule-map-file=/var/tmp/_bazel_afanasyev/9a39311ceb7a61706aa1e4e247e12702/rules_xcodeproj.noindex/build_output_base/execroot/_main/bazel-out/ios_arm64-dbg-ios-arm64-min13.0-ST-faee4d1e8780/bin/submodules/StringTransliteration/StringTransliteration_modulemap/_/module.modulemap -Xcc -fmodule-map-file=/var/tmp/_bazel_afanasyev/9a39311ceb7a61706aa1e4e247e12702/rules_xcodeproj.noindex/build_output_base/execroot/_main/bazel-out/ios_arm64-dbg-ios-arm64-min13.0-ST-faee4d1e8780/bin/submodules/CryptoUtils/CryptoUtils_modulemap/_/module.modulemap -Xcc -fmodule-map-file=/var/tmp/_bazel_afanasyev/9a39311ceb7a61706aa1e4e247e12702/rules_xcodeproj.noindex/build_output_base/execroot/_main/bazel-out/ios_arm64-dbg-ios-arm64-min13.0-ST-faee4d1e8780/bin/submodules/Utils/DarwinDirStat/DarwinDirStat_modulemap/_/module.modulemap -Xcc -fmodule-map-file=/var/tmp/_bazel_afanasyev/9a39311ceb7a61706aa1e4e247e12702/rules_xcodeproj.noindex/build_output_base/execroot/_main/bazel-out/ios_arm64-dbg-ios-arm64-min13.0-ST-faee4d1e8780/bin/submodules/EncryptionProvider/EncryptionProvider_modulemap/_/module.modulemap -Xcc -fmodule-map-file=/var/tmp/_bazel_afanasyev/9a39311ceb7a61706aa1e4e247e12702/rules_xcodeproj.noindex/build_output_base/execroot/_main/bazel-out/ios_arm64-dbg-ios-arm64-min13.0-ST-faee4d1e8780/bin/submodules/MtProtoKit/MtProtoKit_modulemap/_/module.modulemap -Xcc -fmodule-map-file=/var/tmp/_bazel_afanasyev/9a39311ceb7a61706aa1e4e247e12702/rules_xcodeproj.noindex/build_output_base/execroot/_main/bazel-out/ios_arm64-dbg-ios-arm64-min13.0-ST-faee4d1e8780/bin/submodules/NetworkLogging/NetworkLogging_modulemap/_/module.modulemap -Xcc -fmodule-map-file=/var/tmp/_bazel_afanasyev/9a39311ceb7a61706aa1e4e247e12702/rules_xcodeproj.noindex/build_output_base/execroot/_main/bazel-out/ios_arm64-dbg-ios-arm64-min13.0-ST-faee4d1e8780/bin/submodules/Reachability/LegacyReachability/LegacyReachability_modulemap/_/module.modulemap -Xcc -fmodule-map-file=/var/tmp/_bazel_afanasyev/9a39311ceb7a61706aa1e4e247e12702/rules_xcodeproj.noindex/build_output_base/execroot/_main/bazel-out/ios_arm64-dbg-ios-arm64-min13.0-ST-faee4d1e8780/bin/submodules/NumberPluralizationForm/NumberPluralizationForm_modulemap/_/module.modulemap -Xcc -fmodule-map-file=/var/tmp/_bazel_afanasyev/9a39311ceb7a61706aa1e4e247e12702/rules_xcodeproj.noindex/build_output_base/execroot/_main/bazel-out/ios_arm64-dbg-ios-arm64-min13.0-ST-faee4d1e8780/bin/submodules/Sunrise/Sunrise_modulemap/_/module.modulemap -Xcc -fmodule-map-file=/var/tmp/_bazel_afanasyev/9a39311ceb7a61706aa1e4e247e12702/rules_xcodeproj.noindex/build_output_base/execroot/_main/bazel-out/ios_arm64-dbg-ios-arm64-min13.0-ST-faee4d1e8780/bin/submodules/FastBlur/FastBlur_modulemap/_/module.modulemap -Xcc -fmodule-map-file=/var/tmp/_bazel_afanasyev/9a39311ceb7a61706aa1e4e247e12702/rules_xcodeproj.noindex/build_output_base/execroot/_main/bazel-out/ios_arm64-dbg-ios-arm64-min13.0-ST-faee4d1e8780/bin/Telegram/PresentationStrings_modulemap/_/module.modulemap -Xcc -fmodule-map-file=/var/tmp/_bazel_afanasyev/9a39311ceb7a61706aa1e4e247e12702/rules_xcodeproj.noindex/build_output_base/execroot/_main/bazel-out/ios_arm64-dbg-ios-arm64-min13.0-ST-faee4d1e8780/bin/third-party/boost_regex/boost_regex_modulemap/_/module.modulemap -Xcc -fmodule-map-file=/var/tmp/_bazel_afanasyev/9a39311ceb7a61706aa1e4e247e12702/rules_xcodeproj.noindex/build_output_base/execroot/_main/bazel-out/ios_arm64-dbg-ios-arm64-min13.0-ST-faee4d1e8780/bin/third-party/libprisma/libprisma_modulemap/_/module.modulemap -Xcc -fmodule-map-file=/var/tmp/_bazel_afanasyev/9a39311ceb7a61706aa1e4e247e12702/rules_xcodeproj.noindex/build_output_base/execroot/_main/bazel-out/ios_arm64-dbg-ios-arm64-min13.0-ST-faee4d1e8780/bin/third-party/libvpx/vpx_modulemap/_/module.modulemap -Xcc -fmodule-map-file=/var/tmp/_bazel_afanasyev/9a39311ceb7a61706aa1e4e247e12702/rules_xcodeproj.noindex/build_output_base/execroot/_main/bazel-out/ios_arm64-dbg-ios-arm64-min13.0-ST-faee4d1e8780/bin/third-party/opus/opus_modulemap/_/module.modulemap -Xcc -fmodule-map-file=/var/tmp/_bazel_afanasyev/9a39311ceb7a61706aa1e4e247e12702/rules_xcodeproj.noindex/build_output_base/execroot/_main/bazel-out/ios_arm64-dbg-ios-arm64-min13.0-ST-faee4d1e8780/bin/third-party/dav1d/dav1d_modulemap/_/module.modulemap -Xcc -fmodule-map-file=/var/tmp/_bazel_afanasyev/9a39311ceb7a61706aa1e4e247e12702/rules_xcodeproj.noindex/build_output_base/execroot/_main/bazel-out/ios_arm64-dbg-ios-arm64-min13.0-ST-faee4d1e8780/bin/submodules/ffmpeg/ffmpeg_modulemap/_/module.modulemap -Xcc -fmodule-map-file=/var/tmp/_bazel_afanasyev/9a39311ceb7a61706aa1e4e247e12702/rules_xcodeproj.noindex/build_output_base/execroot/_main/bazel-out/ios_arm64-dbg-ios-arm64-min13.0-ST-faee4d1e8780/bin/submodules/FFMpegBinding/FFMpegBinding_modulemap/_/module.modulemap -Xcc -fmodule-map-file=/var/tmp/_bazel_afanasyev/9a39311ceb7a61706aa1e4e247e12702/rules_xcodeproj.noindex/build_output_base/execroot/_main/bazel-out/ios_arm64-dbg-ios-arm64-min13.0-ST-faee4d1e8780/bin/submodules/RingBuffer/RingBuffer_modulemap/_/module.modulemap -Xcc -fmodule-map-file=/var/tmp/_bazel_afanasyev/9a39311ceb7a61706aa1e4e247e12702/rules_xcodeproj.noindex/build_output_base/execroot/_main/bazel-out/ios_arm64-dbg-ios-arm64-min13.0-ST-faee4d1e8780/bin/submodules/YuvConversion/YuvConversion_modulemap/_/module.modulemap -Xcc -fmodule-map-file=/var/tmp/_bazel_afanasyev/9a39311ceb7a61706aa1e4e247e12702/rules_xcodeproj.noindex/build_output_base/execroot/_main/bazel-out/ios_arm64-dbg-ios-arm64-min13.0-ST-faee4d1e8780/bin/submodules/TelegramUI/Components/AnimationCache/ImageDCT/ImageDCT_modulemap/_/module.modulemap -Xcc -fmodule-map-file=/var/tmp/_bazel_afanasyev/9a39311ceb7a61706aa1e4e247e12702/rules_xcodeproj.noindex/build_output_base/execroot/_main/bazel-out/ios_arm64-dbg-ios-arm64-min13.0-ST-faee4d1e8780/bin/submodules/LegacyComponents/LegacyComponents_modulemap/_/module.modulemap -Xcc -fmodule-map-file=/var/tmp/_bazel_afanasyev/9a39311ceb7a61706aa1e4e247e12702/rules_xcodeproj.noindex/build_output_base/execroot/_main/bazel-out/ios_arm64-dbg-ios-arm64-min13.0-ST-faee4d1e8780/bin/third-party/webp/webp_modulemap/_/module.modulemap -Xcc -fmodule-map-file=/var/tmp/_bazel_afanasyev/9a39311ceb7a61706aa1e4e247e12702/rules_xcodeproj.noindex/build_output_base/execroot/_main/bazel-out/ios_arm64-dbg-ios-arm64-min13.0-ST-faee4d1e8780/bin/submodules/WebPBinding/WebPBinding_modulemap/_/module.modulemap -Xcc -fmodule-map-file=/var/tmp/_bazel_afanasyev/9a39311ceb7a61706aa1e4e247e12702/rules_xcodeproj.noindex/build_output_base/execroot/_main/bazel-out/ios_arm64-dbg-ios-arm64-min13.0-ST-faee4d1e8780/bin/submodules/RMIntro/RMIntro_modulemap/_/module.modulemap -Xcc -fmodule-map-file=/var/tmp/_bazel_afanasyev/9a39311ceb7a61706aa1e4e247e12702/rules_xcodeproj.noindex/build_output_base/execroot/_main/bazel-out/ios_arm64-dbg-ios-arm64-min13.0-ST-faee4d1e8780/bin/submodules/GZip/GZip_modulemap/_/module.modulemap -Xcc -fmodule-map-file=/var/tmp/_bazel_afanasyev/9a39311ceb7a61706aa1e4e247e12702/rules_xcodeproj.noindex/build_output_base/execroot/_main/bazel-out/ios_arm64-dbg-ios-arm64-min13.0-ST-faee4d1e8780/bin/submodules/Svg/Svg_modulemap/_/module.modulemap -Xcc -fmodule-map-file=/var/tmp/_bazel_afanasyev/9a39311ceb7a61706aa1e4e247e12702/rules_xcodeproj.noindex/build_output_base/execroot/_main/bazel-out/ios_arm64-dbg-ios-arm64-min13.0-ST-faee4d1e8780/bin/third-party/mozjpeg/mozjpeg_modulemap/_/module.modulemap -Xcc -fmodule-map-file=/var/tmp/_bazel_afanasyev/9a39311ceb7a61706aa1e4e247e12702/rules_xcodeproj.noindex/build_output_base/execroot/_main/bazel-out/ios_arm64-dbg-ios-arm64-min13.0-ST-faee4d1e8780/bin/submodules/MozjpegBinding/MozjpegBinding_modulemap/_/module.modulemap -Xcc -fmodule-map-file=/var/tmp/_bazel_afanasyev/9a39311ceb7a61706aa1e4e247e12702/rules_xcodeproj.noindex/build_output_base/execroot/_main/bazel-out/ios_arm64-dbg-ios-arm64-min13.0-ST-faee4d1e8780/bin/third-party/webrtc/webrtc_modulemap/_/module.modulemap -Xcc -fmodule-map-file=/var/tmp/_bazel_afanasyev/9a39311ceb7a61706aa1e4e247e12702/rules_xcodeproj.noindex/build_output_base/execroot/_main/bazel-out/ios_arm64-dbg-ios-arm64-min13.0-ST-faee4d1e8780/bin/third-party/webrtc/webrtc_objc_modulemap/_/module.modulemap -Xcc -fmodule-map-file=/var/tmp/_bazel_afanasyev/9a39311ceb7a61706aa1e4e247e12702/rules_xcodeproj.noindex/build_output_base/execroot/_main/bazel-out/ios_arm64-dbg-ios-arm64-min13.0-ST-faee4d1e8780/bin/third-party/ogg/ogg_modulemap/_/module.modulemap -Xcc -fmodule-map-file=/var/tmp/_bazel_afanasyev/9a39311ceb7a61706aa1e4e247e12702/rules_xcodeproj.noindex/build_output_base/execroot/_main/bazel-out/ios_arm64-dbg-ios-arm64-min13.0-ST-faee4d1e8780/bin/third-party/opusfile/opusfile_modulemap/_/module.modulemap -Xcc -fmodule-map-file=/var/tmp/_bazel_afanasyev/9a39311ceb7a61706aa1e4e247e12702/rules_xcodeproj.noindex/build_output_base/execroot/_main/bazel-out/ios_arm64-dbg-ios-arm64-min13.0-ST-faee4d1e8780/bin/third-party/rnnoise/rnnoise_modulemap/_/module.modulemap -Xcc -fmodule-map-file=/var/tmp/_bazel_afanasyev/9a39311ceb7a61706aa1e4e247e12702/rules_xcodeproj.noindex/build_output_base/execroot/_main/bazel-out/ios_arm64-dbg-ios-arm64-min13.0-ST-faee4d1e8780/bin/third-party/td/td_modulemap/_/module.modulemap -Xcc -fmodule-map-file=/var/tmp/_bazel_afanasyev/9a39311ceb7a61706aa1e4e247e12702/rules_xcodeproj.noindex/build_output_base/execroot/_main/bazel-out/ios_arm64-dbg-ios-arm64-min13.0-ST-faee4d1e8780/bin/third-party/td/TdBinding_modulemap/_/module.modulemap -Xcc -fmodule-map-file=/var/tmp/_bazel_afanasyev/9a39311ceb7a61706aa1e4e247e12702/rules_xcodeproj.noindex/build_output_base/execroot/_main/bazel-out/ios_arm64-dbg-ios-arm64-min13.0-ST-faee4d1e8780/bin/submodules/TgVoipWebrtc/TgVoipWebrtc_modulemap/_/module.modulemap -Xcc -fmodule-map-file=/var/tmp/_bazel_afanasyev/9a39311ceb7a61706aa1e4e247e12702/rules_xcodeproj.noindex/build_output_base/execroot/_main/bazel-out/ios_arm64-dbg-ios-arm64-min13.0-ST-faee4d1e8780/bin/submodules/rlottie/RLottieBinding_modulemap/_/module.modulemap -Xcc -fmodule-map-file=/var/tmp/_bazel_afanasyev/9a39311ceb7a61706aa1e4e247e12702/rules_xcodeproj.noindex/build_output_base/execroot/_main/bazel-out/ios_arm64-dbg-ios-arm64-min13.0-ST-faee4d1e8780/bin/submodules/AnimationCompression/DctHuffman_modulemap/_/module.modulemap -Xcc -fmodule-map-file=/var/tmp/_bazel_afanasyev/9a39311ceb7a61706aa1e4e247e12702/rules_xcodeproj.noindex/build_output_base/execroot/_main/bazel-out/ios_arm64-dbg-ios-arm64-min13.0-ST-faee4d1e8780/bin/submodules/TelegramUI/Components/MeshTransform/MeshTransformApi/MeshTransformApi_modulemap/_/module.modulemap -Xcc -fmodule-map-file=/var/tmp/_bazel_afanasyev/9a39311ceb7a61706aa1e4e247e12702/rules_xcodeproj.noindex/build_output_base/execroot/_main/bazel-out/ios_arm64-dbg-ios-arm64-min13.0-ST-faee4d1e8780/bin/submodules/OverlayStatusController/Impl/OverlayStatusControllerImpl_modulemap/_/module.modulemap -Xcc -fmodule-map-file=/var/tmp/_bazel_afanasyev/9a39311ceb7a61706aa1e4e247e12702/rules_xcodeproj.noindex/build_output_base/execroot/_main/bazel-out/ios_arm64-dbg-ios-arm64-min13.0-ST-faee4d1e8780/bin/submodules/TelegramCallsUI/CallsEmoji/CallsEmoji_modulemap/_/module.modulemap -Xcc -fmodule-map-file=/var/tmp/_bazel_afanasyev/9a39311ceb7a61706aa1e4e247e12702/rules_xcodeproj.noindex/build_output_base/execroot/_main/bazel-out/ios_arm64-dbg-ios-arm64-min13.0-ST-faee4d1e8780/bin/submodules/Utils/ShelfPack/ShelfPack_modulemap/_/module.modulemap -Xcc -fmodule-map-file=/var/tmp/_bazel_afanasyev/9a39311ceb7a61706aa1e4e247e12702/rules_xcodeproj.noindex/build_output_base/execroot/_main/bazel-out/ios_arm64-dbg-ios-arm64-min13.0-ST-faee4d1e8780/bin/submodules/TelegramUI/Components/Chat/ChatInputTextNode/ChatInputTextViewImpl/ChatInputTextViewImpl_modulemap/_/module.modulemap -Xcc -fmodule-map-file=/var/tmp/_bazel_afanasyev/9a39311ceb7a61706aa1e4e247e12702/rules_xcodeproj.noindex/build_output_base/execroot/_main/bazel-out/ios_arm64-dbg-ios-arm64-min13.0-ST-faee4d1e8780/bin/submodules/MimeTypes/MimeTypes_modulemap/_/module.modulemap -Xcc -fmodule-map-file=/var/tmp/_bazel_afanasyev/9a39311ceb7a61706aa1e4e247e12702/rules_xcodeproj.noindex/build_output_base/execroot/_main/bazel-out/ios_arm64-dbg-ios-arm64-min13.0-ST-faee4d1e8780/bin/third-party/ZipArchive/ZipArchive_modulemap/_/module.modulemap -Xcc -fmodule-map-file=/var/tmp/_bazel_afanasyev/9a39311ceb7a61706aa1e4e247e12702/rules_xcodeproj.noindex/build_output_base/execroot/_main/bazel-out/ios_arm64-dbg-ios-arm64-min13.0-ST-faee4d1e8780/bin/submodules/LottieCpp/LottieCpp_modulemap/_/module.modulemap -Xcc -fmodule-map-file=/var/tmp/_bazel_afanasyev/9a39311ceb7a61706aa1e4e247e12702/rules_xcodeproj.noindex/build_output_base/execroot/_main/bazel-out/ios_arm64-dbg-ios-arm64-min13.0-ST-faee4d1e8780/bin/submodules/DeviceProximity/DeviceProximity_modulemap/_/module.modulemap -Xcc -fmodule-map-file=/var/tmp/_bazel_afanasyev/9a39311ceb7a61706aa1e4e247e12702/rules_xcodeproj.noindex/build_output_base/execroot/_main/bazel-out/ios_arm64-dbg-ios-arm64-min13.0-ST-faee4d1e8780/bin/third-party/LibYuvBinding/LibYuvBinding_modulemap/_/module.modulemap -Xcc -fmodule-map-file=/var/tmp/_bazel_afanasyev/9a39311ceb7a61706aa1e4e247e12702/rules_xcodeproj.noindex/build_output_base/execroot/_main/bazel-out/ios_arm64-dbg-ios-arm64-min13.0-ST-faee4d1e8780/bin/submodules/libphonenumber/libphonenumber_modulemap/_/module.modulemap -Xcc -fmodule-map-file=/var/tmp/_bazel_afanasyev/9a39311ceb7a61706aa1e4e247e12702/rules_xcodeproj.noindex/build_output_base/execroot/_main/bazel-out/ios_arm64-dbg-ios-arm64-min13.0-ST-faee4d1e8780/bin/submodules/BuildConfig/BuildConfig_modulemap/_/module.modulemap -Xcc -fmodule-map-file=/var/tmp/_bazel_afanasyev/9a39311ceb7a61706aa1e4e247e12702/rules_xcodeproj.noindex/build_output_base/execroot/_main/bazel-out/ios_arm64-dbg-ios-arm64-min13.0-ST-faee4d1e8780/bin/submodules/PKCS/PKCS_modulemap/_/module.modulemap -Xcc -fmodule-map-file=/var/tmp/_bazel_afanasyev/9a39311ceb7a61706aa1e4e247e12702/rules_xcodeproj.noindex/build_output_base/execroot/_main/bazel-out/ios_arm64-dbg-ios-arm64-min13.0-ST-faee4d1e8780/bin/submodules/BuildConfigExtra/BuildConfigExtra_modulemap/_/module.modulemap -Xcc -fmodule-map-file=/var/tmp/_bazel_afanasyev/9a39311ceb7a61706aa1e4e247e12702/rules_xcodeproj.noindex/build_output_base/execroot/_main/bazel-out/ios_arm64-dbg-ios-arm64-min13.0-ST-faee4d1e8780/bin/submodules/Utils/LokiRng/LokiRng_modulemap/_/module.modulemap -Xcc -fmodule-map-file=/var/tmp/_bazel_afanasyev/9a39311ceb7a61706aa1e4e247e12702/rules_xcodeproj.noindex/build_output_base/execroot/_main/bazel-out/ios_arm64-dbg-ios-arm64-min13.0-ST-faee4d1e8780/bin/submodules/Stripe/Stripe_modulemap/_/module.modulemap -Xcc -fmodule-map-file=/var/tmp/_bazel_afanasyev/9a39311ceb7a61706aa1e4e247e12702/rules_xcodeproj.noindex/build_output_base/execroot/_main/bazel-out/ios_arm64-dbg-ios-arm64-min13.0-ST-faee4d1e8780/bin/submodules/EncryptionKeyVisualization/Impl/EncryptionKeyVisualizationImpl_modulemap/_/module.modulemap -Xcc -fmodule-map-file=/var/tmp/_bazel_afanasyev/9a39311ceb7a61706aa1e4e247e12702/rules_xcodeproj.noindex/build_output_base/execroot/_main/bazel-out/ios_arm64-dbg-ios-arm64-min13.0-ST-faee4d1e8780/bin/submodules/MonotonicTime/MonotonicTime_modulemap/_/module.modulemap -Xcc -fmodule-map-file=/var/tmp/_bazel_afanasyev/9a39311ceb7a61706aa1e4e247e12702/rules_xcodeproj.noindex/build_output_base/execroot/_main/bazel-out/ios_arm64-dbg-ios-arm64-min13.0-ST-faee4d1e8780/bin/submodules/RaiseToListen/Impl/RaiseToListenImpl_modulemap/_/module.modulemap -Xcc -fmodule-map-file=/var/tmp/_bazel_afanasyev/9a39311ceb7a61706aa1e4e247e12702/rules_xcodeproj.noindex/build_output_base/execroot/_main/bazel-out/ios_arm64-dbg-ios-arm64-min13.0-ST-faee4d1e8780/bin/submodules/OpusBinding/OpusBinding_modulemap/_/module.modulemap -Xcc -fmodule-map-file=/var/tmp/_bazel_afanasyev/9a39311ceb7a61706aa1e4e247e12702/rules_xcodeproj.noindex/build_output_base/execroot/_main/bazel-out/ios_arm64-dbg-ios-arm64-min13.0-ST-faee4d1e8780/bin/submodules/ShareItems/Impl/ShareItemsImpl_modulemap/_/module.modulemap -Xcc -fmodule-map-file=/var/tmp/_bazel_afanasyev/9a39311ceb7a61706aa1e4e247e12702/rules_xcodeproj.noindex/build_output_base/execroot/_main/bazel-out/ios_arm64-dbg-ios-arm64-min13.0-ST-faee4d1e8780/bin/submodules/OpenSSLEncryptionProvider/OpenSSLEncryptionProvider_modulemap/_/module.modulemap -Xcc -fmodule-map-file=/var/tmp/_bazel_afanasyev/9a39311ceb7a61706aa1e4e247e12702/rules_xcodeproj.noindex/build_output_base/execroot/_main/bazel-out/ios_arm64-dbg-ios-arm64-min13.0-ST-faee4d1e8780/bin/submodules/ContactsHelper/ContactsHelper_modulemap/_/module.modulemap -Xfrontend -disable-autolink-framework -Xfrontend RecaptchaEnterprise -DMINIMAL_ASDK -Xfrontend -disable-clang-spi -enable-experimental-feature AccessLevelOnImport -static -Xcc -O0 -Xcc -DDEBUG=1 -Xcc -fstack-protector -Xcc -fstack-protector-all -j 8 -Xfrontend -checked-async-objc-bridging=on"
    export OTHER_SWIFT_STDLIB_TOOL_FLAGS=
    export OTHER_TAPI_FLAGS=
    export OutputFormat=
    export PACKAGE_TYPE=com.apple.package-type.wrapper.application
    export PASCAL_STRINGS=YES
    export PATH="/Applications/Xcode.app/Contents/Developer/usr/bin:/Users/afanasyev/yandex-cloud/bin:/opt/homebrew/opt/openjdk@17/bin:/Users/afanasyev/.local/bin:/usr/local/bin:/System/Cryptexes/App/usr/bin:/usr/bin:/bin:/usr/sbin:/sbin:/var/run/com.apple.security.cryptexd/codex.system/bootstrap/usr/local/bin:/var/run/com.apple.security.cryptexd/codex.system/bootstrap/usr/bin:/var/run/com.apple.security.cryptexd/codex.system/bootstrap/usr/appleinternal/bin:/opt/pkg/env/active/bin:/opt/pmk/env/global/bin:/Library/Apple/usr/bin:/opt/homebrew/bin"
    export PATH_PREFIXES_EXCLUDED_FROM_HEADER_DEPENDENCIES="/usr/include /usr/local/include /System/Library/Frameworks /System/Library/PrivateFrameworks /Applications/Xcode.app/Contents/Developer/Headers /Applications/Xcode.app/Contents/Developer/SDKs /Applications/Xcode.app/Contents/Developer/Platforms"
    export PBDEVELOPMENTPLIST_PATH=Telegram.app/pbdevelopment.plist
    export PBXCP_BITCODE_STRIP_MODE=
    export PBXCP_BITCODE_STRIP_TOOL=
    export PBXCP_EXCLUDE_SUBPATHS=
    export PBXCP_IGNORE_MISSING_INPUTS=NO
    export PBXCP_INCLUDE_ONLY_SUBPATHS=
    export PBXCP_STRIP_BITCODE=NO
    export PBXCP_STRIP_SUBPATHS=
    export PBXCP_STRIP_TOOL=
    export PBXCP_STRIP_UNSIGNED_BINARIES=NO
    export PER_ARCH_MODULE_FILE_DIR=/Modules
    export PFE_FILE_C_DIALECTS=
    export PKGINFO_PATH=Telegram.app/PkgInfo
    export PLATFORM_DEVELOPER_APPLICATIONS_DIR=/Applications/Xcode.app/Contents/Developer/Platforms/iPhoneOS.platform/Developer/Applications
    export PLATFORM_DEVELOPER_BIN_DIR=/Applications/Xcode.app/Contents/Developer/Platforms/iPhoneOS.platform/Developer/usr/bin
    export PLATFORM_DEVELOPER_LIBRARY_DIR=/Applications/Xcode.app/Contents/Developer/Platforms/iPhoneOS.platform/Developer/Library
    export PLATFORM_DEVELOPER_SDK_DIR=/Applications/Xcode.app/Contents/Developer/Platforms/iPhoneOS.platform/Developer/SDKs
    export PLATFORM_DEVELOPER_TOOLS_DIR=/Applications/Xcode.app/Contents/Developer/Platforms/iPhoneOS.platform/Developer/Tools
    export PLATFORM_DEVELOPER_USR_DIR=/Applications/Xcode.app/Contents/Developer/Platforms/iPhoneOS.platform/Developer/usr
    export PLATFORM_DIR=/Applications/Xcode.app/Contents/Developer/Platforms/iPhoneOS.platform
    export PLATFORM_DISPLAY_NAME=iOS
    export PLATFORM_NAME=iphoneos
    export PLATFORM_PREFERRED_ARCH=undefined_arch
    export PLATFORM_PRODUCT_BUILD_VERSION=23E5233a
    export PLIST_FILE_OUTPUT_FORMAT=binary
    export PLUGINS_FOLDER_PATH=Telegram.app/PlugIns
    export PRECOMPILE_PREFIX_HEADER=
    export PRECOMPS_INCLUDE_HEADERS_FROM_BUILT_PRODUCTS_DIR=YES
    export PRECOMP_DESTINATION_DIR=/Users/afanasyev/Library/Developer/Xcode/DerivedData/Telegram-bgradtrcdafgqwbewbqamjmitizp/Build/Intermediates.noindex/Telegram.build/bazel-out/ios_arm64-dbg-ios-arm64-min13.0-ST-faee4d1e8780/bin/Telegram/Telegram/PrefixHeaders
    export PREFIX_CFLAG_BASE=
    export PREFIX_FLAGS=
    export PREFIX_HEADER=
    export PREFIX_REFERENCE=
    export PRELINK_FLAGS=
    export PRELINK_LIBS=
    export PREVIEWS_SWIFT_INCLUDE__=
    export PREVIEWS_SWIFT_INCLUDE__NO=
    export PREVIEWS_SWIFT_INCLUDE__YES=-I/var/tmp/_bazel_afanasyev/9a39311ceb7a61706aa1e4e247e12702/rules_xcodeproj.noindex/build_output_base/execroot/_main/bazel-out/ios_arm64-dbg-ios-arm64-min13.0-ST-faee4d1e8780/bin/Telegram
    export PRIVATE_HEADERS_FOLDER_PATH=Telegram.app/PrivateHeaders
    export PROCESSED_INFOPLIST_PATH=/Users/afanasyev/Library/Developer/Xcode/DerivedData/Telegram-bgradtrcdafgqwbewbqamjmitizp/Build/Intermediates.noindex/Telegram.build/bazel-out/ios_arm64-dbg-ios-arm64-min13.0-ST-faee4d1e8780/bin/Telegram/Telegram/Objects-normal/undefined_arch/Processed-Info.plist
    export PRODUCT_BUNDLE_IDENTIFIER=org.toxeh.ChatOverTSPU
    export PRODUCT_BUNDLE_PACKAGE_TYPE=APPL
    export PRODUCT_DEFINITION_PLIST=
    export PRODUCT_MODULE_NAME=Lib
    export PRODUCT_NAME=Telegram
    export PRODUCT_TYPE=com.apple.product-type.application
    export PRODUCT_TYPE_SWIFT_STDLIB_TOOL_FLAGS=
    export PROFILING_CODE=NO
    export PROJECT=Telegram
    export PROJECT_DERIVED_FILE_DIR=/Users/afanasyev/Library/Developer/Xcode/DerivedData/Telegram-bgradtrcdafgqwbewbqamjmitizp/Build/Intermediates.noindex/Telegram.build/DerivedSources
    export PROJECT_DIR=/var/tmp/_bazel_afanasyev/9a39311ceb7a61706aa1e4e247e12702/rules_xcodeproj.noindex/build_output_base/execroot/_main
    export PROJECT_FILE_PATH=/Volumes/dx/dev/_home/MTProxy/Telegram-iOS/Telegram/Telegram.xcodeproj
    export PROJECT_NAME=Telegram
    export PROJECT_TEMP_DIR=/Users/afanasyev/Library/Developer/Xcode/DerivedData/Telegram-bgradtrcdafgqwbewbqamjmitizp/Build/Intermediates.noindex/Telegram.build
    export PROJECT_TEMP_ROOT=/Users/afanasyev/Library/Developer/Xcode/DerivedData/Telegram-bgradtrcdafgqwbewbqamjmitizp/Build/Intermediates.noindex
    export PROVISIONING_PROFILE=
    export PROVISIONING_PROFILE_DESTINATION_PATH=/Users/afanasyev/Library/Developer/Xcode/DerivedData/Telegram-bgradtrcdafgqwbewbqamjmitizp/Build/Products/Debug-iphoneos/bazel-out/ios_arm64-dbg-ios-arm64-min13.0-ST-faee4d1e8780/bin/Telegram/Telegram.app
    export PROVISIONING_PROFILE_REQUIRED=YES
    export PROVISIONING_PROFILE_REQUIRED_YES_YES=YES
    export PROVISIONING_PROFILE_SPECIFIER=
    export PROVISIONING_PROFILE_SUPPORTED=YES
    export PUBLIC_HEADERS_FOLDER_PATH=Telegram.app/Headers
    export PWD=/Volumes/dx/dev/_home/MTProxy/Telegram-iOS
    export REALITYASSET_DEPLOYMENT_TARGET=13.0
    export RECURSIVE_SEARCH_PATHS_FOLLOW_SYMLINKS=YES
    export REFERENCEOBJECT_STRIP_USDZ=NO
    export REGISTER_APP_GROUPS=
    export REMOVE_CVS_FROM_RESOURCES=YES
    export REMOVE_GIT_FROM_RESOURCES=YES
    export REMOVE_HEADERS_FROM_EMBEDDED_BUNDLES=YES
    export REMOVE_HEADER_DIRECTORIES=NO
    export REMOVE_HG_FROM_RESOURCES=YES
    export REMOVE_STATIC_EXECUTABLES_FROM_EMBEDDED_BUNDLES=YES
    export REMOVE_SVN_FROM_RESOURCES=YES
    export RESCHEDULE_INDEPENDENT_HEADERS_PHASES=YES
    export RESMERGER_SOURCES_FORK=auto
    export RESOLVED_REPOSITORIES="\"./external/rules_apple+\" \"/Volumes/dx/dev/_home/MTProxy/Telegram-iOS/build-system/bazel-rules/rules_apple\" \".\" \"/Volumes/dx/dev/_home/MTProxy/Telegram-iOS\""
    export RESOURCES_PLATFORM_NAME=
    export RESOURCES_UI_FRAMEWORK_FAMILY=
    export RESOURCE_RULES_PLIST_PATH=
    export RETAIN_RAW_BINARIES=
    export REZ_COLLECTOR_DIR=/Users/afanasyev/Library/Developer/Xcode/DerivedData/Telegram-bgradtrcdafgqwbewbqamjmitizp/Build/Intermediates.noindex/Telegram.build/bazel-out/ios_arm64-dbg-ios-arm64-min13.0-ST-faee4d1e8780/bin/Telegram/Telegram/ResourceManagerResources
    export REZ_EXECUTABLE=
    export REZ_OBJECTS_DIR=/Users/afanasyev/Library/Developer/Xcode/DerivedData/Telegram-bgradtrcdafgqwbewbqamjmitizp/Build/Intermediates.noindex/Telegram.build/bazel-out/ios_arm64-dbg-ios-arm64-min13.0-ST-faee4d1e8780/bin/Telegram/Telegram/ResourceManagerResources/Objects
    export REZ_PREFIX_FILE=
    export REZ_PREPROCESSOR_DEFINITIONS=
    export REZ_PREPROCESSOR_UNDEFINITIONS=
    export REZ_RESOLVE_ALIASES=Always
    export REZ_RESOURCE_MAP_READ_ONLY=NO
    export REZ_SCRIPT_TYPE=Roman
    export REZ_SEARCH_PATHS=
    export REZ_SHOW_DEBUG_OUTPUT=NO
    export REZ_SUPPRESS_REDECLARED_RESOURCE_TYPE_WARNINGS=NO
    export RULES_XCODEPROJ_BUILD_MODE=bazel
    export RUNTIME_EXCEPTION_ALLOW_DYLD_ENVIRONMENT_VARIABLES=NO
    export RUNTIME_EXCEPTION_ALLOW_JIT=NO
    export RUNTIME_EXCEPTION_ALLOW_UNSIGNED_EXECUTABLE_MEMORY=NO
    export RUNTIME_EXCEPTION_DEBUGGING_TOOL=NO
    export RUNTIME_EXCEPTION_DISABLE_EXECUTABLE_PAGE_PROTECTION=NO
    export RUNTIME_EXCEPTION_DISABLE_LIBRARY_VALIDATION=NO
    export RUN_CLANG_STATIC_ANALYZER=NO
    export RUN_DESTINATION_DEVICE_ECID=4908332150390814
    export RUN_DESTINATION_DEVICE_MODEL=iPhone14,2
    export RUN_DESTINATION_DEVICE_NAME="iPhone Anton"
    export RUN_DESTINATION_DEVICE_OS_VERSION=26.4
    export RUN_DESTINATION_DEVICE_PLATFORM_IDENTIFIER=com.apple.platform.iphoneos
    export RUN_DESTINATION_DEVICE_PLATFORM_NAME=iphoneos
    export RUN_DESTINATION_DEVICE_UDID=00008110-0011701A2243801E
    export RUN_DESTINATION_DEVICE_UUID=425DF477-EF0F-5569-A999-F2154FBD6AA9
    export RUN_DOCUMENTATION_COMPILER=NO
    export RemoveFile=
    export SCAN_ALL_SOURCE_FILES_FOR_INCLUDES=NO
    export SCENEKIT_DEPLOYMENT_TARGET=13.0
    export SCHEME_ACTION_NAME="Initialize Bazel Build Output Groups File"
    export SCHEME_NAME=Telegram
    export SCRIPTS_FOLDER_PATH=Telegram.app/Scripts
    export SDKDB_TO_SYMGRAPH_EXEC=/Applications/Xcode.app/Contents/Developer/../SharedFrameworks/CoreDocumentation.framework/Resources/sdkdb_to_symgraph
    export SDKROOT=iphoneos26.4
    export SDK_DIR=/Applications/Xcode.app/Contents/Developer/Platforms/iPhoneOS.platform/Developer/SDKs/iPhoneOS26.4.sdk
    export SDK_DIR_iphoneos26_4=/Applications/Xcode.app/Contents/Developer/Platforms/iPhoneOS.platform/Developer/SDKs/iPhoneOS26.4.sdk
    export SDK_NAME=iphoneos26.4
    export SDK_NAMES=iphoneos26.4
    export SDK_PRODUCT_BUILD_VERSION=23E5233a
    export SDK_STAT_CACHE_ENABLE=YES
    export SDK_STAT_CACHE_VERBOSE_LOGGING=NO
    export SDK_VERSION=26.4
    export SDK_VERSION_ACTUAL=260400
    export SDK_VERSION_MAJOR=260000
    export SDK_VERSION_MINOR=260400
    export SECTORDER_FLAGS=
    export SED=/usr/bin/sed
    export SEPARATE_STRIP=NO
    export SEPARATE_SYMBOL_EDIT=NO
    export SETTING_DefaultValue_NO_NO=NO
    export SETTING_DefaultValue_NO_YES=YES
    export SETTING_DefaultValue_YES_NO=YES
    export SETTING_DefaultValue_YES_YES=YES
    export SETTING_DefaultValue__=NO
    export SET_DIR_MODE_OWNER_GROUP=YES
    export SET_FILE_MODE_OWNER_GROUP=NO
    export SHALLOW_BUNDLE=YES
    export SHALLOW_BUNDLE_PLATFORM=
    export SHALLOW_BUNDLE_TRIPLE=ios
    export SHALLOW_BUNDLE_ios_macabi=NO
    export SHALLOW_BUNDLE_macos=NO
    export SHARED_DERIVED_FILE_DIR=/Users/afanasyev/Library/Developer/Xcode/DerivedData/Telegram-bgradtrcdafgqwbewbqamjmitizp/Build/Products/Debug-iphoneos/bazel-out/ios_arm64-dbg-ios-arm64-min13.0-ST-faee4d1e8780/bin/Telegram/DerivedSources
    export SHARED_FRAMEWORKS_FOLDER_PATH=Telegram.app/SharedFrameworks
    export SHARED_PRECOMPS_DIR=/Users/afanasyev/Library/Developer/Xcode/DerivedData/Telegram-bgradtrcdafgqwbewbqamjmitizp/Build/Intermediates.noindex/PrecompiledHeaders
    export SHARED_SUPPORT_FOLDER_PATH=Telegram.app/SharedSupport
    export SHELL=/bin/bash
    export SHLVL=2
    export SKIP_INSTALL=NO
    export SKIP_MERGEABLE_LIBRARY_BUNDLE_HOOK=NO
    export SOURCE_ROOT=/Volumes/dx/dev/_home/MTProxy/Telegram-iOS
    export SRCROOT=/Volumes/dx/dev/_home/MTProxy/Telegram-iOS
    export SSH_AUTH_SOCK=/var/run/com.apple.launchd.zwgSDzAomW/Listeners
    export STORYBOARD_COMPILER_INFOPLIST_CONTENT_FILE=/Users/afanasyev/Library/Developer/Xcode/DerivedData/Telegram-bgradtrcdafgqwbewbqamjmitizp/Build/Intermediates.noindex/Telegram.build/bazel-out/ios_arm64-dbg-ios-arm64-min13.0-ST-faee4d1e8780/bin/Telegram/Telegram/-SBPartialInfo.plist
    export STRINGSDATA_DIR=/undefined_arch
    export STRINGSDATA_ROOT=/Users/afanasyev/Library/Developer/Xcode/DerivedData/Telegram-bgradtrcdafgqwbewbqamjmitizp/Build/Intermediates.noindex/Telegram.build/bazel-out/ios_arm64-dbg-ios-arm64-min13.0-ST-faee4d1e8780/bin/Telegram/Telegram
    export STRINGS_FILE_INFOPLIST_RENAME=YES
    export STRINGS_FILE_INPUT_ENCODING=
    export STRINGS_FILE_OUTPUT_ENCODING=binary
    export STRINGS_FILE_OUTPUT_FILENAME=
    export STRING_CATALOG_GENERATE_SYMBOLS=NO
    export STRIPFLAGS=
    export STRIP_BITCODE_FROM_COPIED_FILES=YES
    export STRIP_DETERMINISTIC_MODE=YES
    export STRIP_INSTALLED_PRODUCT=YES
    export STRIP_PNG_TEXT=YES
    export STRIP_STYLE=all
    export STRIP_SWIFT_SYMBOLS=YES
    export SUPPORTED_DEVICE_FAMILIES=1,2
    export SUPPORTED_PLATFORMS="iphonesimulator iphoneos"
    export SUPPORTS_MACCATALYST=NO
    export SUPPORTS_MAC_DESIGNED_FOR_IPHONE_IPAD=YES
    export SUPPORTS_ON_DEMAND_RESOURCES=YES
    export SUPPORTS_TEXT_BASED_API=NO
    export SUPPORTS_XR_DESIGNED_FOR_IPHONE_IPAD=YES
    export SUPPRESS_WARNINGS=NO
    export SWIFTC_ALTERNATE_LINKER=
    export SWIFTC_CLANG_COVERAGE_MAPPING_LINKER_ARGS=NO
    export SWIFTC_LD_DYLIB_INSTALL_NAME=
    export SWIFTC_LD_EXPORT_GLOBAL_SYMBOLS=NO
    export SWIFTC_LD_SUPPRESS_WARNINGS=NO
    export SWIFTC_LD_THREAD_SANITIZER=
    export SWIFTC_LINK_WITH_STANDARD_LIBRARIES=YES
    export SWIFTC_MACH_O_TYPE=mh_execute
    export SWIFTC_PASS_SDKROOT=YES
    export SWIFTC_RESOURCE_DIR=
    export SWIFTC_SDKROOT_LINKER_INPUT=iphoneos26.4
    export SWIFTC_SYSTEM_FRAMEWORK_SEARCH_PATHS=
    export SWIFTC__INPUT_FILE_LIST_PATH__=
    export SWIFT_ACTIVE_COMPILATION_CONDITIONS=
    export SWIFT_ADDITIONAL_LINKER_ARGS_OUTPUT_PATH=/Lib-linker-args.resp
    export SWIFT_ADDRESS_SANITIZER=
    export SWIFT_ADDRESS_SANITIZER_ALLOW_ERROR_RECOVERY=
    export SWIFT_ALLOW_INSTALL_OBJC_HEADER=YES
    export SWIFT_API_DIGESTER_MODE=abi
    export SWIFT_APPROACHABLE_CONCURRENCY=NO
    export SWIFT_AUTOLINK_EXTRACT_OUTPUT_PATH=/Lib-swiftbuild.autolink
    export SWIFT_BRIDGING_HEADER_IS_INTERNAL=NO
    export SWIFT_CLANG_CXX_LANGUAGE_STANDARD=objc-compiler-default
    export SWIFT_CLANG_CXX_STANDARD_LIBRARY_HARDENING=debug
    export SWIFT_COHORT_ARCHS=
    export SWIFT_COMPILATION_MODE=singlefile
    export SWIFT_CROSS_MODULE_OPTIMIZATION=NO
    export SWIFT_DEBUG_INFORMATION_FORMAT=dwarf
    export SWIFT_DEBUG_INFORMATION_VERSION=compiler-default
    export SWIFT_DEFAULT_ACTOR_ISOLATION=nonisolated
    export SWIFT_DEPLOYMENT_TARGET=13.0
    export SWIFT_DISABLE_SAFETY_CHECKS=NO
    export SWIFT_EAGER_MODULE_EMISSION_IN_WMO=YES
    export SWIFT_EMIT_LOC_STRINGS=NO
    export SWIFT_EMIT_MODULE_INTERFACE=NO
    export SWIFT_ENABLE_APP_EXTENSION=NO
    export SWIFT_ENABLE_BARE_SLASH_REGEX=YES
    export SWIFT_ENABLE_BATCH_MODE=YES
    export SWIFT_ENABLE_COMPILE_CACHE=
    export SWIFT_ENABLE_EMIT_CONST_VALUES=NO
    export SWIFT_ENABLE_EXPLICIT_MODULES=NO
    export SWIFT_ENABLE_INCREMENTAL_COMPILATION=YES
    export SWIFT_ENABLE_LAYOUT_STRING_VALUE_WITNESSES=NO
    export SWIFT_ENABLE_LIBRARY_EVOLUTION=NO
    export SWIFT_ENABLE_OPAQUE_TYPE_ERASURE=NO
    export SWIFT_ENABLE_PREFIX_MAPPING=
    export SWIFT_ENABLE_TESTABILITY=NO
    export SWIFT_ENFORCE_EXCLUSIVE_ACCESS=default
    export SWIFT_EXEC=/Volumes/dx/dev/_home/MTProxy/Telegram-iOS/Telegram/Telegram.xcodeproj/rules_xcodeproj/bazel/swiftc
    export SWIFT_EXPERIMENTAL_FEATURE_DEBUG_DESCRIPTION_MACRO=YES
    export SWIFT_GENERATE_ADDITIONAL_LINKER_ARGS=NO
    export SWIFT_INDEX_STORE_COMPRESS=NO
    export SWIFT_INDEX_STORE_ENABLE=YES
    export SWIFT_INDEX_STORE_ONLY_PROJECT_FILES=NO
    export SWIFT_INDEX_STORE_PATH=/Users/afanasyev/Library/Developer/Xcode/DerivedData/Telegram-bgradtrcdafgqwbewbqamjmitizp/Index.noindex/DataStore
    export SWIFT_INSTALL_MODULE=YES
    export SWIFT_INSTALL_MODULE_ABI_DESCRIPTOR=YES
    export SWIFT_INSTALL_OBJC_HEADER=YES
    export SWIFT_LIBFUZZER=
    export SWIFT_LIBRARIES_ONLY=NO
    export SWIFT_LIBRARY_PATH=
    export SWIFT_LINK_OBJC_RUNTIME=
    export SWIFT_LTO=NO
    export SWIFT_MODULES_AUTOLINK=YES
    export SWIFT_MODULE_ALIASES=
    export SWIFT_MODULE_NAME=Lib
    export SWIFT_OBJC_BRIDGING_HEADER=
    export SWIFT_OBJC_INTERFACE_HEADER_NAME=
    export SWIFT_OBJC_INTEROP_MODE=objc
    export SWIFT_OMIT_FRAME_POINTERS=compiler-default
    export SWIFT_OPTIMIZATION_LEVEL=-Onone
    export SWIFT_OTHER_PREFIX_MAPPINGS=
    export SWIFT_OVERLOAD_PREBUILT_MODULE_CACHE_PATH=
    export SWIFT_PACKAGE_NAME=
    export SWIFT_PLATFORM_TARGET_PREFIX=ios
    export SWIFT_PRECOMPILE_BRIDGING_HEADER=YES
    export SWIFT_REFLECTION_METADATA_LEVEL=all
    export SWIFT_RESOURCE_DIR=
    export SWIFT_RESPONSE_FILE_PATH=
    export SWIFT_SERIALIZE_DEBUGGING_OPTIONS=YES
    export SWIFT_SKIP_AUTOLINKING_ALL_FRAMEWORKS=NO
    export SWIFT_STDLIB=swiftCore
    export SWIFT_STDLIB_TOOL_ACTION=
    export SWIFT_STDLIB_TOOL_CODE_SIGN_IDENTITY=
    export SWIFT_STDLIB_TOOL_DESTINATION_DIR=/Users/afanasyev/Library/Developer/Xcode/DerivedData/Telegram-bgradtrcdafgqwbewbqamjmitizp/Build/Products/Debug-iphoneos/bazel-out/ios_arm64-dbg-ios-arm64-min13.0-ST-faee4d1e8780/bin/Telegram/Telegram.app/Frameworks
    export SWIFT_STDLIB_TOOL_EXECUTABLE_TO_SCAN=
    export SWIFT_STDLIB_TOOL_FOLDERS_TO_SCAN=
    export SWIFT_STDLIB_TOOL_KEYCHAIN=
    export SWIFT_STDLIB_TOOL_OTHER_CODE_SIGN_FLAGS=
    export SWIFT_STDLIB_TOOL_SOURCE_LIBRARIES=
    export SWIFT_STDLIB_TOOL_STRIP_BITCODE=YES
    export SWIFT_STDLIB_TOOL_TOOLCHAINS="/var/run/com.apple.security.cryptexd/mnt/com.apple.MobileAsset.MetalToolchain-v17.5.5179.6.ng60e4/Metal.xctoolchain /Applications/Xcode.app/Contents/Developer/Toolchains/XcodeDefault.xctoolchain"
    export SWIFT_STDLIB_TOOL_UNSIGNED_DESTINATION_DIR=
    export SWIFT_STDLIB_TOOL_VERBOSITY=verbose
    export SWIFT_STRICT_CONCURRENCY=minimal
    export SWIFT_STRICT_CONCURRENCY_DEFAULT=minimal
    export SWIFT_STRICT_CONCURRENCY_IN_SWIFT_VERSION_6_0=complete
    export SWIFT_STRICT_MEMORY_SAFETY=NO
    export SWIFT_SUPPRESS_WARNINGS=NO
    export SWIFT_SYSTEM_INCLUDE_PATHS=
    export SWIFT_TARGET_TRIPLE=undefined_arch-apple-ios13.0
    export SWIFT_THREAD_SANITIZER=
    export SWIFT_TREAT_WARNINGS_AS_ERRORS=NO
    export SWIFT_UPCOMING_FEATURE_6_0=NO
    export SWIFT_UPCOMING_FEATURE_CONCISE_MAGIC_FILE=NO
    export SWIFT_UPCOMING_FEATURE_DEPRECATE_APPLICATION_MAIN=NO
    export SWIFT_UPCOMING_FEATURE_DISABLE_OUTWARD_ACTOR_ISOLATION=NO
    export SWIFT_UPCOMING_FEATURE_DYNAMIC_ACTOR_ISOLATION=NO
    export SWIFT_UPCOMING_FEATURE_EXISTENTIAL_ANY=No
    export SWIFT_UPCOMING_FEATURE_FORWARD_TRAILING_CLOSURES=NO
    export SWIFT_UPCOMING_FEATURE_GLOBAL_ACTOR_ISOLATED_TYPES_USABILITY=NO
    export SWIFT_UPCOMING_FEATURE_GLOBAL_CONCURRENCY=NO
    export SWIFT_UPCOMING_FEATURE_IMPLICIT_OPEN_EXISTENTIALS=NO
    export SWIFT_UPCOMING_FEATURE_IMPORT_OBJC_FORWARD_DECLS=NO
    export SWIFT_UPCOMING_FEATURE_INFER_ISOLATED_CONFORMANCES=NO
    export SWIFT_UPCOMING_FEATURE_INFER_SENDABLE_FROM_CAPTURES=NO
    export SWIFT_UPCOMING_FEATURE_INTERNAL_IMPORTS_BY_DEFAULT=NO
    export SWIFT_UPCOMING_FEATURE_ISOLATED_DEFAULT_VALUES=NO
    export SWIFT_UPCOMING_FEATURE_MEMBER_IMPORT_VISIBILITY=NO
    export SWIFT_UPCOMING_FEATURE_NONFROZEN_ENUM_EXHAUSTIVITY=NO
    export SWIFT_UPCOMING_FEATURE_NONISOLATED_NONSENDING_BY_DEFAULT=NO
    export SWIFT_UPCOMING_FEATURE_REGION_BASED_ISOLATION=NO
    export SWIFT_USE_INTEGRATED_DRIVER=NO
    export SWIFT_USE_PARALLEL_WHOLE_MODULE_OPTIMIZATION=YES
    export SWIFT_USE_PARALLEL_WMO_TARGETS=YES
    export SWIFT_VALIDATE_CLANG_MODULES_ONCE_PER_BUILD_SESSION=YES
    export SWIFT_VERSION=5.0
    export SWIFT_WARNINGS_AS_ERRORS_GROUPS=
    export SWIFT_WARNINGS_AS_WARNINGS_GROUPS=
    export SWIFT_WHOLE_MODULE_OPTIMIZATION=NO
    export SYMBOL_GRAPH_EXTRACTOR_EXEC=swift-symbolgraph-extract
    export SYMBOL_GRAPH_EXTRACTOR_MODULE_CACHE_PATH=/Users/afanasyev/Library/Developer/Xcode/DerivedData/ModuleCache.noindex
    export SYMBOL_GRAPH_EXTRACTOR_MODULE_NAME=Lib
    export SYMBOL_GRAPH_EXTRACTOR_OUTPUT_BASE=/Users/afanasyev/Library/Developer/Xcode/DerivedData/Telegram-bgradtrcdafgqwbewbqamjmitizp/Build/Intermediates.noindex/Telegram.build/bazel-out/ios_arm64-dbg-ios-arm64-min13.0-ST-faee4d1e8780/bin/Telegram/Telegram/symbol-graph
    export SYMBOL_GRAPH_EXTRACTOR_OUTPUT_DIR=/Users/afanasyev/Library/Developer/Xcode/DerivedData/Telegram-bgradtrcdafgqwbewbqamjmitizp/Build/Intermediates.noindex/Telegram.build/bazel-out/ios_arm64-dbg-ios-arm64-min13.0-ST-faee4d1e8780/bin/Telegram/Telegram/symbol-graph/swift/undefined_arch-apple-ios13.0
    export SYMBOL_GRAPH_EXTRACTOR_SDK=iphoneos26.4
    export SYMBOL_GRAPH_EXTRACTOR_SEARCH_PATHS=
    export SYMBOL_GRAPH_EXTRACTOR_SWIFT_VERSION=5.0
    export SYMBOL_GRAPH_EXTRACTOR_TARGET_TRIPLE=undefined_arch-apple-ios13.0
    export SYMBOL_HEADER=
    export SYMROOT=/Users/afanasyev/Library/Developer/Xcode/DerivedData/Telegram-bgradtrcdafgqwbewbqamjmitizp/Build/Products
    export SYSTEM_ADMIN_APPS_DIR=/Applications/Utilities
    export SYSTEM_APPS_DIR=/Applications
    export SYSTEM_CORE_SERVICES_DIR=/System/Library/CoreServices
    export SYSTEM_DEMOS_DIR=/Applications/Extras
    export SYSTEM_DEVELOPER_APPS_DIR=/Applications/Xcode.app/Contents/Developer/Applications
    export SYSTEM_DEVELOPER_BIN_DIR=/Applications/Xcode.app/Contents/Developer/usr/bin
    export SYSTEM_DEVELOPER_DEMOS_DIR="/Applications/Xcode.app/Contents/Developer/Applications/Utilities/Built Examples"
    export SYSTEM_DEVELOPER_DIR=/Applications/Xcode.app/Contents/Developer
    export SYSTEM_DEVELOPER_DOC_DIR="/Applications/Xcode.app/Contents/Developer/ADC Reference Library"
    export SYSTEM_DEVELOPER_EXECUTABLES_DIR=
    export SYSTEM_DEVELOPER_GRAPHICS_TOOLS_DIR="/Applications/Xcode.app/Contents/Developer/Applications/Graphics Tools"
    export SYSTEM_DEVELOPER_JAVA_TOOLS_DIR="/Applications/Xcode.app/Contents/Developer/Applications/Java Tools"
    export SYSTEM_DEVELOPER_PERFORMANCE_TOOLS_DIR="/Applications/Xcode.app/Contents/Developer/Applications/Performance Tools"
    export SYSTEM_DEVELOPER_RELEASENOTES_DIR="/Applications/Xcode.app/Contents/Developer/ADC Reference Library/releasenotes"
    export SYSTEM_DEVELOPER_TOOLS=/Applications/Xcode.app/Contents/Developer/Tools
    export SYSTEM_DEVELOPER_TOOLS_DOC_DIR="/Applications/Xcode.app/Contents/Developer/ADC Reference Library/documentation/DeveloperTools"
    export SYSTEM_DEVELOPER_TOOLS_RELEASENOTES_DIR="/Applications/Xcode.app/Contents/Developer/ADC Reference Library/releasenotes/DeveloperTools"
    export SYSTEM_DEVELOPER_USR_DIR=/Applications/Xcode.app/Contents/Developer/usr
    export SYSTEM_DEVELOPER_UTILITIES_DIR=/Applications/Xcode.app/Contents/Developer/Applications/Utilities
    export SYSTEM_DEXT_INSTALL_PATH=/System/Library/DriverExtensions
    export SYSTEM_DOCUMENTATION_DIR=/Library/Documentation
    export SYSTEM_EXTENSIONS_FOLDER_PATH=Telegram.app/SystemExtensions
    export SYSTEM_EXTENSIONS_FOLDER_PATH_SHALLOW_BUNDLE_NO=Telegram.app/Library/SystemExtensions
    export SYSTEM_EXTENSIONS_FOLDER_PATH_SHALLOW_BUNDLE_YES=Telegram.app/SystemExtensions
    export SYSTEM_FRAMEWORK_SEARCH_PATHS=
    export SYSTEM_HEADER_SEARCH_PATHS=
    export SYSTEM_KEXT_INSTALL_PATH=/System/Library/Extensions
    export SYSTEM_LIBRARY_DIR=/System/Library
    export SYSTEM_LIBRARY_EXECUTABLES_DIR=
    export ShallowBundle=YES
    export SigningCert=
    export SkipEmbeddedFrameworksValidation=
    export TAPI_APPLICATION_EXTENSION_API_ONLY=NO
    export TAPI_DEMANGLE=YES
    export TAPI_DYLIB_ALLOWABLE_CLIENTS=
    export TAPI_DYLIB_COMPATIBILITY_VERSION=
    export TAPI_DYLIB_CURRENT_VERSION=
    export TAPI_DYLIB_INSTALL_NAME=
    export TAPI_EMIT_PROFILING_SYMBOLS=YES
    export TAPI_ENABLE_MODULES=NO
    export TAPI_ENABLE_PROJECT_HEADERS=NO
    export TAPI_ENABLE_VERIFICATION_MODE=YES
    export TAPI_EXCLUDE_PRIVATE_HEADERS=
    export TAPI_EXCLUDE_PROJECT_HEADERS=
    export TAPI_EXCLUDE_PUBLIC_HEADERS=
    export TAPI_EXEC=/usr/bin/true
    export TAPI_EXTRACT_API_ENABLE_MODULES=NO
    export TAPI_EXTRACT_API_ENABLE_OBJC_ARC=YES
    export TAPI_EXTRACT_API_MODULE_CACHE_PATH=/Users/afanasyev/Library/Developer/Xcode/DerivedData/ModuleCache.noindex
    export TAPI_EXTRACT_API_OUTPUT_DIR=/Users/afanasyev/Library/Developer/Xcode/DerivedData/Telegram-bgradtrcdafgqwbewbqamjmitizp/Build/Intermediates.noindex/Telegram.build/bazel-out/ios_arm64-dbg-ios-arm64-min13.0-ST-faee4d1e8780/bin/Telegram/Telegram/symbol-graph/clang/undefined_arch-apple-ios13.0
    export TAPI_EXTRACT_API_SDKDB_OUTPUT_PATH=/Users/afanasyev/Library/Developer/Xcode/DerivedData/Telegram-bgradtrcdafgqwbewbqamjmitizp/Build/Intermediates.noindex/Telegram.build/bazel-out/ios_arm64-dbg-ios-arm64-min13.0-ST-faee4d1e8780/bin/Telegram/Telegram/symbol-graph/clang/undefined_arch-apple-ios13.0/Telegram.sdkdb
    export TAPI_EXTRACT_API_SEARCH_PATHS=
    export TAPI_EXTRACT_API_SYSTEM_ROOT=iphoneos26.4
    export TAPI_EXTRACT_API_TARGET_TRIPLE=undefined_arch-apple-ios13.0
    export TAPI_EXTRA_PRIVATE_HEADERS=
    export TAPI_EXTRA_PROJECT_HEADERS=
    export TAPI_EXTRA_PUBLIC_HEADERS=
    export TAPI_FRAMEWORK_SEARCH_PATHS=
    export TAPI_HEADER_SEARCH_PATHS=
    export TAPI_LANGUAGE=objective-c
    export TAPI_LANGUAGE_STANDARD=compiler-default
    export TAPI_LIBRARY_SEARCH_PATHS=
    export TAPI_MODULES_VALIDATE_SYSTEM_HEADERS=NO
    export TAPI_MODULE_CACHE_PATH=/Users/afanasyev/Library/Developer/Xcode/DerivedData/ModuleCache.noindex
    export TAPI_PREPROCESSOR_DEFINITIONS=" "
    export TAPI_PRODUCT_TYPE=com.apple.product-type.application
    export TAPI_READ_DSYM=YES
    export TAPI_REEXPORTED_FRAMEWORK_INSTALL_NAMES=
    export TAPI_REEXPORTED_FRAMEWORK_NAMES=
    export TAPI_REEXPORTED_LIBRARY_INSTALL_NAMES=
    export TAPI_REEXPORTED_LIBRARY_NAMES=
    export TAPI_REEXPORTED_LIBRARY_PATHS=
    export TAPI_RUNPATH_SEARCH_PATHS=
    export TAPI_SHARED_CACHE_ELIGIBLE=Automatic
    export TAPI_SYSTEM_FRAMEWORK_SEARCH_PATHS=
    export TAPI_SYSTEM_HEADER_SEARCH_PATHS=
    export TAPI_TARGET_TRIPLE_ARCHS=arm64
    export TAPI_USE_SRCROOT=YES
    export TAPI_VERIFY_AGAINST=
    export TAPI_VERIFY_MODE=Pedantic
    export TARGETED_DEVICE_FAMILY=1,2
    export TARGETNAME=Telegram
    export TARGET_BUILD_DIR=/Users/afanasyev/Library/Developer/Xcode/DerivedData/Telegram-bgradtrcdafgqwbewbqamjmitizp/Build/Products/Debug-iphoneos/bazel-out/ios_arm64-dbg-ios-arm64-min13.0-ST-faee4d1e8780/bin/Telegram
    export TARGET_BUILD_SUBPATH=
    export TARGET_DEVICE_IDENTIFIER=00008110-0011701A2243801E
    export TARGET_DEVICE_MODEL=iPhone14,2
    export TARGET_DEVICE_OS_VERSION=26.4
    export TARGET_DEVICE_PLATFORM_NAME=iphoneos
    export TARGET_NAME=Telegram
    export TARGET_TEMP_DIR=/Users/afanasyev/Library/Developer/Xcode/DerivedData/Telegram-bgradtrcdafgqwbewbqamjmitizp/Build/Intermediates.noindex/Telegram.build/bazel-out/ios_arm64-dbg-ios-arm64-min13.0-ST-faee4d1e8780/bin/Telegram/Telegram
    export TEMP_DIR=/Users/afanasyev/Library/Developer/Xcode/DerivedData/Telegram-bgradtrcdafgqwbewbqamjmitizp/Build/Intermediates.noindex/Telegram.build/bazel-out/ios_arm64-dbg-ios-arm64-min13.0-ST-faee4d1e8780/bin/Telegram/Telegram
    export TEMP_FILES_DIR=/Users/afanasyev/Library/Developer/Xcode/DerivedData/Telegram-bgradtrcdafgqwbewbqamjmitizp/Build/Intermediates.noindex/Telegram.build/bazel-out/ios_arm64-dbg-ios-arm64-min13.0-ST-faee4d1e8780/bin/Telegram/Telegram
    export TEMP_FILE_DIR=/Users/afanasyev/Library/Developer/Xcode/DerivedData/Telegram-bgradtrcdafgqwbewbqamjmitizp/Build/Intermediates.noindex/Telegram.build/bazel-out/ios_arm64-dbg-ios-arm64-min13.0-ST-faee4d1e8780/bin/Telegram/Telegram
    export TEMP_ROOT=/Users/afanasyev/Library/Developer/Xcode/DerivedData/Telegram-bgradtrcdafgqwbewbqamjmitizp/Build/Intermediates.noindex
    export TEMP_SANDBOX_DIR=/Users/afanasyev/Library/Developer/Xcode/DerivedData/Telegram-bgradtrcdafgqwbewbqamjmitizp/Build/Intermediates.noindex/TemporaryTaskSandboxes
    export TERM=dumb
    export TEST_FRAMEWORK_SEARCH_PATHS=" /Applications/Xcode.app/Contents/Developer/Platforms/iPhoneOS.platform/Developer/Library/Frameworks iphoneos26.4/Developer/Library/Frameworks"
    export TEST_HOST=
    export TEST_LIBRARY_SEARCH_PATHS=" /Applications/Xcode.app/Contents/Developer/Platforms/iPhoneOS.platform/Developer/usr/lib"
    export TEXTURE_ATLAS_ENABLE_WARNINGS=Yes
    export TEXTURE_ATLAS_FORMAT=RGBA8888_PNG
    export TEXTURE_ATLAS_MAXIMUM_SIZE=2048x2048
    export TMPDIR=/var/folders/pw/ng90rxd92nd0ldkt7x1q617r0000gn/T/
    export TOOLCHAINS=
    export TOOLCHAIN_DIR=/var/run/com.apple.security.cryptexd/mnt/com.apple.MobileAsset.MetalToolchain-v17.5.5179.6.ng60e4/Metal.xctoolchain
    export TREAT_MISSING_BASELINES_AS_TEST_FAILURES=NO
    export TREAT_MISSING_SCRIPT_PHASE_OUTPUTS_AS_ERRORS=NO
    export TVOS_DEPLOYMENT_TARGET=15.6
    export UID=501
    export UNEXPORTED_SYMBOLS_FILE=
    export UNINSTALLED_PRODUCTS_DIR=/Users/afanasyev/Library/Developer/Xcode/DerivedData/Telegram-bgradtrcdafgqwbewbqamjmitizp/Build/Intermediates.noindex/UninstalledProducts
    export UNLOCALIZED_RESOURCES_FOLDER_PATH=Telegram.app
    export UNLOCALIZED_RESOURCES_FOLDER_PATH_SHALLOW_BUNDLE_NO=Telegram.app/Resources
    export UNLOCALIZED_RESOURCES_FOLDER_PATH_SHALLOW_BUNDLE_YES=Telegram.app
    export UNSTRIPPED_PRODUCT=NO
    export USER=afanasyev
    export USER_APPS_DIR=/Users/afanasyev/Applications
    export USER_LIBRARY_DIR=/Users/afanasyev/Library
    export USE_DYNAMIC_NO_PIC=YES
    export USE_GCC3_PFE_SUPPORT=
    export USE_HEADERMAP=NO
    export USE_HEADER_SYMLINKS=NO
    export USE_SDK_TOOLCHAINS=YES
    export VALIDATE_PLIST_FILES_WHILE_COPYING=NO
    export VALIDATE_PRODUCT=NO
    export VALIDATE_STRINGS_FILES_WHILE_COPYING=YES
    export VALIDATE_WORKSPACE=NO
    export VALID_ARCHS="arm64e arm64"
    export VERBOSE_PBXCP=NO
    export VERSIONING_STUB=
    export VERSIONING_SYSTEM=
    export VERSIONPLIST_PATH=Telegram.app/version.plist
    export VERSIONS_FOLDER_PATH=
    export VERSION_INFO_BUILDER=afanasyev
    export VERSION_INFO_EXPORT_DECL=
    export VERSION_INFO_FILE=Telegram_vers.c
    export VERSION_INFO_PREFIX=
    export VERSION_INFO_STRING="\"@(#)PROGRAM:Telegram  PROJECT:Telegram-\""
    export VERSION_INFO_SUFFIX=
    export VSCODE_CODE_CACHE_PATH="/Users/afanasyev/Library/Application Support/Antigravity/CachedData/cc6cd32816d350ee4a1ea2b4694b43f749418957"
    export VSCODE_CRASH_REPORTER_PROCESS_TYPE=extensionHost
    export VSCODE_CWD=/
    export VSCODE_ESM_ENTRYPOINT=vs/workbench/api/node/extensionHostProcess
    export VSCODE_HANDLES_UNCAUGHT_ERRORS=true
    export VSCODE_IPC_HOOK="/Users/afanasyev/Library/Application Support/Antigravity/1.10-main.sock"
    export VSCODE_NLS_CONFIG="{\"userLocale\":\"en-us\",\"osLocale\":\"en-us\",\"resolvedLanguage\":\"en\",\"defaultMessagesFile\":\"/Applications/Antigravity.app/Contents/Resources/app/out/nls.messages.json\",\"locale\":\"en-us\",\"availableLanguages\":{}}"
    export VSCODE_PID=87297
    export ValidateForStore=NO
    export WARNING_CFLAGS=
    export WATCHOS_DEPLOYMENT_TARGET=8.7
    export WATCH_BUILT_PRODUCTS_DIR=/Users/afanasyev/Library/Developer/Xcode/DerivedData/Telegram-bgradtrcdafgqwbewbqamjmitizp/Build/Products/Debug-iphoneos/Debug-watchos
    export WORKSPACE_PATH=/Volumes/dx/dev/_home/MTProxy/Telegram-iOS/Telegram/Telegram.xcodeproj/project.xcworkspace
    export WRAPPER_EXTENSION=app
    export WRAPPER_NAME=Telegram.app
    export WRAPPER_PREFIX=
    export WRAPPER_SUFFIX=.app
    export WRAP_ASSET_PACKS_IN_SEPARATE_DIRECTORIES=NO
    export XCODE_APP_SUPPORT_DIR=/Applications/Xcode.app/Contents/Developer/Library/Xcode
    export XCODE_DEVELOPER_DIR_PATH=
    export XCODE_PRODUCT_BUILD_VERSION=17E5179g
    export XCODE_VERSION_ACTUAL=2640
    export XCODE_VERSION_MAJOR=2600
    export XCODE_VERSION_MINOR=2640
    export XCSTRINGS_FORCE_BUILD_ALL_STRINGS=NO
    export XCSTRINGS_LANGUAGES_TO_COMPILE=
    export XIB_COMPILER_INFOPLIST_CONTENT_FILE=/Users/afanasyev/Library/Developer/Xcode/DerivedData/Telegram-bgradtrcdafgqwbewbqamjmitizp/Build/Intermediates.noindex/Telegram.build/bazel-out/ios_arm64-dbg-ios-arm64-min13.0-ST-faee4d1e8780/bin/Telegram/Telegram/-PartialInfo.plist
    export XPCSERVICES_FOLDER_PATH=Telegram.app/XPCServices
    export XPC_FLAGS=0x0
    export XPC_SERVICE_NAME=0
    export XROS_DEPLOYMENT_TARGET=1.3
    export YACC=yacc
    export YACCFLAGS=
    export YACC_GENERATED_FILE_STEM=Standard
    export YACC_GENERATE_DEBUGGING_DIRECTIVES=NO
    export YACC_INSERT_LINE_DIRECTIVES=YES
    export _=/usr/bin/xcodebuild
    export _BAZEL_OUTPUT_BASE=/var/tmp/_bazel_afanasyev/9a39311ceb7a61706aa1e4e247e12702/rules_xcodeproj.noindex/build_output_base/execroot/_main/../..
    export _CLANG_ENABLE_TYPED_ALLOCATOR_SUPPORT_DEFAULT=compiler-default
    export _CLANG_ENABLE_TYPED_ALLOCATOR_SUPPORT_DEFAULT_ENHANCED_SECURITY_NO=compiler-default
    export _CLANG_ENABLE_TYPED_ALLOCATOR_SUPPORT_DEFAULT_ENHANCED_SECURITY_YES=YES
    export _CLANG_TRIVIAL_AUTO_VAR_INIT_DEFAULT=default
    export _CLANG_TRIVIAL_AUTO_VAR_INIT_DEFAULT_ENABLE_ZERO_INIT_NO=default
    export _CLANG_TRIVIAL_AUTO_VAR_INIT_DEFAULT_ENABLE_ZERO_INIT_YES=zero
    export _DISCOVER_COMMAND_LINE_LINKER_INPUTS=YES
    export _DISCOVER_COMMAND_LINE_LINKER_INPUTS_INCLUDE_WL=YES
    export _LD_MULTIARCH=YES
    export _PREFIXED_SWIFT_VERSION=_5.0
    export _REZ_PREFIX_FILE=/var/tmp/_bazel_afanasyev/9a39311ceb7a61706aa1e4e247e12702/rules_xcodeproj.noindex/build_output_base/execroot/_main/
    export _UNSAFE_BUFFER_USAGE_DEFAULT=DEFAULT
    export _UNSAFE_BUFFER_USAGE_DEFAULT_ENABLE_SAFE_BUFFERS_NO=DEFAULT
    export _UNSAFE_BUFFER_USAGE_DEFAULT_ENABLE_SAFE_BUFFERS_YES=YES_ERROR
    export _WRAPPER_CONTENTS_DIR=
    export _WRAPPER_CONTENTS_DIR_SHALLOW_BUNDLE_NO=/Contents
    export _WRAPPER_PARENT_PATH=
    export _WRAPPER_PARENT_PATH_SHALLOW_BUNDLE_NO=/..
    export _WRAPPER_RESOURCES_DIR=
    export _WRAPPER_RESOURCES_DIR_SHALLOW_BUNDLE_NO=/Resources
    export __CFBundleIdentifier=com.google.antigravity
    export __CF_USER_TEXT_ENCODING="0x1F5:0x0:0x0"
    export __CLANG_ANALYZER_DIVIDE_BY_ZERO_NO_SILENCE_STRING=core.DivideZero
    export __CLANG_ANALYZER_DIVIDE_BY_ZERO_YES_SILENCE_STRING=.
    export __CLANG_ANALYZER_NULL_DEREFERENCE_NO_SILENCE_STRING=core.NullDereference
    export __CLANG_ANALYZER_NULL_DEREFERENCE_YES_SILENCE_STRING=.
    export __CLANG_ANALYZER_SILENCE_CHECKERS=YES
    export __CLANG_ANALYZER_SILENCE_CHECKERS_LIST=".;."
    export __CPP_PREFIX_HEADER=
    export __CREATE_INFOPLIST_SECTION_IN_BINARY=NO
    export __DIAGNOSE_DEPRECATED_ARCHS=YES
    export __ENHANCED_SECURITY_OR_BOUNDS_SAFE_BUFFERS=NO
    export __ENHANCED_SECURITY_OR_BOUNDS_SAFE_BUFFERS_NO_NO=NO
    export __ENHANCED_SECURITY_OR_BOUNDS_SAFE_BUFFERS_NO_YES=YES
    export __ENHANCED_SECURITY_OR_BOUNDS_SAFE_BUFFERS_YES_NO=YES
    export __ENHANCED_SECURITY_OR_BOUNDS_SAFE_BUFFERS_YES_YES=YES
    export __IIG_DEPLOYMENT_TARGET__=13.0
    export __IIG_FRAMEWORK_NAME__=com.apple.product-type.application
    export __INPUT_FILE_LIST_PATH__=
    export __IS_NOT_MACOS=YES
    export __IS_NOT_MACOS_macosx=NO
    export __IS_NOT_SIMULATOR=YES
    export __IS_NOT_SIMULATOR_simulator=NO
    export __LIBRARY_HARDENING_DEFAULT_VALUE=debug
    export __LIBRARY_HARDENING_DEFAULT_VALUE_OPT_LEVEL_0_ENHANCED_SECURITY_OR_BOUNDS_SAFE_BUFFERS_NO=debug
    export __LIBRARY_HARDENING_DEFAULT_VALUE_OPT_LEVEL_0_ENHANCED_SECURITY_OR_BOUNDS_SAFE_BUFFERS_YES=debug
    export __LIBRARY_HARDENING_DEFAULT_VALUE_OPT_LEVEL_1_ENHANCED_SECURITY_OR_BOUNDS_SAFE_BUFFERS_YES=fast
    export __LIBRARY_HARDENING_DEFAULT_VALUE_OPT_LEVEL_2_ENHANCED_SECURITY_OR_BOUNDS_SAFE_BUFFERS_YES=fast
    export __LIBRARY_HARDENING_DEFAULT_VALUE_OPT_LEVEL_3_ENHANCED_SECURITY_OR_BOUNDS_SAFE_BUFFERS_YES=fast
    export __LIBRARY_HARDENING_DEFAULT_VALUE_OPT_LEVEL_fast_ENHANCED_SECURITY_OR_BOUNDS_SAFE_BUFFERS_YES=fast
    export __LIBRARY_HARDENING_DEFAULT_VALUE_OPT_LEVEL_s_ENHANCED_SECURITY_OR_BOUNDS_SAFE_BUFFERS_YES=fast
    export __LIBRARY_HARDENING_DEFAULT_VALUE_OPT_LEVEL_z_ENHANCED_SECURITY_OR_BOUNDS_SAFE_BUFFERS_YES=fast
    export __OTHER_IIG_CFLAGS__=YES
    export __SWIFT_ENFORCE_EXCLUSIVE_ACCESS_DEBUG_ENFORCEMENT_DEBUG=YES
    export __SWIFT_ENFORCE_EXCLUSIVE_ACCESS_DEBUG_ENFORCEMENT_RELEASE=YES
    export __infoplist_absolute__=/Users/afanasyev/Library/Developer/Xcode/DerivedData/Telegram-bgradtrcdafgqwbewbqamjmitizp/Build/Products/Debug-iphoneos/bazel-out/ios_arm64-dbg-ios-arm64-min13.0-ST-faee4d1e8780/bin/Telegram/Telegram.app
    export __infoplist_subpath__=Info.plist
    export __no_validate_extension__=YES
    export _exclude_ds_store_files_=
    export _resolve_src_symlinks_=
    export arch=undefined_arch
    export build_file_compiler_flags=
    export diagnostic_message_length=0
    export mig_generate_client_sources=YES
    export mig_generate_server_sources=NO
    export print_note_include_stack=YES
    export variant=normal
    /bin/sh -c /var/folders/pw/ng90rxd92nd0ldkt7x1q617r0000gn/T/SchemeScriptAction-l8b0wx.sh

SchemeAction Prepare\ BazelDependencies /var/folders/pw/ng90rxd92nd0ldkt7x1q617r0000gn/T/SchemeScriptAction-ouwYO8.sh
    cd /var/folders/pw/ng90rxd92nd0ldkt7x1q617r0000gn/T/
    export ACTION=build
    export ADDITIONAL_SDKS=
    export AD_HOC_CODE_SIGNING_ALLOWED=NO
    export AGGREGATE_TRACKED_DOMAINS=YES
    export ALLOW_BUILD_REQUEST_OVERRIDES=NO
    export ALLOW_TARGET_PLATFORM_SPECIALIZATION=NO
    export ALL_OTHER_LDFLAGS="  @/Users/afanasyev/Library/Developer/Xcode/DerivedData/Telegram-bgradtrcdafgqwbewbqamjmitizp/Build/Intermediates.noindex/Telegram.build/bazel-out/ios_arm64-dbg-ios-arm64-min13.0-ST-faee4d1e8780/bin/Telegram/Telegram/DerivedSources/link.params    "
    export ALL_OTHER_LIBTOOLFLAGS="    "
    export ALTERNATE_GROUP=staff
    export ALTERNATE_LINKER=
    export ALTERNATE_MODE=u+w,go-w,a+rX
    export ALTERNATE_OWNER=afanasyev
    export ALTERNATE_PERMISSIONS_FILES=
    export ALTERNATIVE_DISTRIBUTION_WEB=NO
    export ALWAYS_EMBED_SWIFT_STANDARD_LIBRARIES=NO
    export ALWAYS_SEARCH_USER_PATHS=NO
    export ALWAYS_USE_SEPARATE_HEADERMAPS=NO
    export ANTIGRAVITY_AGENT=1
    export ANTIGRAVITY_EDITOR_APP_ROOT=/Applications/Antigravity.app/Contents/Resources/app
    export ANTIGRAVITY_TRAJECTORY_ID=906b9b6c-2e8a-4257-ac8e-30d352daf611
    export APPLE_INTERNAL_DEVELOPER_DIR=/AppleInternal/Developer
    export APPLE_INTERNAL_DIR=/AppleInternal
    export APPLE_INTERNAL_DOCUMENTATION_DIR=/AppleInternal/Documentation
    export APPLE_INTERNAL_LIBRARY_DIR=/AppleInternal/Library
    export APPLE_INTERNAL_TOOLS=/AppleInternal/Developer/Tools
    export APPLICATION_EXTENSION_API_ONLY=NO
    export APPLY_RULES_IN_COPY_FILES=NO
    export APPLY_RULES_IN_COPY_HEADERS=NO
    export APP_INTENTS_DEPLOYMENT_POSTPROCESSING=NO
    export APP_INTENTS_DEPLOYMENT_TARGET=13.0
    export APP_INTENTS_METADATA_PATH=/Metadata.appintents
    export APP_INTENTS_PLATFORM_FAMILY=
    export APP_PLAYGROUND_ASSET_CATALOG_GENERATOR=appleProductTypesTool
    export APP_PLAYGROUND_GENERATED_ASSET_CATALOG_APPICON_NAME=
    export APP_PLAYGROUND_GENERATED_ASSET_CATALOG_FILE=/Users/afanasyev/Library/Developer/Xcode/DerivedData/Telegram-bgradtrcdafgqwbewbqamjmitizp/Build/Intermediates.noindex/Telegram.build/bazel-out/ios_arm64-dbg-ios-arm64-min13.0-ST-faee4d1e8780/bin/Telegram/Telegram/DerivedSources/AppPlaygroundDefaultAssetCatalog.xcassets
    export APP_PLAYGROUND_GENERATED_ASSET_CATALOG_GLOBAL_ACCENT_COLOR_NAME=
    export APP_PLAYGROUND_GENERATED_ASSET_CATALOG_PLACEHOLDER_APPICON=
    export APP_PLAYGROUND_GENERATED_ASSET_CATALOG_PRESET_ACCENT_COLOR=
    export APP_PLAYGROUND_GENERATE_ASSET_CATALOG=NO
    export APP_SHORTCUTS_ENABLE_FLEXIBLE_MATCHING=YES
    export ARCHS=arm64
    export ARCHS_BASE=arm64
    export ARCHS_STANDARD=arm64
    export ARCHS_STANDARD_32_64_BIT="armv7 arm64"
    export ARCHS_STANDARD_32_BIT=armv7
    export ARCHS_STANDARD_64_BIT=arm64
    export ARCHS_STANDARD_INCLUDING_64_BIT=arm64
    export ARCHS_UNIVERSAL_IPHONE_OS="armv7 arm64"
    export ARC_LINKER_ARG_LINKER_DRIVER=-fobjc-arc
    export ARC_LINKER_ARG_LINKER_DRIVER_clang=-fobjc-arc
    export ARC_LINKER_ARG_LINKER_DRIVER_swiftc=
    export ASAN_OTHER_CFLAGS__="@/Users/afanasyev/Library/Developer/Xcode/DerivedData/Telegram-bgradtrcdafgqwbewbqamjmitizp/Build/Intermediates.noindex/Telegram.build/bazel-out/ios_arm64-dbg-ios-arm64-min13.0-ST-faee4d1e8780/bin/Telegram/Telegram/DerivedSources/c.compile.params -D_FORTIFY_SOURCE=1"
    export ASAN_OTHER_CFLAGS__NO="@/Users/afanasyev/Library/Developer/Xcode/DerivedData/Telegram-bgradtrcdafgqwbewbqamjmitizp/Build/Intermediates.noindex/Telegram.build/bazel-out/ios_arm64-dbg-ios-arm64-min13.0-ST-faee4d1e8780/bin/Telegram/Telegram/DerivedSources/c.compile.params -D_FORTIFY_SOURCE=1"
    export ASAN_OTHER_CFLAGS__YES="@/Users/afanasyev/Library/Developer/Xcode/DerivedData/Telegram-bgradtrcdafgqwbewbqamjmitizp/Build/Intermediates.noindex/Telegram.build/bazel-out/ios_arm64-dbg-ios-arm64-min13.0-ST-faee4d1e8780/bin/Telegram/Telegram/DerivedSources/c.compile.params"
    export ASSETCATALOG_COMPILER_APPICON_NAME=
    export ASSETCATALOG_COMPILER_BUNDLE_IDENTIFIER=org.toxeh.ChatOverTSPU
    export ASSETCATALOG_COMPILER_COMPLICATION_NAME=
    export ASSETCATALOG_COMPILER_COMPRESS_PNGS=YES
    export ASSETCATALOG_COMPILER_DEPENDENCY_INFO_FILE=/Users/afanasyev/Library/Developer/Xcode/DerivedData/Telegram-bgradtrcdafgqwbewbqamjmitizp/Build/Intermediates.noindex/Telegram.build/bazel-out/ios_arm64-dbg-ios-arm64-min13.0-ST-faee4d1e8780/bin/Telegram/Telegram/assetcatalog_dependencies
    export ASSETCATALOG_COMPILER_ENABLE_ON_DEMAND_RESOURCES=YES
    export ASSETCATALOG_COMPILER_FLATTENED_APP_ICON_PATH=
    export ASSETCATALOG_COMPILER_GENERATE_ASSET_SYMBOLS=NO
    export ASSETCATALOG_COMPILER_GENERATE_ASSET_SYMBOL_BACKWARDS_DEPLOYMENT_SUPPORT=
    export ASSETCATALOG_COMPILER_GENERATE_ASSET_SYMBOL_ERRORS=YES
    export ASSETCATALOG_COMPILER_GENERATE_ASSET_SYMBOL_FRAMEWORKS="SwiftUI UIKit AppKit"
    export ASSETCATALOG_COMPILER_GENERATE_ASSET_SYMBOL_INDEX_PATH=/Users/afanasyev/Library/Developer/Xcode/DerivedData/Telegram-bgradtrcdafgqwbewbqamjmitizp/Build/Intermediates.noindex/Telegram.build/bazel-out/ios_arm64-dbg-ios-arm64-min13.0-ST-faee4d1e8780/bin/Telegram/Telegram/DerivedSources/GeneratedAssetSymbols-Index.plist
    export ASSETCATALOG_COMPILER_GENERATE_ASSET_SYMBOL_WARNINGS=YES
    export ASSETCATALOG_COMPILER_GENERATE_OBJC_ASSET_SYMBOLS_PATH=/Users/afanasyev/Library/Developer/Xcode/DerivedData/Telegram-bgradtrcdafgqwbewbqamjmitizp/Build/Intermediates.noindex/Telegram.build/bazel-out/ios_arm64-dbg-ios-arm64-min13.0-ST-faee4d1e8780/bin/Telegram/Telegram/DerivedSources/GeneratedAssetSymbols.h
    export ASSETCATALOG_COMPILER_GENERATE_SWIFT_ASSET_SYMBOLS_PATH=/Users/afanasyev/Library/Developer/Xcode/DerivedData/Telegram-bgradtrcdafgqwbewbqamjmitizp/Build/Intermediates.noindex/Telegram.build/bazel-out/ios_arm64-dbg-ios-arm64-min13.0-ST-faee4d1e8780/bin/Telegram/Telegram/DerivedSources/GeneratedAssetSymbols.swift
    export ASSETCATALOG_COMPILER_GENERATE_SWIFT_ASSET_SYMBOL_EXTENSIONS=NO
    export ASSETCATALOG_COMPILER_GLOBAL_ACCENT_COLOR_NAME=
    export ASSETCATALOG_COMPILER_INCLUDED_LANGUAGES=
    export ASSETCATALOG_COMPILER_INCLUDE_ALL_APPICON_ASSETS=NO
    export ASSETCATALOG_COMPILER_INCLUDE_INFOPLIST_LOCALIZATIONS=YES
    export ASSETCATALOG_COMPILER_INCLUDE_STICKER_CONTENT=NO
    export ASSETCATALOG_COMPILER_INFOPLIST_CONTENT_FILE=/Users/afanasyev/Library/Developer/Xcode/DerivedData/Telegram-bgradtrcdafgqwbewbqamjmitizp/Build/Intermediates.noindex/Telegram.build/bazel-out/ios_arm64-dbg-ios-arm64-min13.0-ST-faee4d1e8780/bin/Telegram/Telegram/assetcatalog_generated_info.plist
    export ASSETCATALOG_COMPILER_LAUNCHIMAGE_NAME=
    export ASSETCATALOG_COMPILER_LEADERBOARD_IDENTIFIER_PREFIX=
    export ASSETCATALOG_COMPILER_LEADERBOARD_SET_IDENTIFIER_PREFIX=
    export ASSETCATALOG_COMPILER_OPTIMIZATION=
    export ASSETCATALOG_COMPILER_OUTPUT_DIR=
    export ASSETCATALOG_COMPILER_SKIP_APP_STORE_DEPLOYMENT=
    export ASSETCATALOG_COMPILER_STANDALONE_ICON_BEHAVIOR=default
    export ASSETCATALOG_COMPILER_STICKER_PACK_IDENTIFIER_PREFIX=
    export ASSETCATALOG_COMPILER_STICKER_PACK_STRINGS=
    export ASSETCATALOG_COMPILER_TARGET_STICKERS_ICON_ROLE=
    export ASSETCATALOG_COMPILER_WIDGET_BACKGROUND_COLOR_NAME=
    export ASSETCATALOG_EXEC=actool
    export ASSETCATALOG_FILTER_FOR_DEVICE_MODEL=iPhone14,2
    export ASSETCATALOG_FILTER_FOR_DEVICE_OS_VERSION=26.4
    export ASSETCATALOG_FILTER_FOR_THINNING_DEVICE_CONFIGURATION=iPhone14,2
    export ASSETCATALOG_LIGHTWEIGHT_ASSET_RUNTIME_MODE=default
    export ASSETCATALOG_NOTICES=YES
    export ASSETCATALOG_OTHER_FLAGS=
    export ASSETCATALOG_OUTPUT_FORMAT=human-readable-text
    export ASSETCATALOG_WARNINGS=YES
    export ASSET_PACK_MANIFEST_URL_PREFIX=
    export AUTOMATICALLY_MERGE_DEPENDENCIES=NO
    export AUTOMATION_APPLE_EVENTS=NO
    export AVAILABLE_PLATFORMS="appletvos appletvsimulator driverkit iphoneos iphonesimulator macosx watchos watchsimulator xros xrsimulator"
    export AdditionalInfoFileKeys=
    export AdditionalInfoFileValues=
    export BASH_SILENCE_DEPRECATION_WARNING=1
    export BAZEL_COMPILE_TARGET_IDS="@@//Telegram:Lib ios_arm64-dbg-ios-arm64-min13.0-ST-faee4d1e8780 @@//Telegram:Main ios_arm64-dbg-ios-arm64-min13.0-ST-faee4d1e8780"
    export BAZEL_CONFIG=rules_xcodeproj
    export BAZEL_EXTERNAL=/var/tmp/_bazel_afanasyev/9a39311ceb7a61706aa1e4e247e12702/rules_xcodeproj.noindex/build_output_base/external
    export BAZEL_INTEGRATION_DIR=/Volumes/dx/dev/_home/MTProxy/Telegram-iOS/Telegram/Telegram.xcodeproj/rules_xcodeproj/bazel
    export BAZEL_LABEL="@@//Telegram:Telegram"
    export BAZEL_LLDB_INIT=/Users/afanasyev/.lldbinit-rules_xcodeproj
    export BAZEL_OUT=/var/tmp/_bazel_afanasyev/9a39311ceb7a61706aa1e4e247e12702/rules_xcodeproj.noindex/build_output_base/execroot/_main/bazel-out
    export BAZEL_OUTPUTS_PRODUCT=bazel-out/ios_arm64-dbg-ios-arm64-min13.0-ST-faee4d1e8780/bin/Telegram/Telegram.app
    export BAZEL_OUTPUTS_PRODUCT_BASENAME=Telegram.app
    export BAZEL_OUTPUT_BASE=/var/tmp/_bazel_afanasyev/9a39311ceb7a61706aa1e4e247e12702/rules_xcodeproj.noindex/build_output_base
    export BAZEL_PACKAGE_BIN_DIR=bazel-out/ios_arm64-dbg-ios-arm64-min13.0-ST-faee4d1e8780/bin/Telegram
    export BAZEL_TARGET_ID="@@//Telegram:Telegram ios_arm64-dbg-ios-arm64-min13.0-ST-faee4d1e8780"
    export BAZEL_WORKSPACE_ROOT=/Volumes/dx/dev/_home/MTProxy/Telegram-iOS
    export BUILD_ACTIVE_RESOURCES_ONLY=YES
    export BUILD_COMPONENTS=
    export BUILD_DIR=/Users/afanasyev/Library/Developer/Xcode/DerivedData/Telegram-bgradtrcdafgqwbewbqamjmitizp/Build/Products/Debug-iphoneos
    export BUILD_LIBRARY_FOR_DISTRIBUTION=NO
    export BUILD_MARKER_FILE=/Users/afanasyev/Library/Developer/Xcode/DerivedData/Telegram-bgradtrcdafgqwbewbqamjmitizp/Build/Intermediates.noindex/build_marker
    export BUILD_ONLY_KNOWN_LOCALIZATIONS=NO
    export BUILD_ROOT=/Users/afanasyev/Library/Developer/Xcode/DerivedData/Telegram-bgradtrcdafgqwbewbqamjmitizp/Build/Products
    export BUILD_STYLE=Debug
    export BUILD_VARIANTS=normal
    export BUILD_WORKSPACE_DIRECTORY=/Volumes/dx/dev/_home/MTProxy/Telegram-iOS
    export BUILT_PRODUCTS_DIR=/Users/afanasyev/Library/Developer/Xcode/DerivedData/Telegram-bgradtrcdafgqwbewbqamjmitizp/Build/Products/Debug-iphoneos/bazel-out/ios_arm64-dbg-ios-arm64-min13.0-ST-faee4d1e8780/bin/Telegram
    export BUNDLE_CONTENTS_FOLDER_PATH=
    export BUNDLE_CONTENTS_FOLDER_PATH_deep=Contents/
    export BUNDLE_EXECUTABLE_FOLDER_NAME_deep=MacOS
    export BUNDLE_EXECUTABLE_FOLDER_PATH=
    export BUNDLE_EXTENSIONS_FOLDER_PATH=Extensions
    export BUNDLE_FORMAT=shallow
    export BUNDLE_FRAMEWORKS_FOLDER_PATH=Frameworks
    export BUNDLE_LOADER=
    export BUNDLE_PLUGINS_FOLDER_PATH=PlugIns
    export BUNDLE_PRIVATE_HEADERS_FOLDER_PATH=PrivateHeaders
    export BUNDLE_PUBLIC_HEADERS_FOLDER_PATH=Headers
    export CACHE_ROOT=/var/folders/pw/ng90rxd92nd0ldkt7x1q617r0000gn/C/com.apple.DeveloperTools/26.4-17E5179g/Xcode
    export CC=/Volumes/dx/dev/_home/MTProxy/Telegram-iOS/Telegram/Telegram.xcodeproj/rules_xcodeproj/bazel/clang.sh
    export CCHROOT=/var/folders/pw/ng90rxd92nd0ldkt7x1q617r0000gn/C/com.apple.DeveloperTools/26.4-17E5179g/Xcode
    export CHMOD=/bin/chmod
    export CHOWN=chown
    export CLANG_ADDRESS_SANITIZER=
    export CLANG_ADDRESS_SANITIZER_ALLOW_ERROR_RECOVERY=
    export CLANG_ADDRESS_SANITIZER_CONTAINER_OVERFLOW=NO
    export CLANG_ADDRESS_SANITIZER_USE_AFTER_SCOPE=NO
    export CLANG_ALLOW_NON_MODULAR_INCLUDES_IN_FRAMEWORK_MODULES=NO
    export CLANG_ALTERNATE_LINKER=
    export CLANG_ANALYZER_DEADCODE_DEADSTORES=YES
    export CLANG_ANALYZER_DEFINES=-D__clang_analyzer__
    export CLANG_ANALYZER_DIVIDE_BY_ZERO=YES
    export CLANG_ANALYZER_EXEC=clang
    export CLANG_ANALYZER_GCD=YES
    export CLANG_ANALYZER_GCD_PERFORMANCE=NO
    export CLANG_ANALYZER_LIBKERN_RETAIN_COUNT=YES
    export CLANG_ANALYZER_LOCALIZABILITY_EMPTY_CONTEXT=NO
    export CLANG_ANALYZER_LOCALIZABILITY_NONLOCALIZED=NO
    export CLANG_ANALYZER_MALLOC=YES
    export CLANG_ANALYZER_MEMORY_MANAGEMENT=YES
    export CLANG_ANALYZER_MIG_CONVENTIONS=YES
    export CLANG_ANALYZER_NONNULL=YES_NONAGGRESSIVE
    export CLANG_ANALYZER_NULL_DEREFERENCE=YES
    export CLANG_ANALYZER_NUMBER_OBJECT_CONVERSION=YES
    export CLANG_ANALYZER_OBJC_ATSYNC=YES
    export CLANG_ANALYZER_OBJC_COLLECTIONS=YES
    export CLANG_ANALYZER_OBJC_DEALLOC=YES
    export CLANG_ANALYZER_OBJC_GENERICS=YES
    export CLANG_ANALYZER_OBJC_INCOMP_METHOD_TYPES=YES
    export CLANG_ANALYZER_OBJC_NSCFERROR=YES
    export CLANG_ANALYZER_OBJC_RETAIN_COUNT=YES
    export CLANG_ANALYZER_OBJC_SELF_INIT=YES
    export CLANG_ANALYZER_OBJC_UNUSED_IVARS=YES
    export CLANG_ANALYZER_OSOBJECT_C_STYLE_CAST=NO
    export CLANG_ANALYZER_OUTPUT=plist-multi-file
    export CLANG_ANALYZER_OUTPUT_DIR=/Users/afanasyev/Library/Developer/Xcode/DerivedData/Telegram-bgradtrcdafgqwbewbqamjmitizp/Build/Intermediates.noindex/Telegram.build/bazel-out/ios_arm64-dbg-ios-arm64-min13.0-ST-faee4d1e8780/bin/Telegram/Telegram
    export CLANG_ANALYZER_REPORT_MAIN_SOURCE_FILE=YES
    export CLANG_ANALYZER_SECURITY_BUFFER_OVERFLOW_EXPERIMENTAL=NO
    export CLANG_ANALYZER_SECURITY_FLOATLOOPCOUNTER=NO
    export CLANG_ANALYZER_SECURITY_INSECUREAPI_GETPW_GETS=YES
    export CLANG_ANALYZER_SECURITY_INSECUREAPI_MKSTEMP=YES
    export CLANG_ANALYZER_SECURITY_INSECUREAPI_RAND=NO
    export CLANG_ANALYZER_SECURITY_INSECUREAPI_STRCPY=NO
    export CLANG_ANALYZER_SECURITY_INSECUREAPI_UNCHECKEDRETURN=YES
    export CLANG_ANALYZER_SECURITY_INSECUREAPI_VFORK=YES
    export CLANG_ANALYZER_SECURITY_KEYCHAIN_API=YES
    export CLANG_ANALYZER_USE_AFTER_MOVE=YES_AGGRESSIVE
    export CLANG_BOUNDS_SAFETY_BRINGUP_MISSING_CHECKS=default
    export CLANG_BOUNDS_SAFETY_BRINGUP_MISSING_CHECKS_OPT_OUTS=
    export CLANG_CLANG_COVERAGE_MAPPING_LINKER_ARGS=NO
    export CLANG_COHORT_ARCHS=
    export CLANG_COLOR_DIAGNOSTICS=NO
    export CLANG_COVERAGE_MAPPING=NO
    export CLANG_COVERAGE_MAPPING_LINKER_ARGS=NO
    export CLANG_CXX_LANGUAGE_STANDARD=compiler-default
    export CLANG_CXX_LIBRARY=compiler-default
    export CLANG_CXX_STANDARD_LIBRARY_HARDENING=debug
    export CLANG_DEBUG_INFORMATION_LEVEL=default
    export CLANG_DEBUG_MODULES=YES
    export CLANG_DIAGNOSTICS_FILE=/Users/afanasyev/Library/Developer/Xcode/DerivedData/Telegram-bgradtrcdafgqwbewbqamjmitizp/Build/Intermediates.noindex/Telegram.build/bazel-out/ios_arm64-dbg-ios-arm64-min13.0-ST-faee4d1e8780/bin/Telegram/Telegram/Metal/.dia
    export CLANG_DISABLE_CXX_MODULES=YES
    export CLANG_ENABLE_APP_EXTENSION=NO
    export CLANG_ENABLE_BOUNDS_ATTRIBUTES=NO
    export CLANG_ENABLE_BOUNDS_SAFETY=NO
    export CLANG_ENABLE_CODE_COVERAGE=YES
    export CLANG_ENABLE_COMPILE_CACHE=
    export CLANG_ENABLE_CPLUSPLUS_TYPED_ALLOCATOR_SUPPORT=compiler-default
    export CLANG_ENABLE_CPP_STATIC_DESTRUCTORS=YES
    export CLANG_ENABLE_C_TYPED_ALLOCATOR_SUPPORT=compiler-default
    export CLANG_ENABLE_EXPLICIT_MODULES=YES
    export CLANG_ENABLE_MODULES=NO
    export CLANG_ENABLE_MODULE_DEBUGGING=YES
    export CLANG_ENABLE_MODULE_IMPLEMENTATION_OF=YES
    export CLANG_ENABLE_OBJC_ARC=YES
    export CLANG_ENABLE_OBJC_ARC_EXCEPTIONS=NO
    export CLANG_ENABLE_OBJC_WEAK=NO
    export CLANG_ENABLE_PREFIX_MAPPING=
    export CLANG_ENABLE_SECURITY_COMPILER_WARNINGS=NO
    export CLANG_ENABLE_STACK_ZERO_INIT=NO
    export CLANG_INDEX_STORE_COMPRESS=NO
    export CLANG_INDEX_STORE_ENABLE=YES
    export CLANG_INDEX_STORE_IGNORE_MACROS=NO
    export CLANG_INDEX_STORE_ONLY_PROJECT_FILES=NO
    export CLANG_INDEX_STORE_PATH=/Users/afanasyev/Library/Developer/Xcode/DerivedData/Telegram-bgradtrcdafgqwbewbqamjmitizp/Index.noindex/DataStore
    export CLANG_INSTRUMENT_FOR_OPTIMIZATION_PROFILING=NO
    export CLANG_LD_DYLIB_INSTALL_NAME=
    export CLANG_LD_EXPORT_GLOBAL_SYMBOLS=NO
    export CLANG_LD_SUPPRESS_WARNINGS=NO
    export CLANG_LD_THREAD_SANITIZER=
    export CLANG_LIBFUZZER=
    export CLANG_LINK_OBJC_RUNTIME=
    export CLANG_LINK_WITH_STANDARD_LIBRARIES=YES
    export CLANG_MACH_O_TYPE=mh_execute
    export CLANG_MACRO_BACKTRACE_LIMIT=0
    export CLANG_MODULES_AUTOLINK=NO
    export CLANG_MODULES_BUILD_SESSION_FILE=
    export CLANG_MODULES_DISABLE_PRIVATE_WARNING=NO
    export CLANG_MODULES_ENABLE_VERIFIER_TOOL=NO
    export CLANG_MODULES_IGNORE_MACROS=
    export CLANG_MODULES_PRUNE_AFTER=345600
    export CLANG_MODULES_PRUNE_INTERVAL=86400
    export CLANG_MODULES_VALIDATE_SYSTEM_HEADERS=NO
    export CLANG_MODULES_VERIFIER_VERBOSE_OUTPUT=NO
    export CLANG_MODULE_CACHE_PATH=/Users/afanasyev/Library/Developer/Xcode/DerivedData/ModuleCache.noindex
    export CLANG_MODULE_LSV=NO
    export CLANG_OMIT_FRAME_POINTERS=compiler-default
    export CLANG_OPTIMIZATION_PROFILE_FILE=/Volumes/dx/dev/_home/MTProxy/Telegram-iOS/OptimizationProfiles/Telegram.profdata
    export CLANG_OTHER_PREFIX_MAPPINGS=
    export CLANG_RESOURCE_DIR_CLANG=
    export CLANG_RESOURCE_DIR_SWIFTC=
    export CLANG_RETAIN_COMMENTS_FROM_SYSTEM_HEADERS=NO
    export CLANG_SANITIZER_COVERAGE=
    export CLANG_SDKROOT_LINKER_INPUT=iphoneos26.4
    export CLANG_STATIC_ANALYZER_MODE=shallow
    export CLANG_STATIC_ANALYZER_MODE_ACTION_deep=
    export CLANG_STATIC_ANALYZER_MODE_ACTION_shallow=Shallow
    export CLANG_STATIC_ANALYZER_MODE_ON_ANALYZE_ACTION=deep
    export CLANG_SYSTEM_FRAMEWORK_SEARCH_PATHS=
    export CLANG_TARGET_TRIPLE_ARCHS=undefined_arch
    export CLANG_THREAD_SANITIZER=
    export CLANG_TIDY_BUGPRONE_ASSERT_SIDE_EFFECT=YES
    export CLANG_TIDY_BUGPRONE_INFINITE_LOOP=YES
    export CLANG_TIDY_BUGPRONE_MOVE_FORWARDING_REFERENCE=YES
    export CLANG_TIDY_BUGPRONE_REDUNDANT_BRANCH_CONDITION=NO
    export CLANG_TIDY_MISC_REDUNDANT_EXPRESSION=NO
    export CLANG_TRIVIAL_AUTO_VAR_INIT=default
    export CLANG_UNDEFINED_BEHAVIOR_SANITIZER=
    export CLANG_UNDEFINED_BEHAVIOR_SANITIZER_INTEGER=NO
    export CLANG_UNDEFINED_BEHAVIOR_SANITIZER_NULLABILITY=NO
    export CLANG_UNDEFINED_BEHAVIOR_SANITIZER_TRAP_ON_SECURITY_ISSUES=NO
    export CLANG_UNDEFINED_BEHAVIOR_SANITIZER_TRAP_ON_SECURITY_ISSUES_OPT=YES
    export CLANG_USE_OPTIMIZATION_PROFILE=NO
    export CLANG_USE_RESPONSE_FILE=YES
    export CLANG_WARN_ASSIGN_ENUM=NO
    export CLANG_WARN_ATOMIC_IMPLICIT_SEQ_CST=NO
    export CLANG_WARN_BLOCK_CAPTURE_AUTORELEASING=NO
    export CLANG_WARN_BOOL_CONVERSION=NO
    export CLANG_WARN_COMMA=NO
    export CLANG_WARN_COMPLETION_HANDLER_MISUSE=NO
    export CLANG_WARN_CONSTANT_CONVERSION=NO
    export CLANG_WARN_CXX0X_EXTENSIONS=NO
    export CLANG_WARN_DELETE_NON_VIRTUAL_DTOR=YES
    export CLANG_WARN_DEPRECATED_OBJC_IMPLEMENTATIONS=NO
    export CLANG_WARN_DIRECT_OBJC_ISA_USAGE=YES
    export CLANG_WARN_DOCUMENTATION_COMMENTS=NO
    export CLANG_WARN_EMPTY_BODY=NO
    export CLANG_WARN_ENUM_CONVERSION=NO
    export CLANG_WARN_FLOAT_CONVERSION=NO
    export CLANG_WARN_FRAMEWORK_INCLUDE_PRIVATE_FROM_PUBLIC=NO
    export CLANG_WARN_IMPLICIT_FALLTHROUGH=NO
    export CLANG_WARN_IMPLICIT_SIGN_CONVERSION=NO
    export CLANG_WARN_INFINITE_RECURSION=NO
    export CLANG_WARN_INT_CONVERSION=NO
    export CLANG_WARN_MISSING_NOESCAPE=YES
    export CLANG_WARN_NON_LITERAL_NULL_CONVERSION=NO
    export CLANG_WARN_NULLABLE_TO_NONNULL_CONVERSION=NO
    export CLANG_WARN_OBJC_EXPLICIT_OWNERSHIP_TYPE=NO
    export CLANG_WARN_OBJC_IMPLICIT_ATOMIC_PROPERTIES=NO
    export CLANG_WARN_OBJC_IMPLICIT_RETAIN_SELF=NO
    export CLANG_WARN_OBJC_INTERFACE_IVARS=NO
    export CLANG_WARN_OBJC_LITERAL_CONVERSION=NO
    export CLANG_WARN_OBJC_MISSING_PROPERTY_SYNTHESIS=NO
    export CLANG_WARN_OBJC_REPEATED_USE_OF_WEAK=NO
    export CLANG_WARN_OBJC_ROOT_CLASS=YES
    export CLANG_WARN_PRAGMA_PACK=YES
    export CLANG_WARN_PRIVATE_MODULE=YES
    export CLANG_WARN_QUOTED_INCLUDE_IN_FRAMEWORK_HEADER=NO
    export CLANG_WARN_RANGE_LOOP_ANALYSIS=NO
    export CLANG_WARN_SEMICOLON_BEFORE_METHOD_BODY=NO
    export CLANG_WARN_STRICT_PROTOTYPES=NO
    export CLANG_WARN_SUSPICIOUS_IMPLICIT_CONVERSION=NO
    export CLANG_WARN_SUSPICIOUS_MOVE=NO
    export CLANG_WARN_UNGUARDED_AVAILABILITY=YES
    export CLANG_WARN_UNREACHABLE_CODE=NO
    export CLANG_WARN_UNSAFE_BUFFER_USAGE=DEFAULT
    export CLANG_WARN_VEXING_PARSE=YES
    export CLANG_WARN_XNU_TYPED_ALLOCATORS=DEFAULT
    export CLANG_WARN__ARC_BRIDGE_CAST_NONARC=YES
    export CLANG_WARN__DUPLICATE_METHOD_MATCH=NO
    export CLANG_WARN__EXIT_TIME_DESTRUCTORS=NO
    export CLANG_X86_VECTOR_INSTRUCTIONS=default
    export CLANG__INPUT_FILE_LIST_PATH__=
    export CLASS_FILE_DIR=/Users/afanasyev/Library/Developer/Xcode/DerivedData/Telegram-bgradtrcdafgqwbewbqamjmitizp/Build/Intermediates.noindex/Telegram.build/bazel-out/ios_arm64-dbg-ios-arm64-min13.0-ST-faee4d1e8780/bin/Telegram/Telegram/JavaClasses
    export CLEAN_PRECOMPS=YES
    export CLION_VM_OPTIONS=/Users/afanasyev/bin/jetbra/vmoptions/clion.vmoptions
    export CLONE_HEADERS=NO
    export CODESIGNING_FOLDER_PATH=/Users/afanasyev/Library/Developer/Xcode/DerivedData/Telegram-bgradtrcdafgqwbewbqamjmitizp/Build/Products/Debug-iphoneos/bazel-out/ios_arm64-dbg-ios-arm64-min13.0-ST-faee4d1e8780/bin/Telegram/Telegram.app
    export CODE_SIGNING_ALLOWED=NO
    export CODE_SIGNING_REQUIRED=YES
    export CODE_SIGN_ALLOW_ENTITLEMENTS_MODIFICATION=YES
    export CODE_SIGN_CONTEXT_CLASS=XCiPhoneOSCodeSignContext
    export CODE_SIGN_ENTITLEMENTS=/var/tmp/_bazel_afanasyev/9a39311ceb7a61706aa1e4e247e12702/rules_xcodeproj.noindex/build_output_base/execroot/_main/bazel-out/ios_arm64-dbg-ios-arm64-min13.0-ST-faee4d1e8780/bin/Telegram/TelegramEntitlements.entitlements
    export CODE_SIGN_IDENTITY="Apple Development"
    export CODE_SIGN_INJECT_BASE_ENTITLEMENTS=YES
    export CODE_SIGN_KEYCHAIN=
    export CODE_SIGN_LOCAL_EXECUTION_IDENTITY=
    export CODE_SIGN_RESOURCE_RULES_IN_BUNDLE=
    export CODE_SIGN_STYLE=Automatic
    export COHORT_ARCHS=
    export COHORT_BASE_ARCH=
    export COLOR_DIAGNOSTICS=NO
    export COMBINE_HIDPI_IMAGES=NO
    export COMMAND_MODE=unix2003
    export COMPILATION_CACHE_ENABLE_CACHING=
    export COMPILATION_CACHE_ENABLE_DIAGNOSTIC_REMARKS=
    export COMPILER_INDEX_STORE_ENABLE=Default
    export COMPILE_TARGET_NAME=Telegram
    export COMPOSITE_SDK_DIRS=/Users/afanasyev/Library/Developer/Xcode/DerivedData/Telegram-bgradtrcdafgqwbewbqamjmitizp/Build/Intermediates.noindex/CompositeSDKs
    export COMPRESS_PNG_FILES=YES
    export COMPRESS_TIFF_FILES_WHILE_COPYING=NO
    export CONFIGURATION=Debug
    export CONFIGURATION_BUILD_DIR=/Users/afanasyev/Library/Developer/Xcode/DerivedData/Telegram-bgradtrcdafgqwbewbqamjmitizp/Build/Products/Debug-iphoneos/bazel-out/ios_arm64-dbg-ios-arm64-min13.0-ST-faee4d1e8780/bin/Telegram
    export CONFIGURATION_TEMP_DIR=/Users/afanasyev/Library/Developer/Xcode/DerivedData/Telegram-bgradtrcdafgqwbewbqamjmitizp/Build/Intermediates.noindex/Telegram.build/Debug-iphoneos
    export CONTENTS_FOLDER_PATH=Telegram.app
    export CONTENTS_FOLDER_PATH_SHALLOW_BUNDLE_NO=Telegram.app/Contents
    export CONTENTS_FOLDER_PATH_SHALLOW_BUNDLE_YES=Telegram.app
    export COPYING_PRESERVES_HFS_DATA=NO
    export COPY_HEADERS_RUN_UNIFDEF=NO
    export COPY_HEADERS_UNIFDEF_FLAGS=
    export COPY_PHASE_STRIP=NO
    export COREML_CODEGEN_LANGUAGE=Automatic
    export COREML_CODEGEN_SWIFT_GLOBAL_MODULE=NO
    export COREML_CODEGEN_SWIFT_VERSION=5.0
    export COREML_COMPILER_CONTAINER=bundle-resources
    export COREML_COMPILER_INFOPLIST_CONTENT_FILE=/Users/afanasyev/Library/Developer/Xcode/DerivedData/Telegram-bgradtrcdafgqwbewbqamjmitizp/Build/Intermediates.noindex/Telegram.build/bazel-out/ios_arm64-dbg-ios-arm64-min13.0-ST-faee4d1e8780/bin/Telegram/Telegram/-CoreMLPartialInfo.plist
    export COREML_DEPLOYMENT_TARGET=13.0
    export COREML_DEPLOYMENT_TARGET__NO=13.0
    export COREML_DEPLOYMENT_TARGET__YES=13.0
    export COREML_PLATFORM_NAME=ios
    export COREML_PLATFORM_NAME__NO=ios
    export COREML_PLATFORM_NAME__YES=maccatalyst
    export CORRESPONDING_SIMULATOR_PLATFORM_DIR=/Applications/Xcode.app/Contents/Developer/Platforms/iPhoneSimulator.platform
    export CORRESPONDING_SIMULATOR_PLATFORM_NAME=iphonesimulator
    export CORRESPONDING_SIMULATOR_SDK_DIR=/Applications/Xcode.app/Contents/Developer/Platforms/iPhoneSimulator.platform/Developer/SDKs/iPhoneSimulator26.4.sdk
    export CORRESPONDING_SIMULATOR_SDK_NAME=iphonesimulator26.4
    export CP=/bin/cp
    export CPP_HEADERMAP_FILE=/Users/afanasyev/Library/Developer/Xcode/DerivedData/Telegram-bgradtrcdafgqwbewbqamjmitizp/Build/Intermediates.noindex/Telegram.build/bazel-out/ios_arm64-dbg-ios-arm64-min13.0-ST-faee4d1e8780/bin/Telegram/Telegram/Telegram.hmap
    export CPP_HEADERMAP_FILE_FOR_ALL_NON_FRAMEWORK_TARGET_HEADERS=/Users/afanasyev/Library/Developer/Xcode/DerivedData/Telegram-bgradtrcdafgqwbewbqamjmitizp/Build/Intermediates.noindex/Telegram.build/bazel-out/ios_arm64-dbg-ios-arm64-min13.0-ST-faee4d1e8780/bin/Telegram/Telegram/Telegram-all-non-framework-target-headers.hmap
    export CPP_HEADERMAP_FILE_FOR_ALL_TARGET_HEADERS=/Users/afanasyev/Library/Developer/Xcode/DerivedData/Telegram-bgradtrcdafgqwbewbqamjmitizp/Build/Intermediates.noindex/Telegram.build/bazel-out/ios_arm64-dbg-ios-arm64-min13.0-ST-faee4d1e8780/bin/Telegram/Telegram/Telegram-all-target-headers.hmap
    export CPP_HEADERMAP_FILE_FOR_GENERATED_FILES=/Users/afanasyev/Library/Developer/Xcode/DerivedData/Telegram-bgradtrcdafgqwbewbqamjmitizp/Build/Intermediates.noindex/Telegram.build/bazel-out/ios_arm64-dbg-ios-arm64-min13.0-ST-faee4d1e8780/bin/Telegram/Telegram/Telegram-generated-files.hmap
    export CPP_HEADERMAP_FILE_FOR_OWN_TARGET_HEADERS=/Users/afanasyev/Library/Developer/Xcode/DerivedData/Telegram-bgradtrcdafgqwbewbqamjmitizp/Build/Intermediates.noindex/Telegram.build/bazel-out/ios_arm64-dbg-ios-arm64-min13.0-ST-faee4d1e8780/bin/Telegram/Telegram/Telegram-own-target-headers.hmap
    export CPP_HEADERMAP_FILE_FOR_PROJECT_FILES=/Users/afanasyev/Library/Developer/Xcode/DerivedData/Telegram-bgradtrcdafgqwbewbqamjmitizp/Build/Intermediates.noindex/Telegram.build/bazel-out/ios_arm64-dbg-ios-arm64-min13.0-ST-faee4d1e8780/bin/Telegram/Telegram/Telegram-project-headers.hmap
    export CPP_HEADERMAP_PRODUCT_HEADERS_VFS_FILE=/Users/afanasyev/Library/Developer/Xcode/DerivedData/Telegram-bgradtrcdafgqwbewbqamjmitizp/Build/Intermediates.noindex/Telegram.build/Debug-iphoneos/Telegram--VFS-iphoneos/all-product-headers.yaml
    export CPP_HEADER_SYMLINKS_DIR=/Users/afanasyev/Library/Developer/Xcode/DerivedData/Telegram-bgradtrcdafgqwbewbqamjmitizp/Build/Intermediates.noindex/Telegram.build/bazel-out/ios_arm64-dbg-ios-arm64-min13.0-ST-faee4d1e8780/bin/Telegram/Telegram/Telegram.hdrs
    export CREATE_INFOPLIST_SECTION_IN_BINARY=NO
    export CURRENT_ARCH=undefined_arch
    export CURRENT_PROJECT_VERSION=
    export CURRENT_VARIANT=normal
    export CURRENT_VERSION=
    export CXX=/Volumes/dx/dev/_home/MTProxy/Telegram-iOS/Telegram/Telegram.xcodeproj/rules_xcodeproj/bazel/clang.sh
    export C_COMPILER_LAUNCHER=
    export C_PARAMS_FILE=/var/tmp/_bazel_afanasyev/9a39311ceb7a61706aa1e4e247e12702/rules_xcodeproj.noindex/build_output_base/execroot/_main/bazel-out/ios_arm64-dbg-ios-arm64-min13.0-ST-faee4d1e8780/bin/Telegram/Telegram.c.compile.params
    export CodeSignEntitlements=
    export CodeSignResourceRules=
    export DEAD_CODE_STRIPPING=YES
    export DEBUGGING_SYMBOLS=YES
    export DEBUG_INFORMATION_FORMAT=dwarf
    export DEBUG_INFORMATION_VERSION=compiler-default
    export DEFAULT_COMPILER=com.apple.compilers.llvm.clang.1_0
    export DEFAULT_DEXT_INSTALL_PATH=/System/Library/DriverExtensions
    export DEFAULT_KEXT_INSTALL_PATH=/System/Library/Extensions
    export DEFAULT_SSE_LEVEL_3_NO=default
    export DEFAULT_SSE_LEVEL_3_SUPPLEMENTAL_NO=default
    export DEFAULT_SSE_LEVEL_3_SUPPLEMENTAL_YES=ssse3
    export DEFAULT_SSE_LEVEL_3_YES=sse3
    export DEFAULT_SSE_LEVEL_4_1_NO=default
    export DEFAULT_SSE_LEVEL_4_1_YES=sse4.1
    export DEFAULT_SSE_LEVEL_4_2_NO=default
    export DEFAULT_SSE_LEVEL_4_2_YES=sse4.2
    export DEFINES_MODULE=NO
    export DEPLOYMENT_LOCATION=NO
    export DEPLOYMENT_POSTPROCESSING=NO
    export DEPLOYMENT_TARGET=13.0
    export DEPLOYMENT_TARGET_SETTING_NAME=IPHONEOS_DEPLOYMENT_TARGET
    export DEPLOYMENT_TARGET_SUGGESTED_VALUES="12.0 12.1 12.2 12.3 12.4 13.0 13.1 13.2 13.3 13.4 13.5 13.6 14.0 14.1 14.2 14.3 14.4 14.5 14.6 14.7 15.0 15.1 15.2 15.3 15.4 15.5 15.6 16.0 16.1 16.2 16.3 16.4 16.5 16.6 17.0 17.1 17.2 17.3 17.4 17.5 17.6 18.0 18.1 18.2 18.3 18.4 18.5 18.6 26.0 26.2 26.3 26.4"
    export DERIVED_DATA_DIR=/Users/afanasyev/Library/Developer/Xcode/DerivedData
    export DERIVED_FILES_DIR=/Users/afanasyev/Library/Developer/Xcode/DerivedData/Telegram-bgradtrcdafgqwbewbqamjmitizp/Build/Intermediates.noindex/Telegram.build/bazel-out/ios_arm64-dbg-ios-arm64-min13.0-ST-faee4d1e8780/bin/Telegram/Telegram/DerivedSources
    export DERIVED_FILE_DIR=/Users/afanasyev/Library/Developer/Xcode/DerivedData/Telegram-bgradtrcdafgqwbewbqamjmitizp/Build/Intermediates.noindex/Telegram.build/bazel-out/ios_arm64-dbg-ios-arm64-min13.0-ST-faee4d1e8780/bin/Telegram/Telegram/DerivedSources
    export DERIVED_PATHS=
    export DERIVED_SOURCES_DIR=/Users/afanasyev/Library/Developer/Xcode/DerivedData/Telegram-bgradtrcdafgqwbewbqamjmitizp/Build/Intermediates.noindex/Telegram.build/bazel-out/ios_arm64-dbg-ios-arm64-min13.0-ST-faee4d1e8780/bin/Telegram/Telegram/DerivedSources
    export DERIVE_MACCATALYST_PRODUCT_BUNDLE_IDENTIFIER=NO
    export DEVELOPER_APPLICATIONS_DIR=/Applications/Xcode.app/Contents/Developer/Applications
    export DEVELOPER_BIN_DIR=/Applications/Xcode.app/Contents/Developer/usr/bin
    export DEVELOPER_DIR=/Applications/Xcode.app/Contents/Developer
    export DEVELOPER_FRAMEWORKS_DIR=/Applications/Xcode.app/Contents/Developer/Library/Frameworks
    export DEVELOPER_FRAMEWORKS_DIR_QUOTED=/Applications/Xcode.app/Contents/Developer/Library/Frameworks
    export DEVELOPER_LIBRARY_DIR=/Applications/Xcode.app/Contents/Developer/Library
    export DEVELOPER_SDK_DIR=/Applications/Xcode.app/Contents/Developer/Platforms/MacOSX.platform/Developer/SDKs
    export DEVELOPER_TOOLS_DIR=/Applications/Xcode.app/Contents/Developer/Tools
    export DEVELOPER_USR_DIR=/Applications/Xcode.app/Contents/Developer/usr
    export DEVELOPMENT_ASSET_PATHS=
    export DEVELOPMENT_LANGUAGE=en
    export DEVELOPMENT_TEAM=2L5HM96J76
    export DEVICE_NAME="iPhone Anton"
    export DIFF=/usr/bin/diff
    export DOCC_ANALYZE_DIAGNOSTICS=NO
    export DOCC_ARCHIVE_PATH=/Users/afanasyev/Library/Developer/Xcode/DerivedData/Telegram-bgradtrcdafgqwbewbqamjmitizp/Build/Products/Debug-iphoneos/bazel-out/ios_arm64-dbg-ios-arm64-min13.0-ST-faee4d1e8780/bin/Telegram/Telegram.doccarchive
    export DOCC_CATALOG_DISPLAY_NAME=Telegram
    export DOCC_CATALOG_IDENTIFIER=org.toxeh.ChatOverTSPU
    export DOCC_DIAGNOSTICS_FILE=/Users/afanasyev/Library/Developer/Xcode/DerivedData/Telegram-bgradtrcdafgqwbewbqamjmitizp/Build/Intermediates.noindex/Telegram.build/bazel-out/ios_arm64-dbg-ios-arm64-min13.0-ST-faee4d1e8780/bin/Telegram/Telegram/Telegram-diagnostics.json
    export DOCC_EMIT_FIXITS=YES
    export DOCC_ENABLE_CXX_SUPPORT=YES
    export DOCC_EXEC=docc
    export DOCC_EXTRACT_EXTENSION_SYMBOLS=YES
    export DOCC_EXTRACT_OBJC_INFO_FOR_SWIFT_SYMBOLS=NO
    export DOCC_EXTRACT_SPI_DOCUMENTATION=NO
    export DOCC_EXTRACT_SWIFT_INFO_FOR_OBJC_SYMBOLS=NO
    export DOCC_HOSTING_BASE_PATH=
    export DOCC_IDE_CONSOLE_OUTPUT=YES
    export DOCC_MINIMUM_ACCESS_LEVEL=none
    export DOCC_OUTPUT_DIGEST_INFORMATION=NO
    export DOCC_OUTPUT_DIR=/Users/afanasyev/Library/Developer/Xcode/DerivedData/Telegram-bgradtrcdafgqwbewbqamjmitizp/Build/Products/Debug-iphoneos/bazel-out/ios_arm64-dbg-ios-arm64-min13.0-ST-faee4d1e8780/bin/Telegram
    export DOCC_OUTPUT_NAVIGATOR_INDEX=YES
    export DOCC_PRETTY_PRINT=NO
    export DOCC_SKIP_INHERITED_DOCS=NO
    export DOCC_SKIP_SYNTHESIZED_MEMBERS=NO
    export DOCC_TEMPLATE_PATH=
    export DOCC_TRANSFORM_FOR_STATIC_HOSTING=YES
    export DOCUMENTATION_FOLDER_PATH=Telegram.app/en.lproj/Documentation
    export DONT_GENERATE_INFOPLIST_FILE=NO
    export DRIVERKIT_DEPLOYMENT_TARGET=20.4
    export DSTROOT=/Users/afanasyev/Library/Developer/Xcode/DerivedData/Telegram-bgradtrcdafgqwbewbqamjmitizp/Build/Intermediates.noindex/Telegram.build
    export DSYMUTIL_DSYM_SEARCH_PATHS=
    export DSYMUTIL_QUIET_OPERATION=NO
    export DSYMUTIL_VARIANT_SUFFIX=
    export DSYMUTIL_VERBOSE=NO
    export DTRACE_OTHER_FLAGS=
    export DTRACE_OUTPUT_FILE_TYPE=Header
    export DT_TOOLCHAIN_DIR=/Applications/Xcode.app/Contents/Developer/Toolchains/XcodeDefault.xctoolchain
    export DUMP_DEPENDENCIES=NO
    export DUMP_DEPENDENCIES_OUTPUT_PATH=/Users/afanasyev/Library/Developer/Xcode/DerivedData/Telegram-bgradtrcdafgqwbewbqamjmitizp/Build/Intermediates.noindex/Telegram.build/bazel-out/ios_arm64-dbg-ios-arm64-min13.0-ST-faee4d1e8780/bin/Telegram/Telegram/Telegram-BuildDependencyInfo.json
    export DWARF_DSYM_FILE_NAME=Telegram.app.dSYM
    export DWARF_DSYM_FILE_SHOULD_ACCOMPANY_PRODUCT=NO
    export DWARF_DSYM_FOLDER_PATH=/Users/afanasyev/Library/Developer/Xcode/DerivedData/Telegram-bgradtrcdafgqwbewbqamjmitizp/Build/Products/Debug-iphoneos/bazel-out/ios_arm64-dbg-ios-arm64-min13.0-ST-faee4d1e8780/bin/Telegram
    export DYLIB_COMPATIBILITY_VERSION=
    export DYLIB_CURRENT_VERSION=
    export DYLIB_INSTALL_NAME_BASE=
    export EAGER_COMPILATION_ALLOW_SCRIPTS=NO
    export EAGER_LINKING=NO
    export EFFECTIVE_PLATFORM_NAME=-iphoneos
    export EFFECTIVE_PLATFORM_SUFFIX=os
    export EFFECTIVE_TOOLCHAINS_DIRS="/var/run/com.apple.security.cryptexd/mnt/com.apple.MobileAsset.MetalToolchain-v17.5.5179.6.ng60e4/Metal.xctoolchain /Applications/Xcode.app/Contents/Developer/Toolchains/XcodeDefault.xctoolchain"
    export ELECTRON_RUN_AS_NODE=1
    export EMBEDDED_CONTENT_CONTAINS_SWIFT=NO
    export EMBEDDED_PROFILE_NAME=embedded.mobileprovision
    export EMBED_ASSET_PACKS_IN_PRODUCT_BUNDLE=NO
    export ENABLE_APPINTENTS_DEPLOYMENT_AWARE_PROCESSING=YES
    export ENABLE_APPLE_KEXT_CODE_GENERATION=NO
    export ENABLE_APP_SANDBOX=NO
    export ENABLE_ASSISTANT_INTENTS_PROVIDER_VALIDATION=YES
    export ENABLE_CODE_COVERAGE=YES
    export ENABLE_COHORT_ARCHS=NO
    export ENABLE_CPLUSPLUS_BOUNDS_SAFE_BUFFERS=NO
    export ENABLE_C_BOUNDS_SAFETY=NO
    export ENABLE_DEBUG_DYLIB=NO
    export ENABLE_DEFAULT_HEADER_SEARCH_PATHS=YES
    export ENABLE_DEFAULT_SEARCH_PATHS=NO
    export ENABLE_ENHANCED_SECURITY=NO
    export ENABLE_FILE_ACCESS_DOWNLOADS_FOLDER=
    export ENABLE_FILE_ACCESS_MOVIES_FOLDER=
    export ENABLE_FILE_ACCESS_MUSIC_FOLDER=
    export ENABLE_FILE_ACCESS_PICTURE_FOLDER=
    export ENABLE_HARDENED_RUNTIME=NO
    export ENABLE_HEADER_DEPENDENCIES=YES
    export ENABLE_INCOMING_NETWORK_CONNECTIONS=NO
    export ENABLE_INCREMENTAL_DISTILL=NO
    export ENABLE_MODULE_VERIFIER=NO
    export ENABLE_NS_ASSERTIONS=YES
    export ENABLE_ONLY_ACTIVE_RESOURCES=YES
    export ENABLE_ON_DEMAND_RESOURCES=YES
    export ENABLE_OUTGOING_NETWORK_CONNECTIONS=NO
    export ENABLE_POINTER_AUTHENTICATION=NO
    export ENABLE_PREVIEWS=
    export ENABLE_RESOURCE_ACCESS_AUDIO_INPUT=NO
    export ENABLE_RESOURCE_ACCESS_BLUETOOTH=NO
    export ENABLE_RESOURCE_ACCESS_CALENDARS=NO
    export ENABLE_RESOURCE_ACCESS_CAMERA=NO
    export ENABLE_RESOURCE_ACCESS_CONTACTS=NO
    export ENABLE_RESOURCE_ACCESS_LOCATION=NO
    export ENABLE_RESOURCE_ACCESS_PHOTO_LIBRARY=NO
    export ENABLE_RESOURCE_ACCESS_PRINTING=NO
    export ENABLE_RESOURCE_ACCESS_USB=NO
    export ENABLE_SDK_IMPORTS=NO
    export ENABLE_SECURITY_COMPILER_WARNINGS=NO
    export ENABLE_STRICT_OBJC_MSGSEND=YES
    export ENABLE_SWIFT_6_UPCOMING_FEATURES_IN_SWIFT_VERSION_6_0=YES
    export ENABLE_SYSTEM_SANITIZERS=
    export ENABLE_TESTABILITY=NO
    export ENABLE_TESTING_SEARCH_PATHS=NO
    export ENABLE_USER_SCRIPT_SANDBOXING=NO
    export ENABLE_USER_SELECTED_FILES=
    export ENFORCE_VALID_ARCHS=YES
    export ENTITLEMENTS_ALLOWED=YES
    export ENTITLEMENTS_DESTINATION=Signature
    export ENTITLEMENTS_REQUIRED=NO
    export EXCLUDED_EXPLICIT_TARGET_DEPENDENCIES=
    export EXCLUDED_INSTALLSRC_SUBDIRECTORY_PATTERNS=".DS_Store .svn .git .hg CVS"
    export EXCLUDED_RECURSIVE_SEARCH_PATH_SUBDIRECTORIES="*.nib *.lproj *.framework *.gch *.xcode* *.xcassets *.icon (*) .DS_Store CVS .svn .git .hg *.pbproj *.pbxproj"
    export EXCLUDED_SOURCE_FILE_NAMES=
    export EXECUTABLES_FOLDER_PATH=Telegram.app/Executables
    export EXECUTABLE_EXTENSION=
    export EXECUTABLE_FOLDER_PATH=Telegram.app
    export EXECUTABLE_FOLDER_PATH_SHALLOW_BUNDLE_NO=Telegram.app/MacOS
    export EXECUTABLE_FOLDER_PATH_SHALLOW_BUNDLE_YES=Telegram.app
    export EXECUTABLE_NAME=Telegram
    export EXECUTABLE_PATH=Telegram.app/Telegram
    export EXECUTABLE_PREFIX=
    export EXECUTABLE_SUFFIX=
    export EXECUTABLE_VARIANT_SUFFIX=
    export EXPORTED_SYMBOLS_FILE=
    export EXTENSIONS_FOLDER_PATH=Telegram.app/Extensions
    export ExpandBuildSettings=
    export FILE_LIST=/Users/afanasyev/Library/Developer/Xcode/DerivedData/Telegram-bgradtrcdafgqwbewbqamjmitizp/Build/Intermediates.noindex/Telegram.build/bazel-out/ios_arm64-dbg-ios-arm64-min13.0-ST-faee4d1e8780/bin/Telegram/Telegram/Objects/LinkFileList
    export FIXED_FILES_DIR=/Users/afanasyev/Library/Developer/Xcode/DerivedData/Telegram-bgradtrcdafgqwbewbqamjmitizp/Build/Intermediates.noindex/Telegram.build/bazel-out/ios_arm64-dbg-ios-arm64-min13.0-ST-faee4d1e8780/bin/Telegram/Telegram/FixedFiles
    export FRAMEWORKS_FOLDER_PATH=Telegram.app/Frameworks
    export FRAMEWORK_FLAG_PREFIX=-framework
    export FRAMEWORK_SEARCH_PATHS=
    export FRAMEWORK_VERSION=A
    export FULL_PRODUCT_NAME=Telegram.app
    export FUSE_BUILD_PHASES=YES
    export FUSE_BUILD_SCRIPT_PHASES=NO
    export GCC3_VERSION=3.3
    export GCC_CHAR_IS_UNSIGNED_CHAR=NO
    export GCC_CW_ASM_SYNTAX=YES
    export GCC_C_LANGUAGE_STANDARD=compiler-default
    export GCC_DEBUG_INFORMATION_FORMAT=dwarf
    export GCC_DEBUG_INFORMATION_VERSION=compiler-default
    export GCC_DYNAMIC_NO_PIC=NO
    export GCC_ENABLE_ASM_KEYWORD=YES
    export GCC_ENABLE_BUILTIN_FUNCTIONS=YES
    export GCC_ENABLE_CPP_EXCEPTIONS=YES
    export GCC_ENABLE_CPP_RTTI=YES
    export GCC_ENABLE_EXCEPTIONS=NO
    export GCC_ENABLE_FLOATING_POINT_LIBRARY_CALLS=NO
    export GCC_ENABLE_KERNEL_DEVELOPMENT=NO
    export GCC_ENABLE_OBJC_EXCEPTIONS=YES
    export GCC_ENABLE_PASCAL_STRINGS=YES
    export GCC_ENABLE_SSE3_EXTENSIONS=NO
    export GCC_ENABLE_SSE41_EXTENSIONS=NO
    export GCC_ENABLE_SSE42_EXTENSIONS=NO
    export GCC_ENABLE_SUPPLEMENTAL_SSE3_INSTRUCTIONS=NO
    export GCC_ENABLE_TRIGRAPHS=NO
    export GCC_FAST_MATH=NO
    export GCC_GENERATE_DEBUGGING_SYMBOLS=YES
    export GCC_GENERATE_TEST_COVERAGE_FILES=NO
    export GCC_INCREASE_PRECOMPILED_HEADER_SHARING=NO
    export GCC_INLINES_ARE_PRIVATE_EXTERN=YES
    export GCC_INPUT_FILETYPE=automatic
    export GCC_INSTRUMENT_PROGRAM_FLOW_ARCS=NO
    export GCC_LINK_WITH_DYNAMIC_LIBRARIES=YES
    export GCC_NO_COMMON_BLOCKS=NO
    export GCC_OBJC_ABI_VERSION=
    export GCC_OBJC_LEGACY_DISPATCH=NO
    export GCC_OPERATION=compile
    export GCC_OPTIMIZATION_LEVEL=0
    export GCC_PFE_FILE_C_DIALECTS="c objective-c c++ objective-c++"
    export GCC_PRECOMPILE_PREFIX_HEADER=
    export GCC_PREFIX_HEADER=
    export GCC_PREPROCESSOR_DEFINITIONS=
    export GCC_PREPROCESSOR_DEFINITIONS_NOT_USED_IN_PRECOMPS=
    export GCC_PRODUCT_TYPE_PREPROCESSOR_DEFINITIONS=
    export GCC_REUSE_STRINGS=YES
    export GCC_SHORT_ENUMS=NO
    export GCC_STRICT_ALIASING=YES
    export GCC_SYMBOLS_PRIVATE_EXTERN=YES
    export GCC_THREADSAFE_STATICS=YES
    export GCC_THUMB_SUPPORT=YES
    export GCC_TREAT_IMPLICIT_FUNCTION_DECLARATIONS_AS_ERRORS=NO
    export GCC_TREAT_INCOMPATIBLE_POINTER_TYPE_WARNINGS_AS_ERRORS=NO
    export GCC_TREAT_WARNINGS_AS_ERRORS=NO
    export GCC_UNROLL_LOOPS=NO
    export GCC_USE_GCC3_PFE_SUPPORT=
    export GCC_USE_STANDARD_INCLUDE_SEARCHING=YES
    export GCC_VERSION=
    export GCC_VERSION_IDENTIFIER=
    export GCC_WARN_64_TO_32_BIT_CONVERSION=NO
    export GCC_WARN_ABOUT_DEPRECATED_FUNCTIONS=YES
    export GCC_WARN_ABOUT_INVALID_OFFSETOF_MACRO=YES
    export GCC_WARN_ABOUT_MISSING_FIELD_INITIALIZERS=NO
    export GCC_WARN_ABOUT_MISSING_NEWLINE=NO
    export GCC_WARN_ABOUT_MISSING_PROTOTYPES=NO
    export GCC_WARN_ABOUT_POINTER_SIGNEDNESS=YES
    export GCC_WARN_ABOUT_RETURN_TYPE=NO
    export GCC_WARN_ALLOW_INCOMPLETE_PROTOCOL=YES
    export GCC_WARN_CHECK_SWITCH_STATEMENTS=YES
    export GCC_WARN_FOUR_CHARACTER_CONSTANTS=NO
    export GCC_WARN_HIDDEN_VIRTUAL_FUNCTIONS=NO
    export GCC_WARN_INHIBIT_ALL_WARNINGS=NO
    export GCC_WARN_INITIALIZER_NOT_FULLY_BRACKETED=NO
    export GCC_WARN_MISSING_PARENTHESES=YES
    export GCC_WARN_MULTIPLE_DEFINITION_TYPES_FOR_SELECTOR=NO
    export GCC_WARN_NON_VIRTUAL_DESTRUCTOR=NO
    export GCC_WARN_PEDANTIC=NO
    export GCC_WARN_SHADOW=NO
    export GCC_WARN_SIGN_COMPARE=NO
    export GCC_WARN_STRICT_SELECTOR_MATCH=NO
    export GCC_WARN_TYPECHECK_CALLS_TO_PRINTF=YES
    export GCC_WARN_UNDECLARED_SELECTOR=NO
    export GCC_WARN_UNINITIALIZED_AUTOS=NO
    export GCC_WARN_UNKNOWN_PRAGMAS=NO
    export GCC_WARN_UNUSED_FUNCTION=NO
    export GCC_WARN_UNUSED_LABEL=NO
    export GCC_WARN_UNUSED_PARAMETER=NO
    export GCC_WARN_UNUSED_VALUE=YES
    export GCC_WARN_UNUSED_VARIABLE=NO
    export GENERATED_MODULEMAP_DIR=/Users/afanasyev/Library/Developer/Xcode/DerivedData/Telegram-bgradtrcdafgqwbewbqamjmitizp/Build/Intermediates.noindex/GeneratedModuleMaps-iphoneos
    export GENERATE_INFOPLIST_FILE=NO
    export GENERATE_INTERMEDIATE_TEXT_BASED_STUBS=YES
    export GENERATE_PKGINFO_FILE=YES
    export GENERATE_PRELINK_OBJECT_FILE=NO
    export GENERATE_PROFILING_CODE=NO
    export GENERATE_TEXT_BASED_STUBS=NO
    export GID=20
    export GLOBAL_CFLAGS=
    export GROUP=staff
    export GeneratedPkgInfoFile=
    export HEADERMAP_FILE_FORMAT=traditional
    export HEADERMAP_INCLUDES_FLAT_ENTRIES_FOR_TARGET_BEING_BUILT=YES
    export HEADERMAP_INCLUDES_FRAMEWORK_ENTRIES_FOR_ALL_PRODUCT_TYPES=YES
    export HEADERMAP_INCLUDES_FRAMEWORK_ENTRIES_FOR_TARGETS_NOT_BEING_BUILT=YES
    export HEADERMAP_INCLUDES_NONPUBLIC_NONPRIVATE_HEADERS=YES
    export HEADERMAP_INCLUDES_PROJECT_HEADERS=YES
    export HEADERMAP_USES_FRAMEWORK_PREFIX_ENTRIES=YES
    export HEADERMAP_USES_VFS=NO
    export HEADER_DEPENDENCIES=
    export HEADER_SEARCH_PATHS=
    export HOME=/Users/afanasyev
    export HOMEBREW_NO_ENV_HINTS=1
    export HOMEBREW_NO_INSTALL_CLEANUP=1
    export HOST_ARCH=arm64e
    export IBC_COMPILATION_MODE_FOR_IOS=
    export IBC_COMPILER_AUTO_ACTIVATE_CUSTOM_FONTS=YES
    export IBC_COMPILER_USE_NIBKEYEDARCHIVER_FOR_MACOS=NO
    export IBC_ERRORS=YES
    export IBC_EXEC=ibtool
    export IBC_FLATTEN_NIBS=YES
    export IBC_MODULE=Lib
    export IBC_NOTICES=YES
    export IBC_OTHER_FLAGS=
    export IBC_OVERRIDING_PLUGINS_AND_FRAMEWORKS_DIR=
    export IBC_PLUGINS=
    export IBC_PLUGIN_SEARCH_PATHS=
    export IBC_REGIONS_AND_STRINGS_FILES=
    export IBC_STRIP_NIBS=YES
    export IBC_WARNINGS=YES
    export IBSC_COMPILATION_MODE_FOR_IOS=
    export IBSC_COMPILER_AUTO_ACTIVATE_CUSTOM_FONTS=YES
    export IBSC_COMPILER_USE_NIBKEYEDARCHIVER_FOR_MACOS=NO
    export IBSC_ERRORS=YES
    export IBSC_FLATTEN_NIBS=YES
    export IBSC_MODULE=Lib
    export IBSC_NOTICES=YES
    export IBSC_OTHER_FLAGS=
    export IBSC_REGIONS_AND_STRINGS_FILES=
    export IBSC_STRIP_NIBS=YES
    export IBSC_WARNINGS=YES
    export ICONV=/usr/bin/iconv
    export IDEA_VM_OPTIONS=/Users/afanasyev/bin/jetbra/vmoptions/idea.vmoptions
    export IIG_CXX_LANGUAGE_STANDARD=compiler-default
    export IIG_DERIVED_FILE_DIR=/Users/afanasyev/Library/Developer/Xcode/DerivedData/Telegram-bgradtrcdafgqwbewbqamjmitizp/Build/Intermediates.noindex/Telegram.build/bazel-out/ios_arm64-dbg-ios-arm64-min13.0-ST-faee4d1e8780/bin/Telegram/Telegram/DerivedSources/Telegram
    export IIG_EXEC=iig
    export IIG_FRAMEWORK_NAME=Telegram
    export IIG_HEADERS_DIR=/Users/afanasyev/Library/Developer/Xcode/DerivedData/Telegram-bgradtrcdafgqwbewbqamjmitizp/Build/Intermediates.noindex/Telegram.build/bazel-out/ios_arm64-dbg-ios-arm64-min13.0-ST-faee4d1e8780/bin/Telegram/Telegram/DerivedSources/Telegram
    export IIG_IMPLEMENTATION_DIR=/Users/afanasyev/Library/Developer/Xcode/DerivedData/Telegram-bgradtrcdafgqwbewbqamjmitizp/Build/Intermediates.noindex/Telegram.build/bazel-out/ios_arm64-dbg-ios-arm64-min13.0-ST-faee4d1e8780/bin/Telegram/Telegram/DerivedSources/Telegram
    export IIG_PREPROCESSOR_DEFINITIONS=__IIG=1
    export IMPLICIT_DEPENDENCY_DOMAIN=default
    export IMPORT_INDEX_BUILD_INDEXSTORES=YES
    export INCLUDED_EXPLICIT_TARGET_DEPENDENCIES=
    export INCLUDED_RECURSIVE_SEARCH_PATH_SUBDIRECTORIES=
    export INCLUDED_SOURCE_FILE_NAMES=
    export INDEXING_PROJECT_DIR__=/var/tmp/_bazel_afanasyev/9a39311ceb7a61706aa1e4e247e12702/rules_xcodeproj.noindex/build_output_base/execroot/_main
    export INDEXING_PROJECT_DIR__NO=/var/tmp/_bazel_afanasyev/9a39311ceb7a61706aa1e4e247e12702/rules_xcodeproj.noindex/build_output_base/execroot/_main
    export INDEXING_PROJECT_DIR__YES=/var/tmp/_bazel_afanasyev/9a39311ceb7a61706aa1e4e247e12702/rules_xcodeproj.noindex/indexbuild_output_base/execroot/_main
    export INDEX_DATA_STORE_DIR=/Users/afanasyev/Library/Developer/Xcode/DerivedData/Telegram-bgradtrcdafgqwbewbqamjmitizp/Index.noindex/DataStore
    export INDEX_ENABLE_DATA_STORE=YES
    export INDEX_FORCE_SCRIPT_EXECUTION=YES
    export INDEX_IMPORT=/var/tmp/_bazel_afanasyev/9a39311ceb7a61706aa1e4e247e12702/rules_xcodeproj.noindex/build_output_base/execroot/_main/bazel-out/darwin_arm64-opt-exec-ST-d57f47055a04/bin/external/rules_xcodeproj++non_module_deps+rules_xcodeproj_index_import/index-import
    export INDEX_PRECOMPS_DIR=/Users/afanasyev/Library/Developer/Xcode/DerivedData/Telegram-bgradtrcdafgqwbewbqamjmitizp/Index.noindex/PrecompiledHeaders
    export INDEX_STORE_COMPRESS=NO
    export INDEX_STORE_ONLY_PROJECT_FILES=NO
    export INFOPLIST_ENABLE_CFBUNDLEICONS_MERGE=YES
    export INFOPLIST_EXPAND_BUILD_SETTINGS=YES
    export INFOPLIST_FILE=/var/tmp/_bazel_afanasyev/9a39311ceb7a61706aa1e4e247e12702/rules_xcodeproj.noindex/build_output_base/execroot/_main/bazel-out/ios_arm64-dbg-ios-arm64-min13.0-ST-faee4d1e8780/bin/Telegram/rules_xcodeproj/Telegram/Info.plist
    export INFOPLIST_KEY_CFBundleDisplayName=
    export INFOPLIST_KEY_CLKComplicationPrincipalClass=
    export INFOPLIST_KEY_GCSupportsControllerUserInteraction=
    export INFOPLIST_KEY_GCSupportsGameMode=
    export INFOPLIST_KEY_ITSAppUsesNonExemptEncryption=
    export INFOPLIST_KEY_ITSEncryptionExportComplianceCode=
    export INFOPLIST_KEY_LSApplicationCategoryType=
    export INFOPLIST_KEY_LSBackgroundOnly=
    export INFOPLIST_KEY_LSSupportsOpeningDocumentsInPlace=
    export INFOPLIST_KEY_LSUIElement=
    export INFOPLIST_KEY_MetalCaptureEnabled=
    export INFOPLIST_KEY_NFCReaderUsageDescription=
    export INFOPLIST_KEY_NSAccessoryTrackingUsageDescription=
    export INFOPLIST_KEY_NSAppDataUsageDescription=
    export INFOPLIST_KEY_NSAppleEventsUsageDescription=
    export INFOPLIST_KEY_NSAppleMusicUsageDescription=
    export INFOPLIST_KEY_NSBluetoothAlwaysUsageDescription=
    export INFOPLIST_KEY_NSBluetoothPeripheralUsageDescription=
    export INFOPLIST_KEY_NSBluetoothWhileInUseUsageDescription=
    export INFOPLIST_KEY_NSCalendarsFullAccessUsageDescription=
    export INFOPLIST_KEY_NSCalendarsUsageDescription=
    export INFOPLIST_KEY_NSCalendarsWriteOnlyAccessUsageDescription=
    export INFOPLIST_KEY_NSCameraUsageDescription=
    export INFOPLIST_KEY_NSContactsUsageDescription=
    export INFOPLIST_KEY_NSCriticalMessagingUsageDescription=
    export INFOPLIST_KEY_NSDesktopFolderUsageDescription=
    export INFOPLIST_KEY_NSDocumentsFolderUsageDescription=
    export INFOPLIST_KEY_NSDownloadsFolderUsageDescription=
    export INFOPLIST_KEY_NSFaceIDUsageDescription=
    export INFOPLIST_KEY_NSFallDetectionUsageDescription=
    export INFOPLIST_KEY_NSFileProviderDomainUsageDescription=
    export INFOPLIST_KEY_NSFileProviderPresenceUsageDescription=
    export INFOPLIST_KEY_NSFinancialDataUsageDescription=
    export INFOPLIST_KEY_NSFocusStatusUsageDescription=
    export INFOPLIST_KEY_NSGKFriendListUsageDescription=
    export INFOPLIST_KEY_NSHandsTrackingUsageDescription=
    export INFOPLIST_KEY_NSHealthClinicalHealthRecordsShareUsageDescription=
    export INFOPLIST_KEY_NSHealthShareUsageDescription=
    export INFOPLIST_KEY_NSHealthUpdateUsageDescription=
    export INFOPLIST_KEY_NSHomeKitUsageDescription=
    export INFOPLIST_KEY_NSHumanReadableCopyright=
    export INFOPLIST_KEY_NSIdentityUsageDescription=
    export INFOPLIST_KEY_NSLocalNetworkUsageDescription=
    export INFOPLIST_KEY_NSLocationAlwaysAndWhenInUseUsageDescription=
    export INFOPLIST_KEY_NSLocationAlwaysUsageDescription=
    export INFOPLIST_KEY_NSLocationTemporaryUsageDescriptionDictionary=
    export INFOPLIST_KEY_NSLocationUsageDescription=
    export INFOPLIST_KEY_NSLocationWhenInUseUsageDescription=
    export INFOPLIST_KEY_NSMainCameraUsageDescription=
    export INFOPLIST_KEY_NSMainNibFile=
    export INFOPLIST_KEY_NSMainStoryboardFile=
    export INFOPLIST_KEY_NSMicrophoneUsageDescription=
    export INFOPLIST_KEY_NSMotionUsageDescription=
    export INFOPLIST_KEY_NSNearbyInteractionAllowOnceUsageDescription=
    export INFOPLIST_KEY_NSNearbyInteractionUsageDescription=
    export INFOPLIST_KEY_NSNetworkVolumesUsageDescription=
    export INFOPLIST_KEY_NSPhotoLibraryAddUsageDescription=
    export INFOPLIST_KEY_NSPhotoLibraryUsageDescription=
    export INFOPLIST_KEY_NSPrincipalClass=
    export INFOPLIST_KEY_NSRemindersFullAccessUsageDescription=
    export INFOPLIST_KEY_NSRemindersUsageDescription=
    export INFOPLIST_KEY_NSRemovableVolumesUsageDescription=
    export INFOPLIST_KEY_NSSensorKitPrivacyPolicyURL=
    export INFOPLIST_KEY_NSSensorKitUsageDescription=
    export INFOPLIST_KEY_NSSiriUsageDescription=
    export INFOPLIST_KEY_NSSpeechRecognitionUsageDescription=
    export INFOPLIST_KEY_NSStickerSharingLevel=
    export INFOPLIST_KEY_NSSupportsLiveActivities=
    export INFOPLIST_KEY_NSSupportsLiveActivitiesFrequentUpdates=
    export INFOPLIST_KEY_NSSystemAdministrationUsageDescription=
    export INFOPLIST_KEY_NSSystemExtensionUsageDescription=
    export INFOPLIST_KEY_NSUserTrackingUsageDescription=
    export INFOPLIST_KEY_NSVideoSubscriberAccountUsageDescription=
    export INFOPLIST_KEY_NSVoIPUsageDescription=
    export INFOPLIST_KEY_NSWorldSensingUsageDescription=
    export INFOPLIST_KEY_OSBundleUsageDescription=
    export INFOPLIST_KEY_UIApplicationSceneManifest_Generation=
    export INFOPLIST_KEY_UIApplicationSupportsIndirectInputEvents=
    export INFOPLIST_KEY_UILaunchScreen_Generation=
    export INFOPLIST_KEY_UILaunchStoryboardName=
    export INFOPLIST_KEY_UIMainStoryboardFile=
    export INFOPLIST_KEY_UIRequiresFullScreen=
    export INFOPLIST_KEY_UIStatusBarHidden=
    export INFOPLIST_KEY_UIStatusBarStyle=
    export INFOPLIST_KEY_UISupportsDocumentBrowser=
    export INFOPLIST_KEY_UIUserInterfaceStyle=
    export INFOPLIST_KEY_WKCompanionAppBundleIdentifier=
    export INFOPLIST_KEY_WKExtensionDelegateClassName=
    export INFOPLIST_KEY_WKRunsIndependentlyOfCompanionApp=
    export INFOPLIST_KEY_WKWatchOnly=
    export INFOPLIST_OTHER_PREPROCESSOR_FLAGS=
    export INFOPLIST_OUTPUT_FORMAT=binary
    export INFOPLIST_PATH=Telegram.app/Info.plist
    export INFOPLIST_PREFIX_HEADER=
    export INFOPLIST_PREPROCESS=NO
    export INFOPLIST_PREPROCESSOR_DEFINITIONS=
    export INFOSTRINGS_PATH=Telegram.app/en.lproj/InfoPlist.strings
    export INIT_ROUTINE=
    export INLINE_PRIVATE_FRAMEWORKS=NO
    export INSTALLAPI_IGNORE_SKIP_INSTALL=YES
    export INSTALLHDRS_COPY_PHASE=NO
    export INSTALLHDRS_SCRIPT_PHASE=NO
    export INSTALL_DIR=/Users/afanasyev/Library/Developer/Xcode/DerivedData/Telegram-bgradtrcdafgqwbewbqamjmitizp/Build/Intermediates.noindex/Telegram.buildbazel-out/ios_arm64-dbg-ios-arm64-min13.0-ST-faee4d1e8780/bin/Telegram/Telegram/bin
    export INSTALL_GROUP=staff
    export INSTALL_MODE_FLAG=u+w,go-w,a+rX
    export INSTALL_OWNER=afanasyev
    export INSTALL_PATH=bazel-out/ios_arm64-dbg-ios-arm64-min13.0-ST-faee4d1e8780/bin/Telegram/Telegram/bin
    export INSTALL_ROOT=/Users/afanasyev/Library/Developer/Xcode/DerivedData/Telegram-bgradtrcdafgqwbewbqamjmitizp/Build/Intermediates.noindex/Telegram.build
    export INSTRUMENTS_PACKAGE_BUILDER=instrumentbuilder
    export INSTRUMENTS_PACKAGE_BUILDER_DEPENDENCY_INFO_FILE=/Users/afanasyev/Library/Developer/Xcode/DerivedData/Telegram-bgradtrcdafgqwbewbqamjmitizp/Build/Intermediates.noindex/Telegram.build/bazel-out/ios_arm64-dbg-ios-arm64-min13.0-ST-faee4d1e8780/bin/Telegram/Telegram/instruments-package-builder.dependencies
    export INSTRUMENTS_PACKAGE_BUILDER_LINKED_PACKAGES=
    export INSTRUMENTS_PACKAGE_BUILDER_NO_SYSTEM_SEARCH=NO
    export INSTRUMENTS_PACKAGE_BUILDER_SEARCH_PATHS=/Users/afanasyev/Library/Developer/Xcode/DerivedData/Telegram-bgradtrcdafgqwbewbqamjmitizp/Build/Products/Debug-iphoneos/bazel-out/ios_arm64-dbg-ios-arm64-min13.0-ST-faee4d1e8780/bin/Telegram
    export INSTRUMENTS_PACKAGE_BUILDER_VERSION_OVERRIDE=
    export INTENTS_CODEGEN_LANGUAGE=Automatic
    export INTERNAL_DIR=/Volumes/dx/dev/_home/MTProxy/Telegram-iOS/Telegram/Telegram.xcodeproj/rules_xcodeproj
    export IPHONEOS_DEPLOYMENT_TARGET=13.0
    export IS_MACCATALYST=
    export InfoPlistPath=
    export JAVAC_DEFAULT_FLAGS="-J-Xms64m -J-XX:NewSize=4M -J-Dfile.encoding=UTF8"
    export JAVA_APP_STUB=/System/Library/Frameworks/JavaVM.framework/Resources/MacOS/JavaApplicationStub
    export JAVA_ARCHIVE_CLASSES=YES
    export JAVA_ARCHIVE_TYPE=JAR
    export JAVA_COMPILER=/usr/bin/javac
    export JAVA_FOLDER_PATH=Telegram.app/Java
    export JAVA_FRAMEWORK_JARS=
    export JAVA_FRAMEWORK_RESOURCES_DIRS=Resources
    export JAVA_JAR_FLAGS=cv
    export JAVA_SOURCE_SUBDIR=.
    export JAVA_USE_DEPENDENCIES=YES
    export JAVA_ZIP_FLAGS=-urg
    export JETBRAINSCLIENT_VM_OPTIONS=/Users/afanasyev/bin/jetbra/vmoptions/jetbrainsclient.vmoptions
    export JETBRAINS_CLIENT_VM_OPTIONS=/Users/afanasyev/bin/jetbra/vmoptions/jetbrains_client.vmoptions
    export JIKES_DEFAULT_FLAGS="+E +OLDCSO"
    export KASAN_CFLAGS_CLASSIC="-DKASAN=1 -DKASAN_CLASSIC=1 -fsanitize=address -mllvm -asan-globals-live-support -mllvm -asan-force-dynamic-shadow"
    export KASAN_CFLAGS_TBI="-DKASAN=1 -DKASAN_TBI=1 -fsanitize=kernel-hwaddress -mllvm -hwasan-recover=0 -mllvm -hwasan-instrument-atomics=0 -mllvm -hwasan-instrument-stack=1 -mllvm -hwasan-generate-tags-with-calls=1 -mllvm -hwasan-instrument-with-calls=1 -mllvm -hwasan-use-short-granules=0 -mllvm -hwasan-memory-access-callback-prefix=__asan_"
    export KASAN_DEFAULT_CFLAGS="-DKASAN=1 -DKASAN_CLASSIC=1 -fsanitize=address -mllvm -asan-globals-live-support -mllvm -asan-force-dynamic-shadow"
    export KEEP_PRIVATE_EXTERNS=NO
    export KEXT_CFLAGS=
    export KEXT_CPLUSPLUSFLAGS=
    export LAUNCH_CONSTRAINT_PARENT=
    export LAUNCH_CONSTRAINT_RESPONSIBLE=
    export LAUNCH_CONSTRAINT_SELF=
    export LD=/Volumes/dx/dev/_home/MTProxy/Telegram-iOS/Telegram/Telegram.xcodeproj/rules_xcodeproj/bazel/ld
    export LDPLUSPLUS=/Volumes/dx/dev/_home/MTProxy/Telegram-iOS/Telegram/Telegram.xcodeproj/rules_xcodeproj/bazel/ld
    export LD_ADDRESS_SANITIZER=-fsanitize=address
    export LD_ADDRESS_SANITIZER_clang=-fsanitize=address
    export LD_ADDRESS_SANITIZER_swiftc=-sanitize=address
    export LD_ADD_MERGEABLE_DEBUG_HOOK=
    export LD_CLIENT_NAME=
    export LD_COHORT_ARCHS=
    export LD_DEBUG_VARIANT=YES
    export LD_DEPENDENCY_INFO_FILE=/undefined_arch/Telegram_dependency_info.dat
    export LD_DETERMINISTIC_MODE=YES
    export LD_DONT_RUN_DEDUPLICATION=YES
    export LD_DYLIB_ALLOWABLE_CLIENTS=
    export LD_DYLIB_INSTALL_NAME=
    export LD_ENTITLEMENTS_SECTION=
    export LD_ENTITLEMENTS_SECTION_DER=
    export LD_ENTRY_POINT=
    export LD_ENVIRONMENT=
    export LD_EXPORT_GLOBAL_SYMBOLS=NO
    export LD_EXPORT_SYMBOLS=YES
    export LD_FINAL_OUTPUT_FILE=bazel-out/ios_arm64-dbg-ios-arm64-min13.0-ST-faee4d1e8780/bin/Telegram/Telegram/bin/Telegram.app/Telegram
    export LD_FLAGS=
    export LD_GENERATE_MAP_FILE=NO
    export LD_LTO_OBJECT_FILE=/undefined_arch/Telegram_lto.o
    export LD_MAKE_MERGEABLE=NO
    export LD_MAP_FILE_PATH=/Users/afanasyev/Library/Developer/Xcode/DerivedData/Telegram-bgradtrcdafgqwbewbqamjmitizp/Build/Intermediates.noindex/Telegram.build/bazel-out/ios_arm64-dbg-ios-arm64-min13.0-ST-faee4d1e8780/bin/Telegram/Telegram/Telegram-LinkMap-normal-undefined_arch.txt
    export LD_NO_PIE=NO
    export LD_OBJC_ABI_VERSION=
    export LD_OBJC_RUNTIME_ARGS=-fobjc-link-runtime
    export LD_OBJC_RUNTIME_ARGS_clang=-fobjc-link-runtime
    export LD_OBJC_RUNTIME_ARGS_swiftc=-link-objc-runtime
    export LD_OPTIMIZATION_LEVEL=0
    export LD_QUOTE_LINKER_ARGUMENTS_FOR_COMPILER_DRIVER=YES
    export LD_RUNPATH_SEARCH_PATHS=
    export LD_RUNPATH_SEARCH_PATHS_YES="@loader_path/../Frameworks"
    export LD_SDK_IMPORTS_FILE=/undefined_arch/Telegram_normal_undefined_arch_sdk_imports.json
    export LD_SHARED_CACHE_ELIGIBLE=Automatic
    export LD_SKIP_MERGEABLE_LIBRARY_BUNDLE_HOOK=NO
    export LD_SUPPRESS_WARNINGS=NO
    export LD_TARGET_TRIPLE_ARCHS=undefined_arch
    export LD_THREAD_SANITIZER=
    export LD_WARN_DUPLICATE_LIBRARIES=NO
    export LD_WARN_UNUSED_DYLIBS=NO
    export LEGACY_DEVELOPER_DIR=/Applications/Xcode.app/Contents/Developer/PlugIns/Xcode3Core.ideplugin/Contents/SharedSupport/Developer
    export LEGACY_INDEX_IMPORT=/var/tmp/_bazel_afanasyev/9a39311ceb7a61706aa1e4e247e12702/rules_xcodeproj.noindex/build_output_base/execroot/_main/bazel-out/darwin_arm64-opt-exec-ST-d57f47055a04/bin/external/rules_xcodeproj++non_module_deps+rules_xcodeproj_legacy_index_import/index-import
    export LEX=lex
    export LEXFLAGS=
    export LEX_CASE_INSENSITIVE_SCANNER=NO
    export LEX_INSERT_LINE_DIRECTIVES=YES
    export LEX_SUPPRESS_DEFAULT_RULE=NO
    export LEX_SUPPRESS_WARNINGS=NO
    export LIBRARY_DEXT_INSTALL_PATH=/Library/DriverExtensions
    export LIBRARY_FLAG_NOSPACE=YES
    export LIBRARY_FLAG_PREFIX=-l
    export LIBRARY_KEXT_INSTALL_PATH=/Library/Extensions
    export LIBRARY_LOAD_CONSTRAINT=
    export LIBRARY_SEARCH_PATHS=
    export LIBTOOL=/Volumes/dx/dev/_home/MTProxy/Telegram-iOS/Telegram/Telegram.xcodeproj/rules_xcodeproj/bazel/libtool
    export LIBTOOL_ARCH=undefined_arch
    export LIBTOOL_COHORT_ARCHS=
    export LIBTOOL_DEPENDENCY_INFO_FILE=/undefined_arch/Telegram_libtool_dependency_info.dat
    export LIBTOOL_DEPLOYMENT_TARGET=13.0
    export LIBTOOL_DETERMINISTIC_MODE=YES
    export LIBTOOL_FILE_LIST_FORMAT=unescapedNewlineSeparated
    export LIBTOOL_USE_RESPONSE_FILE=YES
    export LINKER_DISPLAYS_MANGLED_NAMES=NO
    export LINKER_DRIVER=clang
    export LINKER_FILE_LIST_FORMAT=unescapedNewlineSeparated
    export LINKER_FILE_LIST_FORMAT_clang=unescapedNewlineSeparated
    export LINKER_FILE_LIST_FORMAT_swiftc=unixShellQuotedSpaceSeparated
    export LINKER_LIBRARY_FLAGS=
    export LINKER_RESPONSE_FILE_FORMAT=unixShellQuotedSpaceSeparated
    export LINK_PARAMS_FILE=/var/tmp/_bazel_afanasyev/9a39311ceb7a61706aa1e4e247e12702/rules_xcodeproj.noindex/build_output_base/execroot/_main/bazel-out/ios_arm64-dbg-ios-arm64-min13.0-ST-faee4d1e8780/bin/Telegram/Telegram.rules_xcodeproj.link.params
    export LINK_WITH_STANDARD_LIBRARIES=YES
    export LLVM_IMPLICIT_AGGRESSIVE_OPTIMIZATIONS=NO
    export LLVM_LTO=NO
    export LLVM_OPTIMIZATION_LEVEL_VAL_0=NO
    export LLVM_OPTIMIZATION_LEVEL_VAL_1=NO
    export LLVM_OPTIMIZATION_LEVEL_VAL_2=NO
    export LLVM_OPTIMIZATION_LEVEL_VAL_3=NO
    export LLVM_OPTIMIZATION_LEVEL_VAL_fast=YES
    export LLVM_OPTIMIZATION_LEVEL_VAL_s=NO
    export LLVM_OPTIMIZATION_LEVEL_VAL_z=NO
    export LLVM_TARGET_TRIPLE_OS_VERSION=ios13.0
    export LLVM_TARGET_TRIPLE_SUFFIX=
    export LLVM_TARGET_TRIPLE_VENDOR=apple
    export LM_AUX_CONST_METADATA_LIST_PATH=
    export LM_AUX_INTENTS_METADATA_FILES_LIST_PATH=/Users/afanasyev/Library/Developer/Xcode/DerivedData/Telegram-bgradtrcdafgqwbewbqamjmitizp/Build/Intermediates.noindex/Telegram.build/bazel-out/ios_arm64-dbg-ios-arm64-min13.0-ST-faee4d1e8780/bin/Telegram/Telegram/Telegram.DependencyMetadataFileList
    export LM_AUX_INTENTS_STATIC_METADATA_FILES_LIST_PATH=/Users/afanasyev/Library/Developer/Xcode/DerivedData/Telegram-bgradtrcdafgqwbewbqamjmitizp/Build/Intermediates.noindex/Telegram.build/bazel-out/ios_arm64-dbg-ios-arm64-min13.0-ST-faee4d1e8780/bin/Telegram/Telegram/Telegram.DependencyStaticMetadataFileList
    export LM_BINARY_PATH=
    export LM_BUNDLE_IDENTIFIER=org.toxeh.ChatOverTSPU
    export LM_COMPILE_TIME_EXTRACTION=YES
    export LM_DEPENDENCY_FILES=
    export LM_ENABLE_APP_NAME_OVERRIDE=NO
    export LM_ENABLE_ASSISTANT_INTENT_APP_NAME_OVERRIDE=NO
    export LM_ENABLE_LINK_GENERATION=YES
    export LM_ENABLE_STRING_VALIDATION=YES
    export LM_FILTER_WARNINGS=NO
    export LM_FORCE_LINK_GENERATION=NO
    export LM_FORCE_METADATA_OUTPUT=NO
    export LM_NO_APP_SHORTCUT_LOCALIZATION=YES
    export LM_OUTPUT_DIR=
    export LM_STRINGSDATA_FILES=
    export LOCALIZABLE_CONTENT_DIR=
    export LOCALIZATION_EXPORT_SUPPORTED=YES
    export LOCALIZATION_PREFERS_STRING_CATALOGS=NO
    export LOCALIZED_RESOURCES_FOLDER_PATH=Telegram.app/en.lproj
    export LOCALIZED_STRING_CODE_COMMENTS=NO
    export LOCALIZED_STRING_MACRO_NAMES="NSLocalizedString CFCopyLocalizedString"
    export LOCALIZED_STRING_SWIFTUI_SUPPORT=YES
    export LOCAL_ADMIN_APPS_DIR=/Applications/Utilities
    export LOCAL_APPS_DIR=/Applications
    export LOCAL_DEVELOPER_DIR=/Library/Developer
    export LOCAL_DEVELOPER_EXECUTABLES_DIR=
    export LOCAL_LIBRARY_DIR=/Library
    export LOCROOT=
    export LOCSYMROOT=
    export LOGNAME=afanasyev
    export MACH_O_TYPE=mh_execute
    export MACOSX_DEPLOYMENT_TARGET=11.5
    export MACOS_CREATOR=
    export MACOS_CREATOR_ARG=
    export MACOS_TYPE=
    export MACOS_TYPE_ARG=
    export MAC_OS_X_PRODUCT_BUILD_VERSION=25E246
    export MAC_OS_X_VERSION_ACTUAL=260400
    export MAC_OS_X_VERSION_MAJOR=260000
    export MAC_OS_X_VERSION_MAX_ALLOWED=
    export MAC_OS_X_VERSION_MINOR=260400
    export MAC_OS_X_VERSION_MIN_REQUIRED=
    export MAKE_MERGEABLE=NO
    export MANPATH="/Applications/Xcode.app/Contents/Developer/Platforms/MacOSX.platform/Developer/SDKs/MacOSX.sdk/usr/share/man:/Applications/Xcode.app/Contents/Developer/Platforms/MacOSX.platform/usr/share/man:/Applications/Xcode.app/Contents/Developer/usr/share/man:/Applications/Xcode.app/Contents/Developer/Toolchains/XcodeDefault.xctoolchain/usr/share/man:"
    export MAPC_MODULE=Lib
    export MAPC_NO_WARNINGS=NO
    export MARKETING_VERSION=
    export MERGEABLE_LIBRARY=NO
    export MERGED_BINARY_TYPE=none
    export MERGE_LINKED_LIBRARIES=NO
    export METAL_INDEX_STORE_ONLY_PROJECT_FILES=NO
    export METAL_LIBRARY_FILE_BASE=default
    export METAL_LIBRARY_OUTPUT_DIR=/Users/afanasyev/Library/Developer/Xcode/DerivedData/Telegram-bgradtrcdafgqwbewbqamjmitizp/Build/Products/Debug-iphoneos/bazel-out/ios_arm64-dbg-ios-arm64-min13.0-ST-faee4d1e8780/bin/Telegram/Telegram.app
    export MIG_DEPLOYMENT_TARGET=13.0
    export MIG_EXEC=mig
    export MODULEMAP_FILE=
    export MODULEMAP_PRIVATE_FILE=
    export MODULES_FOLDER_PATH=Telegram.app/Modules
    export MODULES_VERIFIER_EXEC=modules-verifier
    export MODULE_CACHE_DIR=/Users/afanasyev/Library/Developer/Xcode/DerivedData/ModuleCache.noindex
    export MODULE_DEPENDENCIES=
    export MODULE_NAME=
    export MODULE_START=
    export MODULE_STOP=
    export MODULE_VERIFIER_LSV=NO
    export MODULE_VERIFIER_SUPPORTED_LANGUAGES=objective-c
    export MODULE_VERIFIER_TARGET_TRIPLE_ARCHS=arm64
    export MODULE_VERIFIER_VERBOSE=NO
    export MODULE_VERSION=
    export MOMC_MODULE=Lib
    export MOMC_NO_DELETE_RULE_WARNINGS=NO
    export MOMC_NO_INVERSE_RELATIONSHIP_WARNINGS=NO
    export MOMC_NO_MAX_PROPERTY_COUNT_WARNINGS=NO
    export MOMC_NO_WARNINGS=NO
    export MOMC_OUTPUT_SUFFIX=
    export MOMC_OUTPUT_SUFFIX__xcdatamodel=.mom
    export MOMC_OUTPUT_SUFFIX__xcdatamodeld=.momd
    export MOMC_SUPPRESS_INVERSE_TRANSIENT_ERROR=NO
    export MTLCOMPILER_DEPENDENCY_INFO_FILE=/Users/afanasyev/Library/Developer/Xcode/DerivedData/Telegram-bgradtrcdafgqwbewbqamjmitizp/Build/Intermediates.noindex/Telegram.build/bazel-out/ios_arm64-dbg-ios-arm64-min13.0-ST-faee4d1e8780/bin/Telegram/Telegram/Metal/.dat
    export MTLCOMPILER_OUTPUT_FILE=/Users/afanasyev/Library/Developer/Xcode/DerivedData/Telegram-bgradtrcdafgqwbewbqamjmitizp/Build/Intermediates.noindex/Telegram.build/bazel-out/ios_arm64-dbg-ios-arm64-min13.0-ST-faee4d1e8780/bin/Telegram/Telegram/Metal/.air
    export MTLLINKER_ALTERNATE_LINKER=
    export MTLLINKER_INCLUDE_SOURCE=
    export MTLLINKER_OUTPUT_FILE=
    export MTLLINKER_TARGET_TRIPLE=
    export MTL_COMPILER_FLAGS=
    export MTL_ENABLE_DEBUG_INFO=NO
    export MTL_ENABLE_INDEX_STORE=YES
    export MTL_ENABLE_MODULES=STDLIB
    export MTL_FAST_MATH=YES
    export MTL_FRAMEWORK_SEARCH_PATH_BUILT_PRODUCTS_DIR=
    export MTL_HEADER_SEARCH_PATHS=
    export MTL_HEADER_SEARCH_PATH_BUILT_PRODUCTS_DIR=
    export MTL_IGNORE_WARNINGS=NO
    export MTL_INDEX_STORE_PATH=/Users/afanasyev/Library/Developer/Xcode/DerivedData/Telegram-bgradtrcdafgqwbewbqamjmitizp/Index.noindex/DataStore
    export MTL_LANGUAGE_REVISION=UseDeploymentTarget
    export MTL_LANGUAGE_REVISION_dialect=ios
    export MTL_LANGUAGE_REVISION_dialect_macosx=macos
    export MTL_LANGUAGE_REVISION_optgen=UseDeploymentTarget
    export MTL_MATH_FP32_FUNCTIONS=FAST
    export MTL_MATH_FP32_FUNCTIONS_derived_NO=PRECISE
    export MTL_MATH_MODE=FAST
    export MTL_MATH_MODE_derived_NO=SAFE
    export MTL_OPTIMIZATION_LEVEL=default
    export MTL_TARGET_TRIPLE=air64-apple-ios13.0
    export MTL_TREAT_WARNINGS_AS_ERRORS=NO
    export MallocNanoZone=0
    export NATIVE_ARCH=arm64e
    export NATIVE_ARCH_32_BIT=i386
    export NATIVE_ARCH_64_BIT=arm64e
    export NATIVE_ARCH_ACTUAL=arm64e
    export NO_COMMON=YES
    export NO_PROXY="*.azureedge.net"
    export OBJECT_FILE_ASSEMBLER_LINKER_RESPONSE_FILE_FORMAT=unixShellQuotedSpaceSeparated
    export OBJECT_FILE_DIR=/Users/afanasyev/Library/Developer/Xcode/DerivedData/Telegram-bgradtrcdafgqwbewbqamjmitizp/Build/Intermediates.noindex/Telegram.build/bazel-out/ios_arm64-dbg-ios-arm64-min13.0-ST-faee4d1e8780/bin/Telegram/Telegram/Objects
    export OBJROOT=/Users/afanasyev/Library/Developer/Xcode/DerivedData/Telegram-bgradtrcdafgqwbewbqamjmitizp/Build/Intermediates.noindex
    export ONLY_ACTIVE_ARCH=YES
    export OPENCLC=/System/Library/Frameworks/OpenCL.framework/Libraries/openclc
    export OPENCL_ARCHS="i386 x86_64 gpu_32 gpu_64"
    export OPENCL_AUTO_VECTORIZE_ENABLE=YES
    export OPENCL_COMPILER_VERSION=CL1.1
    export OPENCL_DENORMS_ARE_ZERO=NO
    export OPENCL_DOUBLE_AS_SINGLE=NO
    export OPENCL_FAST_RELAXED_MATH=NO
    export OPENCL_MAD_ENABLE=NO
    export OPENCL_OPTIMIZATION_LEVEL=s
    export OPTIMIZATION_CFLAGS=
    export ORDER_FILE=
    export OS=MACOS
    export OSAC=/usr/bin/osacompile
    export OSACOMPILE_EXECUTE_ONLY=NO
    export OSLogRateLimit=64
    export OTHER_CFLAGS="@/Users/afanasyev/Library/Developer/Xcode/DerivedData/Telegram-bgradtrcdafgqwbewbqamjmitizp/Build/Intermediates.noindex/Telegram.build/bazel-out/ios_arm64-dbg-ios-arm64-min13.0-ST-faee4d1e8780/bin/Telegram/Telegram/DerivedSources/c.compile.params -D_FORTIFY_SOURCE=1"
    export OTHER_CLANG_MODULES_VERIFIER_FLAGS=
    export OTHER_CODE_SIGN_FLAGS=
    export OTHER_CPLUSPLUSFLAGS="@/Users/afanasyev/Library/Developer/Xcode/DerivedData/Telegram-bgradtrcdafgqwbewbqamjmitizp/Build/Intermediates.noindex/Telegram.build/bazel-out/ios_arm64-dbg-ios-arm64-min13.0-ST-faee4d1e8780/bin/Telegram/Telegram/DerivedSources/c.compile.params -D_FORTIFY_SOURCE=1"
    export OTHER_IIG_CFLAGS=
    export OTHER_IIG_FLAGS=
    export OTHER_LDFLAGS="@/Users/afanasyev/Library/Developer/Xcode/DerivedData/Telegram-bgradtrcdafgqwbewbqamjmitizp/Build/Intermediates.noindex/Telegram.build/bazel-out/ios_arm64-dbg-ios-arm64-min13.0-ST-faee4d1e8780/bin/Telegram/Telegram/DerivedSources/link.params"
    export OTHER_LDRFLAGS="@/Users/afanasyev/Library/Developer/Xcode/DerivedData/Telegram-bgradtrcdafgqwbewbqamjmitizp/Build/Intermediates.noindex/Telegram.build/bazel-out/ios_arm64-dbg-ios-arm64-min13.0-ST-faee4d1e8780/bin/Telegram/Telegram/DerivedSources/link.params"
    export OTHER_LIBTOOLFLAGS=
    export OTHER_MIGFLAGS=
    export OTHER_MODULE_VERIFIER_FLAGS=
    export OTHER_OSACOMPILEFLAGS=
    export OTHER_OSAFLAGS=
    export OTHER_PRECOMP_CFLAGS=
    export OTHER_RESMERGERFLAGS=
    export OTHER_REZFLAGS=
    export OTHER_SWIFT_FLAGS="-Xcc -working-directory -Xcc /var/tmp/_bazel_afanasyev/9a39311ceb7a61706aa1e4e247e12702/rules_xcodeproj.noindex/build_output_base/execroot/_main -working-directory /var/tmp/_bazel_afanasyev/9a39311ceb7a61706aa1e4e247e12702/rules_xcodeproj.noindex/build_output_base/execroot/_main  -enforce-exclusivity=checked -emit-const-values-path bazel-out/ios_arm64-dbg-ios-arm64-min13.0-ST-faee4d1e8780/bin/Telegram/Lib_objs/Telegram-iOS/Application.swift.swiftconstvalues -DDEBUG -Onone -Xfrontend -internalize-at-link -enable-testing -disable-sandbox -file-compilation-dir . -I/var/tmp/_bazel_afanasyev/9a39311ceb7a61706aa1e4e247e12702/rules_xcodeproj.noindex/build_output_base/execroot/_main/bazel-out/ios_arm64-dbg-ios-arm64-min13.0-ST-faee4d1e8780/bin/submodules/SSignalKit/SwiftSignalKit -I/var/tmp/_bazel_afanasyev/9a39311ceb7a61706aa1e4e247e12702/rules_xcodeproj.noindex/build_output_base/execroot/_main/bazel-out/ios_arm64-dbg-ios-arm64-min13.0-ST-faee4d1e8780/bin/submodules/Markdown -I/var/tmp/_bazel_afanasyev/9a39311ceb7a61706aa1e4e247e12702/rules_xcodeproj.noindex/build_output_base/execroot/_main/bazel-out/ios_arm64-dbg-ios-arm64-min13.0-ST-faee4d1e8780/bin/submodules/Display -I/var/tmp/_bazel_afanasyev/9a39311ceb7a61706aa1e4e247e12702/rules_xcodeproj.noindex/build_output_base/execroot/_main/bazel-out/ios_arm64-dbg-ios-arm64-min13.0-ST-faee4d1e8780/bin/submodules/ManagedFile -I/var/tmp/_bazel_afanasyev/9a39311ceb7a61706aa1e4e247e12702/rules_xcodeproj.noindex/build_output_base/execroot/_main/bazel-out/ios_arm64-dbg-ios-arm64-min13.0-ST-faee4d1e8780/bin/submodules/Utils/RangeSet -I/var/tmp/_bazel_afanasyev/9a39311ceb7a61706aa1e4e247e12702/rules_xcodeproj.noindex/build_output_base/execroot/_main/bazel-out/ios_arm64-dbg-ios-arm64-min13.0-ST-faee4d1e8780/bin/submodules/Postbox -I/var/tmp/_bazel_afanasyev/9a39311ceb7a61706aa1e4e247e12702/rules_xcodeproj.noindex/build_output_base/execroot/_main/bazel-out/ios_arm64-dbg-ios-arm64-min13.0-ST-faee4d1e8780/bin/submodules/TelegramApi -I/var/tmp/_bazel_afanasyev/9a39311ceb7a61706aa1e4e247e12702/rules_xcodeproj.noindex/build_output_base/execroot/_main/bazel-out/ios_arm64-dbg-ios-arm64-min13.0-ST-faee4d1e8780/bin/submodules/CloudData -I/var/tmp/_bazel_afanasyev/9a39311ceb7a61706aa1e4e247e12702/rules_xcodeproj.noindex/build_output_base/execroot/_main/bazel-out/ios_arm64-dbg-ios-arm64-min13.0-ST-faee4d1e8780/bin/submodules/Reachability -I/var/tmp/_bazel_afanasyev/9a39311ceb7a61706aa1e4e247e12702/rules_xcodeproj.noindex/build_output_base/execroot/_main/bazel-out/ios_arm64-dbg-ios-arm64-min13.0-ST-faee4d1e8780/bin/submodules/Emoji -I/var/tmp/_bazel_afanasyev/9a39311ceb7a61706aa1e4e247e12702/rules_xcodeproj.noindex/build_output_base/execroot/_main/bazel-out/ios_arm64-dbg-ios-arm64-min13.0-ST-faee4d1e8780/bin/submodules/TelegramCore/FlatBuffers -I/var/tmp/_bazel_afanasyev/9a39311ceb7a61706aa1e4e247e12702/rules_xcodeproj.noindex/build_output_base/execroot/_main/bazel-out/ios_arm64-dbg-ios-arm64-min13.0-ST-faee4d1e8780/bin/submodules/TelegramCore/FlatSerialization -I/var/tmp/_bazel_afanasyev/9a39311ceb7a61706aa1e4e247e12702/rules_xcodeproj.noindex/build_output_base/execroot/_main/bazel-out/ios_arm64-dbg-ios-arm64-min13.0-ST-faee4d1e8780/bin/submodules/TelegramCore -I/var/tmp/_bazel_afanasyev/9a39311ceb7a61706aa1e4e247e12702/rules_xcodeproj.noindex/build_output_base/execroot/_main/bazel-out/ios_arm64-dbg-ios-arm64-min13.0-ST-faee4d1e8780/bin/submodules/TelegramUIPreferences -I/var/tmp/_bazel_afanasyev/9a39311ceb7a61706aa1e4e247e12702/rules_xcodeproj.noindex/build_output_base/execroot/_main/bazel-out/ios_arm64-dbg-ios-arm64-min13.0-ST-faee4d1e8780/bin/submodules/MediaResources -I/var/tmp/_bazel_afanasyev/9a39311ceb7a61706aa1e4e247e12702/rules_xcodeproj.noindex/build_output_base/execroot/_main/bazel-out/ios_arm64-dbg-ios-arm64-min13.0-ST-faee4d1e8780/bin/submodules/StringPluralization -I/var/tmp/_bazel_afanasyev/9a39311ceb7a61706aa1e4e247e12702/rules_xcodeproj.noindex/build_output_base/execroot/_main/bazel-out/ios_arm64-dbg-ios-arm64-min13.0-ST-faee4d1e8780/bin/submodules/TinyThumbnail -I/var/tmp/_bazel_afanasyev/9a39311ceb7a61706aa1e4e247e12702/rules_xcodeproj.noindex/build_output_base/execroot/_main/bazel-out/ios_arm64-dbg-ios-arm64-min13.0-ST-faee4d1e8780/bin/submodules/TelegramPresentationData -I/var/tmp/_bazel_afanasyev/9a39311ceb7a61706aa1e4e247e12702/rules_xcodeproj.noindex/build_output_base/execroot/_main/bazel-out/ios_arm64-dbg-ios-arm64-min13.0-ST-faee4d1e8780/bin/submodules/TelegramAudio -I/var/tmp/_bazel_afanasyev/9a39311ceb7a61706aa1e4e247e12702/rules_xcodeproj.noindex/build_output_base/execroot/_main/bazel-out/ios_arm64-dbg-ios-arm64-min13.0-ST-faee4d1e8780/bin/submodules/PlatformRestrictionMatching -I/var/tmp/_bazel_afanasyev/9a39311ceb7a61706aa1e4e247e12702/rules_xcodeproj.noindex/build_output_base/execroot/_main/bazel-out/ios_arm64-dbg-ios-arm64-min13.0-ST-faee4d1e8780/bin/submodules/LocalizedPeerData -I/var/tmp/_bazel_afanasyev/9a39311ceb7a61706aa1e4e247e12702/rules_xcodeproj.noindex/build_output_base/execroot/_main/bazel-out/ios_arm64-dbg-ios-arm64-min13.0-ST-faee4d1e8780/bin/submodules/TextFormat -I/var/tmp/_bazel_afanasyev/9a39311ceb7a61706aa1e4e247e12702/rules_xcodeproj.noindex/build_output_base/execroot/_main/bazel-out/ios_arm64-dbg-ios-arm64-min13.0-ST-faee4d1e8780/bin/submodules/TelegramStringFormatting -I/var/tmp/_bazel_afanasyev/9a39311ceb7a61706aa1e4e247e12702/rules_xcodeproj.noindex/build_output_base/execroot/_main/bazel-out/ios_arm64-dbg-ios-arm64-min13.0-ST-faee4d1e8780/bin/submodules/TemporaryCachedPeerDataManager -I/var/tmp/_bazel_afanasyev/9a39311ceb7a61706aa1e4e247e12702/rules_xcodeproj.noindex/build_output_base/execroot/_main/bazel-out/ios_arm64-dbg-ios-arm64-min13.0-ST-faee4d1e8780/bin/submodules/DeviceLocationManager -I/var/tmp/_bazel_afanasyev/9a39311ceb7a61706aa1e4e247e12702/rules_xcodeproj.noindex/build_output_base/execroot/_main/bazel-out/ios_arm64-dbg-ios-arm64-min13.0-ST-faee4d1e8780/bin/submodules/MediaPlayer -I/var/tmp/_bazel_afanasyev/9a39311ceb7a61706aa1e4e247e12702/rules_xcodeproj.noindex/build_output_base/execroot/_main/bazel-out/ios_arm64-dbg-ios-arm64-min13.0-ST-faee4d1e8780/bin/submodules/UrlEscaping -I/var/tmp/_bazel_afanasyev/9a39311ceb7a61706aa1e4e247e12702/rules_xcodeproj.noindex/build_output_base/execroot/_main/bazel-out/ios_arm64-dbg-ios-arm64-min13.0-ST-faee4d1e8780/bin/submodules/MusicAlbumArtResources -I/var/tmp/_bazel_afanasyev/9a39311ceb7a61706aa1e4e247e12702/rules_xcodeproj.noindex/build_output_base/execroot/_main/bazel-out/ios_arm64-dbg-ios-arm64-min13.0-ST-faee4d1e8780/bin/submodules/PersistentStringHash -I/var/tmp/_bazel_afanasyev/9a39311ceb7a61706aa1e4e247e12702/rules_xcodeproj.noindex/build_output_base/execroot/_main/bazel-out/ios_arm64-dbg-ios-arm64-min13.0-ST-faee4d1e8780/bin/submodules/InAppPurchaseManager -I/var/tmp/_bazel_afanasyev/9a39311ceb7a61706aa1e4e247e12702/rules_xcodeproj.noindex/build_output_base/execroot/_main/bazel-out/ios_arm64-dbg-ios-arm64-min13.0-ST-faee4d1e8780/bin/submodules/TelegramUI/Components/AnimationCache -I/var/tmp/_bazel_afanasyev/9a39311ceb7a61706aa1e4e247e12702/rules_xcodeproj.noindex/build_output_base/execroot/_main/bazel-out/ios_arm64-dbg-ios-arm64-min13.0-ST-faee4d1e8780/bin/submodules/TelegramUI/Components/MultiAnimationRenderer -I/var/tmp/_bazel_afanasyev/9a39311ceb7a61706aa1e4e247e12702/rules_xcodeproj.noindex/build_output_base/execroot/_main/bazel-out/ios_arm64-dbg-ios-arm64-min13.0-ST-faee4d1e8780/bin/submodules/AccountContext -I/var/tmp/_bazel_afanasyev/9a39311ceb7a61706aa1e4e247e12702/rules_xcodeproj.noindex/build_output_base/execroot/_main/bazel-out/ios_arm64-dbg-ios-arm64-min13.0-ST-faee4d1e8780/bin/submodules/lottie-ios -I/var/tmp/_bazel_afanasyev/9a39311ceb7a61706aa1e4e247e12702/rules_xcodeproj.noindex/build_output_base/execroot/_main/bazel-out/ios_arm64-dbg-ios-arm64-min13.0-ST-faee4d1e8780/bin/submodules/ImageTransparency -I/var/tmp/_bazel_afanasyev/9a39311ceb7a61706aa1e4e247e12702/rules_xcodeproj.noindex/build_output_base/execroot/_main/bazel-out/ios_arm64-dbg-ios-arm64-min13.0-ST-faee4d1e8780/bin/submodules/ImageBlur -I/var/tmp/_bazel_afanasyev/9a39311ceb7a61706aa1e4e247e12702/rules_xcodeproj.noindex/build_output_base/execroot/_main/bazel-out/ios_arm64-dbg-ios-arm64-min13.0-ST-faee4d1e8780/bin/submodules/Tuples -I/var/tmp/_bazel_afanasyev/9a39311ceb7a61706aa1e4e247e12702/rules_xcodeproj.noindex/build_output_base/execroot/_main/bazel-out/ios_arm64-dbg-ios-arm64-min13.0-ST-faee4d1e8780/bin/submodules/ImageCompression -I/var/tmp/_bazel_afanasyev/9a39311ceb7a61706aa1e4e247e12702/rules_xcodeproj.noindex/build_output_base/execroot/_main/bazel-out/ios_arm64-dbg-ios-arm64-min13.0-ST-faee4d1e8780/bin/submodules/PhotoResources -I/var/tmp/_bazel_afanasyev/9a39311ceb7a61706aa1e4e247e12702/rules_xcodeproj.noindex/build_output_base/execroot/_main/bazel-out/ios_arm64-dbg-ios-arm64-min13.0-ST-faee4d1e8780/bin/submodules/DeviceAccess -I/var/tmp/_bazel_afanasyev/9a39311ceb7a61706aa1e4e247e12702/rules_xcodeproj.noindex/build_output_base/execroot/_main/bazel-out/ios_arm64-dbg-ios-arm64-min13.0-ST-faee4d1e8780/bin/submodules/TelegramPermissions -I/var/tmp/_bazel_afanasyev/9a39311ceb7a61706aa1e4e247e12702/rules_xcodeproj.noindex/build_output_base/execroot/_main/bazel-out/ios_arm64-dbg-ios-arm64-min13.0-ST-faee4d1e8780/bin/submodules/TelegramNotices -I/var/tmp/_bazel_afanasyev/9a39311ceb7a61706aa1e4e247e12702/rules_xcodeproj.noindex/build_output_base/execroot/_main/bazel-out/ios_arm64-dbg-ios-arm64-min13.0-ST-faee4d1e8780/bin/submodules/TelegramVoip -I/var/tmp/_bazel_afanasyev/9a39311ceb7a61706aa1e4e247e12702/rules_xcodeproj.noindex/build_output_base/execroot/_main/bazel-out/ios_arm64-dbg-ios-arm64-min13.0-ST-faee4d1e8780/bin/submodules/MergeLists -I/var/tmp/_bazel_afanasyev/9a39311ceb7a61706aa1e4e247e12702/rules_xcodeproj.noindex/build_output_base/execroot/_main/bazel-out/ios_arm64-dbg-ios-arm64-min13.0-ST-faee4d1e8780/bin/submodules/ActivityIndicator -I/var/tmp/_bazel_afanasyev/9a39311ceb7a61706aa1e4e247e12702/rules_xcodeproj.noindex/build_output_base/execroot/_main/bazel-out/ios_arm64-dbg-ios-arm64-min13.0-ST-faee4d1e8780/bin/submodules/ProgressNavigationButtonNode -I/var/tmp/_bazel_afanasyev/9a39311ceb7a61706aa1e4e247e12702/rules_xcodeproj.noindex/build_output_base/execroot/_main/bazel-out/ios_arm64-dbg-ios-arm64-min13.0-ST-faee4d1e8780/bin/submodules/SwitchNode -I/var/tmp/_bazel_afanasyev/9a39311ceb7a61706aa1e4e247e12702/rules_xcodeproj.noindex/build_output_base/execroot/_main/bazel-out/ios_arm64-dbg-ios-arm64-min13.0-ST-faee4d1e8780/bin/submodules/Components/MetalImageView -I/var/tmp/_bazel_afanasyev/9a39311ceb7a61706aa1e4e247e12702/rules_xcodeproj.noindex/build_output_base/execroot/_main/bazel-out/ios_arm64-dbg-ios-arm64-min13.0-ST-faee4d1e8780/bin/submodules/AnimationCompression -I/var/tmp/_bazel_afanasyev/9a39311ceb7a61706aa1e4e247e12702/rules_xcodeproj.noindex/build_output_base/execroot/_main/bazel-out/ios_arm64-dbg-ios-arm64-min13.0-ST-faee4d1e8780/bin/submodules/AnimatedStickerNode -I/var/tmp/_bazel_afanasyev/9a39311ceb7a61706aa1e4e247e12702/rules_xcodeproj.noindex/build_output_base/execroot/_main/bazel-out/ios_arm64-dbg-ios-arm64-min13.0-ST-faee4d1e8780/bin/submodules/StickerResources -I/var/tmp/_bazel_afanasyev/9a39311ceb7a61706aa1e4e247e12702/rules_xcodeproj.noindex/build_output_base/execroot/_main/bazel-out/ios_arm64-dbg-ios-arm64-min13.0-ST-faee4d1e8780/bin/submodules/LocalMediaResources -I/var/tmp/_bazel_afanasyev/9a39311ceb7a61706aa1e4e247e12702/rules_xcodeproj.noindex/build_output_base/execroot/_main/bazel-out/ios_arm64-dbg-ios-arm64-min13.0-ST-faee4d1e8780/bin/submodules/SoftwareVideo -I/var/tmp/_bazel_afanasyev/9a39311ceb7a61706aa1e4e247e12702/rules_xcodeproj.noindex/build_output_base/execroot/_main/bazel-out/ios_arm64-dbg-ios-arm64-min13.0-ST-faee4d1e8780/bin/submodules/TelegramAnimatedStickerNode -I/var/tmp/_bazel_afanasyev/9a39311ceb7a61706aa1e4e247e12702/rules_xcodeproj.noindex/build_output_base/execroot/_main/bazel-out/ios_arm64-dbg-ios-arm64-min13.0-ST-faee4d1e8780/bin/submodules/CheckNode -I/var/tmp/_bazel_afanasyev/9a39311ceb7a61706aa1e4e247e12702/rules_xcodeproj.noindex/build_output_base/execroot/_main/bazel-out/ios_arm64-dbg-ios-arm64-min13.0-ST-faee4d1e8780/bin/submodules/SegmentedControlNode -I/var/tmp/_bazel_afanasyev/9a39311ceb7a61706aa1e4e247e12702/rules_xcodeproj.noindex/build_output_base/execroot/_main/bazel-out/ios_arm64-dbg-ios-arm64-min13.0-ST-faee4d1e8780/bin/submodules/AnimationUI -I/var/tmp/_bazel_afanasyev/9a39311ceb7a61706aa1e4e247e12702/rules_xcodeproj.noindex/build_output_base/execroot/_main/bazel-out/ios_arm64-dbg-ios-arm64-min13.0-ST-faee4d1e8780/bin/submodules/Components/HierarchyTrackingLayer -I/var/tmp/_bazel_afanasyev/9a39311ceb7a61706aa1e4e247e12702/rules_xcodeproj.noindex/build_output_base/execroot/_main/bazel-out/ios_arm64-dbg-ios-arm64-min13.0-ST-faee4d1e8780/bin/submodules/TelegramUI/Components/Utils/GenerateStickerPlaceholderImage -I/var/tmp/_bazel_afanasyev/9a39311ceb7a61706aa1e4e247e12702/rules_xcodeproj.noindex/build_output_base/execroot/_main/bazel-out/ios_arm64-dbg-ios-arm64-min13.0-ST-faee4d1e8780/bin/submodules/ShimmerEffect -I/var/tmp/_bazel_afanasyev/9a39311ceb7a61706aa1e4e247e12702/rules_xcodeproj.noindex/build_output_base/execroot/_main/bazel-out/ios_arm64-dbg-ios-arm64-min13.0-ST-faee4d1e8780/bin/submodules/ManagedAnimationNode -I/var/tmp/_bazel_afanasyev/9a39311ceb7a61706aa1e4e247e12702/rules_xcodeproj.noindex/build_output_base/execroot/_main/bazel-out/ios_arm64-dbg-ios-arm64-min13.0-ST-faee4d1e8780/bin/submodules/ComponentFlow -I/var/tmp/_bazel_afanasyev/9a39311ceb7a61706aa1e4e247e12702/rules_xcodeproj.noindex/build_output_base/execroot/_main/bazel-out/ios_arm64-dbg-ios-arm64-min13.0-ST-faee4d1e8780/bin/submodules/TelegramUI/Components/Stories/AvatarStoryIndicatorComponent -I/var/tmp/_bazel_afanasyev/9a39311ceb7a61706aa1e4e247e12702/rules_xcodeproj.noindex/build_output_base/execroot/_main/bazel-out/ios_arm64-dbg-ios-arm64-min13.0-ST-faee4d1e8780/bin/submodules/DirectMediaImageCache -I/var/tmp/_bazel_afanasyev/9a39311ceb7a61706aa1e4e247e12702/rules_xcodeproj.noindex/build_output_base/execroot/_main/bazel-out/ios_arm64-dbg-ios-arm64-min13.0-ST-faee4d1e8780/bin/submodules/AvatarNode -I/var/tmp/_bazel_afanasyev/9a39311ceb7a61706aa1e4e247e12702/rules_xcodeproj.noindex/build_output_base/execroot/_main/bazel-out/ios_arm64-dbg-ios-arm64-min13.0-ST-faee4d1e8780/bin/submodules/TelegramUI/Components/PlainButtonComponent -I/var/tmp/_bazel_afanasyev/9a39311ceb7a61706aa1e4e247e12702/rules_xcodeproj.noindex/build_output_base/execroot/_main/bazel-out/ios_arm64-dbg-ios-arm64-min13.0-ST-faee4d1e8780/bin/submodules/TelegramUI/Components/LottieAnimationCache -I/var/tmp/_bazel_afanasyev/9a39311ceb7a61706aa1e4e247e12702/rules_xcodeproj.noindex/build_output_base/execroot/_main/bazel-out/ios_arm64-dbg-ios-arm64-min13.0-ST-faee4d1e8780/bin/submodules/TelegramUI/Components/VideoAnimationCache -I/var/tmp/_bazel_afanasyev/9a39311ceb7a61706aa1e4e247e12702/rules_xcodeproj.noindex/build_output_base/execroot/_main/bazel-out/ios_arm64-dbg-ios-arm64-min13.0-ST-faee4d1e8780/bin/submodules/TelegramUI/Components/EmojiTextAttachmentView -I/var/tmp/_bazel_afanasyev/9a39311ceb7a61706aa1e4e247e12702/rules_xcodeproj.noindex/build_output_base/execroot/_main/bazel-out/ios_arm64-dbg-ios-arm64-min13.0-ST-faee4d1e8780/bin/submodules/InvisibleInkDustNode -I/var/tmp/_bazel_afanasyev/9a39311ceb7a61706aa1e4e247e12702/rules_xcodeproj.noindex/build_output_base/execroot/_main/bazel-out/ios_arm64-dbg-ios-arm64-min13.0-ST-faee4d1e8780/bin/submodules/TelegramUI/Components/TextNodeWithEntities -I/var/tmp/_bazel_afanasyev/9a39311ceb7a61706aa1e4e247e12702/rules_xcodeproj.noindex/build_output_base/execroot/_main/bazel-out/ios_arm64-dbg-ios-arm64-min13.0-ST-faee4d1e8780/bin/submodules/Components/MultilineTextWithEntitiesComponent -I/var/tmp/_bazel_afanasyev/9a39311ceb7a61706aa1e4e247e12702/rules_xcodeproj.noindex/build_output_base/execroot/_main/bazel-out/ios_arm64-dbg-ios-arm64-min13.0-ST-faee4d1e8780/bin/submodules/TelegramUI/Components/TabSelectorComponent -I/var/tmp/_bazel_afanasyev/9a39311ceb7a61706aa1e4e247e12702/rules_xcodeproj.noindex/build_output_base/execroot/_main/bazel-out/ios_arm64-dbg-ios-arm64-min13.0-ST-faee4d1e8780/bin/submodules/Components/ComponentDisplayAdapters -I/var/tmp/_bazel_afanasyev/9a39311ceb7a61706aa1e4e247e12702/rules_xcodeproj.noindex/build_output_base/execroot/_main/bazel-out/ios_arm64-dbg-ios-arm64-min13.0-ST-faee4d1e8780/bin/submodules/TelegramUI/Components/ListItemComponentAdaptor -I/var/tmp/_bazel_afanasyev/9a39311ceb7a61706aa1e4e247e12702/rules_xcodeproj.noindex/build_output_base/execroot/_main/bazel-out/ios_arm64-dbg-ios-arm64-min13.0-ST-faee4d1e8780/bin/submodules/TelegramUI/Components/MeshTransform -I/var/tmp/_bazel_afanasyev/9a39311ceb7a61706aa1e4e247e12702/rules_xcodeproj.noindex/build_output_base/execroot/_main/bazel-out/ios_arm64-dbg-ios-arm64-min13.0-ST-faee4d1e8780/bin/submodules/TelegramUI/Components/GlassBackgroundComponent -I/var/tmp/_bazel_afanasyev/9a39311ceb7a61706aa1e4e247e12702/rules_xcodeproj.noindex/build_output_base/execroot/_main/bazel-out/ios_arm64-dbg-ios-arm64-min13.0-ST-faee4d1e8780/bin/submodules/TelegramUI/Components/LiquidLens -I/var/tmp/_bazel_afanasyev/9a39311ceb7a61706aa1e4e247e12702/rules_xcodeproj.noindex/build_output_base/execroot/_main/bazel-out/ios_arm64-dbg-ios-arm64-min13.0-ST-faee4d1e8780/bin/submodules/TelegramUI/Components/TextBadgeComponent -I/var/tmp/_bazel_afanasyev/9a39311ceb7a61706aa1e4e247e12702/rules_xcodeproj.noindex/build_output_base/execroot/_main/bazel-out/ios_arm64-dbg-ios-arm64-min13.0-ST-faee4d1e8780/bin/submodules/TelegramUI/Components/HeaderPanelContainerComponent -I/var/tmp/_bazel_afanasyev/9a39311ceb7a61706aa1e4e247e12702/rules_xcodeproj.noindex/build_output_base/execroot/_main/bazel-out/ios_arm64-dbg-ios-arm64-min13.0-ST-faee4d1e8780/bin/submodules/TelegramUI/Components/HorizontalTabsComponent -I/var/tmp/_bazel_afanasyev/9a39311ceb7a61706aa1e4e247e12702/rules_xcodeproj.noindex/build_output_base/execroot/_main/bazel-out/ios_arm64-dbg-ios-arm64-min13.0-ST-faee4d1e8780/bin/submodules/ItemListUI -I/var/tmp/_bazel_afanasyev/9a39311ceb7a61706aa1e4e247e12702/rules_xcodeproj.noindex/build_output_base/execroot/_main/bazel-out/ios_arm64-dbg-ios-arm64-min13.0-ST-faee4d1e8780/bin/submodules/OverlayStatusController -I/var/tmp/_bazel_afanasyev/9a39311ceb7a61706aa1e4e247e12702/rules_xcodeproj.noindex/build_output_base/execroot/_main/bazel-out/ios_arm64-dbg-ios-arm64-min13.0-ST-faee4d1e8780/bin/submodules/AlertUI -I/var/tmp/_bazel_afanasyev/9a39311ceb7a61706aa1e4e247e12702/rules_xcodeproj.noindex/build_output_base/execroot/_main/bazel-out/ios_arm64-dbg-ios-arm64-min13.0-ST-faee4d1e8780/bin/submodules/SolidRoundedButtonNode -I/var/tmp/_bazel_afanasyev/9a39311ceb7a61706aa1e4e247e12702/rules_xcodeproj.noindex/build_output_base/execroot/_main/bazel-out/ios_arm64-dbg-ios-arm64-min13.0-ST-faee4d1e8780/bin/submodules/UrlWhitelist -I/var/tmp/_bazel_afanasyev/9a39311ceb7a61706aa1e4e247e12702/rules_xcodeproj.noindex/build_output_base/execroot/_main/bazel-out/ios_arm64-dbg-ios-arm64-min13.0-ST-faee4d1e8780/bin/submodules/Components/ViewControllerComponent -I/var/tmp/_bazel_afanasyev/9a39311ceb7a61706aa1e4e247e12702/rules_xcodeproj.noindex/build_output_base/execroot/_main/bazel-out/ios_arm64-dbg-ios-arm64-min13.0-ST-faee4d1e8780/bin/submodules/Components/MultilineTextComponent -I/var/tmp/_bazel_afanasyev/9a39311ceb7a61706aa1e4e247e12702/rules_xcodeproj.noindex/build_output_base/execroot/_main/bazel-out/ios_arm64-dbg-ios-arm64-min13.0-ST-faee4d1e8780/bin/submodules/Components/ActivityIndicatorComponent -I/var/tmp/_bazel_afanasyev/9a39311ceb7a61706aa1e4e247e12702/rules_xcodeproj.noindex/build_output_base/execroot/_main/bazel-out/ios_arm64-dbg-ios-arm64-min13.0-ST-faee4d1e8780/bin/submodules/TelegramUI/Components/AlertComponent -I/var/tmp/_bazel_afanasyev/9a39311ceb7a61706aa1e4e247e12702/rules_xcodeproj.noindex/build_output_base/execroot/_main/bazel-out/ios_arm64-dbg-ios-arm64-min13.0-ST-faee4d1e8780/bin/submodules/UrlHandling -I/var/tmp/_bazel_afanasyev/9a39311ceb7a61706aa1e4e247e12702/rules_xcodeproj.noindex/build_output_base/execroot/_main/bazel-out/ios_arm64-dbg-ios-arm64-min13.0-ST-faee4d1e8780/bin/submodules/PresentationDataUtils -I/var/tmp/_bazel_afanasyev/9a39311ceb7a61706aa1e4e247e12702/rules_xcodeproj.noindex/build_output_base/execroot/_main/bazel-out/ios_arm64-dbg-ios-arm64-min13.0-ST-faee4d1e8780/bin/submodules/SemanticStatusNode -I/var/tmp/_bazel_afanasyev/9a39311ceb7a61706aa1e4e247e12702/rules_xcodeproj.noindex/build_output_base/execroot/_main/bazel-out/ios_arm64-dbg-ios-arm64-min13.0-ST-faee4d1e8780/bin/submodules/Components/BalancedTextComponent -I/var/tmp/_bazel_afanasyev/9a39311ceb7a61706aa1e4e247e12702/rules_xcodeproj.noindex/build_output_base/execroot/_main/bazel-out/ios_arm64-dbg-ios-arm64-min13.0-ST-faee4d1e8780/bin/submodules/TooltipUI -I/var/tmp/_bazel_afanasyev/9a39311ceb7a61706aa1e4e247e12702/rules_xcodeproj.noindex/build_output_base/execroot/_main/bazel-out/ios_arm64-dbg-ios-arm64-min13.0-ST-faee4d1e8780/bin/submodules/PeerPresenceStatusManager -I/var/tmp/_bazel_afanasyev/9a39311ceb7a61706aa1e4e247e12702/rules_xcodeproj.noindex/build_output_base/execroot/_main/bazel-out/ios_arm64-dbg-ios-arm64-min13.0-ST-faee4d1e8780/bin/submodules/TextSelectionNode -I/var/tmp/_bazel_afanasyev/9a39311ceb7a61706aa1e4e247e12702/rules_xcodeproj.noindex/build_output_base/execroot/_main/bazel-out/ios_arm64-dbg-ios-arm64-min13.0-ST-faee4d1e8780/bin/submodules/MetalEngine -I/var/tmp/_bazel_afanasyev/9a39311ceb7a61706aa1e4e247e12702/rules_xcodeproj.noindex/build_output_base/execroot/_main/bazel-out/ios_arm64-dbg-ios-arm64-min13.0-ST-faee4d1e8780/bin/submodules/Components/BundleIconComponent -I/var/tmp/_bazel_afanasyev/9a39311ceb7a61706aa1e4e247e12702/rules_xcodeproj.noindex/build_output_base/execroot/_main/bazel-out/ios_arm64-dbg-ios-arm64-min13.0-ST-faee4d1e8780/bin/submodules/TelegramUI/Components/AnimatedTextComponent -I/var/tmp/_bazel_afanasyev/9a39311ceb7a61706aa1e4e247e12702/rules_xcodeproj.noindex/build_output_base/execroot/_main/bazel-out/ios_arm64-dbg-ios-arm64-min13.0-ST-faee4d1e8780/bin/submodules/TelegramUI/Components/Calls/CallScreen -I/var/tmp/_bazel_afanasyev/9a39311ceb7a61706aa1e4e247e12702/rules_xcodeproj.noindex/build_output_base/execroot/_main/bazel-out/ios_arm64-dbg-ios-arm64-min13.0-ST-faee4d1e8780/bin/submodules/AudioBlob -I/var/tmp/_bazel_afanasyev/9a39311ceb7a61706aa1e4e247e12702/rules_xcodeproj.noindex/build_output_base/execroot/_main/bazel-out/ios_arm64-dbg-ios-arm64-min13.0-ST-faee4d1e8780/bin/submodules/AnimatedAvatarSetNode -I/var/tmp/_bazel_afanasyev/9a39311ceb7a61706aa1e4e247e12702/rules_xcodeproj.noindex/build_output_base/execroot/_main/bazel-out/ios_arm64-dbg-ios-arm64-min13.0-ST-faee4d1e8780/bin/submodules/Components/ReactionImageComponent -I/var/tmp/_bazel_afanasyev/9a39311ceb7a61706aa1e4e247e12702/rules_xcodeproj.noindex/build_output_base/execroot/_main/bazel-out/ios_arm64-dbg-ios-arm64-min13.0-ST-faee4d1e8780/bin/submodules/Components/ReactionButtonListComponent -I/var/tmp/_bazel_afanasyev/9a39311ceb7a61706aa1e4e247e12702/rules_xcodeproj.noindex/build_output_base/execroot/_main/bazel-out/ios_arm64-dbg-ios-arm64-min13.0-ST-faee4d1e8780/bin/submodules/DirectionalPanGesture -I/var/tmp/_bazel_afanasyev/9a39311ceb7a61706aa1e4e247e12702/rules_xcodeproj.noindex/build_output_base/execroot/_main/bazel-out/ios_arm64-dbg-ios-arm64-min13.0-ST-faee4d1e8780/bin/submodules/Components/PagerComponent -I/var/tmp/_bazel_afanasyev/9a39311ceb7a61706aa1e4e247e12702/rules_xcodeproj.noindex/build_output_base/execroot/_main/bazel-out/ios_arm64-dbg-ios-arm64-min13.0-ST-faee4d1e8780/bin/submodules/Components/BlurredBackgroundComponent -I/var/tmp/_bazel_afanasyev/9a39311ceb7a61706aa1e4e247e12702/rules_xcodeproj.noindex/build_output_base/execroot/_main/bazel-out/ios_arm64-dbg-ios-arm64-min13.0-ST-faee4d1e8780/bin/submodules/TelegramUI/Components/EmojiStatusComponent -I/var/tmp/_bazel_afanasyev/9a39311ceb7a61706aa1e4e247e12702/rules_xcodeproj.noindex/build_output_base/execroot/_main/bazel-out/ios_arm64-dbg-ios-arm64-min13.0-ST-faee4d1e8780/bin/submodules/TelegramUI/Components/LottieComponent -I/var/tmp/_bazel_afanasyev/9a39311ceb7a61706aa1e4e247e12702/rules_xcodeproj.noindex/build_output_base/execroot/_main/bazel-out/ios_arm64-dbg-ios-arm64-min13.0-ST-faee4d1e8780/bin/submodules/TelegramUI/Components/LottieComponentEmojiContent -I/var/tmp/_bazel_afanasyev/9a39311ceb7a61706aa1e4e247e12702/rules_xcodeproj.noindex/build_output_base/execroot/_main/bazel-out/ios_arm64-dbg-ios-arm64-min13.0-ST-faee4d1e8780/bin/submodules/RadialStatusNode -I/var/tmp/_bazel_afanasyev/9a39311ceb7a61706aa1e4e247e12702/rules_xcodeproj.noindex/build_output_base/execroot/_main/bazel-out/ios_arm64-dbg-ios-arm64-min13.0-ST-faee4d1e8780/bin/submodules/SlotMachineAnimationNode -I/var/tmp/_bazel_afanasyev/9a39311ceb7a61706aa1e4e247e12702/rules_xcodeproj.noindex/build_output_base/execroot/_main/bazel-out/ios_arm64-dbg-ios-arm64-min13.0-ST-faee4d1e8780/bin/submodules/UndoUI -I/var/tmp/_bazel_afanasyev/9a39311ceb7a61706aa1e4e247e12702/rules_xcodeproj.noindex/build_output_base/execroot/_main/bazel-out/ios_arm64-dbg-ios-arm64-min13.0-ST-faee4d1e8780/bin/submodules/Components/SolidRoundedButtonComponent -I/var/tmp/_bazel_afanasyev/9a39311ceb7a61706aa1e4e247e12702/rules_xcodeproj.noindex/build_output_base/execroot/_main/bazel-out/ios_arm64-dbg-ios-arm64-min13.0-ST-faee4d1e8780/bin/submodules/Components/LottieAnimationComponent -I/var/tmp/_bazel_afanasyev/9a39311ceb7a61706aa1e4e247e12702/rules_xcodeproj.noindex/build_output_base/execroot/_main/bazel-out/ios_arm64-dbg-ios-arm64-min13.0-ST-faee4d1e8780/bin/submodules/TelegramUI/Components/BatchVideoRendering -I/var/tmp/_bazel_afanasyev/9a39311ceb7a61706aa1e4e247e12702/rules_xcodeproj.noindex/build_output_base/execroot/_main/bazel-out/ios_arm64-dbg-ios-arm64-min13.0-ST-faee4d1e8780/bin/submodules/TelegramUI/Components/GifVideoLayer -I/var/tmp/_bazel_afanasyev/9a39311ceb7a61706aa1e4e247e12702/rules_xcodeproj.noindex/build_output_base/execroot/_main/bazel-out/ios_arm64-dbg-ios-arm64-min13.0-ST-faee4d1e8780/bin/submodules/TelegramUI/Components/EdgeEffect -I/var/tmp/_bazel_afanasyev/9a39311ceb7a61706aa1e4e247e12702/rules_xcodeproj.noindex/build_output_base/execroot/_main/bazel-out/ios_arm64-dbg-ios-arm64-min13.0-ST-faee4d1e8780/bin/submodules/TelegramUI/Components/TabSelectionRecognizer -I/var/tmp/_bazel_afanasyev/9a39311ceb7a61706aa1e4e247e12702/rules_xcodeproj.noindex/build_output_base/execroot/_main/bazel-out/ios_arm64-dbg-ios-arm64-min13.0-ST-faee4d1e8780/bin/submodules/TelegramUI/Components/EntityKeyboard -I/var/tmp/_bazel_afanasyev/9a39311ceb7a61706aa1e4e247e12702/rules_xcodeproj.noindex/build_output_base/execroot/_main/bazel-out/ios_arm64-dbg-ios-arm64-min13.0-ST-faee4d1e8780/bin/submodules/TelegramUI/Components/EmojiStatusSelectionComponent -I/var/tmp/_bazel_afanasyev/9a39311ceb7a61706aa1e4e247e12702/rules_xcodeproj.noindex/build_output_base/execroot/_main/bazel-out/ios_arm64-dbg-ios-arm64-min13.0-ST-faee4d1e8780/bin/submodules/TelegramUI/Components/Chat/MergedAvatarsNode -I/var/tmp/_bazel_afanasyev/9a39311ceb7a61706aa1e4e247e12702/rules_xcodeproj.noindex/build_output_base/execroot/_main/bazel-out/ios_arm64-dbg-ios-arm64-min13.0-ST-faee4d1e8780/bin/submodules/TelegramUI/Components/Premium/PremiumStarComponent -I/var/tmp/_bazel_afanasyev/9a39311ceb7a61706aa1e4e247e12702/rules_xcodeproj.noindex/build_output_base/execroot/_main/bazel-out/ios_arm64-dbg-ios-arm64-min13.0-ST-faee4d1e8780/bin/submodules/ReactionSelectionNode -I/var/tmp/_bazel_afanasyev/9a39311ceb7a61706aa1e4e247e12702/rules_xcodeproj.noindex/build_output_base/execroot/_main/bazel-out/ios_arm64-dbg-ios-arm64-min13.0-ST-faee4d1e8780/bin/submodules/ContextUI -I/var/tmp/_bazel_afanasyev/9a39311ceb7a61706aa1e4e247e12702/rules_xcodeproj.noindex/build_output_base/execroot/_main/bazel-out/ios_arm64-dbg-ios-arm64-min13.0-ST-faee4d1e8780/bin/submodules/ItemListPeerItem -I/var/tmp/_bazel_afanasyev/9a39311ceb7a61706aa1e4e247e12702/rules_xcodeproj.noindex/build_output_base/execroot/_main/bazel-out/ios_arm64-dbg-ios-arm64-min13.0-ST-faee4d1e8780/bin/submodules/SaveToCameraRoll -I/var/tmp/_bazel_afanasyev/9a39311ceb7a61706aa1e4e247e12702/rules_xcodeproj.noindex/build_output_base/execroot/_main/bazel-out/ios_arm64-dbg-ios-arm64-min13.0-ST-faee4d1e8780/bin/submodules/ActionSheetPeerItem -I/var/tmp/_bazel_afanasyev/9a39311ceb7a61706aa1e4e247e12702/rules_xcodeproj.noindex/build_output_base/execroot/_main/bazel-out/ios_arm64-dbg-ios-arm64-min13.0-ST-faee4d1e8780/bin/submodules/ListSectionHeaderNode -I/var/tmp/_bazel_afanasyev/9a39311ceb7a61706aa1e4e247e12702/rules_xcodeproj.noindex/build_output_base/execroot/_main/bazel-out/ios_arm64-dbg-ios-arm64-min13.0-ST-faee4d1e8780/bin/submodules/PeerOnlineMarkerNode -I/var/tmp/_bazel_afanasyev/9a39311ceb7a61706aa1e4e247e12702/rules_xcodeproj.noindex/build_output_base/execroot/_main/bazel-out/ios_arm64-dbg-ios-arm64-min13.0-ST-faee4d1e8780/bin/submodules/SelectablePeerNode -I/var/tmp/_bazel_afanasyev/9a39311ceb7a61706aa1e4e247e12702/rules_xcodeproj.noindex/build_output_base/execroot/_main/bazel-out/ios_arm64-dbg-ios-arm64-min13.0-ST-faee4d1e8780/bin/submodules/HorizontalPeerItem -I/var/tmp/_bazel_afanasyev/9a39311ceb7a61706aa1e4e247e12702/rules_xcodeproj.noindex/build_output_base/execroot/_main/bazel-out/ios_arm64-dbg-ios-arm64-min13.0-ST-faee4d1e8780/bin/submodules/ChatListSearchRecentPeersNode -I/var/tmp/_bazel_afanasyev/9a39311ceb7a61706aa1e4e247e12702/rules_xcodeproj.noindex/build_output_base/execroot/_main/bazel-out/ios_arm64-dbg-ios-arm64-min13.0-ST-faee4d1e8780/bin/submodules/TelegramIntents -I/var/tmp/_bazel_afanasyev/9a39311ceb7a61706aa1e4e247e12702/rules_xcodeproj.noindex/build_output_base/execroot/_main/bazel-out/ios_arm64-dbg-ios-arm64-min13.0-ST-faee4d1e8780/bin/submodules/GradientBackground -I/var/tmp/_bazel_afanasyev/9a39311ceb7a61706aa1e4e247e12702/rules_xcodeproj.noindex/build_output_base/execroot/_main/bazel-out/ios_arm64-dbg-ios-arm64-min13.0-ST-faee4d1e8780/bin/submodules/WallpaperResources -I/var/tmp/_bazel_afanasyev/9a39311ceb7a61706aa1e4e247e12702/rules_xcodeproj.noindex/build_output_base/execroot/_main/bazel-out/ios_arm64-dbg-ios-arm64-min13.0-ST-faee4d1e8780/bin/submodules/WallpaperBackgroundNode -I/var/tmp/_bazel_afanasyev/9a39311ceb7a61706aa1e4e247e12702/rules_xcodeproj.noindex/build_output_base/execroot/_main/bazel-out/ios_arm64-dbg-ios-arm64-min13.0-ST-faee4d1e8780/bin/submodules/TelegramUniversalVideoContent -I/var/tmp/_bazel_afanasyev/9a39311ceb7a61706aa1e4e247e12702/rules_xcodeproj.noindex/build_output_base/execroot/_main/bazel-out/ios_arm64-dbg-ios-arm64-min13.0-ST-faee4d1e8780/bin/submodules/Pasteboard -I/var/tmp/_bazel_afanasyev/9a39311ceb7a61706aa1e4e247e12702/rules_xcodeproj.noindex/build_output_base/execroot/_main/bazel-out/ios_arm64-dbg-ios-arm64-min13.0-ST-faee4d1e8780/bin/submodules/TelegramUI/Components/Chat/MessageInlineBlockBackgroundView -I/var/tmp/_bazel_afanasyev/9a39311ceb7a61706aa1e4e247e12702/rules_xcodeproj.noindex/build_output_base/execroot/_main/bazel-out/ios_arm64-dbg-ios-arm64-min13.0-ST-faee4d1e8780/bin/submodules/TelegramUI/Components/Chat/ChatInputTextNode -I/var/tmp/_bazel_afanasyev/9a39311ceb7a61706aa1e4e247e12702/rules_xcodeproj.noindex/build_output_base/execroot/_main/bazel-out/ios_arm64-dbg-ios-arm64-min13.0-ST-faee4d1e8780/bin/submodules/TextInputMenu -I/var/tmp/_bazel_afanasyev/9a39311ceb7a61706aa1e4e247e12702/rules_xcodeproj.noindex/build_output_base/execroot/_main/bazel-out/ios_arm64-dbg-ios-arm64-min13.0-ST-faee4d1e8780/bin/submodules/TelegramUI/Components/TextFieldComponent -I/var/tmp/_bazel_afanasyev/9a39311ceb7a61706aa1e4e247e12702/rules_xcodeproj.noindex/build_output_base/execroot/_main/bazel-out/ios_arm64-dbg-ios-arm64-min13.0-ST-faee4d1e8780/bin/submodules/AudioWaveform -I/var/tmp/_bazel_afanasyev/9a39311ceb7a61706aa1e4e247e12702/rules_xcodeproj.noindex/build_output_base/execroot/_main/bazel-out/ios_arm64-dbg-ios-arm64-min13.0-ST-faee4d1e8780/bin/submodules/ChatInterfaceState -I/var/tmp/_bazel_afanasyev/9a39311ceb7a61706aa1e4e247e12702/rules_xcodeproj.noindex/build_output_base/execroot/_main/bazel-out/ios_arm64-dbg-ios-arm64-min13.0-ST-faee4d1e8780/bin/submodules/ChatContextQuery -I/var/tmp/_bazel_afanasyev/9a39311ceb7a61706aa1e4e247e12702/rules_xcodeproj.noindex/build_output_base/execroot/_main/bazel-out/ios_arm64-dbg-ios-arm64-min13.0-ST-faee4d1e8780/bin/submodules/ChatPresentationInterfaceState -I/var/tmp/_bazel_afanasyev/9a39311ceb7a61706aa1e4e247e12702/rules_xcodeproj.noindex/build_output_base/execroot/_main/bazel-out/ios_arm64-dbg-ios-arm64-min13.0-ST-faee4d1e8780/bin/submodules/Utils/DeviceModel -I/var/tmp/_bazel_afanasyev/9a39311ceb7a61706aa1e4e247e12702/rules_xcodeproj.noindex/build_output_base/execroot/_main/bazel-out/ios_arm64-dbg-ios-arm64-min13.0-ST-faee4d1e8780/bin/submodules/Camera -I/var/tmp/_bazel_afanasyev/9a39311ceb7a61706aa1e4e247e12702/rules_xcodeproj.noindex/build_output_base/execroot/_main/bazel-out/ios_arm64-dbg-ios-arm64-min13.0-ST-faee4d1e8780/bin/submodules/LegacyUI -I/var/tmp/_bazel_afanasyev/9a39311ceb7a61706aa1e4e247e12702/rules_xcodeproj.noindex/build_output_base/execroot/_main/bazel-out/ios_arm64-dbg-ios-arm64-min13.0-ST-faee4d1e8780/bin/submodules/SearchPeerMembers -I/var/tmp/_bazel_afanasyev/9a39311ceb7a61706aa1e4e247e12702/rules_xcodeproj.noindex/build_output_base/execroot/_main/bazel-out/ios_arm64-dbg-ios-arm64-min13.0-ST-faee4d1e8780/bin/submodules/HexColor -I/var/tmp/_bazel_afanasyev/9a39311ceb7a61706aa1e4e247e12702/rules_xcodeproj.noindex/build_output_base/execroot/_main/bazel-out/ios_arm64-dbg-ios-arm64-min13.0-ST-faee4d1e8780/bin/submodules/TelegramUI/Components/DynamicCornerRadiusView -I/var/tmp/_bazel_afanasyev/9a39311ceb7a61706aa1e4e247e12702/rules_xcodeproj.noindex/build_output_base/execroot/_main/bazel-out/ios_arm64-dbg-ios-arm64-min13.0-ST-faee4d1e8780/bin/submodules/Components/SheetComponent -I/var/tmp/_bazel_afanasyev/9a39311ceb7a61706aa1e4e247e12702/rules_xcodeproj.noindex/build_output_base/execroot/_main/bazel-out/ios_arm64-dbg-ios-arm64-min13.0-ST-faee4d1e8780/bin/submodules/TelegramUI/Components/ChatInputNode -I/var/tmp/_bazel_afanasyev/9a39311ceb7a61706aa1e4e247e12702/rules_xcodeproj.noindex/build_output_base/execroot/_main/bazel-out/ios_arm64-dbg-ios-arm64-min13.0-ST-faee4d1e8780/bin/submodules/ConfettiEffect -I/var/tmp/_bazel_afanasyev/9a39311ceb7a61706aa1e4e247e12702/rules_xcodeproj.noindex/build_output_base/execroot/_main/bazel-out/ios_arm64-dbg-ios-arm64-min13.0-ST-faee4d1e8780/bin/submodules/InstantPageCache -I/var/tmp/_bazel_afanasyev/9a39311ceb7a61706aa1e4e247e12702/rules_xcodeproj.noindex/build_output_base/execroot/_main/bazel-out/ios_arm64-dbg-ios-arm64-min13.0-ST-faee4d1e8780/bin/submodules/Components/ResizableSheetComponent -I/var/tmp/_bazel_afanasyev/9a39311ceb7a61706aa1e4e247e12702/rules_xcodeproj.noindex/build_output_base/execroot/_main/bazel-out/ios_arm64-dbg-ios-arm64-min13.0-ST-faee4d1e8780/bin/submodules/ItemListPeerActionItem -I/var/tmp/_bazel_afanasyev/9a39311ceb7a61706aa1e4e247e12702/rules_xcodeproj.noindex/build_output_base/execroot/_main/bazel-out/ios_arm64-dbg-ios-arm64-min13.0-ST-faee4d1e8780/bin/submodules/DatePickerNode -I/var/tmp/_bazel_afanasyev/9a39311ceb7a61706aa1e4e247e12702/rules_xcodeproj.noindex/build_output_base/execroot/_main/bazel-out/ios_arm64-dbg-ios-arm64-min13.0-ST-faee4d1e8780/bin/submodules/TelegramUI/Components/ItemListDatePickerItem -I/var/tmp/_bazel_afanasyev/9a39311ceb7a61706aa1e4e247e12702/rules_xcodeproj.noindex/build_output_base/execroot/_main/bazel-out/ios_arm64-dbg-ios-arm64-min13.0-ST-faee4d1e8780/bin/submodules/TelegramUI/Components/ButtonComponent -I/var/tmp/_bazel_afanasyev/9a39311ceb7a61706aa1e4e247e12702/rules_xcodeproj.noindex/build_output_base/execroot/_main/bazel-out/ios_arm64-dbg-ios-arm64-min13.0-ST-faee4d1e8780/bin/submodules/TelegramUI/Components/AnimatedCounterComponent -I/var/tmp/_bazel_afanasyev/9a39311ceb7a61706aa1e4e247e12702/rules_xcodeproj.noindex/build_output_base/execroot/_main/bazel-out/ios_arm64-dbg-ios-arm64-min13.0-ST-faee4d1e8780/bin/submodules/TelegramUI/Components/TokenListTextField -I/var/tmp/_bazel_afanasyev/9a39311ceb7a61706aa1e4e247e12702/rules_xcodeproj.noindex/build_output_base/execroot/_main/bazel-out/ios_arm64-dbg-ios-arm64-min13.0-ST-faee4d1e8780/bin/submodules/TelegramUI/Components/ListSectionComponent -I/var/tmp/_bazel_afanasyev/9a39311ceb7a61706aa1e4e247e12702/rules_xcodeproj.noindex/build_output_base/execroot/_main/bazel-out/ios_arm64-dbg-ios-arm64-min13.0-ST-faee4d1e8780/bin/submodules/TelegramUI/Components/ListItemSwipeOptionContainer -I/var/tmp/_bazel_afanasyev/9a39311ceb7a61706aa1e4e247e12702/rules_xcodeproj.noindex/build_output_base/execroot/_main/bazel-out/ios_arm64-dbg-ios-arm64-min13.0-ST-faee4d1e8780/bin/submodules/TelegramUI/Components/Stories/PeerListItemComponent -I/var/tmp/_bazel_afanasyev/9a39311ceb7a61706aa1e4e247e12702/rules_xcodeproj.noindex/build_output_base/execroot/_main/bazel-out/ios_arm64-dbg-ios-arm64-min13.0-ST-faee4d1e8780/bin/submodules/TelegramUI/Components/SwitchComponent -I/var/tmp/_bazel_afanasyev/9a39311ceb7a61706aa1e4e247e12702/rules_xcodeproj.noindex/build_output_base/execroot/_main/bazel-out/ios_arm64-dbg-ios-arm64-min13.0-ST-faee4d1e8780/bin/submodules/SearchBarNode -I/var/tmp/_bazel_afanasyev/9a39311ceb7a61706aa1e4e247e12702/rules_xcodeproj.noindex/build_output_base/execroot/_main/bazel-out/ios_arm64-dbg-ios-arm64-min13.0-ST-faee4d1e8780/bin/submodules/TelegramUI/Components/GlassBarButtonComponent -I/var/tmp/_bazel_afanasyev/9a39311ceb7a61706aa1e4e247e12702/rules_xcodeproj.noindex/build_output_base/execroot/_main/bazel-out/ios_arm64-dbg-ios-arm64-min13.0-ST-faee4d1e8780/bin/submodules/TelegramUI/Components/SearchInputPanelComponent -I/var/tmp/_bazel_afanasyev/9a39311ceb7a61706aa1e4e247e12702/rules_xcodeproj.noindex/build_output_base/execroot/_main/bazel-out/ios_arm64-dbg-ios-arm64-min13.0-ST-faee4d1e8780/bin/submodules/CountrySelectionUI -I/var/tmp/_bazel_afanasyev/9a39311ceb7a61706aa1e4e247e12702/rules_xcodeproj.noindex/build_output_base/execroot/_main/bazel-out/ios_arm64-dbg-ios-arm64-min13.0-ST-faee4d1e8780/bin/submodules/TelegramUI/Components/ListActionItemComponent -I/var/tmp/_bazel_afanasyev/9a39311ceb7a61706aa1e4e247e12702/rules_xcodeproj.noindex/build_output_base/execroot/_main/bazel-out/ios_arm64-dbg-ios-arm64-min13.0-ST-faee4d1e8780/bin/submodules/TelegramUI/Components/SliderComponent -I/var/tmp/_bazel_afanasyev/9a39311ceb7a61706aa1e4e247e12702/rules_xcodeproj.noindex/build_output_base/execroot/_main/bazel-out/ios_arm64-dbg-ios-arm64-min13.0-ST-faee4d1e8780/bin/submodules/TelegramUI/Components/ListItemSliderSelectorComponent -I/var/tmp/_bazel_afanasyev/9a39311ceb7a61706aa1e4e247e12702/rules_xcodeproj.noindex/build_output_base/execroot/_main/bazel-out/ios_arm64-dbg-ios-arm64-min13.0-ST-faee4d1e8780/bin/submodules/TelegramUI/Components/AlertComponent/AlertMultilineInputFieldComponent -I/var/tmp/_bazel_afanasyev/9a39311ceb7a61706aa1e4e247e12702/rules_xcodeproj.noindex/build_output_base/execroot/_main/bazel-out/ios_arm64-dbg-ios-arm64-min13.0-ST-faee4d1e8780/bin/submodules/PromptUI -I/var/tmp/_bazel_afanasyev/9a39311ceb7a61706aa1e4e247e12702/rules_xcodeproj.noindex/build_output_base/execroot/_main/bazel-out/ios_arm64-dbg-ios-arm64-min13.0-ST-faee4d1e8780/bin/submodules/Components/AnimatedStickerComponent -I/var/tmp/_bazel_afanasyev/9a39311ceb7a61706aa1e4e247e12702/rules_xcodeproj.noindex/build_output_base/execroot/_main/bazel-out/ios_arm64-dbg-ios-arm64-min13.0-ST-faee4d1e8780/bin/submodules/PeerInfoUI/CreateExternalMediaStreamScreen -I/var/tmp/_bazel_afanasyev/9a39311ceb7a61706aa1e4e247e12702/rules_xcodeproj.noindex/build_output_base/execroot/_main/bazel-out/ios_arm64-dbg-ios-arm64-min13.0-ST-faee4d1e8780/bin/submodules/TelegramUI/Components/ShareWithPeersScreen -I/var/tmp/_bazel_afanasyev/9a39311ceb7a61706aa1e4e247e12702/rules_xcodeproj.noindex/build_output_base/execroot/_main/bazel-out/ios_arm64-dbg-ios-arm64-min13.0-ST-faee4d1e8780/bin/submodules/TelegramUI/Components/Utils/RoundedRectWithTailPath -I/var/tmp/_bazel_afanasyev/9a39311ceb7a61706aa1e4e247e12702/rules_xcodeproj.noindex/build_output_base/execroot/_main/bazel-out/ios_arm64-dbg-ios-arm64-min13.0-ST-faee4d1e8780/bin/submodules/TelegramUI/Components/PremiumPeerShortcutComponent -I/var/tmp/_bazel_afanasyev/9a39311ceb7a61706aa1e4e247e12702/rules_xcodeproj.noindex/build_output_base/execroot/_main/bazel-out/ios_arm64-dbg-ios-arm64-min13.0-ST-faee4d1e8780/bin/submodules/TelegramUI/Components/EmojiActionIconComponent -I/var/tmp/_bazel_afanasyev/9a39311ceb7a61706aa1e4e247e12702/rules_xcodeproj.noindex/build_output_base/execroot/_main/bazel-out/ios_arm64-dbg-ios-arm64-min13.0-ST-faee4d1e8780/bin/submodules/TelegramUI/Components/ScrollComponent -I/var/tmp/_bazel_afanasyev/9a39311ceb7a61706aa1e4e247e12702/rules_xcodeproj.noindex/build_output_base/execroot/_main/bazel-out/ios_arm64-dbg-ios-arm64-min13.0-ST-faee4d1e8780/bin/submodules/TelegramUI/Components/Premium/PremiumCoinComponent -I/var/tmp/_bazel_afanasyev/9a39311ceb7a61706aa1e4e247e12702/rules_xcodeproj.noindex/build_output_base/execroot/_main/bazel-out/ios_arm64-dbg-ios-arm64-min13.0-ST-faee4d1e8780/bin/submodules/TelegramUI/Components/Gifts/TableComponent -I/var/tmp/_bazel_afanasyev/9a39311ceb7a61706aa1e4e247e12702/rules_xcodeproj.noindex/build_output_base/execroot/_main/bazel-out/ios_arm64-dbg-ios-arm64-min13.0-ST-faee4d1e8780/bin/submodules/TelegramUI/Components/Gifts/PeerTableCellComponent -I/var/tmp/_bazel_afanasyev/9a39311ceb7a61706aa1e4e247e12702/rules_xcodeproj.noindex/build_output_base/execroot/_main/bazel-out/ios_arm64-dbg-ios-arm64-min13.0-ST-faee4d1e8780/bin/submodules/PremiumUI -I/var/tmp/_bazel_afanasyev/9a39311ceb7a61706aa1e4e247e12702/rules_xcodeproj.noindex/build_output_base/execroot/_main/bazel-out/ios_arm64-dbg-ios-arm64-min13.0-ST-faee4d1e8780/bin/submodules/StickerPeekUI -I/var/tmp/_bazel_afanasyev/9a39311ceb7a61706aa1e4e247e12702/rules_xcodeproj.noindex/build_output_base/execroot/_main/bazel-out/ios_arm64-dbg-ios-arm64-min13.0-ST-faee4d1e8780/bin/submodules/TelegramUI/Components/MultiplexedVideoNode -I/var/tmp/_bazel_afanasyev/9a39311ceb7a61706aa1e4e247e12702/rules_xcodeproj.noindex/build_output_base/execroot/_main/bazel-out/ios_arm64-dbg-ios-arm64-min13.0-ST-faee4d1e8780/bin/submodules/TelegramUI/Components/ChatControllerInteraction -I/var/tmp/_bazel_afanasyev/9a39311ceb7a61706aa1e4e247e12702/rules_xcodeproj.noindex/build_output_base/execroot/_main/bazel-out/ios_arm64-dbg-ios-arm64-min13.0-ST-faee4d1e8780/bin/submodules/FeaturedStickersScreen -I/var/tmp/_bazel_afanasyev/9a39311ceb7a61706aa1e4e247e12702/rules_xcodeproj.noindex/build_output_base/execroot/_main/bazel-out/ios_arm64-dbg-ios-arm64-min13.0-ST-faee4d1e8780/bin/submodules/TelegramUI/Components/EntityKeyboardGifContent -I/var/tmp/_bazel_afanasyev/9a39311ceb7a61706aa1e4e247e12702/rules_xcodeproj.noindex/build_output_base/execroot/_main/bazel-out/ios_arm64-dbg-ios-arm64-min13.0-ST-faee4d1e8780/bin/submodules/TelegramUI/Components/LegacyMessageInputPanelInputView -I/var/tmp/_bazel_afanasyev/9a39311ceb7a61706aa1e4e247e12702/rules_xcodeproj.noindex/build_output_base/execroot/_main/bazel-out/ios_arm64-dbg-ios-arm64-min13.0-ST-faee4d1e8780/bin/submodules/TouchDownGesture -I/var/tmp/_bazel_afanasyev/9a39311ceb7a61706aa1e4e247e12702/rules_xcodeproj.noindex/build_output_base/execroot/_main/bazel-out/ios_arm64-dbg-ios-arm64-min13.0-ST-faee4d1e8780/bin/submodules/Speak -I/var/tmp/_bazel_afanasyev/9a39311ceb7a61706aa1e4e247e12702/rules_xcodeproj.noindex/build_output_base/execroot/_main/bazel-out/ios_arm64-dbg-ios-arm64-min13.0-ST-faee4d1e8780/bin/submodules/AnimatedCountLabelNode -I/var/tmp/_bazel_afanasyev/9a39311ceb7a61706aa1e4e247e12702/rules_xcodeproj.noindex/build_output_base/execroot/_main/bazel-out/ios_arm64-dbg-ios-arm64-min13.0-ST-faee4d1e8780/bin/submodules/AttachmentTextInputPanelNode -I/var/tmp/_bazel_afanasyev/9a39311ceb7a61706aa1e4e247e12702/rules_xcodeproj.noindex/build_output_base/execroot/_main/bazel-out/ios_arm64-dbg-ios-arm64-min13.0-ST-faee4d1e8780/bin/submodules/TelegramUI/Components/ChatEntityKeyboardInputNode -I/var/tmp/_bazel_afanasyev/9a39311ceb7a61706aa1e4e247e12702/rules_xcodeproj.noindex/build_output_base/execroot/_main/bazel-out/ios_arm64-dbg-ios-arm64-min13.0-ST-faee4d1e8780/bin/submodules/FileMediaResourceStatus -I/var/tmp/_bazel_afanasyev/9a39311ceb7a61706aa1e4e247e12702/rules_xcodeproj.noindex/build_output_base/execroot/_main/bazel-out/ios_arm64-dbg-ios-arm64-min13.0-ST-faee4d1e8780/bin/submodules/TelegramUI/Components/MediaEditor/ImageObjectSeparation -I/var/tmp/_bazel_afanasyev/9a39311ceb7a61706aa1e4e247e12702/rules_xcodeproj.noindex/build_output_base/execroot/_main/bazel-out/ios_arm64-dbg-ios-arm64-min13.0-ST-faee4d1e8780/bin/submodules/TelegramUI/Components/MediaEditor -I/var/tmp/_bazel_afanasyev/9a39311ceb7a61706aa1e4e247e12702/rules_xcodeproj.noindex/build_output_base/execroot/_main/bazel-out/ios_arm64-dbg-ios-arm64-min13.0-ST-faee4d1e8780/bin/submodules/TelegramUI/Components/LottieComponentResourceContent -I/var/tmp/_bazel_afanasyev/9a39311ceb7a61706aa1e4e247e12702/rules_xcodeproj.noindex/build_output_base/execroot/_main/bazel-out/ios_arm64-dbg-ios-arm64-min13.0-ST-faee4d1e8780/bin/submodules/TelegramUI/Components/CameraButtonComponent -I/var/tmp/_bazel_afanasyev/9a39311ceb7a61706aa1e4e247e12702/rules_xcodeproj.noindex/build_output_base/execroot/_main/bazel-out/ios_arm64-dbg-ios-arm64-min13.0-ST-faee4d1e8780/bin/submodules/TelegramUI/Components/DustEffect -I/var/tmp/_bazel_afanasyev/9a39311ceb7a61706aa1e4e247e12702/rules_xcodeproj.noindex/build_output_base/execroot/_main/bazel-out/ios_arm64-dbg-ios-arm64-min13.0-ST-faee4d1e8780/bin/submodules/TelegramUI/Components/TextLoadingEffect -I/var/tmp/_bazel_afanasyev/9a39311ceb7a61706aa1e4e247e12702/rules_xcodeproj.noindex/build_output_base/execroot/_main/bazel-out/ios_arm64-dbg-ios-arm64-min13.0-ST-faee4d1e8780/bin/submodules/TelegramUI/Components/StickerPickerScreen -I/var/tmp/_bazel_afanasyev/9a39311ceb7a61706aa1e4e247e12702/rules_xcodeproj.noindex/build_output_base/execroot/_main/bazel-out/ios_arm64-dbg-ios-arm64-min13.0-ST-faee4d1e8780/bin/submodules/DrawingUI -I/var/tmp/_bazel_afanasyev/9a39311ceb7a61706aa1e4e247e12702/rules_xcodeproj.noindex/build_output_base/execroot/_main/bazel-out/ios_arm64-dbg-ios-arm64-min13.0-ST-faee4d1e8780/bin/submodules/LegacyMediaPickerUI -I/var/tmp/_bazel_afanasyev/9a39311ceb7a61706aa1e4e247e12702/rules_xcodeproj.noindex/build_output_base/execroot/_main/bazel-out/ios_arm64-dbg-ios-arm64-min13.0-ST-faee4d1e8780/bin/submodules/TelegramUI/Components/ChatSendButtonRadialStatusNode -I/var/tmp/_bazel_afanasyev/9a39311ceb7a61706aa1e4e247e12702/rules_xcodeproj.noindex/build_output_base/execroot/_main/bazel-out/ios_arm64-dbg-ios-arm64-min13.0-ST-faee4d1e8780/bin/submodules/TelegramUI/Components/LegacyInstantVideoController -I/var/tmp/_bazel_afanasyev/9a39311ceb7a61706aa1e4e247e12702/rules_xcodeproj.noindex/build_output_base/execroot/_main/bazel-out/ios_arm64-dbg-ios-arm64-min13.0-ST-faee4d1e8780/bin/submodules/TelegramUI/Components/ChatTextInputMediaRecordingButton -I/var/tmp/_bazel_afanasyev/9a39311ceb7a61706aa1e4e247e12702/rules_xcodeproj.noindex/build_output_base/execroot/_main/bazel-out/ios_arm64-dbg-ios-arm64-min13.0-ST-faee4d1e8780/bin/submodules/TelegramUI/Components/AudioWaveformComponent -I/var/tmp/_bazel_afanasyev/9a39311ceb7a61706aa1e4e247e12702/rules_xcodeproj.noindex/build_output_base/execroot/_main/bazel-out/ios_arm64-dbg-ios-arm64-min13.0-ST-faee4d1e8780/bin/submodules/TelegramUI/Components/MoreHeaderButton -I/var/tmp/_bazel_afanasyev/9a39311ceb7a61706aa1e4e247e12702/rules_xcodeproj.noindex/build_output_base/execroot/_main/bazel-out/ios_arm64-dbg-ios-arm64-min13.0-ST-faee4d1e8780/bin/submodules/TelegramUI/Components/EmojiSuggestionsComponent -I/var/tmp/_bazel_afanasyev/9a39311ceb7a61706aa1e4e247e12702/rules_xcodeproj.noindex/build_output_base/execroot/_main/bazel-out/ios_arm64-dbg-ios-arm64-min13.0-ST-faee4d1e8780/bin/submodules/TelegramUI/Components/MessageInputActionButtonComponent -I/var/tmp/_bazel_afanasyev/9a39311ceb7a61706aa1e4e247e12702/rules_xcodeproj.noindex/build_output_base/execroot/_main/bazel-out/ios_arm64-dbg-ios-arm64-min13.0-ST-faee4d1e8780/bin/submodules/TelegramUI/Components/ContextReferenceButtonComponent -I/var/tmp/_bazel_afanasyev/9a39311ceb7a61706aa1e4e247e12702/rules_xcodeproj.noindex/build_output_base/execroot/_main/bazel-out/ios_arm64-dbg-ios-arm64-min13.0-ST-faee4d1e8780/bin/submodules/TelegramUI/Components/Stories/ForwardInfoPanelComponent -I/var/tmp/_bazel_afanasyev/9a39311ceb7a61706aa1e4e247e12702/rules_xcodeproj.noindex/build_output_base/execroot/_main/bazel-out/ios_arm64-dbg-ios-arm64-min13.0-ST-faee4d1e8780/bin/submodules/TelegramUI/Components/EditableChatTextNode -I/var/tmp/_bazel_afanasyev/9a39311ceb7a61706aa1e4e247e12702/rules_xcodeproj.noindex/build_output_base/execroot/_main/bazel-out/ios_arm64-dbg-ios-arm64-min13.0-ST-faee4d1e8780/bin/submodules/TelegramUI/Components/Chat/ChatInputPanelNode -I/var/tmp/_bazel_afanasyev/9a39311ceb7a61706aa1e4e247e12702/rules_xcodeproj.noindex/build_output_base/execroot/_main/bazel-out/ios_arm64-dbg-ios-arm64-min13.0-ST-faee4d1e8780/bin/submodules/TelegramUI/Components/Chat/ChatTextInputSlowmodePlaceholderNode -I/var/tmp/_bazel_afanasyev/9a39311ceb7a61706aa1e4e247e12702/rules_xcodeproj.noindex/build_output_base/execroot/_main/bazel-out/ios_arm64-dbg-ios-arm64-min13.0-ST-faee4d1e8780/bin/submodules/ChatMessageBackground -I/var/tmp/_bazel_afanasyev/9a39311ceb7a61706aa1e4e247e12702/rules_xcodeproj.noindex/build_output_base/execroot/_main/bazel-out/ios_arm64-dbg-ios-arm64-min13.0-ST-faee4d1e8780/bin/submodules/TelegramUI/Components/LottieMetal -I/var/tmp/_bazel_afanasyev/9a39311ceb7a61706aa1e4e247e12702/rules_xcodeproj.noindex/build_output_base/execroot/_main/bazel-out/ios_arm64-dbg-ios-arm64-min13.0-ST-faee4d1e8780/bin/submodules/ChatSendMessageActionUI -I/var/tmp/_bazel_afanasyev/9a39311ceb7a61706aa1e4e247e12702/rules_xcodeproj.noindex/build_output_base/execroot/_main/bazel-out/ios_arm64-dbg-ios-arm64-min13.0-ST-faee4d1e8780/bin/submodules/TelegramUI/Components/StarsParticleEffect -I/var/tmp/_bazel_afanasyev/9a39311ceb7a61706aa1e4e247e12702/rules_xcodeproj.noindex/build_output_base/execroot/_main/bazel-out/ios_arm64-dbg-ios-arm64-min13.0-ST-faee4d1e8780/bin/submodules/TelegramUI/Components/Chat/ChatTextInputActionButtonsNode -I/var/tmp/_bazel_afanasyev/9a39311ceb7a61706aa1e4e247e12702/rules_xcodeproj.noindex/build_output_base/execroot/_main/bazel-out/ios_arm64-dbg-ios-arm64-min13.0-ST-faee4d1e8780/bin/submodules/TelegramUI/Components/Chat/ChatTextInputAudioRecordingTimeNode -I/var/tmp/_bazel_afanasyev/9a39311ceb7a61706aa1e4e247e12702/rules_xcodeproj.noindex/build_output_base/execroot/_main/bazel-out/ios_arm64-dbg-ios-arm64-min13.0-ST-faee4d1e8780/bin/submodules/TelegramUI/Components/Chat/ChatTextInputAudioRecordingCancelIndicator -I/var/tmp/_bazel_afanasyev/9a39311ceb7a61706aa1e4e247e12702/rules_xcodeproj.noindex/build_output_base/execroot/_main/bazel-out/ios_arm64-dbg-ios-arm64-min13.0-ST-faee4d1e8780/bin/submodules/TelegramUI/Components/Chat/ChatRecordingViewOnceButtonNode -I/var/tmp/_bazel_afanasyev/9a39311ceb7a61706aa1e4e247e12702/rules_xcodeproj.noindex/build_output_base/execroot/_main/bazel-out/ios_arm64-dbg-ios-arm64-min13.0-ST-faee4d1e8780/bin/submodules/TelegramUI/Components/Chat/ChatInputAccessoryPanel -I/var/tmp/_bazel_afanasyev/9a39311ceb7a61706aa1e4e247e12702/rules_xcodeproj.noindex/build_output_base/execroot/_main/bazel-out/ios_arm64-dbg-ios-arm64-min13.0-ST-faee4d1e8780/bin/submodules/TelegramUI/Components/Chat/ChatInputAutocompletePanel -I/var/tmp/_bazel_afanasyev/9a39311ceb7a61706aa1e4e247e12702/rules_xcodeproj.noindex/build_output_base/execroot/_main/bazel-out/ios_arm64-dbg-ios-arm64-min13.0-ST-faee4d1e8780/bin/submodules/TelegramUI/Components/AudioWaveformNode -I/var/tmp/_bazel_afanasyev/9a39311ceb7a61706aa1e4e247e12702/rules_xcodeproj.noindex/build_output_base/execroot/_main/bazel-out/ios_arm64-dbg-ios-arm64-min13.0-ST-faee4d1e8780/bin/submodules/TelegramUI/Components/MediaScrubberComponent -I/var/tmp/_bazel_afanasyev/9a39311ceb7a61706aa1e4e247e12702/rules_xcodeproj.noindex/build_output_base/execroot/_main/bazel-out/ios_arm64-dbg-ios-arm64-min13.0-ST-faee4d1e8780/bin/submodules/TelegramUI/Components/Chat/ChatRecordingPreviewInputPanelNode -I/var/tmp/_bazel_afanasyev/9a39311ceb7a61706aa1e4e247e12702/rules_xcodeproj.noindex/build_output_base/execroot/_main/bazel-out/ios_arm64-dbg-ios-arm64-min13.0-ST-faee4d1e8780/bin/submodules/TelegramUI/Components/Chat/ChatInputContextPanelNode -I/var/tmp/_bazel_afanasyev/9a39311ceb7a61706aa1e4e247e12702/rules_xcodeproj.noindex/build_output_base/execroot/_main/bazel-out/ios_arm64-dbg-ios-arm64-min13.0-ST-faee4d1e8780/bin/submodules/TelegramUI/Components/RasterizedCompositionComponent -I/var/tmp/_bazel_afanasyev/9a39311ceb7a61706aa1e4e247e12702/rules_xcodeproj.noindex/build_output_base/execroot/_main/bazel-out/ios_arm64-dbg-ios-arm64-min13.0-ST-faee4d1e8780/bin/submodules/TelegramUI/Components/Calls/VoiceChatActionButton -I/var/tmp/_bazel_afanasyev/9a39311ceb7a61706aa1e4e247e12702/rules_xcodeproj.noindex/build_output_base/execroot/_main/bazel-out/ios_arm64-dbg-ios-arm64-min13.0-ST-faee4d1e8780/bin/submodules/TelegramUI/Components/Calls/VideoChatMicButtonComponent -I/var/tmp/_bazel_afanasyev/9a39311ceb7a61706aa1e4e247e12702/rules_xcodeproj.noindex/build_output_base/execroot/_main/bazel-out/ios_arm64-dbg-ios-arm64-min13.0-ST-faee4d1e8780/bin/submodules/TelegramUI/Components/Chat/ChatTextInputPanelNode -I/var/tmp/_bazel_afanasyev/9a39311ceb7a61706aa1e4e247e12702/rules_xcodeproj.noindex/build_output_base/execroot/_main/bazel-out/ios_arm64-dbg-ios-arm64-min13.0-ST-faee4d1e8780/bin/submodules/TelegramUI/Components/PeerNameTextComponent -I/var/tmp/_bazel_afanasyev/9a39311ceb7a61706aa1e4e247e12702/rules_xcodeproj.noindex/build_output_base/execroot/_main/bazel-out/ios_arm64-dbg-ios-arm64-min13.0-ST-faee4d1e8780/bin/submodules/TelegramUI/Components/Stories/LiveChat/StoryLiveChatMessageComponent -I/var/tmp/_bazel_afanasyev/9a39311ceb7a61706aa1e4e247e12702/rules_xcodeproj.noindex/build_output_base/execroot/_main/bazel-out/ios_arm64-dbg-ios-arm64-min13.0-ST-faee4d1e8780/bin/submodules/TelegramUI/Components/MessageInputPanelComponent -I/var/tmp/_bazel_afanasyev/9a39311ceb7a61706aa1e4e247e12702/rules_xcodeproj.noindex/build_output_base/execroot/_main/bazel-out/ios_arm64-dbg-ios-arm64-min13.0-ST-faee4d1e8780/bin/submodules/TelegramUI/Components/Stars/StarsBalanceOverlayComponent -I/var/tmp/_bazel_afanasyev/9a39311ceb7a61706aa1e4e247e12702/rules_xcodeproj.noindex/build_output_base/execroot/_main/bazel-out/ios_arm64-dbg-ios-arm64-min13.0-ST-faee4d1e8780/bin/submodules/TelegramUI/Components/CheckComponent -I/var/tmp/_bazel_afanasyev/9a39311ceb7a61706aa1e4e247e12702/rules_xcodeproj.noindex/build_output_base/execroot/_main/bazel-out/ios_arm64-dbg-ios-arm64-min13.0-ST-faee4d1e8780/bin/submodules/TelegramUI/Components/AlertComponent/AlertCheckComponent -I/var/tmp/_bazel_afanasyev/9a39311ceb7a61706aa1e4e247e12702/rules_xcodeproj.noindex/build_output_base/execroot/_main/bazel-out/ios_arm64-dbg-ios-arm64-min13.0-ST-faee4d1e8780/bin/submodules/TelegramUI/Components/Chat/ChatMessagePaymentAlertController -I/var/tmp/_bazel_afanasyev/9a39311ceb7a61706aa1e4e247e12702/rules_xcodeproj.noindex/build_output_base/execroot/_main/bazel-out/ios_arm64-dbg-ios-arm64-min13.0-ST-faee4d1e8780/bin/submodules/ShareController -I/var/tmp/_bazel_afanasyev/9a39311ceb7a61706aa1e4e247e12702/rules_xcodeproj.noindex/build_output_base/execroot/_main/bazel-out/ios_arm64-dbg-ios-arm64-min13.0-ST-faee4d1e8780/bin/submodules/DeleteChatPeerActionSheetItem -I/var/tmp/_bazel_afanasyev/9a39311ceb7a61706aa1e4e247e12702/rules_xcodeproj.noindex/build_output_base/execroot/_main/bazel-out/ios_arm64-dbg-ios-arm64-min13.0-ST-faee4d1e8780/bin/submodules/WebsiteType -I/var/tmp/_bazel_afanasyev/9a39311ceb7a61706aa1e4e247e12702/rules_xcodeproj.noindex/build_output_base/execroot/_main/bazel-out/ios_arm64-dbg-ios-arm64-min13.0-ST-faee4d1e8780/bin/submodules/ScreenCaptureDetection -I/var/tmp/_bazel_afanasyev/9a39311ceb7a61706aa1e4e247e12702/rules_xcodeproj.noindex/build_output_base/execroot/_main/bazel-out/ios_arm64-dbg-ios-arm64-min13.0-ST-faee4d1e8780/bin/submodules/OpenInExternalAppUI -I/var/tmp/_bazel_afanasyev/9a39311ceb7a61706aa1e4e247e12702/rules_xcodeproj.noindex/build_output_base/execroot/_main/bazel-out/ios_arm64-dbg-ios-arm64-min13.0-ST-faee4d1e8780/bin/submodules/SwipeToDismissGesture -I/var/tmp/_bazel_afanasyev/9a39311ceb7a61706aa1e4e247e12702/rules_xcodeproj.noindex/build_output_base/execroot/_main/bazel-out/ios_arm64-dbg-ios-arm64-min13.0-ST-faee4d1e8780/bin/submodules/ItemListStickerPackItem -I/var/tmp/_bazel_afanasyev/9a39311ceb7a61706aa1e4e247e12702/rules_xcodeproj.noindex/build_output_base/execroot/_main/bazel-out/ios_arm64-dbg-ios-arm64-min13.0-ST-faee4d1e8780/bin/submodules/ArchivedStickerPacksNotice -I/var/tmp/_bazel_afanasyev/9a39311ceb7a61706aa1e4e247e12702/rules_xcodeproj.noindex/build_output_base/execroot/_main/bazel-out/ios_arm64-dbg-ios-arm64-min13.0-ST-faee4d1e8780/bin/submodules/MoreButtonNode -I/var/tmp/_bazel_afanasyev/9a39311ceb7a61706aa1e4e247e12702/rules_xcodeproj.noindex/build_output_base/execroot/_main/bazel-out/ios_arm64-dbg-ios-arm64-min13.0-ST-faee4d1e8780/bin/submodules/TelegramUI/Components/Stickers/StickerPackEditTitleController -I/var/tmp/_bazel_afanasyev/9a39311ceb7a61706aa1e4e247e12702/rules_xcodeproj.noindex/build_output_base/execroot/_main/bazel-out/ios_arm64-dbg-ios-arm64-min13.0-ST-faee4d1e8780/bin/submodules/StickerPackPreviewUI -I/var/tmp/_bazel_afanasyev/9a39311ceb7a61706aa1e4e247e12702/rules_xcodeproj.noindex/build_output_base/execroot/_main/bazel-out/ios_arm64-dbg-ios-arm64-min13.0-ST-faee4d1e8780/bin/submodules/ImageContentAnalysis -I/var/tmp/_bazel_afanasyev/9a39311ceb7a61706aa1e4e247e12702/rules_xcodeproj.noindex/build_output_base/execroot/_main/bazel-out/ios_arm64-dbg-ios-arm64-min13.0-ST-faee4d1e8780/bin/submodules/TelegramUI/Components/TranslationLanguagesContextMenuContent -I/var/tmp/_bazel_afanasyev/9a39311ceb7a61706aa1e4e247e12702/rules_xcodeproj.noindex/build_output_base/execroot/_main/bazel-out/ios_arm64-dbg-ios-arm64-min13.0-ST-faee4d1e8780/bin/submodules/TranslateUI -I/var/tmp/_bazel_afanasyev/9a39311ceb7a61706aa1e4e247e12702/rules_xcodeproj.noindex/build_output_base/execroot/_main/bazel-out/ios_arm64-dbg-ios-arm64-min13.0-ST-faee4d1e8780/bin/submodules/TelegramUI/Components/SliderContextItem -I/var/tmp/_bazel_afanasyev/9a39311ceb7a61706aa1e4e247e12702/rules_xcodeproj.noindex/build_output_base/execroot/_main/bazel-out/ios_arm64-dbg-ios-arm64-min13.0-ST-faee4d1e8780/bin/submodules/TelegramUI/Components/SectionTitleContextItem -I/var/tmp/_bazel_afanasyev/9a39311ceb7a61706aa1e4e247e12702/rules_xcodeproj.noindex/build_output_base/execroot/_main/bazel-out/ios_arm64-dbg-ios-arm64-min13.0-ST-faee4d1e8780/bin/submodules/AdUI -I/var/tmp/_bazel_afanasyev/9a39311ceb7a61706aa1e4e247e12702/rules_xcodeproj.noindex/build_output_base/execroot/_main/bazel-out/ios_arm64-dbg-ios-arm64-min13.0-ST-faee4d1e8780/bin/submodules/TelegramUI/Components/NavigationStackComponent -I/var/tmp/_bazel_afanasyev/9a39311ceb7a61706aa1e4e247e12702/rules_xcodeproj.noindex/build_output_base/execroot/_main/bazel-out/ios_arm64-dbg-ios-arm64-min13.0-ST-faee4d1e8780/bin/submodules/TelegramUI/Components/Ads/AdsReportScreen -I/var/tmp/_bazel_afanasyev/9a39311ceb7a61706aa1e4e247e12702/rules_xcodeproj.noindex/build_output_base/execroot/_main/bazel-out/ios_arm64-dbg-ios-arm64-min13.0-ST-faee4d1e8780/bin/submodules/TelegramUI/Components/Ads/AdsInfoScreen -I/var/tmp/_bazel_afanasyev/9a39311ceb7a61706aa1e4e247e12702/rules_xcodeproj.noindex/build_output_base/execroot/_main/bazel-out/ios_arm64-dbg-ios-arm64-min13.0-ST-faee4d1e8780/bin/submodules/TelegramUI/Components/SaveProgressScreen -I/var/tmp/_bazel_afanasyev/9a39311ceb7a61706aa1e4e247e12702/rules_xcodeproj.noindex/build_output_base/execroot/_main/bazel-out/ios_arm64-dbg-ios-arm64-min13.0-ST-faee4d1e8780/bin/submodules/TelegramUI/Components/BadgeComponent -I/var/tmp/_bazel_afanasyev/9a39311ceb7a61706aa1e4e247e12702/rules_xcodeproj.noindex/build_output_base/execroot/_main/bazel-out/ios_arm64-dbg-ios-arm64-min13.0-ST-faee4d1e8780/bin/submodules/TelegramUI/Components/ToastComponent -I/var/tmp/_bazel_afanasyev/9a39311ceb7a61706aa1e4e247e12702/rules_xcodeproj.noindex/build_output_base/execroot/_main/bazel-out/ios_arm64-dbg-ios-arm64-min13.0-ST-faee4d1e8780/bin/submodules/TelegramUI/Components/GlassControls -I/var/tmp/_bazel_afanasyev/9a39311ceb7a61706aa1e4e247e12702/rules_xcodeproj.noindex/build_output_base/execroot/_main/bazel-out/ios_arm64-dbg-ios-arm64-min13.0-ST-faee4d1e8780/bin/submodules/TelegramUI/Components/VideoPlaybackControlsComponent -I/var/tmp/_bazel_afanasyev/9a39311ceb7a61706aa1e4e247e12702/rules_xcodeproj.noindex/build_output_base/execroot/_main/bazel-out/ios_arm64-dbg-ios-arm64-min13.0-ST-faee4d1e8780/bin/submodules/GalleryUI -I/var/tmp/_bazel_afanasyev/9a39311ceb7a61706aa1e4e247e12702/rules_xcodeproj.noindex/build_output_base/execroot/_main/bazel-out/ios_arm64-dbg-ios-arm64-min13.0-ST-faee4d1e8780/bin/submodules/PeerAvatarGalleryUI -I/var/tmp/_bazel_afanasyev/9a39311ceb7a61706aa1e4e247e12702/rules_xcodeproj.noindex/build_output_base/execroot/_main/bazel-out/ios_arm64-dbg-ios-arm64-min13.0-ST-faee4d1e8780/bin/submodules/AvatarVideoNode -I/var/tmp/_bazel_afanasyev/9a39311ceb7a61706aa1e4e247e12702/rules_xcodeproj.noindex/build_output_base/execroot/_main/bazel-out/ios_arm64-dbg-ios-arm64-min13.0-ST-faee4d1e8780/bin/submodules/TelegramUI/Components/Stories/StorySetIndicatorComponent -I/var/tmp/_bazel_afanasyev/9a39311ceb7a61706aa1e4e247e12702/rules_xcodeproj.noindex/build_output_base/execroot/_main/bazel-out/ios_arm64-dbg-ios-arm64-min13.0-ST-faee4d1e8780/bin/submodules/PeerInfoAvatarListNode -I/var/tmp/_bazel_afanasyev/9a39311ceb7a61706aa1e4e247e12702/rules_xcodeproj.noindex/build_output_base/execroot/_main/bazel-out/ios_arm64-dbg-ios-arm64-min13.0-ST-faee4d1e8780/bin/submodules/MapResourceToAvatarSizes -I/var/tmp/_bazel_afanasyev/9a39311ceb7a61706aa1e4e247e12702/rules_xcodeproj.noindex/build_output_base/execroot/_main/bazel-out/ios_arm64-dbg-ios-arm64-min13.0-ST-faee4d1e8780/bin/submodules/ChatTitleActivityNode -I/var/tmp/_bazel_afanasyev/9a39311ceb7a61706aa1e4e247e12702/rules_xcodeproj.noindex/build_output_base/execroot/_main/bazel-out/ios_arm64-dbg-ios-arm64-min13.0-ST-faee4d1e8780/bin/submodules/Components/UndoPanelComponent -I/var/tmp/_bazel_afanasyev/9a39311ceb7a61706aa1e4e247e12702/rules_xcodeproj.noindex/build_output_base/execroot/_main/bazel-out/ios_arm64-dbg-ios-arm64-min13.0-ST-faee4d1e8780/bin/submodules/PhoneNumberFormat -I/var/tmp/_bazel_afanasyev/9a39311ceb7a61706aa1e4e247e12702/rules_xcodeproj.noindex/build_output_base/execroot/_main/bazel-out/ios_arm64-dbg-ios-arm64-min13.0-ST-faee4d1e8780/bin/submodules/TelegramUI/Components/BackButtonComponent -I/var/tmp/_bazel_afanasyev/9a39311ceb7a61706aa1e4e247e12702/rules_xcodeproj.noindex/build_output_base/execroot/_main/bazel-out/ios_arm64-dbg-ios-arm64-min13.0-ST-faee4d1e8780/bin/submodules/SearchUI -I/var/tmp/_bazel_afanasyev/9a39311ceb7a61706aa1e4e247e12702/rules_xcodeproj.noindex/build_output_base/execroot/_main/bazel-out/ios_arm64-dbg-ios-arm64-min13.0-ST-faee4d1e8780/bin/submodules/ContactsPeerItem -I/var/tmp/_bazel_afanasyev/9a39311ceb7a61706aa1e4e247e12702/rules_xcodeproj.noindex/build_output_base/execroot/_main/bazel-out/ios_arm64-dbg-ios-arm64-min13.0-ST-faee4d1e8780/bin/submodules/PeersNearbyIconNode -I/var/tmp/_bazel_afanasyev/9a39311ceb7a61706aa1e4e247e12702/rules_xcodeproj.noindex/build_output_base/execroot/_main/bazel-out/ios_arm64-dbg-ios-arm64-min13.0-ST-faee4d1e8780/bin/submodules/TelegramPermissionsUI -I/var/tmp/_bazel_afanasyev/9a39311ceb7a61706aa1e4e247e12702/rules_xcodeproj.noindex/build_output_base/execroot/_main/bazel-out/ios_arm64-dbg-ios-arm64-min13.0-ST-faee4d1e8780/bin/submodules/NotificationSoundSelectionUI -I/var/tmp/_bazel_afanasyev/9a39311ceb7a61706aa1e4e247e12702/rules_xcodeproj.noindex/build_output_base/execroot/_main/bazel-out/ios_arm64-dbg-ios-arm64-min13.0-ST-faee4d1e8780/bin/submodules/ChatListSearchItemHeader -I/var/tmp/_bazel_afanasyev/9a39311ceb7a61706aa1e4e247e12702/rules_xcodeproj.noindex/build_output_base/execroot/_main/bazel-out/ios_arm64-dbg-ios-arm64-min13.0-ST-faee4d1e8780/bin/submodules/QrCode -I/var/tmp/_bazel_afanasyev/9a39311ceb7a61706aa1e4e247e12702/rules_xcodeproj.noindex/build_output_base/execroot/_main/bazel-out/ios_arm64-dbg-ios-arm64-min13.0-ST-faee4d1e8780/bin/submodules/SectionHeaderItem -I/var/tmp/_bazel_afanasyev/9a39311ceb7a61706aa1e4e247e12702/rules_xcodeproj.noindex/build_output_base/execroot/_main/bazel-out/ios_arm64-dbg-ios-arm64-min13.0-ST-faee4d1e8780/bin/submodules/GlassButtonNode -I/var/tmp/_bazel_afanasyev/9a39311ceb7a61706aa1e4e247e12702/rules_xcodeproj.noindex/build_output_base/execroot/_main/bazel-out/ios_arm64-dbg-ios-arm64-min13.0-ST-faee4d1e8780/bin/submodules/QrCodeUI -I/var/tmp/_bazel_afanasyev/9a39311ceb7a61706aa1e4e247e12702/rules_xcodeproj.noindex/build_output_base/execroot/_main/bazel-out/ios_arm64-dbg-ios-arm64-min13.0-ST-faee4d1e8780/bin/submodules/InviteLinksUI -I/var/tmp/_bazel_afanasyev/9a39311ceb7a61706aa1e4e247e12702/rules_xcodeproj.noindex/build_output_base/execroot/_main/bazel-out/ios_arm64-dbg-ios-arm64-min13.0-ST-faee4d1e8780/bin/submodules/TelegramUI/Components/AlertComponent/AlertInputFieldComponent -I/var/tmp/_bazel_afanasyev/9a39311ceb7a61706aa1e4e247e12702/rules_xcodeproj.noindex/build_output_base/execroot/_main/bazel-out/ios_arm64-dbg-ios-arm64-min13.0-ST-faee4d1e8780/bin/submodules/TelegramCallsUI -I/var/tmp/_bazel_afanasyev/9a39311ceb7a61706aa1e4e247e12702/rules_xcodeproj.noindex/build_output_base/execroot/_main/bazel-out/ios_arm64-dbg-ios-arm64-min13.0-ST-faee4d1e8780/bin/submodules/TelegramUpdateUI -I/var/tmp/_bazel_afanasyev/9a39311ceb7a61706aa1e4e247e12702/rules_xcodeproj.noindex/build_output_base/execroot/_main/bazel-out/ios_arm64-dbg-ios-arm64-min13.0-ST-faee4d1e8780/bin/submodules/LiveLocationTimerNode -I/var/tmp/_bazel_afanasyev/9a39311ceb7a61706aa1e4e247e12702/rules_xcodeproj.noindex/build_output_base/execroot/_main/bazel-out/ios_arm64-dbg-ios-arm64-min13.0-ST-faee4d1e8780/bin/submodules/TelegramUI/Components/Stars/ItemShimmeringLoadingComponent -I/var/tmp/_bazel_afanasyev/9a39311ceb7a61706aa1e4e247e12702/rules_xcodeproj.noindex/build_output_base/execroot/_main/bazel-out/ios_arm64-dbg-ios-arm64-min13.0-ST-faee4d1e8780/bin/submodules/TelegramUI/Components/PeerInfo/PeerInfoCoverComponent -I/var/tmp/_bazel_afanasyev/9a39311ceb7a61706aa1e4e247e12702/rules_xcodeproj.noindex/build_output_base/execroot/_main/bazel-out/ios_arm64-dbg-ios-arm64-min13.0-ST-faee4d1e8780/bin/submodules/TelegramUI/Components/Gifts/GiftItemComponent -I/var/tmp/_bazel_afanasyev/9a39311ceb7a61706aa1e4e247e12702/rules_xcodeproj.noindex/build_output_base/execroot/_main/bazel-out/ios_arm64-dbg-ios-arm64-min13.0-ST-faee4d1e8780/bin/submodules/TelegramBaseController -I/var/tmp/_bazel_afanasyev/9a39311ceb7a61706aa1e4e247e12702/rules_xcodeproj.noindex/build_output_base/execroot/_main/bazel-out/ios_arm64-dbg-ios-arm64-min13.0-ST-faee4d1e8780/bin/submodules/LiveLocationManager -I/var/tmp/_bazel_afanasyev/9a39311ceb7a61706aa1e4e247e12702/rules_xcodeproj.noindex/build_output_base/execroot/_main/bazel-out/ios_arm64-dbg-ios-arm64-min13.0-ST-faee4d1e8780/bin/submodules/TelegramUI/Components/PremiumLockButtonSubtitleComponent -I/var/tmp/_bazel_afanasyev/9a39311ceb7a61706aa1e4e247e12702/rules_xcodeproj.noindex/build_output_base/execroot/_main/bazel-out/ios_arm64-dbg-ios-arm64-min13.0-ST-faee4d1e8780/bin/submodules/TelegramUI/Components/ListSwitchItemComponent -I/var/tmp/_bazel_afanasyev/9a39311ceb7a61706aa1e4e247e12702/rules_xcodeproj.noindex/build_output_base/execroot/_main/bazel-out/ios_arm64-dbg-ios-arm64-min13.0-ST-faee4d1e8780/bin/submodules/TelegramUI/Components/PeerAllowedReactionsScreen -I/var/tmp/_bazel_afanasyev/9a39311ceb7a61706aa1e4e247e12702/rules_xcodeproj.noindex/build_output_base/execroot/_main/bazel-out/ios_arm64-dbg-ios-arm64-min13.0-ST-faee4d1e8780/bin/submodules/TelegramUI/Components/ListMultilineTextFieldItemComponent -I/var/tmp/_bazel_afanasyev/9a39311ceb7a61706aa1e4e247e12702/rules_xcodeproj.noindex/build_output_base/execroot/_main/bazel-out/ios_arm64-dbg-ios-arm64-min13.0-ST-faee4d1e8780/bin/submodules/LocationResources -I/var/tmp/_bazel_afanasyev/9a39311ceb7a61706aa1e4e247e12702/rules_xcodeproj.noindex/build_output_base/execroot/_main/bazel-out/ios_arm64-dbg-ios-arm64-min13.0-ST-faee4d1e8780/bin/submodules/TelegramUI/Components/ListComposePollOptionComponent -I/var/tmp/_bazel_afanasyev/9a39311ceb7a61706aa1e4e247e12702/rules_xcodeproj.noindex/build_output_base/execroot/_main/bazel-out/ios_arm64-dbg-ios-arm64-min13.0-ST-faee4d1e8780/bin/submodules/ChatTextLinkEditUI -I/var/tmp/_bazel_afanasyev/9a39311ceb7a61706aa1e4e247e12702/rules_xcodeproj.noindex/build_output_base/execroot/_main/bazel-out/ios_arm64-dbg-ios-arm64-min13.0-ST-faee4d1e8780/bin/submodules/TelegramUI/Components/LegacyMessageInputPanel -I/var/tmp/_bazel_afanasyev/9a39311ceb7a61706aa1e4e247e12702/rules_xcodeproj.noindex/build_output_base/execroot/_main/bazel-out/ios_arm64-dbg-ios-arm64-min13.0-ST-faee4d1e8780/bin/submodules/TelegramUI/Components/Chat/TopMessageReactions -I/var/tmp/_bazel_afanasyev/9a39311ceb7a61706aa1e4e247e12702/rules_xcodeproj.noindex/build_output_base/execroot/_main/bazel-out/ios_arm64-dbg-ios-arm64-min13.0-ST-faee4d1e8780/bin/submodules/TelegramUI/Components/MinimizedContainer -I/var/tmp/_bazel_afanasyev/9a39311ceb7a61706aa1e4e247e12702/rules_xcodeproj.noindex/build_output_base/execroot/_main/bazel-out/ios_arm64-dbg-ios-arm64-min13.0-ST-faee4d1e8780/bin/submodules/AttachmentUI -I/var/tmp/_bazel_afanasyev/9a39311ceb7a61706aa1e4e247e12702/rules_xcodeproj.noindex/build_output_base/execroot/_main/bazel-out/ios_arm64-dbg-ios-arm64-min13.0-ST-faee4d1e8780/bin/submodules/MosaicLayout -I/var/tmp/_bazel_afanasyev/9a39311ceb7a61706aa1e4e247e12702/rules_xcodeproj.noindex/build_output_base/execroot/_main/bazel-out/ios_arm64-dbg-ios-arm64-min13.0-ST-faee4d1e8780/bin/submodules/WebSearchUI -I/var/tmp/_bazel_afanasyev/9a39311ceb7a61706aa1e4e247e12702/rules_xcodeproj.noindex/build_output_base/execroot/_main/bazel-out/ios_arm64-dbg-ios-arm64-min13.0-ST-faee4d1e8780/bin/submodules/SparseItemGrid -I/var/tmp/_bazel_afanasyev/9a39311ceb7a61706aa1e4e247e12702/rules_xcodeproj.noindex/build_output_base/execroot/_main/bazel-out/ios_arm64-dbg-ios-arm64-min13.0-ST-faee4d1e8780/bin/submodules/TelegramUI/Components/MediaAssetsContext -I/var/tmp/_bazel_afanasyev/9a39311ceb7a61706aa1e4e247e12702/rules_xcodeproj.noindex/build_output_base/execroot/_main/bazel-out/ios_arm64-dbg-ios-arm64-min13.0-ST-faee4d1e8780/bin/submodules/TelegramUI/Components/AvatarBackground -I/var/tmp/_bazel_afanasyev/9a39311ceb7a61706aa1e4e247e12702/rules_xcodeproj.noindex/build_output_base/execroot/_main/bazel-out/ios_arm64-dbg-ios-arm64-min13.0-ST-faee4d1e8780/bin/submodules/MediaPickerUI -I/var/tmp/_bazel_afanasyev/9a39311ceb7a61706aa1e4e247e12702/rules_xcodeproj.noindex/build_output_base/execroot/_main/bazel-out/ios_arm64-dbg-ios-arm64-min13.0-ST-faee4d1e8780/bin/submodules/TelegramUI/Components/LegacyCamera -I/var/tmp/_bazel_afanasyev/9a39311ceb7a61706aa1e4e247e12702/rules_xcodeproj.noindex/build_output_base/execroot/_main/bazel-out/ios_arm64-dbg-ios-arm64-min13.0-ST-faee4d1e8780/bin/submodules/Geocoding -I/var/tmp/_bazel_afanasyev/9a39311ceb7a61706aa1e4e247e12702/rules_xcodeproj.noindex/build_output_base/execroot/_main/bazel-out/ios_arm64-dbg-ios-arm64-min13.0-ST-faee4d1e8780/bin/submodules/ItemListVenueItem -I/var/tmp/_bazel_afanasyev/9a39311ceb7a61706aa1e4e247e12702/rules_xcodeproj.noindex/build_output_base/execroot/_main/bazel-out/ios_arm64-dbg-ios-arm64-min13.0-ST-faee4d1e8780/bin/submodules/CounterControllerTitleView -I/var/tmp/_bazel_afanasyev/9a39311ceb7a61706aa1e4e247e12702/rules_xcodeproj.noindex/build_output_base/execroot/_main/bazel-out/ios_arm64-dbg-ios-arm64-min13.0-ST-faee4d1e8780/bin/submodules/LocationUI -I/var/tmp/_bazel_afanasyev/9a39311ceb7a61706aa1e4e247e12702/rules_xcodeproj.noindex/build_output_base/execroot/_main/bazel-out/ios_arm64-dbg-ios-arm64-min13.0-ST-faee4d1e8780/bin/submodules/ListMessageItem -I/var/tmp/_bazel_afanasyev/9a39311ceb7a61706aa1e4e247e12702/rules_xcodeproj.noindex/build_output_base/execroot/_main/bazel-out/ios_arm64-dbg-ios-arm64-min13.0-ST-faee4d1e8780/bin/submodules/TelegramUI/Components/MediaManager/PeerMessagesMediaPlaylist -I/var/tmp/_bazel_afanasyev/9a39311ceb7a61706aa1e4e247e12702/rules_xcodeproj.noindex/build_output_base/execroot/_main/bazel-out/ios_arm64-dbg-ios-arm64-min13.0-ST-faee4d1e8780/bin/submodules/TelegramUI/Components/AttachmentFileController -I/var/tmp/_bazel_afanasyev/9a39311ceb7a61706aa1e4e247e12702/rules_xcodeproj.noindex/build_output_base/execroot/_main/bazel-out/ios_arm64-dbg-ios-arm64-min13.0-ST-faee4d1e8780/bin/submodules/TelegramUI/Components/ChatScheduleTimeController -I/var/tmp/_bazel_afanasyev/9a39311ceb7a61706aa1e4e247e12702/rules_xcodeproj.noindex/build_output_base/execroot/_main/bazel-out/ios_arm64-dbg-ios-arm64-min13.0-ST-faee4d1e8780/bin/submodules/Pdf -I/var/tmp/_bazel_afanasyev/9a39311ceb7a61706aa1e4e247e12702/rules_xcodeproj.noindex/build_output_base/execroot/_main/bazel-out/ios_arm64-dbg-ios-arm64-min13.0-ST-faee4d1e8780/bin/submodules/ICloudResources -I/var/tmp/_bazel_afanasyev/9a39311ceb7a61706aa1e4e247e12702/rules_xcodeproj.noindex/build_output_base/execroot/_main/bazel-out/ios_arm64-dbg-ios-arm64-min13.0-ST-faee4d1e8780/bin/submodules/TelegramUI/Components/ComposePollScreen -I/var/tmp/_bazel_afanasyev/9a39311ceb7a61706aa1e4e247e12702/rules_xcodeproj.noindex/build_output_base/execroot/_main/bazel-out/ios_arm64-dbg-ios-arm64-min13.0-ST-faee4d1e8780/bin/submodules/GameUI -I/var/tmp/_bazel_afanasyev/9a39311ceb7a61706aa1e4e247e12702/rules_xcodeproj.noindex/build_output_base/execroot/_main/bazel-out/ios_arm64-dbg-ios-arm64-min13.0-ST-faee4d1e8780/bin/submodules/LocalAuth -I/var/tmp/_bazel_afanasyev/9a39311ceb7a61706aa1e4e247e12702/rules_xcodeproj.noindex/build_output_base/execroot/_main/bazel-out/ios_arm64-dbg-ios-arm64-min13.0-ST-faee4d1e8780/bin/submodules/PasswordSetupUI -I/var/tmp/_bazel_afanasyev/9a39311ceb7a61706aa1e4e247e12702/rules_xcodeproj.noindex/build_output_base/execroot/_main/bazel-out/ios_arm64-dbg-ios-arm64-min13.0-ST-faee4d1e8780/bin/submodules/BotPaymentsUI -I/var/tmp/_bazel_afanasyev/9a39311ceb7a61706aa1e4e247e12702/rules_xcodeproj.noindex/build_output_base/execroot/_main/bazel-out/ios_arm64-dbg-ios-arm64-min13.0-ST-faee4d1e8780/bin/submodules/LiveLocationPositionNode -I/var/tmp/_bazel_afanasyev/9a39311ceb7a61706aa1e4e247e12702/rules_xcodeproj.noindex/build_output_base/execroot/_main/bazel-out/ios_arm64-dbg-ios-arm64-min13.0-ST-faee4d1e8780/bin/submodules/InstantPageUI -I/var/tmp/_bazel_afanasyev/9a39311ceb7a61706aa1e4e247e12702/rules_xcodeproj.noindex/build_output_base/execroot/_main/bazel-out/ios_arm64-dbg-ios-arm64-min13.0-ST-faee4d1e8780/bin/submodules/TelegramUI/Components/Gifts/GiftAnimationComponent -I/var/tmp/_bazel_afanasyev/9a39311ceb7a61706aa1e4e247e12702/rules_xcodeproj.noindex/build_output_base/execroot/_main/bazel-out/ios_arm64-dbg-ios-arm64-min13.0-ST-faee4d1e8780/bin/submodules/TelegramUI/Components/Chat/ChatHistoryEntry -I/var/tmp/_bazel_afanasyev/9a39311ceb7a61706aa1e4e247e12702/rules_xcodeproj.noindex/build_output_base/execroot/_main/bazel-out/ios_arm64-dbg-ios-arm64-min13.0-ST-faee4d1e8780/bin/submodules/TelegramUI/Components/Chat/ChatMessageItemCommon -I/var/tmp/_bazel_afanasyev/9a39311ceb7a61706aa1e4e247e12702/rules_xcodeproj.noindex/build_output_base/execroot/_main/bazel-out/ios_arm64-dbg-ios-arm64-min13.0-ST-faee4d1e8780/bin/submodules/TelegramUI/Components/Chat/ChatMessageItem -I/var/tmp/_bazel_afanasyev/9a39311ceb7a61706aa1e4e247e12702/rules_xcodeproj.noindex/build_output_base/execroot/_main/bazel-out/ios_arm64-dbg-ios-arm64-min13.0-ST-faee4d1e8780/bin/submodules/LanguageSuggestionUI -I/var/tmp/_bazel_afanasyev/9a39311ceb7a61706aa1e4e247e12702/rules_xcodeproj.noindex/build_output_base/execroot/_main/bazel-out/ios_arm64-dbg-ios-arm64-min13.0-ST-faee4d1e8780/bin/submodules/TelegramUI/Components/ChatTimerScreen -I/var/tmp/_bazel_afanasyev/9a39311ceb7a61706aa1e4e247e12702/rules_xcodeproj.noindex/build_output_base/execroot/_main/bazel-out/ios_arm64-dbg-ios-arm64-min13.0-ST-faee4d1e8780/bin/submodules/TelegramUI/Components/Stories/StoryFooterPanelComponent -I/var/tmp/_bazel_afanasyev/9a39311ceb7a61706aa1e4e247e12702/rules_xcodeproj.noindex/build_output_base/execroot/_main/bazel-out/ios_arm64-dbg-ios-arm64-min13.0-ST-faee4d1e8780/bin/submodules/TelegramUI/Components/VolumeSliderContextItem -I/var/tmp/_bazel_afanasyev/9a39311ceb7a61706aa1e4e247e12702/rules_xcodeproj.noindex/build_output_base/execroot/_main/bazel-out/ios_arm64-dbg-ios-arm64-min13.0-ST-faee4d1e8780/bin/submodules/TelegramUI/Components/LensTransition -I/var/tmp/_bazel_afanasyev/9a39311ceb7a61706aa1e4e247e12702/rules_xcodeproj.noindex/build_output_base/execroot/_main/bazel-out/ios_arm64-dbg-ios-arm64-min13.0-ST-faee4d1e8780/bin/submodules/TelegramUI/Components/ContextControllerImpl -I/var/tmp/_bazel_afanasyev/9a39311ceb7a61706aa1e4e247e12702/rules_xcodeproj.noindex/build_output_base/execroot/_main/bazel-out/ios_arm64-dbg-ios-arm64-min13.0-ST-faee4d1e8780/bin/submodules/TelegramUI/Components/MediaEditorScreen -I/var/tmp/_bazel_afanasyev/9a39311ceb7a61706aa1e4e247e12702/rules_xcodeproj.noindex/build_output_base/execroot/_main/bazel-out/ios_arm64-dbg-ios-arm64-min13.0-ST-faee4d1e8780/bin/submodules/Utils/VolumeButtons -I/var/tmp/_bazel_afanasyev/9a39311ceb7a61706aa1e4e247e12702/rules_xcodeproj.noindex/build_output_base/execroot/_main/bazel-out/ios_arm64-dbg-ios-arm64-min13.0-ST-faee4d1e8780/bin/submodules/TelegramUI/Components/PeerReportScreen -I/var/tmp/_bazel_afanasyev/9a39311ceb7a61706aa1e4e247e12702/rules_xcodeproj.noindex/build_output_base/execroot/_main/bazel-out/ios_arm64-dbg-ios-arm64-min13.0-ST-faee4d1e8780/bin/submodules/TelegramUI/Components/Stories/StoryStealthModeSheetScreen -I/var/tmp/_bazel_afanasyev/9a39311ceb7a61706aa1e4e247e12702/rules_xcodeproj.noindex/build_output_base/execroot/_main/bazel-out/ios_arm64-dbg-ios-arm64-min13.0-ST-faee4d1e8780/bin/submodules/TelegramUI/Components/NavigationSearchComponent -I/var/tmp/_bazel_afanasyev/9a39311ceb7a61706aa1e4e247e12702/rules_xcodeproj.noindex/build_output_base/execroot/_main/bazel-out/ios_arm64-dbg-ios-arm64-min13.0-ST-faee4d1e8780/bin/submodules/TelegramUI/Components/OptionButtonComponent -I/var/tmp/_bazel_afanasyev/9a39311ceb7a61706aa1e4e247e12702/rules_xcodeproj.noindex/build_output_base/execroot/_main/bazel-out/ios_arm64-dbg-ios-arm64-min13.0-ST-faee4d1e8780/bin/submodules/TelegramUI/Components/Stories/StoryQualityUpgradeSheetScreen -I/var/tmp/_bazel_afanasyev/9a39311ceb7a61706aa1e4e247e12702/rules_xcodeproj.noindex/build_output_base/execroot/_main/bazel-out/ios_arm64-dbg-ios-arm64-min13.0-ST-faee4d1e8780/bin/submodules/TelegramUI/Components/InteractiveTextComponent -I/var/tmp/_bazel_afanasyev/9a39311ceb7a61706aa1e4e247e12702/rules_xcodeproj.noindex/build_output_base/execroot/_main/bazel-out/ios_arm64-dbg-ios-arm64-min13.0-ST-faee4d1e8780/bin/submodules/TelegramUI/Components/AsyncListComponent -I/var/tmp/_bazel_afanasyev/9a39311ceb7a61706aa1e4e247e12702/rules_xcodeproj.noindex/build_output_base/execroot/_main/bazel-out/ios_arm64-dbg-ios-arm64-min13.0-ST-faee4d1e8780/bin/submodules/TelegramUI/Components/Chat/ChatSendStarsScreen -I/var/tmp/_bazel_afanasyev/9a39311ceb7a61706aa1e4e247e12702/rules_xcodeproj.noindex/build_output_base/execroot/_main/bazel-out/ios_arm64-dbg-ios-arm64-min13.0-ST-faee4d1e8780/bin/submodules/TelegramUI/Components/AdminUserActionsSheet -I/var/tmp/_bazel_afanasyev/9a39311ceb7a61706aa1e4e247e12702/rules_xcodeproj.noindex/build_output_base/execroot/_main/bazel-out/ios_arm64-dbg-ios-arm64-min13.0-ST-faee4d1e8780/bin/submodules/TelegramUI/Components/Chat/ChatSendAsContextMenu -I/var/tmp/_bazel_afanasyev/9a39311ceb7a61706aa1e4e247e12702/rules_xcodeproj.noindex/build_output_base/execroot/_main/bazel-out/ios_arm64-dbg-ios-arm64-min13.0-ST-faee4d1e8780/bin/submodules/TelegramUI/Components/Stories/StoryContainerScreen -I/var/tmp/_bazel_afanasyev/9a39311ceb7a61706aa1e4e247e12702/rules_xcodeproj.noindex/build_output_base/execroot/_main/bazel-out/ios_arm64-dbg-ios-arm64-min13.0-ST-faee4d1e8780/bin/submodules/TelegramUI/Components/ChatListTitleView -I/var/tmp/_bazel_afanasyev/9a39311ceb7a61706aa1e4e247e12702/rules_xcodeproj.noindex/build_output_base/execroot/_main/bazel-out/ios_arm64-dbg-ios-arm64-min13.0-ST-faee4d1e8780/bin/submodules/TelegramUI/Components/Utils/AnimatableProperty -I/var/tmp/_bazel_afanasyev/9a39311ceb7a61706aa1e4e247e12702/rules_xcodeproj.noindex/build_output_base/execroot/_main/bazel-out/ios_arm64-dbg-ios-arm64-min13.0-ST-faee4d1e8780/bin/submodules/TelegramUI/Components/Stories/StoryPeerListComponent -I/var/tmp/_bazel_afanasyev/9a39311ceb7a61706aa1e4e247e12702/rules_xcodeproj.noindex/build_output_base/execroot/_main/bazel-out/ios_arm64-dbg-ios-arm64-min13.0-ST-faee4d1e8780/bin/submodules/TelegramUI/Components/ChatListHeaderComponent -I/var/tmp/_bazel_afanasyev/9a39311ceb7a61706aa1e4e247e12702/rules_xcodeproj.noindex/build_output_base/execroot/_main/bazel-out/ios_arm64-dbg-ios-arm64-min13.0-ST-faee4d1e8780/bin/submodules/ContactListUI -I/var/tmp/_bazel_afanasyev/9a39311ceb7a61706aa1e4e247e12702/rules_xcodeproj.noindex/build_output_base/execroot/_main/bazel-out/ios_arm64-dbg-ios-arm64-min13.0-ST-faee4d1e8780/bin/submodules/ChatMessageInteractiveMediaBadge -I/var/tmp/_bazel_afanasyev/9a39311ceb7a61706aa1e4e247e12702/rules_xcodeproj.noindex/build_output_base/execroot/_main/bazel-out/ios_arm64-dbg-ios-arm64-min13.0-ST-faee4d1e8780/bin/submodules/GalleryData -I/var/tmp/_bazel_afanasyev/9a39311ceb7a61706aa1e4e247e12702/rules_xcodeproj.noindex/build_output_base/execroot/_main/bazel-out/ios_arm64-dbg-ios-arm64-min13.0-ST-faee4d1e8780/bin/submodules/GridMessageSelectionNode -I/var/tmp/_bazel_afanasyev/9a39311ceb7a61706aa1e4e247e12702/rules_xcodeproj.noindex/build_output_base/execroot/_main/bazel-out/ios_arm64-dbg-ios-arm64-min13.0-ST-faee4d1e8780/bin/submodules/ChatListFilterSettingsHeaderItem -I/var/tmp/_bazel_afanasyev/9a39311ceb7a61706aa1e4e247e12702/rules_xcodeproj.noindex/build_output_base/execroot/_main/bazel-out/ios_arm64-dbg-ios-arm64-min13.0-ST-faee4d1e8780/bin/submodules/FetchManagerImpl -I/var/tmp/_bazel_afanasyev/9a39311ceb7a61706aa1e4e247e12702/rules_xcodeproj.noindex/build_output_base/execroot/_main/bazel-out/ios_arm64-dbg-ios-arm64-min13.0-ST-faee4d1e8780/bin/submodules/Components/ProgressIndicatorComponent -I/var/tmp/_bazel_afanasyev/9a39311ceb7a61706aa1e4e247e12702/rules_xcodeproj.noindex/build_output_base/execroot/_main/bazel-out/ios_arm64-dbg-ios-arm64-min13.0-ST-faee4d1e8780/bin/submodules/TelegramUI/Components/ForumCreateTopicScreen -I/var/tmp/_bazel_afanasyev/9a39311ceb7a61706aa1e4e247e12702/rules_xcodeproj.noindex/build_output_base/execroot/_main/bazel-out/ios_arm64-dbg-ios-arm64-min13.0-ST-faee4d1e8780/bin/submodules/TelegramUI/Components/ChatTitleView -I/var/tmp/_bazel_afanasyev/9a39311ceb7a61706aa1e4e247e12702/rules_xcodeproj.noindex/build_output_base/execroot/_main/bazel-out/ios_arm64-dbg-ios-arm64-min13.0-ST-faee4d1e8780/bin/submodules/TelegramUI/Components/NotificationPeerExceptionController -I/var/tmp/_bazel_afanasyev/9a39311ceb7a61706aa1e4e247e12702/rules_xcodeproj.noindex/build_output_base/execroot/_main/bazel-out/ios_arm64-dbg-ios-arm64-min13.0-ST-faee4d1e8780/bin/submodules/ItemListAvatarAndNameInfoItem -I/var/tmp/_bazel_afanasyev/9a39311ceb7a61706aa1e4e247e12702/rules_xcodeproj.noindex/build_output_base/execroot/_main/bazel-out/ios_arm64-dbg-ios-arm64-min13.0-ST-faee4d1e8780/bin/submodules/NotificationMuteSettingsUI -I/var/tmp/_bazel_afanasyev/9a39311ceb7a61706aa1e4e247e12702/rules_xcodeproj.noindex/build_output_base/execroot/_main/bazel-out/ios_arm64-dbg-ios-arm64-min13.0-ST-faee4d1e8780/bin/submodules/SinglePhoneInputNode -I/var/tmp/_bazel_afanasyev/9a39311ceb7a61706aa1e4e247e12702/rules_xcodeproj.noindex/build_output_base/execroot/_main/bazel-out/ios_arm64-dbg-ios-arm64-min13.0-ST-faee4d1e8780/bin/submodules/EncryptionKeyVisualization -I/var/tmp/_bazel_afanasyev/9a39311ceb7a61706aa1e4e247e12702/rules_xcodeproj.noindex/build_output_base/execroot/_main/bazel-out/ios_arm64-dbg-ios-arm64-min13.0-ST-faee4d1e8780/bin/submodules/ItemListAddressItem -I/var/tmp/_bazel_afanasyev/9a39311ceb7a61706aa1e4e247e12702/rules_xcodeproj.noindex/build_output_base/execroot/_main/bazel-out/ios_arm64-dbg-ios-arm64-min13.0-ST-faee4d1e8780/bin/submodules/TelegramUI/Components/SendInviteLinkScreen -I/var/tmp/_bazel_afanasyev/9a39311ceb7a61706aa1e4e247e12702/rules_xcodeproj.noindex/build_output_base/execroot/_main/bazel-out/ios_arm64-dbg-ios-arm64-min13.0-ST-faee4d1e8780/bin/submodules/TelegramUI/Components/GroupStickerPackSetupController -I/var/tmp/_bazel_afanasyev/9a39311ceb7a61706aa1e4e247e12702/rules_xcodeproj.noindex/build_output_base/execroot/_main/bazel-out/ios_arm64-dbg-ios-arm64-min13.0-ST-faee4d1e8780/bin/submodules/TelegramUI/Components/PeerManagement/OldChannelsController -I/var/tmp/_bazel_afanasyev/9a39311ceb7a61706aa1e4e247e12702/rules_xcodeproj.noindex/build_output_base/execroot/_main/bazel-out/ios_arm64-dbg-ios-arm64-min13.0-ST-faee4d1e8780/bin/submodules/TelegramUI/Components/PeerManagement/OwnershipTransferController -I/var/tmp/_bazel_afanasyev/9a39311ceb7a61706aa1e4e247e12702/rules_xcodeproj.noindex/build_output_base/execroot/_main/bazel-out/ios_arm64-dbg-ios-arm64-min13.0-ST-faee4d1e8780/bin/submodules/TelegramUI/Components/PeerInfo/MessagePriceItem -I/var/tmp/_bazel_afanasyev/9a39311ceb7a61706aa1e4e247e12702/rules_xcodeproj.noindex/build_output_base/execroot/_main/bazel-out/ios_arm64-dbg-ios-arm64-min13.0-ST-faee4d1e8780/bin/submodules/PeerInfoUI -I/var/tmp/_bazel_afanasyev/9a39311ceb7a61706aa1e4e247e12702/rules_xcodeproj.noindex/build_output_base/execroot/_main/bazel-out/ios_arm64-dbg-ios-arm64-min13.0-ST-faee4d1e8780/bin/submodules/TelegramUI/Components/ChatFolderLinkPreviewScreen -I/var/tmp/_bazel_afanasyev/9a39311ceb7a61706aa1e4e247e12702/rules_xcodeproj.noindex/build_output_base/execroot/_main/bazel-out/ios_arm64-dbg-ios-arm64-min13.0-ST-faee4d1e8780/bin/submodules/TelegramUI/Components/ActionPanelComponent -I/var/tmp/_bazel_afanasyev/9a39311ceb7a61706aa1e4e247e12702/rules_xcodeproj.noindex/build_output_base/execroot/_main/bazel-out/ios_arm64-dbg-ios-arm64-min13.0-ST-faee4d1e8780/bin/submodules/TelegramUI/Components/EmptyStateIndicatorComponent -I/var/tmp/_bazel_afanasyev/9a39311ceb7a61706aa1e4e247e12702/rules_xcodeproj.noindex/build_output_base/execroot/_main/bazel-out/ios_arm64-dbg-ios-arm64-min13.0-ST-faee4d1e8780/bin/submodules/TelegramUI/Components/PeerInfo/PeerInfoPaneNode -I/var/tmp/_bazel_afanasyev/9a39311ceb7a61706aa1e4e247e12702/rules_xcodeproj.noindex/build_output_base/execroot/_main/bazel-out/ios_arm64-dbg-ios-arm64-min13.0-ST-faee4d1e8780/bin/submodules/TelegramUI/Components/Settings/LanguageSelectionScreen -I/var/tmp/_bazel_afanasyev/9a39311ceb7a61706aa1e4e247e12702/rules_xcodeproj.noindex/build_output_base/execroot/_main/bazel-out/ios_arm64-dbg-ios-arm64-min13.0-ST-faee4d1e8780/bin/submodules/TelegramUI/Components/Stars/StarsAvatarComponent -I/var/tmp/_bazel_afanasyev/9a39311ceb7a61706aa1e4e247e12702/rules_xcodeproj.noindex/build_output_base/execroot/_main/bazel-out/ios_arm64-dbg-ios-arm64-min13.0-ST-faee4d1e8780/bin/submodules/TelegramUI/Components/Stars/BalanceNeededScreen -I/var/tmp/_bazel_afanasyev/9a39311ceb7a61706aa1e4e247e12702/rules_xcodeproj.noindex/build_output_base/execroot/_main/bazel-out/ios_arm64-dbg-ios-arm64-min13.0-ST-faee4d1e8780/bin/submodules/TelegramUI/Components/Stars/StarsWithdrawalScreen -I/var/tmp/_bazel_afanasyev/9a39311ceb7a61706aa1e4e247e12702/rules_xcodeproj.noindex/build_output_base/execroot/_main/bazel-out/ios_arm64-dbg-ios-arm64-min13.0-ST-faee4d1e8780/bin/submodules/TelegramUI/Components/AlertComponent/AlertTransferHeaderComponent -I/var/tmp/_bazel_afanasyev/9a39311ceb7a61706aa1e4e247e12702/rules_xcodeproj.noindex/build_output_base/execroot/_main/bazel-out/ios_arm64-dbg-ios-arm64-min13.0-ST-faee4d1e8780/bin/submodules/TelegramUI/Components/AvatarComponent -I/var/tmp/_bazel_afanasyev/9a39311ceb7a61706aa1e4e247e12702/rules_xcodeproj.noindex/build_output_base/execroot/_main/bazel-out/ios_arm64-dbg-ios-arm64-min13.0-ST-faee4d1e8780/bin/submodules/TelegramUI/Components/ChatThemeScreen -I/var/tmp/_bazel_afanasyev/9a39311ceb7a61706aa1e4e247e12702/rules_xcodeproj.noindex/build_output_base/execroot/_main/bazel-out/ios_arm64-dbg-ios-arm64-min13.0-ST-faee4d1e8780/bin/submodules/TelegramUI/Components/PeerInfo/ProfileLevelRatingBarComponent -I/var/tmp/_bazel_afanasyev/9a39311ceb7a61706aa1e4e247e12702/rules_xcodeproj.noindex/build_output_base/execroot/_main/bazel-out/ios_arm64-dbg-ios-arm64-min13.0-ST-faee4d1e8780/bin/submodules/TelegramUI/Components/SegmentControlComponent -I/var/tmp/_bazel_afanasyev/9a39311ceb7a61706aa1e4e247e12702/rules_xcodeproj.noindex/build_output_base/execroot/_main/bazel-out/ios_arm64-dbg-ios-arm64-min13.0-ST-faee4d1e8780/bin/submodules/TelegramUI/Components/Gifts/GiftRemainingCountComponent -I/var/tmp/_bazel_afanasyev/9a39311ceb7a61706aa1e4e247e12702/rules_xcodeproj.noindex/build_output_base/execroot/_main/bazel-out/ios_arm64-dbg-ios-arm64-min13.0-ST-faee4d1e8780/bin/submodules/TelegramUI/Components/Gifts/InfoParagraphComponent -I/var/tmp/_bazel_afanasyev/9a39311ceb7a61706aa1e4e247e12702/rules_xcodeproj.noindex/build_output_base/execroot/_main/bazel-out/ios_arm64-dbg-ios-arm64-min13.0-ST-faee4d1e8780/bin/submodules/TelegramUI/Components/AlertComponent/AlertTableComponent -I/var/tmp/_bazel_afanasyev/9a39311ceb7a61706aa1e4e247e12702/rules_xcodeproj.noindex/build_output_base/execroot/_main/bazel-out/ios_arm64-dbg-ios-arm64-min13.0-ST-faee4d1e8780/bin/submodules/TelegramUI/Components/Gifts/GiftViewScreen -I/var/tmp/_bazel_afanasyev/9a39311ceb7a61706aa1e4e247e12702/rules_xcodeproj.noindex/build_output_base/execroot/_main/bazel-out/ios_arm64-dbg-ios-arm64-min13.0-ST-faee4d1e8780/bin/submodules/TelegramUI/Components/Gifts/GiftUnpinScreen -I/var/tmp/_bazel_afanasyev/9a39311ceb7a61706aa1e4e247e12702/rules_xcodeproj.noindex/build_output_base/execroot/_main/bazel-out/ios_arm64-dbg-ios-arm64-min13.0-ST-faee4d1e8780/bin/submodules/TelegramUI/Components/BottomButtonPanelComponent -I/var/tmp/_bazel_afanasyev/9a39311ceb7a61706aa1e4e247e12702/rules_xcodeproj.noindex/build_output_base/execroot/_main/bazel-out/ios_arm64-dbg-ios-arm64-min13.0-ST-faee4d1e8780/bin/submodules/TelegramUI/Components/PeerInfo/CollectionTabItemComponent -I/var/tmp/_bazel_afanasyev/9a39311ceb7a61706aa1e4e247e12702/rules_xcodeproj.noindex/build_output_base/execroot/_main/bazel-out/ios_arm64-dbg-ios-arm64-min13.0-ST-faee4d1e8780/bin/submodules/TelegramUI/Components/PeerInfo/PeerInfoVisualMediaPaneNode -I/var/tmp/_bazel_afanasyev/9a39311ceb7a61706aa1e4e247e12702/rules_xcodeproj.noindex/build_output_base/execroot/_main/bazel-out/ios_arm64-dbg-ios-arm64-min13.0-ST-faee4d1e8780/bin/submodules/TelegramUI/Components/PeerInfo/PeerInfoStoryGridScreen -I/var/tmp/_bazel_afanasyev/9a39311ceb7a61706aa1e4e247e12702/rules_xcodeproj.noindex/build_output_base/execroot/_main/bazel-out/ios_arm64-dbg-ios-arm64-min13.0-ST-faee4d1e8780/bin/submodules/TelegramUI/Components/Settings/ArchiveInfoScreen -I/var/tmp/_bazel_afanasyev/9a39311ceb7a61706aa1e4e247e12702/rules_xcodeproj.noindex/build_output_base/execroot/_main/bazel-out/ios_arm64-dbg-ios-arm64-min13.0-ST-faee4d1e8780/bin/submodules/TelegramUI/Components/Settings/NewSessionInfoScreen -I/var/tmp/_bazel_afanasyev/9a39311ceb7a61706aa1e4e247e12702/rules_xcodeproj.noindex/build_output_base/execroot/_main/bazel-out/ios_arm64-dbg-ios-arm64-min13.0-ST-faee4d1e8780/bin/submodules/TelegramUI/Components/Settings/PeerNameColorItem -I/var/tmp/_bazel_afanasyev/9a39311ceb7a61706aa1e4e247e12702/rules_xcodeproj.noindex/build_output_base/execroot/_main/bazel-out/ios_arm64-dbg-ios-arm64-min13.0-ST-faee4d1e8780/bin/submodules/TelegramUI/Components/Settings/BirthdayPickerScreen -I/var/tmp/_bazel_afanasyev/9a39311ceb7a61706aa1e4e247e12702/rules_xcodeproj.noindex/build_output_base/execroot/_main/bazel-out/ios_arm64-dbg-ios-arm64-min13.0-ST-faee4d1e8780/bin/submodules/TelegramUI/Components/AvatarUploadToastScreen -I/var/tmp/_bazel_afanasyev/9a39311ceb7a61706aa1e4e247e12702/rules_xcodeproj.noindex/build_output_base/execroot/_main/bazel-out/ios_arm64-dbg-ios-arm64-min13.0-ST-faee4d1e8780/bin/submodules/TelegramUI/Components/ChatList/ChatListFilterTabContainerNode -I/var/tmp/_bazel_afanasyev/9a39311ceb7a61706aa1e4e247e12702/rules_xcodeproj.noindex/build_output_base/execroot/_main/bazel-out/ios_arm64-dbg-ios-arm64-min13.0-ST-faee4d1e8780/bin/submodules/TelegramUI/Components/GlobalControlPanelsContext -I/var/tmp/_bazel_afanasyev/9a39311ceb7a61706aa1e4e247e12702/rules_xcodeproj.noindex/build_output_base/execroot/_main/bazel-out/ios_arm64-dbg-ios-arm64-min13.0-ST-faee4d1e8780/bin/submodules/TelegramUI/Components/MediaPlaybackHeaderPanelComponent -I/var/tmp/_bazel_afanasyev/9a39311ceb7a61706aa1e4e247e12702/rules_xcodeproj.noindex/build_output_base/execroot/_main/bazel-out/ios_arm64-dbg-ios-arm64-min13.0-ST-faee4d1e8780/bin/submodules/TelegramUI/Components/LiveLocationHeaderPanelComponent -I/var/tmp/_bazel_afanasyev/9a39311ceb7a61706aa1e4e247e12702/rules_xcodeproj.noindex/build_output_base/execroot/_main/bazel-out/ios_arm64-dbg-ios-arm64-min13.0-ST-faee4d1e8780/bin/submodules/TelegramUI/Components/ChatList/ChatListSearchFiltersContainerNode -I/var/tmp/_bazel_afanasyev/9a39311ceb7a61706aa1e4e247e12702/rules_xcodeproj.noindex/build_output_base/execroot/_main/bazel-out/ios_arm64-dbg-ios-arm64-min13.0-ST-faee4d1e8780/bin/submodules/TelegramUI/Components/ChatList/ChatListHeaderNoticeComponent -I/var/tmp/_bazel_afanasyev/9a39311ceb7a61706aa1e4e247e12702/rules_xcodeproj.noindex/build_output_base/execroot/_main/bazel-out/ios_arm64-dbg-ios-arm64-min13.0-ST-faee4d1e8780/bin/submodules/ChatListUI -I/var/tmp/_bazel_afanasyev/9a39311ceb7a61706aa1e4e247e12702/rules_xcodeproj.noindex/build_output_base/execroot/_main/bazel-out/ios_arm64-dbg-ios-arm64-min13.0-ST-faee4d1e8780/bin/submodules/TelegramUI/Components/Chat/ChatMessageTransitionNode -I/var/tmp/_bazel_afanasyev/9a39311ceb7a61706aa1e4e247e12702/rules_xcodeproj.noindex/build_output_base/execroot/_main/bazel-out/ios_arm64-dbg-ios-arm64-min13.0-ST-faee4d1e8780/bin/submodules/TelegramUI/Components/Chat/ChatMessageItemView -I/var/tmp/_bazel_afanasyev/9a39311ceb7a61706aa1e4e247e12702/rules_xcodeproj.noindex/build_output_base/execroot/_main/bazel-out/ios_arm64-dbg-ios-arm64-min13.0-ST-faee4d1e8780/bin/submodules/TelegramUI/Components/Chat/ChatMessageForwardInfoNode -I/var/tmp/_bazel_afanasyev/9a39311ceb7a61706aa1e4e247e12702/rules_xcodeproj.noindex/build_output_base/execroot/_main/bazel-out/ios_arm64-dbg-ios-arm64-min13.0-ST-faee4d1e8780/bin/submodules/TelegramUI/Components/Chat/ChatMessageDateAndStatusNode -I/var/tmp/_bazel_afanasyev/9a39311ceb7a61706aa1e4e247e12702/rules_xcodeproj.noindex/build_output_base/execroot/_main/bazel-out/ios_arm64-dbg-ios-arm64-min13.0-ST-faee4d1e8780/bin/submodules/TelegramUI/Components/Chat/ChatMessageReplyInfoNode -I/var/tmp/_bazel_afanasyev/9a39311ceb7a61706aa1e4e247e12702/rules_xcodeproj.noindex/build_output_base/execroot/_main/bazel-out/ios_arm64-dbg-ios-arm64-min13.0-ST-faee4d1e8780/bin/submodules/TelegramUI/Components/Chat/ChatMessageSwipeToReplyNode -I/var/tmp/_bazel_afanasyev/9a39311ceb7a61706aa1e4e247e12702/rules_xcodeproj.noindex/build_output_base/execroot/_main/bazel-out/ios_arm64-dbg-ios-arm64-min13.0-ST-faee4d1e8780/bin/submodules/TelegramUI/Components/Chat/ChatMessageSelectionNode -I/var/tmp/_bazel_afanasyev/9a39311ceb7a61706aa1e4e247e12702/rules_xcodeproj.noindex/build_output_base/execroot/_main/bazel-out/ios_arm64-dbg-ios-arm64-min13.0-ST-faee4d1e8780/bin/submodules/TelegramUI/Components/Chat/ChatMessageDeliveryFailedNode -I/var/tmp/_bazel_afanasyev/9a39311ceb7a61706aa1e4e247e12702/rules_xcodeproj.noindex/build_output_base/execroot/_main/bazel-out/ios_arm64-dbg-ios-arm64-min13.0-ST-faee4d1e8780/bin/submodules/TelegramUI/Components/Chat/ChatMessageShareButton -I/var/tmp/_bazel_afanasyev/9a39311ceb7a61706aa1e4e247e12702/rules_xcodeproj.noindex/build_output_base/execroot/_main/bazel-out/ios_arm64-dbg-ios-arm64-min13.0-ST-faee4d1e8780/bin/submodules/TelegramUI/Components/Chat/ChatMessageThreadInfoNode -I/var/tmp/_bazel_afanasyev/9a39311ceb7a61706aa1e4e247e12702/rules_xcodeproj.noindex/build_output_base/execroot/_main/bazel-out/ios_arm64-dbg-ios-arm64-min13.0-ST-faee4d1e8780/bin/submodules/TelegramUI/Components/Chat/ChatMessageActionButtonsNode -I/var/tmp/_bazel_afanasyev/9a39311ceb7a61706aa1e4e247e12702/rules_xcodeproj.noindex/build_output_base/execroot/_main/bazel-out/ios_arm64-dbg-ios-arm64-min13.0-ST-faee4d1e8780/bin/submodules/TelegramUI/Components/Chat/ChatMessageBubbleContentNode -I/var/tmp/_bazel_afanasyev/9a39311ceb7a61706aa1e4e247e12702/rules_xcodeproj.noindex/build_output_base/execroot/_main/bazel-out/ios_arm64-dbg-ios-arm64-min13.0-ST-faee4d1e8780/bin/submodules/TelegramUI/Components/Chat/ChatMessageReactionsFooterContentNode -I/var/tmp/_bazel_afanasyev/9a39311ceb7a61706aa1e4e247e12702/rules_xcodeproj.noindex/build_output_base/execroot/_main/bazel-out/ios_arm64-dbg-ios-arm64-min13.0-ST-faee4d1e8780/bin/submodules/TelegramUI/Components/Chat/ChatSwipeToReplyRecognizer -I/var/tmp/_bazel_afanasyev/9a39311ceb7a61706aa1e4e247e12702/rules_xcodeproj.noindex/build_output_base/execroot/_main/bazel-out/ios_arm64-dbg-ios-arm64-min13.0-ST-faee4d1e8780/bin/submodules/TelegramUI/Components/Chat/ChatMessageSuggestedPostInfoNode -I/var/tmp/_bazel_afanasyev/9a39311ceb7a61706aa1e4e247e12702/rules_xcodeproj.noindex/build_output_base/execroot/_main/bazel-out/ios_arm64-dbg-ios-arm64-min13.0-ST-faee4d1e8780/bin/submodules/TelegramUI/Components/Chat/ChatMessageStickerItemNode -I/var/tmp/_bazel_afanasyev/9a39311ceb7a61706aa1e4e247e12702/rules_xcodeproj.noindex/build_output_base/execroot/_main/bazel-out/ios_arm64-dbg-ios-arm64-min13.0-ST-faee4d1e8780/bin/submodules/TelegramUI/Components/Chat/ManagedDiceAnimationNode -I/var/tmp/_bazel_afanasyev/9a39311ceb7a61706aa1e4e247e12702/rules_xcodeproj.noindex/build_output_base/execroot/_main/bazel-out/ios_arm64-dbg-ios-arm64-min13.0-ST-faee4d1e8780/bin/submodules/TelegramUI/Components/Chat/MessageHaptics -I/var/tmp/_bazel_afanasyev/9a39311ceb7a61706aa1e4e247e12702/rules_xcodeproj.noindex/build_output_base/execroot/_main/bazel-out/ios_arm64-dbg-ios-arm64-min13.0-ST-faee4d1e8780/bin/submodules/TelegramUI/Components/Chat/ChatMessageAnimatedStickerItemNode -I/var/tmp/_bazel_afanasyev/9a39311ceb7a61706aa1e4e247e12702/rules_xcodeproj.noindex/build_output_base/execroot/_main/bazel-out/ios_arm64-dbg-ios-arm64-min13.0-ST-faee4d1e8780/bin/submodules/TelegramUI/Components/Chat/ShimmeringLinkNode -I/var/tmp/_bazel_afanasyev/9a39311ceb7a61706aa1e4e247e12702/rules_xcodeproj.noindex/build_output_base/execroot/_main/bazel-out/ios_arm64-dbg-ios-arm64-min13.0-ST-faee4d1e8780/bin/submodules/TelegramUI/Components/Chat/MessageQuoteComponent -I/var/tmp/_bazel_afanasyev/9a39311ceb7a61706aa1e4e247e12702/rules_xcodeproj.noindex/build_output_base/execroot/_main/bazel-out/ios_arm64-dbg-ios-arm64-min13.0-ST-faee4d1e8780/bin/submodules/TelegramUI/Components/Chat/ChatMessageTextBubbleContentNode -I/var/tmp/_bazel_afanasyev/9a39311ceb7a61706aa1e4e247e12702/rules_xcodeproj.noindex/build_output_base/execroot/_main/bazel-out/ios_arm64-dbg-ios-arm64-min13.0-ST-faee4d1e8780/bin/submodules/TelegramUI/Components/Chat/ChatMessageCallBubbleContentNode -I/var/tmp/_bazel_afanasyev/9a39311ceb7a61706aa1e4e247e12702/rules_xcodeproj.noindex/build_output_base/execroot/_main/bazel-out/ios_arm64-dbg-ios-arm64-min13.0-ST-faee4d1e8780/bin/submodules/TelegramUI/Components/AudioTranscriptionButtonComponent -I/var/tmp/_bazel_afanasyev/9a39311ceb7a61706aa1e4e247e12702/rules_xcodeproj.noindex/build_output_base/execroot/_main/bazel-out/ios_arm64-dbg-ios-arm64-min13.0-ST-faee4d1e8780/bin/submodules/Media/ConvertOpusToAAC -I/var/tmp/_bazel_afanasyev/9a39311ceb7a61706aa1e4e247e12702/rules_xcodeproj.noindex/build_output_base/execroot/_main/bazel-out/ios_arm64-dbg-ios-arm64-min13.0-ST-faee4d1e8780/bin/submodules/Media/LocalAudioTranscription -I/var/tmp/_bazel_afanasyev/9a39311ceb7a61706aa1e4e247e12702/rules_xcodeproj.noindex/build_output_base/execroot/_main/bazel-out/ios_arm64-dbg-ios-arm64-min13.0-ST-faee4d1e8780/bin/submodules/TelegramUI/Components/AudioTranscriptionPendingIndicatorComponent -I/var/tmp/_bazel_afanasyev/9a39311ceb7a61706aa1e4e247e12702/rules_xcodeproj.noindex/build_output_base/execroot/_main/bazel-out/ios_arm64-dbg-ios-arm64-min13.0-ST-faee4d1e8780/bin/submodules/TelegramUI/Components/Chat/ChatMessageInteractiveFileNode -I/var/tmp/_bazel_afanasyev/9a39311ceb7a61706aa1e4e247e12702/rules_xcodeproj.noindex/build_output_base/execroot/_main/bazel-out/ios_arm64-dbg-ios-arm64-min13.0-ST-faee4d1e8780/bin/submodules/TelegramUI/Components/Chat/ChatMessageFileBubbleContentNode -I/var/tmp/_bazel_afanasyev/9a39311ceb7a61706aa1e4e247e12702/rules_xcodeproj.noindex/build_output_base/execroot/_main/bazel-out/ios_arm64-dbg-ios-arm64-min13.0-ST-faee4d1e8780/bin/submodules/TelegramUI/Components/WallpaperPreviewMedia -I/var/tmp/_bazel_afanasyev/9a39311ceb7a61706aa1e4e247e12702/rules_xcodeproj.noindex/build_output_base/execroot/_main/bazel-out/ios_arm64-dbg-ios-arm64-min13.0-ST-faee4d1e8780/bin/submodules/TelegramUI/Components/Chat/ChatMessageInteractiveMediaNode -I/var/tmp/_bazel_afanasyev/9a39311ceb7a61706aa1e4e247e12702/rules_xcodeproj.noindex/build_output_base/execroot/_main/bazel-out/ios_arm64-dbg-ios-arm64-min13.0-ST-faee4d1e8780/bin/submodules/TelegramUI/Components/Chat/InstantVideoRadialStatusNode -I/var/tmp/_bazel_afanasyev/9a39311ceb7a61706aa1e4e247e12702/rules_xcodeproj.noindex/build_output_base/execroot/_main/bazel-out/ios_arm64-dbg-ios-arm64-min13.0-ST-faee4d1e8780/bin/submodules/TelegramUI/Components/Chat/ChatInstantVideoMessageDurationNode -I/var/tmp/_bazel_afanasyev/9a39311ceb7a61706aa1e4e247e12702/rules_xcodeproj.noindex/build_output_base/execroot/_main/bazel-out/ios_arm64-dbg-ios-arm64-min13.0-ST-faee4d1e8780/bin/submodules/TelegramUI/Components/Chat/ChatMessageInteractiveInstantVideoNode -I/var/tmp/_bazel_afanasyev/9a39311ceb7a61706aa1e4e247e12702/rules_xcodeproj.noindex/build_output_base/execroot/_main/bazel-out/ios_arm64-dbg-ios-arm64-min13.0-ST-faee4d1e8780/bin/submodules/TelegramUI/Components/Chat/ChatMessageAttachedContentButtonNode -I/var/tmp/_bazel_afanasyev/9a39311ceb7a61706aa1e4e247e12702/rules_xcodeproj.noindex/build_output_base/execroot/_main/bazel-out/ios_arm64-dbg-ios-arm64-min13.0-ST-faee4d1e8780/bin/submodules/TelegramUI/Components/Chat/ChatMessageAttachedContentNode -I/var/tmp/_bazel_afanasyev/9a39311ceb7a61706aa1e4e247e12702/rules_xcodeproj.noindex/build_output_base/execroot/_main/bazel-out/ios_arm64-dbg-ios-arm64-min13.0-ST-faee4d1e8780/bin/submodules/TelegramUI/Components/Chat/ChatMessageWebpageBubbleContentNode -I/var/tmp/_bazel_afanasyev/9a39311ceb7a61706aa1e4e247e12702/rules_xcodeproj.noindex/build_output_base/execroot/_main/bazel-out/ios_arm64-dbg-ios-arm64-min13.0-ST-faee4d1e8780/bin/submodules/TelegramUI/Components/Chat/PollBubbleTimerNode -I/var/tmp/_bazel_afanasyev/9a39311ceb7a61706aa1e4e247e12702/rules_xcodeproj.noindex/build_output_base/execroot/_main/bazel-out/ios_arm64-dbg-ios-arm64-min13.0-ST-faee4d1e8780/bin/submodules/TelegramUI/Components/Chat/ChatMessagePollBubbleContentNode -I/var/tmp/_bazel_afanasyev/9a39311ceb7a61706aa1e4e247e12702/rules_xcodeproj.noindex/build_output_base/execroot/_main/bazel-out/ios_arm64-dbg-ios-arm64-min13.0-ST-faee4d1e8780/bin/submodules/TelegramUI/Components/Chat/ChatMessageTodoBubbleContentNode -I/var/tmp/_bazel_afanasyev/9a39311ceb7a61706aa1e4e247e12702/rules_xcodeproj.noindex/build_output_base/execroot/_main/bazel-out/ios_arm64-dbg-ios-arm64-min13.0-ST-faee4d1e8780/bin/submodules/TelegramUI/Components/Chat/ChatMessageInstantVideoBubbleContentNode -I/var/tmp/_bazel_afanasyev/9a39311ceb7a61706aa1e4e247e12702/rules_xcodeproj.noindex/build_output_base/execroot/_main/bazel-out/ios_arm64-dbg-ios-arm64-min13.0-ST-faee4d1e8780/bin/submodules/TelegramUI/Components/Chat/ChatMessageCommentFooterContentNode -I/var/tmp/_bazel_afanasyev/9a39311ceb7a61706aa1e4e247e12702/rules_xcodeproj.noindex/build_output_base/execroot/_main/bazel-out/ios_arm64-dbg-ios-arm64-min13.0-ST-faee4d1e8780/bin/submodules/TelegramUI/Components/Chat/ChatMessageActionBubbleContentNode -I/var/tmp/_bazel_afanasyev/9a39311ceb7a61706aa1e4e247e12702/rules_xcodeproj.noindex/build_output_base/execroot/_main/bazel-out/ios_arm64-dbg-ios-arm64-min13.0-ST-faee4d1e8780/bin/submodules/TelegramUI/Components/Chat/ChatMessageContactBubbleContentNode -I/var/tmp/_bazel_afanasyev/9a39311ceb7a61706aa1e4e247e12702/rules_xcodeproj.noindex/build_output_base/execroot/_main/bazel-out/ios_arm64-dbg-ios-arm64-min13.0-ST-faee4d1e8780/bin/submodules/TelegramUI/Components/Chat/ChatMessageEventLogPreviousDescriptionContentNode -I/var/tmp/_bazel_afanasyev/9a39311ceb7a61706aa1e4e247e12702/rules_xcodeproj.noindex/build_output_base/execroot/_main/bazel-out/ios_arm64-dbg-ios-arm64-min13.0-ST-faee4d1e8780/bin/submodules/TelegramUI/Components/Chat/ChatMessageEventLogPreviousLinkContentNode -I/var/tmp/_bazel_afanasyev/9a39311ceb7a61706aa1e4e247e12702/rules_xcodeproj.noindex/build_output_base/execroot/_main/bazel-out/ios_arm64-dbg-ios-arm64-min13.0-ST-faee4d1e8780/bin/submodules/TelegramUI/Components/Chat/ChatMessageEventLogPreviousMessageContentNode -I/var/tmp/_bazel_afanasyev/9a39311ceb7a61706aa1e4e247e12702/rules_xcodeproj.noindex/build_output_base/execroot/_main/bazel-out/ios_arm64-dbg-ios-arm64-min13.0-ST-faee4d1e8780/bin/submodules/TelegramUI/Components/Chat/ChatMessageGameBubbleContentNode -I/var/tmp/_bazel_afanasyev/9a39311ceb7a61706aa1e4e247e12702/rules_xcodeproj.noindex/build_output_base/execroot/_main/bazel-out/ios_arm64-dbg-ios-arm64-min13.0-ST-faee4d1e8780/bin/submodules/TelegramUI/Components/Chat/ChatMessageInvoiceBubbleContentNode -I/var/tmp/_bazel_afanasyev/9a39311ceb7a61706aa1e4e247e12702/rules_xcodeproj.noindex/build_output_base/execroot/_main/bazel-out/ios_arm64-dbg-ios-arm64-min13.0-ST-faee4d1e8780/bin/submodules/TelegramUI/Components/Chat/ChatMessageMapBubbleContentNode -I/var/tmp/_bazel_afanasyev/9a39311ceb7a61706aa1e4e247e12702/rules_xcodeproj.noindex/build_output_base/execroot/_main/bazel-out/ios_arm64-dbg-ios-arm64-min13.0-ST-faee4d1e8780/bin/submodules/TelegramUI/Components/Chat/ChatMessageMediaBubbleContentNode -I/var/tmp/_bazel_afanasyev/9a39311ceb7a61706aa1e4e247e12702/rules_xcodeproj.noindex/build_output_base/execroot/_main/bazel-out/ios_arm64-dbg-ios-arm64-min13.0-ST-faee4d1e8780/bin/submodules/TelegramUI/Components/Chat/ChatMessageProfilePhotoSuggestionContentNode -I/var/tmp/_bazel_afanasyev/9a39311ceb7a61706aa1e4e247e12702/rules_xcodeproj.noindex/build_output_base/execroot/_main/bazel-out/ios_arm64-dbg-ios-arm64-min13.0-ST-faee4d1e8780/bin/submodules/TelegramUI/Components/Chat/ChatMessageBirthdateSuggestionContentNode -I/var/tmp/_bazel_afanasyev/9a39311ceb7a61706aa1e4e247e12702/rules_xcodeproj.noindex/build_output_base/execroot/_main/bazel-out/ios_arm64-dbg-ios-arm64-min13.0-ST-faee4d1e8780/bin/submodules/TelegramUI/Components/Chat/ChatMessageRestrictedBubbleContentNode -I/var/tmp/_bazel_afanasyev/9a39311ceb7a61706aa1e4e247e12702/rules_xcodeproj.noindex/build_output_base/execroot/_main/bazel-out/ios_arm64-dbg-ios-arm64-min13.0-ST-faee4d1e8780/bin/submodules/TelegramUI/Components/Chat/ChatMessageStoryMentionContentNode -I/var/tmp/_bazel_afanasyev/9a39311ceb7a61706aa1e4e247e12702/rules_xcodeproj.noindex/build_output_base/execroot/_main/bazel-out/ios_arm64-dbg-ios-arm64-min13.0-ST-faee4d1e8780/bin/submodules/TelegramUI/Components/Chat/ChatMessageUnsupportedBubbleContentNode -I/var/tmp/_bazel_afanasyev/9a39311ceb7a61706aa1e4e247e12702/rules_xcodeproj.noindex/build_output_base/execroot/_main/bazel-out/ios_arm64-dbg-ios-arm64-min13.0-ST-faee4d1e8780/bin/submodules/TelegramUI/Components/Chat/ChatMessageWallpaperBubbleContentNode -I/var/tmp/_bazel_afanasyev/9a39311ceb7a61706aa1e4e247e12702/rules_xcodeproj.noindex/build_output_base/execroot/_main/bazel-out/ios_arm64-dbg-ios-arm64-min13.0-ST-faee4d1e8780/bin/submodules/TelegramUI/Components/Chat/ChatMessageGiftBubbleContentNode -I/var/tmp/_bazel_afanasyev/9a39311ceb7a61706aa1e4e247e12702/rules_xcodeproj.noindex/build_output_base/execroot/_main/bazel-out/ios_arm64-dbg-ios-arm64-min13.0-ST-faee4d1e8780/bin/submodules/TelegramUI/Components/Chat/ChatMessageGiftOfferBubbleContentNode -I/var/tmp/_bazel_afanasyev/9a39311ceb7a61706aa1e4e247e12702/rules_xcodeproj.noindex/build_output_base/execroot/_main/bazel-out/ios_arm64-dbg-ios-arm64-min13.0-ST-faee4d1e8780/bin/submodules/TelegramUI/Components/Chat/ChatMessageDisableCopyProtectionBubbleContentNode -I/var/tmp/_bazel_afanasyev/9a39311ceb7a61706aa1e4e247e12702/rules_xcodeproj.noindex/build_output_base/execroot/_main/bazel-out/ios_arm64-dbg-ios-arm64-min13.0-ST-faee4d1e8780/bin/submodules/TelegramUI/Components/Chat/ChatMessageGiveawayBubbleContentNode -I/var/tmp/_bazel_afanasyev/9a39311ceb7a61706aa1e4e247e12702/rules_xcodeproj.noindex/build_output_base/execroot/_main/bazel-out/ios_arm64-dbg-ios-arm64-min13.0-ST-faee4d1e8780/bin/submodules/TelegramUI/Components/Chat/ChatMessageJoinedChannelBubbleContentNode -I/var/tmp/_bazel_afanasyev/9a39311ceb7a61706aa1e4e247e12702/rules_xcodeproj.noindex/build_output_base/execroot/_main/bazel-out/ios_arm64-dbg-ios-arm64-min13.0-ST-faee4d1e8780/bin/submodules/TelegramUI/Components/Chat/ChatMessageFactCheckBubbleContentNode -I/var/tmp/_bazel_afanasyev/9a39311ceb7a61706aa1e4e247e12702/rules_xcodeproj.noindex/build_output_base/execroot/_main/bazel-out/ios_arm64-dbg-ios-arm64-min13.0-ST-faee4d1e8780/bin/submodules/TelegramUI/Components/Chat/ChatMessageUnlockMediaNode -I/var/tmp/_bazel_afanasyev/9a39311ceb7a61706aa1e4e247e12702/rules_xcodeproj.noindex/build_output_base/execroot/_main/bazel-out/ios_arm64-dbg-ios-arm64-min13.0-ST-faee4d1e8780/bin/submodules/TelegramUI/Components/Chat/ChatMessageStarsMediaInfoNode -I/var/tmp/_bazel_afanasyev/9a39311ceb7a61706aa1e4e247e12702/rules_xcodeproj.noindex/build_output_base/execroot/_main/bazel-out/ios_arm64-dbg-ios-arm64-min13.0-ST-faee4d1e8780/bin/submodules/TelegramUI/Components/PremiumAlertController -I/var/tmp/_bazel_afanasyev/9a39311ceb7a61706aa1e4e247e12702/rules_xcodeproj.noindex/build_output_base/execroot/_main/bazel-out/ios_arm64-dbg-ios-arm64-min13.0-ST-faee4d1e8780/bin/submodules/TelegramUI/Components/Chat/ChatMessageBubbleItemNode -I/var/tmp/_bazel_afanasyev/9a39311ceb7a61706aa1e4e247e12702/rules_xcodeproj.noindex/build_output_base/execroot/_main/bazel-out/ios_arm64-dbg-ios-arm64-min13.0-ST-faee4d1e8780/bin/submodules/TelegramUI/Components/Chat/ChatMessageItemImpl -I/var/tmp/_bazel_afanasyev/9a39311ceb7a61706aa1e4e247e12702/rules_xcodeproj.noindex/build_output_base/execroot/_main/bazel-out/ios_arm64-dbg-ios-arm64-min13.0-ST-faee4d1e8780/bin/submodules/WebUI -I/var/tmp/_bazel_afanasyev/9a39311ceb7a61706aa1e4e247e12702/rules_xcodeproj.noindex/build_output_base/execroot/_main/bazel-out/ios_arm64-dbg-ios-arm64-min13.0-ST-faee4d1e8780/bin/submodules/PhoneInputNode -I/var/tmp/_bazel_afanasyev/9a39311ceb7a61706aa1e4e247e12702/rules_xcodeproj.noindex/build_output_base/execroot/_main/bazel-out/ios_arm64-dbg-ios-arm64-min13.0-ST-faee4d1e8780/bin/submodules/DateSelectionUI -I/var/tmp/_bazel_afanasyev/9a39311ceb7a61706aa1e4e247e12702/rules_xcodeproj.noindex/build_output_base/execroot/_main/bazel-out/ios_arm64-dbg-ios-arm64-min13.0-ST-faee4d1e8780/bin/submodules/PassportUI -I/var/tmp/_bazel_afanasyev/9a39311ceb7a61706aa1e4e247e12702/rules_xcodeproj.noindex/build_output_base/execroot/_main/bazel-out/ios_arm64-dbg-ios-arm64-min13.0-ST-faee4d1e8780/bin/submodules/PasscodeInputFieldNode -I/var/tmp/_bazel_afanasyev/9a39311ceb7a61706aa1e4e247e12702/rules_xcodeproj.noindex/build_output_base/execroot/_main/bazel-out/ios_arm64-dbg-ios-arm64-min13.0-ST-faee4d1e8780/bin/submodules/PasscodeUI -I/var/tmp/_bazel_afanasyev/9a39311ceb7a61706aa1e4e247e12702/rules_xcodeproj.noindex/build_output_base/execroot/_main/bazel-out/ios_arm64-dbg-ios-arm64-min13.0-ST-faee4d1e8780/bin/submodules/CallListUI -I/var/tmp/_bazel_afanasyev/9a39311ceb7a61706aa1e4e247e12702/rules_xcodeproj.noindex/build_output_base/execroot/_main/bazel-out/ios_arm64-dbg-ios-arm64-min13.0-ST-faee4d1e8780/bin/submodules/HashtagSearchUI -I/var/tmp/_bazel_afanasyev/9a39311ceb7a61706aa1e4e247e12702/rules_xcodeproj.noindex/build_output_base/execroot/_main/bazel-out/ios_arm64-dbg-ios-arm64-min13.0-ST-faee4d1e8780/bin/submodules/JoinLinkPreviewUI -I/var/tmp/_bazel_afanasyev/9a39311ceb7a61706aa1e4e247e12702/rules_xcodeproj.noindex/build_output_base/execroot/_main/bazel-out/ios_arm64-dbg-ios-arm64-min13.0-ST-faee4d1e8780/bin/submodules/LanguageLinkPreviewUI -I/var/tmp/_bazel_afanasyev/9a39311ceb7a61706aa1e4e247e12702/rules_xcodeproj.noindex/build_output_base/execroot/_main/bazel-out/ios_arm64-dbg-ios-arm64-min13.0-ST-faee4d1e8780/bin/submodules/PeersNearbyUI -I/var/tmp/_bazel_afanasyev/9a39311ceb7a61706aa1e4e247e12702/rules_xcodeproj.noindex/build_output_base/execroot/_main/bazel-out/ios_arm64-dbg-ios-arm64-min13.0-ST-faee4d1e8780/bin/submodules/RaiseToListen -I/var/tmp/_bazel_afanasyev/9a39311ceb7a61706aa1e4e247e12702/rules_xcodeproj.noindex/build_output_base/execroot/_main/bazel-out/ios_arm64-dbg-ios-arm64-min13.0-ST-faee4d1e8780/bin/submodules/ShareItems -I/var/tmp/_bazel_afanasyev/9a39311ceb7a61706aa1e4e247e12702/rules_xcodeproj.noindex/build_output_base/execroot/_main/bazel-out/ios_arm64-dbg-ios-arm64-min13.0-ST-faee4d1e8780/bin/submodules/AuthorizationUtils -I/var/tmp/_bazel_afanasyev/9a39311ceb7a61706aa1e4e247e12702/rules_xcodeproj.noindex/build_output_base/execroot/_main/bazel-out/ios_arm64-dbg-ios-arm64-min13.0-ST-faee4d1e8780/bin/submodules/CodeInputView -I/var/tmp/_bazel_afanasyev/9a39311ceb7a61706aa1e4e247e12702/rules_xcodeproj.noindex/build_output_base/execroot/_main/bazel-out/ios_arm64-dbg-ios-arm64-min13.0-ST-faee4d1e8780/bin/submodules/DebugSettingsUI -I/var/tmp/_bazel_afanasyev/9a39311ceb7a61706aa1e4e247e12702/rules_xcodeproj.noindex/build_output_base/execroot/_main/bazel-out/ios_arm64-dbg-ios-arm64-min13.0-ST-faee4d1e8780/bin/submodules/AuthorizationUI -I/var/tmp/_bazel_afanasyev/9a39311ceb7a61706aa1e4e247e12702/rules_xcodeproj.noindex/build_output_base/execroot/_main/bazel-out/ios_arm64-dbg-ios-arm64-min13.0-ST-faee4d1e8780/bin/submodules/AccountUtils -I/var/tmp/_bazel_afanasyev/9a39311ceb7a61706aa1e4e247e12702/rules_xcodeproj.noindex/build_output_base/execroot/_main/bazel-out/ios_arm64-dbg-ios-arm64-min13.0-ST-faee4d1e8780/bin/submodules/Components/Forms/PrefixSectionGroupComponent -I/var/tmp/_bazel_afanasyev/9a39311ceb7a61706aa1e4e247e12702/rules_xcodeproj.noindex/build_output_base/execroot/_main/bazel-out/ios_arm64-dbg-ios-arm64-min13.0-ST-faee4d1e8780/bin/submodules/Components/Forms/TextInputComponent -I/var/tmp/_bazel_afanasyev/9a39311ceb7a61706aa1e4e247e12702/rules_xcodeproj.noindex/build_output_base/execroot/_main/bazel-out/ios_arm64-dbg-ios-arm64-min13.0-ST-faee4d1e8780/bin/submodules/Components/Forms/CreditCardInputComponent -I/var/tmp/_bazel_afanasyev/9a39311ceb7a61706aa1e4e247e12702/rules_xcodeproj.noindex/build_output_base/execroot/_main/bazel-out/ios_arm64-dbg-ios-arm64-min13.0-ST-faee4d1e8780/bin/submodules/PaymentMethodUI -I/var/tmp/_bazel_afanasyev/9a39311ceb7a61706aa1e4e247e12702/rules_xcodeproj.noindex/build_output_base/execroot/_main/bazel-out/ios_arm64-dbg-ios-arm64-min13.0-ST-faee4d1e8780/bin/submodules/TelegramUI/Components/StorageUsageScreen -I/var/tmp/_bazel_afanasyev/9a39311ceb7a61706aa1e4e247e12702/rules_xcodeproj.noindex/build_output_base/execroot/_main/bazel-out/ios_arm64-dbg-ios-arm64-min13.0-ST-faee4d1e8780/bin/submodules/TelegramUI/Components/Settings/ThemeCarouselItem -I/var/tmp/_bazel_afanasyev/9a39311ceb7a61706aa1e4e247e12702/rules_xcodeproj.noindex/build_output_base/execroot/_main/bazel-out/ios_arm64-dbg-ios-arm64-min13.0-ST-faee4d1e8780/bin/submodules/TelegramUI/Components/Settings/SettingsThemeWallpaperNode -I/var/tmp/_bazel_afanasyev/9a39311ceb7a61706aa1e4e247e12702/rules_xcodeproj.noindex/build_output_base/execroot/_main/bazel-out/ios_arm64-dbg-ios-arm64-min13.0-ST-faee4d1e8780/bin/submodules/TelegramUI/Components/Settings/WallpaperGalleryScreen -I/var/tmp/_bazel_afanasyev/9a39311ceb7a61706aa1e4e247e12702/rules_xcodeproj.noindex/build_output_base/execroot/_main/bazel-out/ios_arm64-dbg-ios-arm64-min13.0-ST-faee4d1e8780/bin/submodules/TelegramUI/Components/Settings/GenerateThemeName -I/var/tmp/_bazel_afanasyev/9a39311ceb7a61706aa1e4e247e12702/rules_xcodeproj.noindex/build_output_base/execroot/_main/bazel-out/ios_arm64-dbg-ios-arm64-min13.0-ST-faee4d1e8780/bin/submodules/TelegramUI/Components/Settings/ThemeAccentColorScreen -I/var/tmp/_bazel_afanasyev/9a39311ceb7a61706aa1e4e247e12702/rules_xcodeproj.noindex/build_output_base/execroot/_main/bazel-out/ios_arm64-dbg-ios-arm64-min13.0-ST-faee4d1e8780/bin/submodules/TelegramUI/Components/Settings/BoostLevelIconComponent -I/var/tmp/_bazel_afanasyev/9a39311ceb7a61706aa1e4e247e12702/rules_xcodeproj.noindex/build_output_base/execroot/_main/bazel-out/ios_arm64-dbg-ios-arm64-min13.0-ST-faee4d1e8780/bin/submodules/TelegramUI/Components/Settings/WallpaperGridScreen -I/var/tmp/_bazel_afanasyev/9a39311ceb7a61706aa1e4e247e12702/rules_xcodeproj.noindex/build_output_base/execroot/_main/bazel-out/ios_arm64-dbg-ios-arm64-min13.0-ST-faee4d1e8780/bin/submodules/TelegramUI/Components/Gifts/GiftLoadingShimmerView -I/var/tmp/_bazel_afanasyev/9a39311ceb7a61706aa1e4e247e12702/rules_xcodeproj.noindex/build_output_base/execroot/_main/bazel-out/ios_arm64-dbg-ios-arm64-min13.0-ST-faee4d1e8780/bin/submodules/TelegramUI/Components/Settings/PeerNameColorScreen -I/var/tmp/_bazel_afanasyev/9a39311ceb7a61706aa1e4e247e12702/rules_xcodeproj.noindex/build_output_base/execroot/_main/bazel-out/ios_arm64-dbg-ios-arm64-min13.0-ST-faee4d1e8780/bin/submodules/TelegramUI/Components/Settings/QuickReactionSetupController -I/var/tmp/_bazel_afanasyev/9a39311ceb7a61706aa1e4e247e12702/rules_xcodeproj.noindex/build_output_base/execroot/_main/bazel-out/ios_arm64-dbg-ios-arm64-min13.0-ST-faee4d1e8780/bin/submodules/TelegramUI/Components/Settings/ThemeSettingsThemeItem -I/var/tmp/_bazel_afanasyev/9a39311ceb7a61706aa1e4e247e12702/rules_xcodeproj.noindex/build_output_base/execroot/_main/bazel-out/ios_arm64-dbg-ios-arm64-min13.0-ST-faee4d1e8780/bin/submodules/TelegramUI/Components/Settings/PasskeysScreen -I/var/tmp/_bazel_afanasyev/9a39311ceb7a61706aa1e4e247e12702/rules_xcodeproj.noindex/build_output_base/execroot/_main/bazel-out/ios_arm64-dbg-ios-arm64-min13.0-ST-faee4d1e8780/bin/submodules/TelegramUI/Components/FaceScanScreen -I/var/tmp/_bazel_afanasyev/9a39311ceb7a61706aa1e4e247e12702/rules_xcodeproj.noindex/build_output_base/execroot/_main/bazel-out/ios_arm64-dbg-ios-arm64-min13.0-ST-faee4d1e8780/bin/submodules/TelegramUI/Components/AvatarEditorScreen -I/var/tmp/_bazel_afanasyev/9a39311ceb7a61706aa1e4e247e12702/rules_xcodeproj.noindex/build_output_base/execroot/_main/bazel-out/ios_arm64-dbg-ios-arm64-min13.0-ST-faee4d1e8780/bin/submodules/TelegramUI/Components/Settings/PeerSelectionScreen -I/var/tmp/_bazel_afanasyev/9a39311ceb7a61706aa1e4e247e12702/rules_xcodeproj.noindex/build_output_base/execroot/_main/bazel-out/ios_arm64-dbg-ios-arm64-min13.0-ST-faee4d1e8780/bin/submodules/SettingsUI -I/var/tmp/_bazel_afanasyev/9a39311ceb7a61706aa1e4e247e12702/rules_xcodeproj.noindex/build_output_base/execroot/_main/bazel-out/ios_arm64-dbg-ios-arm64-min13.0-ST-faee4d1e8780/bin/submodules/WidgetItems -I/var/tmp/_bazel_afanasyev/9a39311ceb7a61706aa1e4e247e12702/rules_xcodeproj.noindex/build_output_base/execroot/_main/bazel-out/ios_arm64-dbg-ios-arm64-min13.0-ST-faee4d1e8780/bin/submodules/WidgetItemsUtils -I/var/tmp/_bazel_afanasyev/9a39311ceb7a61706aa1e4e247e12702/rules_xcodeproj.noindex/build_output_base/execroot/_main/bazel-out/ios_arm64-dbg-ios-arm64-min13.0-ST-faee4d1e8780/bin/submodules/AppLockState -I/var/tmp/_bazel_afanasyev/9a39311ceb7a61706aa1e4e247e12702/rules_xcodeproj.noindex/build_output_base/execroot/_main/bazel-out/ios_arm64-dbg-ios-arm64-min13.0-ST-faee4d1e8780/bin/submodules/AppLock -I/var/tmp/_bazel_afanasyev/9a39311ceb7a61706aa1e4e247e12702/rules_xcodeproj.noindex/build_output_base/execroot/_main/bazel-out/ios_arm64-dbg-ios-arm64-min13.0-ST-faee4d1e8780/bin/submodules/NotificationsPresentationData -I/var/tmp/_bazel_afanasyev/9a39311ceb7a61706aa1e4e247e12702/rules_xcodeproj.noindex/build_output_base/execroot/_main/bazel-out/ios_arm64-dbg-ios-arm64-min13.0-ST-faee4d1e8780/bin/submodules/AnimatedNavigationStripeNode -I/var/tmp/_bazel_afanasyev/9a39311ceb7a61706aa1e4e247e12702/rules_xcodeproj.noindex/build_output_base/execroot/_main/bazel-out/ios_arm64-dbg-ios-arm64-min13.0-ST-faee4d1e8780/bin/Telegram -I/var/tmp/_bazel_afanasyev/9a39311ceb7a61706aa1e4e247e12702/rules_xcodeproj.noindex/build_output_base/execroot/_main/bazel-out/ios_arm64-dbg-ios-arm64-min13.0-ST-faee4d1e8780/bin/submodules/ChatImportUI -I/var/tmp/_bazel_afanasyev/9a39311ceb7a61706aa1e4e247e12702/rules_xcodeproj.noindex/build_output_base/execroot/_main/bazel-out/ios_arm64-dbg-ios-arm64-min13.0-ST-faee4d1e8780/bin/submodules/ImportStickerPackUI -I/var/tmp/_bazel_afanasyev/9a39311ceb7a61706aa1e4e247e12702/rules_xcodeproj.noindex/build_output_base/execroot/_main/bazel-out/ios_arm64-dbg-ios-arm64-min13.0-ST-faee4d1e8780/bin/submodules/CalendarMessageScreen -I/var/tmp/_bazel_afanasyev/9a39311ceb7a61706aa1e4e247e12702/rules_xcodeproj.noindex/build_output_base/execroot/_main/bazel-out/ios_arm64-dbg-ios-arm64-min13.0-ST-faee4d1e8780/bin/submodules/Components/ReactionListContextMenuContent -I/var/tmp/_bazel_afanasyev/9a39311ceb7a61706aa1e4e247e12702/rules_xcodeproj.noindex/build_output_base/execroot/_main/bazel-out/ios_arm64-dbg-ios-arm64-min13.0-ST-faee4d1e8780/bin/submodules/TelegramUI/Components/TabBarComponent -I/var/tmp/_bazel_afanasyev/9a39311ceb7a61706aa1e4e247e12702/rules_xcodeproj.noindex/build_output_base/execroot/_main/bazel-out/ios_arm64-dbg-ios-arm64-min13.0-ST-faee4d1e8780/bin/submodules/TabBarUI -I/var/tmp/_bazel_afanasyev/9a39311ceb7a61706aa1e4e247e12702/rules_xcodeproj.noindex/build_output_base/execroot/_main/bazel-out/ios_arm64-dbg-ios-arm64-min13.0-ST-faee4d1e8780/bin/submodules/TelegramUI/Components/Chat/ChatHistorySearchContainerNode -I/var/tmp/_bazel_afanasyev/9a39311ceb7a61706aa1e4e247e12702/rules_xcodeproj.noindex/build_output_base/execroot/_main/bazel-out/ios_arm64-dbg-ios-arm64-min13.0-ST-faee4d1e8780/bin/submodules/TelegramUI/Components/PeerInfo/AccountPeerContextItem -I/var/tmp/_bazel_afanasyev/9a39311ceb7a61706aa1e4e247e12702/rules_xcodeproj.noindex/build_output_base/execroot/_main/bazel-out/ios_arm64-dbg-ios-arm64-min13.0-ST-faee4d1e8780/bin/submodules/TelegramUI/Components/AuthConfirmationScreen -I/var/tmp/_bazel_afanasyev/9a39311ceb7a61706aa1e4e247e12702/rules_xcodeproj.noindex/build_output_base/execroot/_main/bazel-out/ios_arm64-dbg-ios-arm64-min13.0-ST-faee4d1e8780/bin/submodules/BrowserUI -I/var/tmp/_bazel_afanasyev/9a39311ceb7a61706aa1e4e247e12702/rules_xcodeproj.noindex/build_output_base/execroot/_main/bazel-out/ios_arm64-dbg-ios-arm64-min13.0-ST-faee4d1e8780/bin/submodules/TelegramUI/Components/ChatInputPanelContainer -I/var/tmp/_bazel_afanasyev/9a39311ceb7a61706aa1e4e247e12702/rules_xcodeproj.noindex/build_output_base/execroot/_main/bazel-out/ios_arm64-dbg-ios-arm64-min13.0-ST-faee4d1e8780/bin/submodules/TelegramUI/Components/NotificationExceptionsScreen -I/var/tmp/_bazel_afanasyev/9a39311ceb7a61706aa1e4e247e12702/rules_xcodeproj.noindex/build_output_base/execroot/_main/bazel-out/ios_arm64-dbg-ios-arm64-min13.0-ST-faee4d1e8780/bin/submodules/MediaPasteboardUI -I/var/tmp/_bazel_afanasyev/9a39311ceb7a61706aa1e4e247e12702/rules_xcodeproj.noindex/build_output_base/execroot/_main/bazel-out/ios_arm64-dbg-ios-arm64-min13.0-ST-faee4d1e8780/bin/submodules/TelegramUI/Components/CameraScreen -I/var/tmp/_bazel_afanasyev/9a39311ceb7a61706aa1e4e247e12702/rules_xcodeproj.noindex/build_output_base/execroot/_main/bazel-out/ios_arm64-dbg-ios-arm64-min13.0-ST-faee4d1e8780/bin/submodules/TelegramUI/Components/Chat/ChatAvatarNavigationNode -I/var/tmp/_bazel_afanasyev/9a39311ceb7a61706aa1e4e247e12702/rules_xcodeproj.noindex/build_output_base/execroot/_main/bazel-out/ios_arm64-dbg-ios-arm64-min13.0-ST-faee4d1e8780/bin/submodules/TelegramUI/Components/TelegramUIDeclareEncodables -I/var/tmp/_bazel_afanasyev/9a39311ceb7a61706aa1e4e247e12702/rules_xcodeproj.noindex/build_output_base/execroot/_main/bazel-out/ios_arm64-dbg-ios-arm64-min13.0-ST-faee4d1e8780/bin/submodules/TelegramUI/Components/Resources/FetchVideoMediaResource -I/var/tmp/_bazel_afanasyev/9a39311ceb7a61706aa1e4e247e12702/rules_xcodeproj.noindex/build_output_base/execroot/_main/bazel-out/ios_arm64-dbg-ios-arm64-min13.0-ST-faee4d1e8780/bin/submodules/TelegramUI/Components/Resources/FetchAudioMediaResource -I/var/tmp/_bazel_afanasyev/9a39311ceb7a61706aa1e4e247e12702/rules_xcodeproj.noindex/build_output_base/execroot/_main/bazel-out/ios_arm64-dbg-ios-arm64-min13.0-ST-faee4d1e8780/bin/submodules/TelegramUI/Components/TelegramAccountAuxiliaryMethods -I/var/tmp/_bazel_afanasyev/9a39311ceb7a61706aa1e4e247e12702/rules_xcodeproj.noindex/build_output_base/execroot/_main/bazel-out/ios_arm64-dbg-ios-arm64-min13.0-ST-faee4d1e8780/bin/submodules/TelegramUI/Components/Chat/AccessoryPanelNode -I/var/tmp/_bazel_afanasyev/9a39311ceb7a61706aa1e4e247e12702/rules_xcodeproj.noindex/build_output_base/execroot/_main/bazel-out/ios_arm64-dbg-ios-arm64-min13.0-ST-faee4d1e8780/bin/submodules/TelegramUI/Components/Chat/ForwardAccessoryPanelNode -I/var/tmp/_bazel_afanasyev/9a39311ceb7a61706aa1e4e247e12702/rules_xcodeproj.noindex/build_output_base/execroot/_main/bazel-out/ios_arm64-dbg-ios-arm64-min13.0-ST-faee4d1e8780/bin/submodules/TelegramUI/Components/PeerSelectionController -I/var/tmp/_bazel_afanasyev/9a39311ceb7a61706aa1e4e247e12702/rules_xcodeproj.noindex/build_output_base/execroot/_main/bazel-out/ios_arm64-dbg-ios-arm64-min13.0-ST-faee4d1e8780/bin/submodules/GraphCore -I/var/tmp/_bazel_afanasyev/9a39311ceb7a61706aa1e4e247e12702/rules_xcodeproj.noindex/build_output_base/execroot/_main/bazel-out/ios_arm64-dbg-ios-arm64-min13.0-ST-faee4d1e8780/bin/submodules/GraphUI -I/var/tmp/_bazel_afanasyev/9a39311ceb7a61706aa1e4e247e12702/rules_xcodeproj.noindex/build_output_base/execroot/_main/bazel-out/ios_arm64-dbg-ios-arm64-min13.0-ST-faee4d1e8780/bin/submodules/StatisticsUI -I/var/tmp/_bazel_afanasyev/9a39311ceb7a61706aa1e4e247e12702/rules_xcodeproj.noindex/build_output_base/execroot/_main/bazel-out/ios_arm64-dbg-ios-arm64-min13.0-ST-faee4d1e8780/bin/submodules/TelegramUI/Components/Gifts/GiftSetupScreen -I/var/tmp/_bazel_afanasyev/9a39311ceb7a61706aa1e4e247e12702/rules_xcodeproj.noindex/build_output_base/execroot/_main/bazel-out/ios_arm64-dbg-ios-arm64-min13.0-ST-faee4d1e8780/bin/submodules/TelegramUI/Components/Gifts/GiftOptionsScreen -I/var/tmp/_bazel_afanasyev/9a39311ceb7a61706aa1e4e247e12702/rules_xcodeproj.noindex/build_output_base/execroot/_main/bazel-out/ios_arm64-dbg-ios-arm64-min13.0-ST-faee4d1e8780/bin/submodules/TelegramUI/Components/PremiumGiftAttachmentScreen -I/var/tmp/_bazel_afanasyev/9a39311ceb7a61706aa1e4e247e12702/rules_xcodeproj.noindex/build_output_base/execroot/_main/bazel-out/ios_arm64-dbg-ios-arm64-min13.0-ST-faee4d1e8780/bin/submodules/TelegramUI/Components/Chat/EditableTokenListNode -I/var/tmp/_bazel_afanasyev/9a39311ceb7a61706aa1e4e247e12702/rules_xcodeproj.noindex/build_output_base/execroot/_main/bazel-out/ios_arm64-dbg-ios-arm64-min13.0-ST-faee4d1e8780/bin/submodules/TelegramUI/Components/Chat/ChatOverscrollControl -I/var/tmp/_bazel_afanasyev/9a39311ceb7a61706aa1e4e247e12702/rules_xcodeproj.noindex/build_output_base/execroot/_main/bazel-out/ios_arm64-dbg-ios-arm64-min13.0-ST-faee4d1e8780/bin/submodules/TelegramUI/Components/Chat/ChatBotInfoItem -I/var/tmp/_bazel_afanasyev/9a39311ceb7a61706aa1e4e247e12702/rules_xcodeproj.noindex/build_output_base/execroot/_main/bazel-out/ios_arm64-dbg-ios-arm64-min13.0-ST-faee4d1e8780/bin/submodules/TelegramUI/Components/Chat/ChatUserInfoItem -I/var/tmp/_bazel_afanasyev/9a39311ceb7a61706aa1e4e247e12702/rules_xcodeproj.noindex/build_output_base/execroot/_main/bazel-out/ios_arm64-dbg-ios-arm64-min13.0-ST-faee4d1e8780/bin/submodules/TelegramUI/Components/Chat/ChatNewThreadInfoItem -I/var/tmp/_bazel_afanasyev/9a39311ceb7a61706aa1e4e247e12702/rules_xcodeproj.noindex/build_output_base/execroot/_main/bazel-out/ios_arm64-dbg-ios-arm64-min13.0-ST-faee4d1e8780/bin/submodules/TelegramUI/Components/Chat/ChatButtonKeyboardInputNode -I/var/tmp/_bazel_afanasyev/9a39311ceb7a61706aa1e4e247e12702/rules_xcodeproj.noindex/build_output_base/execroot/_main/bazel-out/ios_arm64-dbg-ios-arm64-min13.0-ST-faee4d1e8780/bin/submodules/TelegramUI/Components/Chat/ChatChannelSubscriberInputPanelNode -I/var/tmp/_bazel_afanasyev/9a39311ceb7a61706aa1e4e247e12702/rules_xcodeproj.noindex/build_output_base/execroot/_main/bazel-out/ios_arm64-dbg-ios-arm64-min13.0-ST-faee4d1e8780/bin/submodules/TelegramUI/Components/Chat/ChatContextResultPeekContent -I/var/tmp/_bazel_afanasyev/9a39311ceb7a61706aa1e4e247e12702/rules_xcodeproj.noindex/build_output_base/execroot/_main/bazel-out/ios_arm64-dbg-ios-arm64-min13.0-ST-faee4d1e8780/bin/submodules/TelegramUI/Components/CompositeTextNode -I/var/tmp/_bazel_afanasyev/9a39311ceb7a61706aa1e4e247e12702/rules_xcodeproj.noindex/build_output_base/execroot/_main/bazel-out/ios_arm64-dbg-ios-arm64-min13.0-ST-faee4d1e8780/bin/submodules/TelegramUI/Components/Chat/ReplyAccessoryPanelNode -I/var/tmp/_bazel_afanasyev/9a39311ceb7a61706aa1e4e247e12702/rules_xcodeproj.noindex/build_output_base/execroot/_main/bazel-out/ios_arm64-dbg-ios-arm64-min13.0-ST-faee4d1e8780/bin/submodules/TelegramUI/Components/Chat/SuggestPostAccessoryPanelNode -I/var/tmp/_bazel_afanasyev/9a39311ceb7a61706aa1e4e247e12702/rules_xcodeproj.noindex/build_output_base/execroot/_main/bazel-out/ios_arm64-dbg-ios-arm64-min13.0-ST-faee4d1e8780/bin/submodules/TelegramUI/Components/Chat/ChatMessageInstantVideoItemNode -I/var/tmp/_bazel_afanasyev/9a39311ceb7a61706aa1e4e247e12702/rules_xcodeproj.noindex/build_output_base/execroot/_main/bazel-out/ios_arm64-dbg-ios-arm64-min13.0-ST-faee4d1e8780/bin/submodules/TelegramUI/Components/Chat/ChatNavigationButton -I/var/tmp/_bazel_afanasyev/9a39311ceb7a61706aa1e4e247e12702/rules_xcodeproj.noindex/build_output_base/execroot/_main/bazel-out/ios_arm64-dbg-ios-arm64-min13.0-ST-faee4d1e8780/bin/submodules/TelegramUI/Components/Chat/ChatLoadingNode -I/var/tmp/_bazel_afanasyev/9a39311ceb7a61706aa1e4e247e12702/rules_xcodeproj.noindex/build_output_base/execroot/_main/bazel-out/ios_arm64-dbg-ios-arm64-min13.0-ST-faee4d1e8780/bin/submodules/TelegramUI/Components/Chat/ChatRecentActionsController -I/var/tmp/_bazel_afanasyev/9a39311ceb7a61706aa1e4e247e12702/rules_xcodeproj.noindex/build_output_base/execroot/_main/bazel-out/ios_arm64-dbg-ios-arm64-min13.0-ST-faee4d1e8780/bin/submodules/TelegramUI/Components/ContextMenuScreen -I/var/tmp/_bazel_afanasyev/9a39311ceb7a61706aa1e4e247e12702/rules_xcodeproj.noindex/build_output_base/execroot/_main/bazel-out/ios_arm64-dbg-ios-arm64-min13.0-ST-faee4d1e8780/bin/submodules/TelegramUI/Components/MultiScaleTextNode -I/var/tmp/_bazel_afanasyev/9a39311ceb7a61706aa1e4e247e12702/rules_xcodeproj.noindex/build_output_base/execroot/_main/bazel-out/ios_arm64-dbg-ios-arm64-min13.0-ST-faee4d1e8780/bin/submodules/TelegramUI/Components/Chat/ChatMessageSelectionInputPanelNode -I/var/tmp/_bazel_afanasyev/9a39311ceb7a61706aa1e4e247e12702/rules_xcodeproj.noindex/build_output_base/execroot/_main/bazel-out/ios_arm64-dbg-ios-arm64-min13.0-ST-faee4d1e8780/bin/submodules/TelegramUI/Components/PeerInfo/PeerInfoChatListPaneNode -I/var/tmp/_bazel_afanasyev/9a39311ceb7a61706aa1e4e247e12702/rules_xcodeproj.noindex/build_output_base/execroot/_main/bazel-out/ios_arm64-dbg-ios-arm64-min13.0-ST-faee4d1e8780/bin/submodules/TelegramUI/Components/PeerInfo/PeerInfoChatPaneNode -I/var/tmp/_bazel_afanasyev/9a39311ceb7a61706aa1e4e247e12702/rules_xcodeproj.noindex/build_output_base/execroot/_main/bazel-out/ios_arm64-dbg-ios-arm64-min13.0-ST-faee4d1e8780/bin/submodules/TelegramUI/Components/PeerInfo/VerifyAlertController -I/var/tmp/_bazel_afanasyev/9a39311ceb7a61706aa1e4e247e12702/rules_xcodeproj.noindex/build_output_base/execroot/_main/bazel-out/ios_arm64-dbg-ios-arm64-min13.0-ST-faee4d1e8780/bin/submodules/TelegramUI/Components/PeerInfo/PeerInfoRatingComponent -I/var/tmp/_bazel_afanasyev/9a39311ceb7a61706aa1e4e247e12702/rules_xcodeproj.noindex/build_output_base/execroot/_main/bazel-out/ios_arm64-dbg-ios-arm64-min13.0-ST-faee4d1e8780/bin/submodules/TelegramUI/Components/PeerInfo/ProfileLevelInfoScreen -I/var/tmp/_bazel_afanasyev/9a39311ceb7a61706aa1e4e247e12702/rules_xcodeproj.noindex/build_output_base/execroot/_main/bazel-out/ios_arm64-dbg-ios-arm64-min13.0-ST-faee4d1e8780/bin/submodules/TelegramUI/Components/MarqueeComponent -I/var/tmp/_bazel_afanasyev/9a39311ceb7a61706aa1e4e247e12702/rules_xcodeproj.noindex/build_output_base/execroot/_main/bazel-out/ios_arm64-dbg-ios-arm64-min13.0-ST-faee4d1e8780/bin/submodules/TelegramUI/Components/PeerInfo/PeerInfoScreen -I/var/tmp/_bazel_afanasyev/9a39311ceb7a61706aa1e4e247e12702/rules_xcodeproj.noindex/build_output_base/execroot/_main/bazel-out/ios_arm64-dbg-ios-arm64-min13.0-ST-faee4d1e8780/bin/submodules/TelegramUI/Components/Chat/ChatQrCodeScreen -I/var/tmp/_bazel_afanasyev/9a39311ceb7a61706aa1e4e247e12702/rules_xcodeproj.noindex/build_output_base/execroot/_main/bazel-out/ios_arm64-dbg-ios-arm64-min13.0-ST-faee4d1e8780/bin/submodules/TelegramUI/Components/SavedMessages/SavedMessagesScreen -I/var/tmp/_bazel_afanasyev/9a39311ceb7a61706aa1e4e247e12702/rules_xcodeproj.noindex/build_output_base/execroot/_main/bazel-out/ios_arm64-dbg-ios-arm64-min13.0-ST-faee4d1e8780/bin/submodules/TelegramUI/Components/Chat/ChatMessageNotificationItem -I/var/tmp/_bazel_afanasyev/9a39311ceb7a61706aa1e4e247e12702/rules_xcodeproj.noindex/build_output_base/execroot/_main/bazel-out/ios_arm64-dbg-ios-arm64-min13.0-ST-faee4d1e8780/bin/submodules/TelegramUI/Components/VideoMessageCameraScreen -I/var/tmp/_bazel_afanasyev/9a39311ceb7a61706aa1e4e247e12702/rules_xcodeproj.noindex/build_output_base/execroot/_main/bazel-out/ios_arm64-dbg-ios-arm64-min13.0-ST-faee4d1e8780/bin/submodules/TelegramUI/Components/Chat/ChatShareMessageTagView -I/var/tmp/_bazel_afanasyev/9a39311ceb7a61706aa1e4e247e12702/rules_xcodeproj.noindex/build_output_base/execroot/_main/bazel-out/ios_arm64-dbg-ios-arm64-min13.0-ST-faee4d1e8780/bin/submodules/TelegramUI/Components/Chat/SavedTagNameAlertController -I/var/tmp/_bazel_afanasyev/9a39311ceb7a61706aa1e4e247e12702/rules_xcodeproj.noindex/build_output_base/execroot/_main/bazel-out/ios_arm64-dbg-ios-arm64-min13.0-ST-faee4d1e8780/bin/submodules/TelegramUI/Components/Chat/ChatInlineSearchResultsListComponent -I/var/tmp/_bazel_afanasyev/9a39311ceb7a61706aa1e4e247e12702/rules_xcodeproj.noindex/build_output_base/execroot/_main/bazel-out/ios_arm64-dbg-ios-arm64-min13.0-ST-faee4d1e8780/bin/submodules/TelegramUI/Components/ListTextFieldItemComponent -I/var/tmp/_bazel_afanasyev/9a39311ceb7a61706aa1e4e247e12702/rules_xcodeproj.noindex/build_output_base/execroot/_main/bazel-out/ios_arm64-dbg-ios-arm64-min13.0-ST-faee4d1e8780/bin/submodules/TelegramUI/Components/Settings/ChatbotSetupScreen -I/var/tmp/_bazel_afanasyev/9a39311ceb7a61706aa1e4e247e12702/rules_xcodeproj.noindex/build_output_base/execroot/_main/bazel-out/ios_arm64-dbg-ios-arm64-min13.0-ST-faee4d1e8780/bin/submodules/TelegramUI/Components/Settings/BusinessLocationSetupScreen -I/var/tmp/_bazel_afanasyev/9a39311ceb7a61706aa1e4e247e12702/rules_xcodeproj.noindex/build_output_base/execroot/_main/bazel-out/ios_arm64-dbg-ios-arm64-min13.0-ST-faee4d1e8780/bin/submodules/TelegramUI/Components/Settings/TimezoneSelectionScreen -I/var/tmp/_bazel_afanasyev/9a39311ceb7a61706aa1e4e247e12702/rules_xcodeproj.noindex/build_output_base/execroot/_main/bazel-out/ios_arm64-dbg-ios-arm64-min13.0-ST-faee4d1e8780/bin/submodules/TelegramUI/Components/TimeSelectionActionSheet -I/var/tmp/_bazel_afanasyev/9a39311ceb7a61706aa1e4e247e12702/rules_xcodeproj.noindex/build_output_base/execroot/_main/bazel-out/ios_arm64-dbg-ios-arm64-min13.0-ST-faee4d1e8780/bin/submodules/TelegramUI/Components/Settings/BusinessHoursSetupScreen -I/var/tmp/_bazel_afanasyev/9a39311ceb7a61706aa1e4e247e12702/rules_xcodeproj.noindex/build_output_base/execroot/_main/bazel-out/ios_arm64-dbg-ios-arm64-min13.0-ST-faee4d1e8780/bin/submodules/TelegramUI/Components/Settings/QuickReplyNameAlertController -I/var/tmp/_bazel_afanasyev/9a39311ceb7a61706aa1e4e247e12702/rules_xcodeproj.noindex/build_output_base/execroot/_main/bazel-out/ios_arm64-dbg-ios-arm64-min13.0-ST-faee4d1e8780/bin/submodules/TelegramUI/Components/Settings/AutomaticBusinessMessageSetupScreen -I/var/tmp/_bazel_afanasyev/9a39311ceb7a61706aa1e4e247e12702/rules_xcodeproj.noindex/build_output_base/execroot/_main/bazel-out/ios_arm64-dbg-ios-arm64-min13.0-ST-faee4d1e8780/bin/submodules/TelegramUI/Components/Chat/ChatMediaInputStickerGridItem -I/var/tmp/_bazel_afanasyev/9a39311ceb7a61706aa1e4e247e12702/rules_xcodeproj.noindex/build_output_base/execroot/_main/bazel-out/ios_arm64-dbg-ios-arm64-min13.0-ST-faee4d1e8780/bin/submodules/TelegramUI/Components/Chat/ChatEmptyNode -I/var/tmp/_bazel_afanasyev/9a39311ceb7a61706aa1e4e247e12702/rules_xcodeproj.noindex/build_output_base/execroot/_main/bazel-out/ios_arm64-dbg-ios-arm64-min13.0-ST-faee4d1e8780/bin/submodules/TelegramUI/Components/Settings/BusinessIntroSetupScreen -I/var/tmp/_bazel_afanasyev/9a39311ceb7a61706aa1e4e247e12702/rules_xcodeproj.noindex/build_output_base/execroot/_main/bazel-out/ios_arm64-dbg-ios-arm64-min13.0-ST-faee4d1e8780/bin/submodules/TelegramUI/Components/Settings/CollectibleItemInfoScreen -I/var/tmp/_bazel_afanasyev/9a39311ceb7a61706aa1e4e247e12702/rules_xcodeproj.noindex/build_output_base/execroot/_main/bazel-out/ios_arm64-dbg-ios-arm64-min13.0-ST-faee4d1e8780/bin/submodules/TelegramUI/Components/Settings/BusinessLinkNameAlertController -I/var/tmp/_bazel_afanasyev/9a39311ceb7a61706aa1e4e247e12702/rules_xcodeproj.noindex/build_output_base/execroot/_main/bazel-out/ios_arm64-dbg-ios-arm64-min13.0-ST-faee4d1e8780/bin/submodules/TelegramUI/Components/Settings/BotSettingsScreen -I/var/tmp/_bazel_afanasyev/9a39311ceb7a61706aa1e4e247e12702/rules_xcodeproj.noindex/build_output_base/execroot/_main/bazel-out/ios_arm64-dbg-ios-arm64-min13.0-ST-faee4d1e8780/bin/submodules/TelegramUI/Components/Chat/ChatSendAudioMessageContextPreview -I/var/tmp/_bazel_afanasyev/9a39311ceb7a61706aa1e4e247e12702/rules_xcodeproj.noindex/build_output_base/execroot/_main/bazel-out/ios_arm64-dbg-ios-arm64-min13.0-ST-faee4d1e8780/bin/submodules/TelegramUI/Components/Stars/StarsImageComponent -I/var/tmp/_bazel_afanasyev/9a39311ceb7a61706aa1e4e247e12702/rules_xcodeproj.noindex/build_output_base/execroot/_main/bazel-out/ios_arm64-dbg-ios-arm64-min13.0-ST-faee4d1e8780/bin/submodules/TelegramUI/Components/Premium/PremiumDiamondComponent -I/var/tmp/_bazel_afanasyev/9a39311ceb7a61706aa1e4e247e12702/rules_xcodeproj.noindex/build_output_base/execroot/_main/bazel-out/ios_arm64-dbg-ios-arm64-min13.0-ST-faee4d1e8780/bin/submodules/TelegramUI/Components/Stars/StarsTransactionsScreen -I/var/tmp/_bazel_afanasyev/9a39311ceb7a61706aa1e4e247e12702/rules_xcodeproj.noindex/build_output_base/execroot/_main/bazel-out/ios_arm64-dbg-ios-arm64-min13.0-ST-faee4d1e8780/bin/submodules/TelegramUI/Components/Stars/StarsPurchaseScreen -I/var/tmp/_bazel_afanasyev/9a39311ceb7a61706aa1e4e247e12702/rules_xcodeproj.noindex/build_output_base/execroot/_main/bazel-out/ios_arm64-dbg-ios-arm64-min13.0-ST-faee4d1e8780/bin/submodules/TelegramUI/Components/Stars/StarsTransferScreen -I/var/tmp/_bazel_afanasyev/9a39311ceb7a61706aa1e4e247e12702/rules_xcodeproj.noindex/build_output_base/execroot/_main/bazel-out/ios_arm64-dbg-ios-arm64-min13.0-ST-faee4d1e8780/bin/submodules/TelegramUI/Components/MiniAppListScreen -I/var/tmp/_bazel_afanasyev/9a39311ceb7a61706aa1e4e247e12702/rules_xcodeproj.noindex/build_output_base/execroot/_main/bazel-out/ios_arm64-dbg-ios-arm64-min13.0-ST-faee4d1e8780/bin/submodules/TelegramUI/Components/Stars/StarsTransactionScreen -I/var/tmp/_bazel_afanasyev/9a39311ceb7a61706aa1e4e247e12702/rules_xcodeproj.noindex/build_output_base/execroot/_main/bazel-out/ios_arm64-dbg-ios-arm64-min13.0-ST-faee4d1e8780/bin/submodules/TelegramUI/Components/Chat/FactCheckAlertController -I/var/tmp/_bazel_afanasyev/9a39311ceb7a61706aa1e4e247e12702/rules_xcodeproj.noindex/build_output_base/execroot/_main/bazel-out/ios_arm64-dbg-ios-arm64-min13.0-ST-faee4d1e8780/bin/submodules/TelegramUI/Components/SpaceWarpView -I/var/tmp/_bazel_afanasyev/9a39311ceb7a61706aa1e4e247e12702/rules_xcodeproj.noindex/build_output_base/execroot/_main/bazel-out/ios_arm64-dbg-ios-arm64-min13.0-ST-faee4d1e8780/bin/submodules/TelegramUI/Components/Stars/StarsIntroScreen -I/var/tmp/_bazel_afanasyev/9a39311ceb7a61706aa1e4e247e12702/rules_xcodeproj.noindex/build_output_base/execroot/_main/bazel-out/ios_arm64-dbg-ios-arm64-min13.0-ST-faee4d1e8780/bin/submodules/TelegramUI/Components/Gifts/GiftStoreScreen -I/var/tmp/_bazel_afanasyev/9a39311ceb7a61706aa1e4e247e12702/rules_xcodeproj.noindex/build_output_base/execroot/_main/bazel-out/ios_arm64-dbg-ios-arm64-min13.0-ST-faee4d1e8780/bin/submodules/TelegramUI/Components/Gifts/GiftCraftScreen -I/var/tmp/_bazel_afanasyev/9a39311ceb7a61706aa1e4e247e12702/rules_xcodeproj.noindex/build_output_base/execroot/_main/bazel-out/ios_arm64-dbg-ios-arm64-min13.0-ST-faee4d1e8780/bin/submodules/TelegramUI/Components/ContentReportScreen -I/var/tmp/_bazel_afanasyev/9a39311ceb7a61706aa1e4e247e12702/rules_xcodeproj.noindex/build_output_base/execroot/_main/bazel-out/ios_arm64-dbg-ios-arm64-min13.0-ST-faee4d1e8780/bin/submodules/TelegramUI/Components/PeerInfo/AffiliateProgramSetupScreen -I/var/tmp/_bazel_afanasyev/9a39311ceb7a61706aa1e4e247e12702/rules_xcodeproj.noindex/build_output_base/execroot/_main/bazel-out/ios_arm64-dbg-ios-arm64-min13.0-ST-faee4d1e8780/bin/submodules/TelegramUI/Components/Settings/AccountFreezeInfoScreen -I/var/tmp/_bazel_afanasyev/9a39311ceb7a61706aa1e4e247e12702/rules_xcodeproj.noindex/build_output_base/execroot/_main/bazel-out/ios_arm64-dbg-ios-arm64-min13.0-ST-faee4d1e8780/bin/submodules/TelegramUI/Components/JoinSubjectScreen -I/var/tmp/_bazel_afanasyev/9a39311ceb7a61706aa1e4e247e12702/rules_xcodeproj.noindex/build_output_base/execroot/_main/bazel-out/ios_arm64-dbg-ios-arm64-min13.0-ST-faee4d1e8780/bin/submodules/TelegramUI/Components/Chat/QuickShareScreen -I/var/tmp/_bazel_afanasyev/9a39311ceb7a61706aa1e4e247e12702/rules_xcodeproj.noindex/build_output_base/execroot/_main/bazel-out/ios_arm64-dbg-ios-arm64-min13.0-ST-faee4d1e8780/bin/submodules/TelegramUI/Components/PeerInfo/PostSuggestionsSettingsScreen -I/var/tmp/_bazel_afanasyev/9a39311ceb7a61706aa1e4e247e12702/rules_xcodeproj.noindex/build_output_base/execroot/_main/bazel-out/ios_arm64-dbg-ios-arm64-min13.0-ST-faee4d1e8780/bin/submodules/TelegramUI/Components/ForumSettingsScreen -I/var/tmp/_bazel_afanasyev/9a39311ceb7a61706aa1e4e247e12702/rules_xcodeproj.noindex/build_output_base/execroot/_main/bazel-out/ios_arm64-dbg-ios-arm64-min13.0-ST-faee4d1e8780/bin/submodules/TelegramUI/Components/MaskedContainerComponent -I/var/tmp/_bazel_afanasyev/9a39311ceb7a61706aa1e4e247e12702/rules_xcodeproj.noindex/build_output_base/execroot/_main/bazel-out/ios_arm64-dbg-ios-arm64-min13.0-ST-faee4d1e8780/bin/submodules/TelegramUI/Components/Chat/ChatSideTopicsPanel -I/var/tmp/_bazel_afanasyev/9a39311ceb7a61706aa1e4e247e12702/rules_xcodeproj.noindex/build_output_base/execroot/_main/bazel-out/ios_arm64-dbg-ios-arm64-min13.0-ST-faee4d1e8780/bin/submodules/TelegramUI/Components/ComposeTodoScreen -I/var/tmp/_bazel_afanasyev/9a39311ceb7a61706aa1e4e247e12702/rules_xcodeproj.noindex/build_output_base/execroot/_main/bazel-out/ios_arm64-dbg-ios-arm64-min13.0-ST-faee4d1e8780/bin/submodules/TelegramUI/Components/SuggestedPostApproveAlert -I/var/tmp/_bazel_afanasyev/9a39311ceb7a61706aa1e4e247e12702/rules_xcodeproj.noindex/build_output_base/execroot/_main/bazel-out/ios_arm64-dbg-ios-arm64-min13.0-ST-faee4d1e8780/bin/submodules/TelegramUI/Components/Chat/ChatInputMessageAccessoryPanel -I/var/tmp/_bazel_afanasyev/9a39311ceb7a61706aa1e4e247e12702/rules_xcodeproj.noindex/build_output_base/execroot/_main/bazel-out/ios_arm64-dbg-ios-arm64-min13.0-ST-faee4d1e8780/bin/submodules/TelegramUI/Components/Chat/ChatPanelsComponent -I/var/tmp/_bazel_afanasyev/9a39311ceb7a61706aa1e4e247e12702/rules_xcodeproj.noindex/build_output_base/execroot/_main/bazel-out/ios_arm64-dbg-ios-arm64-min13.0-ST-faee4d1e8780/bin/submodules/TelegramUI/Components/Contacts/NewContactScreen -I/var/tmp/_bazel_afanasyev/9a39311ceb7a61706aa1e4e247e12702/rules_xcodeproj.noindex/build_output_base/execroot/_main/bazel-out/ios_arm64-dbg-ios-arm64-min13.0-ST-faee4d1e8780/bin/submodules/TelegramUI/Components/NavigationBarImpl -I/var/tmp/_bazel_afanasyev/9a39311ceb7a61706aa1e4e247e12702/rules_xcodeproj.noindex/build_output_base/execroot/_main/bazel-out/ios_arm64-dbg-ios-arm64-min13.0-ST-faee4d1e8780/bin/submodules/TelegramUI/Components/TranslateHeaderPanelComponent -I/var/tmp/_bazel_afanasyev/9a39311ceb7a61706aa1e4e247e12702/rules_xcodeproj.noindex/build_output_base/execroot/_main/bazel-out/ios_arm64-dbg-ios-arm64-min13.0-ST-faee4d1e8780/bin/submodules/TelegramUI/Components/AdPanelHeaderPanelComponent -I/var/tmp/_bazel_afanasyev/9a39311ceb7a61706aa1e4e247e12702/rules_xcodeproj.noindex/build_output_base/execroot/_main/bazel-out/ios_arm64-dbg-ios-arm64-min13.0-ST-faee4d1e8780/bin/submodules/TelegramUI/Components/MessageFeeHeaderPanelComponent -I/var/tmp/_bazel_afanasyev/9a39311ceb7a61706aa1e4e247e12702/rules_xcodeproj.noindex/build_output_base/execroot/_main/bazel-out/ios_arm64-dbg-ios-arm64-min13.0-ST-faee4d1e8780/bin/submodules/TelegramUI/Components/LegacyChatHeaderPanelComponent -I/var/tmp/_bazel_afanasyev/9a39311ceb7a61706aa1e4e247e12702/rules_xcodeproj.noindex/build_output_base/execroot/_main/bazel-out/ios_arm64-dbg-ios-arm64-min13.0-ST-faee4d1e8780/bin/submodules/TelegramUI/Components/GroupCallHeaderPanelComponent -I/var/tmp/_bazel_afanasyev/9a39311ceb7a61706aa1e4e247e12702/rules_xcodeproj.noindex/build_output_base/execroot/_main/bazel-out/ios_arm64-dbg-ios-arm64-min13.0-ST-faee4d1e8780/bin/submodules/TelegramUI/Components/Chat/ChatSearchNavigationContentNode -I/var/tmp/_bazel_afanasyev/9a39311ceb7a61706aa1e4e247e12702/rules_xcodeproj.noindex/build_output_base/execroot/_main/bazel-out/ios_arm64-dbg-ios-arm64-min13.0-ST-faee4d1e8780/bin/submodules/TelegramUI/Components/Gifts/GiftDemoScreen -I/var/tmp/_bazel_afanasyev/9a39311ceb7a61706aa1e4e247e12702/rules_xcodeproj.noindex/build_output_base/execroot/_main/bazel-out/ios_arm64-dbg-ios-arm64-min13.0-ST-faee4d1e8780/bin/submodules/TelegramUI/Components/EmojiGameStakeScreen -I/var/tmp/_bazel_afanasyev/9a39311ceb7a61706aa1e4e247e12702/rules_xcodeproj.noindex/build_output_base/execroot/_main/bazel-out/ios_arm64-dbg-ios-arm64-min13.0-ST-faee4d1e8780/bin/submodules/TelegramUI/Components/Chat/ChatAgeRestrictionAlertController -I/var/tmp/_bazel_afanasyev/9a39311ceb7a61706aa1e4e247e12702/rules_xcodeproj.noindex/build_output_base/execroot/_main/bazel-out/ios_arm64-dbg-ios-arm64-min13.0-ST-faee4d1e8780/bin/submodules/TelegramUI/Components/CocoonInfoScreen -I/var/tmp/_bazel_afanasyev/9a39311ceb7a61706aa1e4e247e12702/rules_xcodeproj.noindex/build_output_base/execroot/_main/bazel-out/ios_arm64-dbg-ios-arm64-min13.0-ST-faee4d1e8780/bin/submodules/TelegramUI/Components/ProxyServerPreviewScreen -I/var/tmp/_bazel_afanasyev/9a39311ceb7a61706aa1e4e247e12702/rules_xcodeproj.noindex/build_output_base/execroot/_main/bazel-out/ios_arm64-dbg-ios-arm64-min13.0-ST-faee4d1e8780/bin/submodules/TelegramUI/Components/RankChatPreviewItem -I/var/tmp/_bazel_afanasyev/9a39311ceb7a61706aa1e4e247e12702/rules_xcodeproj.noindex/build_output_base/execroot/_main/bazel-out/ios_arm64-dbg-ios-arm64-min13.0-ST-faee4d1e8780/bin/submodules/TelegramUI/Components/ChatParticipantRightsScreen -I/var/tmp/_bazel_afanasyev/9a39311ceb7a61706aa1e4e247e12702/rules_xcodeproj.noindex/build_output_base/execroot/_main/bazel-out/ios_arm64-dbg-ios-arm64-min13.0-ST-faee4d1e8780/bin/submodules/TelegramUI/Components/PeerInfo/PeerCopyProtectionInfoScreen -I/var/tmp/_bazel_afanasyev/9a39311ceb7a61706aa1e4e247e12702/rules_xcodeproj.noindex/build_output_base/execroot/_main/bazel-out/ios_arm64-dbg-ios-arm64-min13.0-ST-faee4d1e8780/bin/submodules/TelegramUI/Components/Chat/ChatRankInfoScreen -I/var/tmp/_bazel_afanasyev/9a39311ceb7a61706aa1e4e247e12702/rules_xcodeproj.noindex/build_output_base/execroot/_main/bazel-out/ios_arm64-dbg-ios-arm64-min13.0-ST-faee4d1e8780/bin/submodules/TelegramUI/Components/TooltipComponent -I/var/tmp/_bazel_afanasyev/9a39311ceb7a61706aa1e4e247e12702/rules_xcodeproj.noindex/build_output_base/execroot/_main/bazel-out/ios_arm64-dbg-ios-arm64-min13.0-ST-faee4d1e8780/bin/submodules/TelegramUI/Components/TextProcessingScreen -I/var/tmp/_bazel_afanasyev/9a39311ceb7a61706aa1e4e247e12702/rules_xcodeproj.noindex/build_output_base/execroot/_main/bazel-out/ios_arm64-dbg-ios-arm64-min13.0-ST-faee4d1e8780/bin/submodules/TelegramUI/Components/CreateBotScreen -I/var/tmp/_bazel_afanasyev/9a39311ceb7a61706aa1e4e247e12702/rules_xcodeproj.noindex/build_output_base/execroot/_main/bazel-out/ios_arm64-dbg-ios-arm64-min13.0-ST-faee4d1e8780/bin/submodules/TelegramUI -F/Volumes/dx/dev/_home/MTProxy/Telegram-iOS/third-party/recaptcha/RecaptchaEnterprise.xcframework/ios-arm64 -Xcc -F -Xcc /Volumes/dx/dev/_home/MTProxy/Telegram-iOS/third-party/recaptcha/RecaptchaEnterprise.xcframework/ios-arm64 -Xcc -I -Xcc /Volumes/dx/dev/_home/MTProxy/Telegram-iOS/submodules/SSignalKit/SSignalKit/Source -Xcc -I -Xcc /var/tmp/_bazel_afanasyev/9a39311ceb7a61706aa1e4e247e12702/rules_xcodeproj.noindex/build_output_base/execroot/_main/bazel-out/ios_arm64-dbg-ios-arm64-min13.0-ST-faee4d1e8780/bin/submodules/SSignalKit/SSignalKit/Source -Xcc -I -Xcc /Volumes/dx/dev/_home/MTProxy/Telegram-iOS/submodules/AsyncDisplayKit/Source/PublicHeaders -Xcc -I -Xcc /var/tmp/_bazel_afanasyev/9a39311ceb7a61706aa1e4e247e12702/rules_xcodeproj.noindex/build_output_base/execroot/_main/bazel-out/ios_arm64-dbg-ios-arm64-min13.0-ST-faee4d1e8780/bin/submodules/AsyncDisplayKit/Source/PublicHeaders -Xcc -I -Xcc /Volumes/dx/dev/_home/MTProxy/Telegram-iOS/submodules/ObjCRuntimeUtils/Source -Xcc -I -Xcc /var/tmp/_bazel_afanasyev/9a39311ceb7a61706aa1e4e247e12702/rules_xcodeproj.noindex/build_output_base/execroot/_main/bazel-out/ios_arm64-dbg-ios-arm64-min13.0-ST-faee4d1e8780/bin/submodules/ObjCRuntimeUtils/Source -Xcc -I -Xcc /Volumes/dx/dev/_home/MTProxy/Telegram-iOS/submodules/UIKitRuntimeUtils/Source -Xcc -I -Xcc /var/tmp/_bazel_afanasyev/9a39311ceb7a61706aa1e4e247e12702/rules_xcodeproj.noindex/build_output_base/execroot/_main/bazel-out/ios_arm64-dbg-ios-arm64-min13.0-ST-faee4d1e8780/bin/submodules/UIKitRuntimeUtils/Source -Xcc -I -Xcc /Volumes/dx/dev/_home/MTProxy/Telegram-iOS/submodules/AppBundle/PublicHeaders -Xcc -I -Xcc /var/tmp/_bazel_afanasyev/9a39311ceb7a61706aa1e4e247e12702/rules_xcodeproj.noindex/build_output_base/execroot/_main/bazel-out/ios_arm64-dbg-ios-arm64-min13.0-ST-faee4d1e8780/bin/submodules/AppBundle/PublicHeaders -Xcc -I -Xcc /Volumes/dx/dev/_home/MTProxy/Telegram-iOS/submodules/Crc32/PublicHeaders -Xcc -I -Xcc /var/tmp/_bazel_afanasyev/9a39311ceb7a61706aa1e4e247e12702/rules_xcodeproj.noindex/build_output_base/execroot/_main/bazel-out/ios_arm64-dbg-ios-arm64-min13.0-ST-faee4d1e8780/bin/submodules/Crc32/PublicHeaders -Xcc -I -Xcc /Volumes/dx/dev/_home/MTProxy/Telegram-iOS/submodules/sqlcipher/PublicHeaders -Xcc -I -Xcc /var/tmp/_bazel_afanasyev/9a39311ceb7a61706aa1e4e247e12702/rules_xcodeproj.noindex/build_output_base/execroot/_main/bazel-out/ios_arm64-dbg-ios-arm64-min13.0-ST-faee4d1e8780/bin/submodules/sqlcipher/PublicHeaders -Xcc -I -Xcc /Volumes/dx/dev/_home/MTProxy/Telegram-iOS/submodules/MurMurHash32/PublicHeaders -Xcc -I -Xcc /var/tmp/_bazel_afanasyev/9a39311ceb7a61706aa1e4e247e12702/rules_xcodeproj.noindex/build_output_base/execroot/_main/bazel-out/ios_arm64-dbg-ios-arm64-min13.0-ST-faee4d1e8780/bin/submodules/MurMurHash32/PublicHeaders -Xcc -I -Xcc /Volumes/dx/dev/_home/MTProxy/Telegram-iOS/submodules/StringTransliteration/PublicHeaders -Xcc -I -Xcc /var/tmp/_bazel_afanasyev/9a39311ceb7a61706aa1e4e247e12702/rules_xcodeproj.noindex/build_output_base/execroot/_main/bazel-out/ios_arm64-dbg-ios-arm64-min13.0-ST-faee4d1e8780/bin/submodules/StringTransliteration/PublicHeaders -Xcc -I -Xcc /Volumes/dx/dev/_home/MTProxy/Telegram-iOS/submodules/CryptoUtils/PublicHeaders -Xcc -I -Xcc /var/tmp/_bazel_afanasyev/9a39311ceb7a61706aa1e4e247e12702/rules_xcodeproj.noindex/build_output_base/execroot/_main/bazel-out/ios_arm64-dbg-ios-arm64-min13.0-ST-faee4d1e8780/bin/submodules/CryptoUtils/PublicHeaders -Xcc -I -Xcc /Volumes/dx/dev/_home/MTProxy/Telegram-iOS/submodules/Utils/DarwinDirStat/PublicHeaders -Xcc -I -Xcc /var/tmp/_bazel_afanasyev/9a39311ceb7a61706aa1e4e247e12702/rules_xcodeproj.noindex/build_output_base/execroot/_main/bazel-out/ios_arm64-dbg-ios-arm64-min13.0-ST-faee4d1e8780/bin/submodules/Utils/DarwinDirStat/PublicHeaders -Xcc -I -Xcc /Volumes/dx/dev/_home/MTProxy/Telegram-iOS/submodules/MtProtoKit/PublicHeaders -Xcc -I -Xcc /var/tmp/_bazel_afanasyev/9a39311ceb7a61706aa1e4e247e12702/rules_xcodeproj.noindex/build_output_base/execroot/_main/bazel-out/ios_arm64-dbg-ios-arm64-min13.0-ST-faee4d1e8780/bin/submodules/MtProtoKit/PublicHeaders -Xcc -I -Xcc /Volumes/dx/dev/_home/MTProxy/Telegram-iOS/submodules/EncryptionProvider/PublicHeaders -Xcc -I -Xcc /var/tmp/_bazel_afanasyev/9a39311ceb7a61706aa1e4e247e12702/rules_xcodeproj.noindex/build_output_base/execroot/_main/bazel-out/ios_arm64-dbg-ios-arm64-min13.0-ST-faee4d1e8780/bin/submodules/EncryptionProvider/PublicHeaders -Xcc -I -Xcc /Volumes/dx/dev/_home/MTProxy/Telegram-iOS/submodules/NetworkLogging/PublicHeaders -Xcc -I -Xcc /var/tmp/_bazel_afanasyev/9a39311ceb7a61706aa1e4e247e12702/rules_xcodeproj.noindex/build_output_base/execroot/_main/bazel-out/ios_arm64-dbg-ios-arm64-min13.0-ST-faee4d1e8780/bin/submodules/NetworkLogging/PublicHeaders -Xcc -I -Xcc /Volumes/dx/dev/_home/MTProxy/Telegram-iOS/submodules/Reachability/LegacyReachability/PublicHeaders -Xcc -I -Xcc /var/tmp/_bazel_afanasyev/9a39311ceb7a61706aa1e4e247e12702/rules_xcodeproj.noindex/build_output_base/execroot/_main/bazel-out/ios_arm64-dbg-ios-arm64-min13.0-ST-faee4d1e8780/bin/submodules/Reachability/LegacyReachability/PublicHeaders -Xcc -I -Xcc /Volumes/dx/dev/_home/MTProxy/Telegram-iOS/submodules/NumberPluralizationForm/PublicHeaders -Xcc -I -Xcc /var/tmp/_bazel_afanasyev/9a39311ceb7a61706aa1e4e247e12702/rules_xcodeproj.noindex/build_output_base/execroot/_main/bazel-out/ios_arm64-dbg-ios-arm64-min13.0-ST-faee4d1e8780/bin/submodules/NumberPluralizationForm/PublicHeaders -Xcc -I -Xcc /Volumes/dx/dev/_home/MTProxy/Telegram-iOS/submodules/Sunrise/PublicHeaders -Xcc -I -Xcc /var/tmp/_bazel_afanasyev/9a39311ceb7a61706aa1e4e247e12702/rules_xcodeproj.noindex/build_output_base/execroot/_main/bazel-out/ios_arm64-dbg-ios-arm64-min13.0-ST-faee4d1e8780/bin/submodules/Sunrise/PublicHeaders -Xcc -I -Xcc /Volumes/dx/dev/_home/MTProxy/Telegram-iOS/submodules/FastBlur/PublicHeaders -Xcc -I -Xcc /var/tmp/_bazel_afanasyev/9a39311ceb7a61706aa1e4e247e12702/rules_xcodeproj.noindex/build_output_base/execroot/_main/bazel-out/ios_arm64-dbg-ios-arm64-min13.0-ST-faee4d1e8780/bin/submodules/FastBlur/PublicHeaders -Xcc -I -Xcc /Volumes/dx/dev/_home/MTProxy/Telegram-iOS/Telegram/GeneratedPresentationStrings/PublicHeaders -Xcc -I -Xcc /var/tmp/_bazel_afanasyev/9a39311ceb7a61706aa1e4e247e12702/rules_xcodeproj.noindex/build_output_base/execroot/_main/bazel-out/ios_arm64-dbg-ios-arm64-min13.0-ST-faee4d1e8780/bin/Telegram/GeneratedPresentationStrings/PublicHeaders -Xcc -I -Xcc /Volumes/dx/dev/_home/MTProxy/Telegram-iOS/third-party/libprisma/include -Xcc -I -Xcc /var/tmp/_bazel_afanasyev/9a39311ceb7a61706aa1e4e247e12702/rules_xcodeproj.noindex/build_output_base/execroot/_main/bazel-out/ios_arm64-dbg-ios-arm64-min13.0-ST-faee4d1e8780/bin/third-party/libprisma/include -Xcc -I -Xcc /Volumes/dx/dev/_home/MTProxy/Telegram-iOS/third-party/boost_regex/include -Xcc -I -Xcc /var/tmp/_bazel_afanasyev/9a39311ceb7a61706aa1e4e247e12702/rules_xcodeproj.noindex/build_output_base/execroot/_main/bazel-out/ios_arm64-dbg-ios-arm64-min13.0-ST-faee4d1e8780/bin/third-party/boost_regex/include -Xcc -I -Xcc /Volumes/dx/dev/_home/MTProxy/Telegram-iOS/submodules/FFMpegBinding/Public -Xcc -I -Xcc /var/tmp/_bazel_afanasyev/9a39311ceb7a61706aa1e4e247e12702/rules_xcodeproj.noindex/build_output_base/execroot/_main/bazel-out/ios_arm64-dbg-ios-arm64-min13.0-ST-faee4d1e8780/bin/submodules/FFMpegBinding/Public -Xcc -I -Xcc /Volumes/dx/dev/_home/MTProxy/Telegram-iOS/submodules/ffmpeg/Public -Xcc -I -Xcc /var/tmp/_bazel_afanasyev/9a39311ceb7a61706aa1e4e247e12702/rules_xcodeproj.noindex/build_output_base/execroot/_main/bazel-out/ios_arm64-dbg-ios-arm64-min13.0-ST-faee4d1e8780/bin/submodules/ffmpeg/Public -Xcc -I -Xcc /Volumes/dx/dev/_home/MTProxy/Telegram-iOS/third-party/libvpx/Public -Xcc -I -Xcc /var/tmp/_bazel_afanasyev/9a39311ceb7a61706aa1e4e247e12702/rules_xcodeproj.noindex/build_output_base/execroot/_main/bazel-out/ios_arm64-dbg-ios-arm64-min13.0-ST-faee4d1e8780/bin/third-party/libvpx/Public -Xcc -I -Xcc /Volumes/dx/dev/_home/MTProxy/Telegram-iOS/third-party/opus/Public -Xcc -I -Xcc /var/tmp/_bazel_afanasyev/9a39311ceb7a61706aa1e4e247e12702/rules_xcodeproj.noindex/build_output_base/execroot/_main/bazel-out/ios_arm64-dbg-ios-arm64-min13.0-ST-faee4d1e8780/bin/third-party/opus/Public -Xcc -I -Xcc /Volumes/dx/dev/_home/MTProxy/Telegram-iOS/third-party/dav1d/Public -Xcc -I -Xcc /var/tmp/_bazel_afanasyev/9a39311ceb7a61706aa1e4e247e12702/rules_xcodeproj.noindex/build_output_base/execroot/_main/bazel-out/ios_arm64-dbg-ios-arm64-min13.0-ST-faee4d1e8780/bin/third-party/dav1d/Public -Xcc -I -Xcc /Volumes/dx/dev/_home/MTProxy/Telegram-iOS/submodules/RingBuffer/PublicHeaders -Xcc -I -Xcc /var/tmp/_bazel_afanasyev/9a39311ceb7a61706aa1e4e247e12702/rules_xcodeproj.noindex/build_output_base/execroot/_main/bazel-out/ios_arm64-dbg-ios-arm64-min13.0-ST-faee4d1e8780/bin/submodules/RingBuffer/PublicHeaders -Xcc -I -Xcc /Volumes/dx/dev/_home/MTProxy/Telegram-iOS/submodules/YuvConversion/PublicHeaders -Xcc -I -Xcc /var/tmp/_bazel_afanasyev/9a39311ceb7a61706aa1e4e247e12702/rules_xcodeproj.noindex/build_output_base/execroot/_main/bazel-out/ios_arm64-dbg-ios-arm64-min13.0-ST-faee4d1e8780/bin/submodules/YuvConversion/PublicHeaders -Xcc -I -Xcc /Volumes/dx/dev/_home/MTProxy/Telegram-iOS/submodules/TelegramUI/Components/AnimationCache/ImageDCT/PublicHeaders -Xcc -I -Xcc /var/tmp/_bazel_afanasyev/9a39311ceb7a61706aa1e4e247e12702/rules_xcodeproj.noindex/build_output_base/execroot/_main/bazel-out/ios_arm64-dbg-ios-arm64-min13.0-ST-faee4d1e8780/bin/submodules/TelegramUI/Components/AnimationCache/ImageDCT/PublicHeaders -Xcc -I -Xcc /Volumes/dx/dev/_home/MTProxy/Telegram-iOS/submodules/LegacyComponents/PublicHeaders -Xcc -I -Xcc /var/tmp/_bazel_afanasyev/9a39311ceb7a61706aa1e4e247e12702/rules_xcodeproj.noindex/build_output_base/execroot/_main/bazel-out/ios_arm64-dbg-ios-arm64-min13.0-ST-faee4d1e8780/bin/submodules/LegacyComponents/PublicHeaders -Xcc -I -Xcc /Volumes/dx/dev/_home/MTProxy/Telegram-iOS/submodules/WebPBinding/PublicHeaders -Xcc -I -Xcc /var/tmp/_bazel_afanasyev/9a39311ceb7a61706aa1e4e247e12702/rules_xcodeproj.noindex/build_output_base/execroot/_main/bazel-out/ios_arm64-dbg-ios-arm64-min13.0-ST-faee4d1e8780/bin/submodules/WebPBinding/PublicHeaders -Xcc -I -Xcc /Volumes/dx/dev/_home/MTProxy/Telegram-iOS/third-party/webp/Public -Xcc -I -Xcc /var/tmp/_bazel_afanasyev/9a39311ceb7a61706aa1e4e247e12702/rules_xcodeproj.noindex/build_output_base/execroot/_main/bazel-out/ios_arm64-dbg-ios-arm64-min13.0-ST-faee4d1e8780/bin/third-party/webp/Public -Xcc -I -Xcc /Volumes/dx/dev/_home/MTProxy/Telegram-iOS/submodules/RMIntro/PublicHeaders -Xcc -I -Xcc /var/tmp/_bazel_afanasyev/9a39311ceb7a61706aa1e4e247e12702/rules_xcodeproj.noindex/build_output_base/execroot/_main/bazel-out/ios_arm64-dbg-ios-arm64-min13.0-ST-faee4d1e8780/bin/submodules/RMIntro/PublicHeaders -Xcc -I -Xcc /Volumes/dx/dev/_home/MTProxy/Telegram-iOS/submodules/GZip/Sources -Xcc -I -Xcc /var/tmp/_bazel_afanasyev/9a39311ceb7a61706aa1e4e247e12702/rules_xcodeproj.noindex/build_output_base/execroot/_main/bazel-out/ios_arm64-dbg-ios-arm64-min13.0-ST-faee4d1e8780/bin/submodules/GZip/Sources -Xcc -I -Xcc /Volumes/dx/dev/_home/MTProxy/Telegram-iOS/submodules/Svg/PublicHeaders -Xcc -I -Xcc /var/tmp/_bazel_afanasyev/9a39311ceb7a61706aa1e4e247e12702/rules_xcodeproj.noindex/build_output_base/execroot/_main/bazel-out/ios_arm64-dbg-ios-arm64-min13.0-ST-faee4d1e8780/bin/submodules/Svg/PublicHeaders -Xcc -I -Xcc /Volumes/dx/dev/_home/MTProxy/Telegram-iOS/submodules/MozjpegBinding/Public -Xcc -I -Xcc /var/tmp/_bazel_afanasyev/9a39311ceb7a61706aa1e4e247e12702/rules_xcodeproj.noindex/build_output_base/execroot/_main/bazel-out/ios_arm64-dbg-ios-arm64-min13.0-ST-faee4d1e8780/bin/submodules/MozjpegBinding/Public -Xcc -I -Xcc /Volumes/dx/dev/_home/MTProxy/Telegram-iOS/third-party/mozjpeg/Public -Xcc -I -Xcc /var/tmp/_bazel_afanasyev/9a39311ceb7a61706aa1e4e247e12702/rules_xcodeproj.noindex/build_output_base/execroot/_main/bazel-out/ios_arm64-dbg-ios-arm64-min13.0-ST-faee4d1e8780/bin/third-party/mozjpeg/Public -Xcc -I -Xcc /Volumes/dx/dev/_home/MTProxy/Telegram-iOS/submodules/TgVoipWebrtc/PublicHeaders -Xcc -I -Xcc /var/tmp/_bazel_afanasyev/9a39311ceb7a61706aa1e4e247e12702/rules_xcodeproj.noindex/build_output_base/execroot/_main/bazel-out/ios_arm64-dbg-ios-arm64-min13.0-ST-faee4d1e8780/bin/submodules/TgVoipWebrtc/PublicHeaders -Xcc -I -Xcc /Volumes/dx/dev/_home/MTProxy/Telegram-iOS/third-party/ogg/include -Xcc -I -Xcc /var/tmp/_bazel_afanasyev/9a39311ceb7a61706aa1e4e247e12702/rules_xcodeproj.noindex/build_output_base/execroot/_main/bazel-out/ios_arm64-dbg-ios-arm64-min13.0-ST-faee4d1e8780/bin/third-party/ogg/include -Xcc -I -Xcc /Volumes/dx/dev/_home/MTProxy/Telegram-iOS/third-party/opusfile/include -Xcc -I -Xcc /var/tmp/_bazel_afanasyev/9a39311ceb7a61706aa1e4e247e12702/rules_xcodeproj.noindex/build_output_base/execroot/_main/bazel-out/ios_arm64-dbg-ios-arm64-min13.0-ST-faee4d1e8780/bin/third-party/opusfile/include -Xcc -I -Xcc /Volumes/dx/dev/_home/MTProxy/Telegram-iOS/third-party/rnnoise/PublicHeaders -Xcc -I -Xcc /var/tmp/_bazel_afanasyev/9a39311ceb7a61706aa1e4e247e12702/rules_xcodeproj.noindex/build_output_base/execroot/_main/bazel-out/ios_arm64-dbg-ios-arm64-min13.0-ST-faee4d1e8780/bin/third-party/rnnoise/PublicHeaders -Xcc -I -Xcc /Volumes/dx/dev/_home/MTProxy/Telegram-iOS/third-party/td/TdBinding/Public -Xcc -I -Xcc /var/tmp/_bazel_afanasyev/9a39311ceb7a61706aa1e4e247e12702/rules_xcodeproj.noindex/build_output_base/execroot/_main/bazel-out/ios_arm64-dbg-ios-arm64-min13.0-ST-faee4d1e8780/bin/third-party/td/TdBinding/Public -Xcc -I -Xcc /Volumes/dx/dev/_home/MTProxy/Telegram-iOS/third-party/td/Public/td -Xcc -I -Xcc /var/tmp/_bazel_afanasyev/9a39311ceb7a61706aa1e4e247e12702/rules_xcodeproj.noindex/build_output_base/execroot/_main/bazel-out/ios_arm64-dbg-ios-arm64-min13.0-ST-faee4d1e8780/bin/third-party/td/Public/td -Xcc -I -Xcc /Volumes/dx/dev/_home/MTProxy/Telegram-iOS/submodules/rlottie/PublicHeaders -Xcc -I -Xcc /var/tmp/_bazel_afanasyev/9a39311ceb7a61706aa1e4e247e12702/rules_xcodeproj.noindex/build_output_base/execroot/_main/bazel-out/ios_arm64-dbg-ios-arm64-min13.0-ST-faee4d1e8780/bin/submodules/rlottie/PublicHeaders -Xcc -I -Xcc /Volumes/dx/dev/_home/MTProxy/Telegram-iOS/submodules/AnimationCompression/DctHuffman/PublicHeaders -Xcc -I -Xcc /var/tmp/_bazel_afanasyev/9a39311ceb7a61706aa1e4e247e12702/rules_xcodeproj.noindex/build_output_base/execroot/_main/bazel-out/ios_arm64-dbg-ios-arm64-min13.0-ST-faee4d1e8780/bin/submodules/AnimationCompression/DctHuffman/PublicHeaders -Xcc -I -Xcc /Volumes/dx/dev/_home/MTProxy/Telegram-iOS/submodules/TelegramUI/Components/MeshTransform/MeshTransformApi/PublicHeaders -Xcc -I -Xcc /var/tmp/_bazel_afanasyev/9a39311ceb7a61706aa1e4e247e12702/rules_xcodeproj.noindex/build_output_base/execroot/_main/bazel-out/ios_arm64-dbg-ios-arm64-min13.0-ST-faee4d1e8780/bin/submodules/TelegramUI/Components/MeshTransform/MeshTransformApi/PublicHeaders -Xcc -I -Xcc /Volumes/dx/dev/_home/MTProxy/Telegram-iOS/submodules/OverlayStatusController/Impl/Sources -Xcc -I -Xcc /var/tmp/_bazel_afanasyev/9a39311ceb7a61706aa1e4e247e12702/rules_xcodeproj.noindex/build_output_base/execroot/_main/bazel-out/ios_arm64-dbg-ios-arm64-min13.0-ST-faee4d1e8780/bin/submodules/OverlayStatusController/Impl/Sources -Xcc -I -Xcc /Volumes/dx/dev/_home/MTProxy/Telegram-iOS/submodules/TelegramCallsUI/CallsEmoji/PublicHeaders -Xcc -I -Xcc /var/tmp/_bazel_afanasyev/9a39311ceb7a61706aa1e4e247e12702/rules_xcodeproj.noindex/build_output_base/execroot/_main/bazel-out/ios_arm64-dbg-ios-arm64-min13.0-ST-faee4d1e8780/bin/submodules/TelegramCallsUI/CallsEmoji/PublicHeaders -Xcc -I -Xcc /Volumes/dx/dev/_home/MTProxy/Telegram-iOS/submodules/Utils/ShelfPack/PublicHeaders -Xcc -I -Xcc /var/tmp/_bazel_afanasyev/9a39311ceb7a61706aa1e4e247e12702/rules_xcodeproj.noindex/build_output_base/execroot/_main/bazel-out/ios_arm64-dbg-ios-arm64-min13.0-ST-faee4d1e8780/bin/submodules/Utils/ShelfPack/PublicHeaders -Xcc -I -Xcc /Volumes/dx/dev/_home/MTProxy/Telegram-iOS/submodules/TelegramUI/Components/Chat/ChatInputTextNode/ChatInputTextViewImpl/PublicHeaders -Xcc -I -Xcc /var/tmp/_bazel_afanasyev/9a39311ceb7a61706aa1e4e247e12702/rules_xcodeproj.noindex/build_output_base/execroot/_main/bazel-out/ios_arm64-dbg-ios-arm64-min13.0-ST-faee4d1e8780/bin/submodules/TelegramUI/Components/Chat/ChatInputTextNode/ChatInputTextViewImpl/PublicHeaders -Xcc -I -Xcc /Volumes/dx/dev/_home/MTProxy/Telegram-iOS/submodules/MimeTypes/PublicHeaders -Xcc -I -Xcc /var/tmp/_bazel_afanasyev/9a39311ceb7a61706aa1e4e247e12702/rules_xcodeproj.noindex/build_output_base/execroot/_main/bazel-out/ios_arm64-dbg-ios-arm64-min13.0-ST-faee4d1e8780/bin/submodules/MimeTypes/PublicHeaders -Xcc -I -Xcc /Volumes/dx/dev/_home/MTProxy/Telegram-iOS/third-party/ZipArchive/PublicHeaders -Xcc -I -Xcc /var/tmp/_bazel_afanasyev/9a39311ceb7a61706aa1e4e247e12702/rules_xcodeproj.noindex/build_output_base/execroot/_main/bazel-out/ios_arm64-dbg-ios-arm64-min13.0-ST-faee4d1e8780/bin/third-party/ZipArchive/PublicHeaders -Xcc -I -Xcc /Volumes/dx/dev/_home/MTProxy/Telegram-iOS/submodules/LottieCpp/lottiecpp/PublicHeaders -Xcc -I -Xcc /var/tmp/_bazel_afanasyev/9a39311ceb7a61706aa1e4e247e12702/rules_xcodeproj.noindex/build_output_base/execroot/_main/bazel-out/ios_arm64-dbg-ios-arm64-min13.0-ST-faee4d1e8780/bin/submodules/LottieCpp/lottiecpp/PublicHeaders -Xcc -I -Xcc /Volumes/dx/dev/_home/MTProxy/Telegram-iOS/submodules/DeviceProximity/PublicHeaders -Xcc -I -Xcc /var/tmp/_bazel_afanasyev/9a39311ceb7a61706aa1e4e247e12702/rules_xcodeproj.noindex/build_output_base/execroot/_main/bazel-out/ios_arm64-dbg-ios-arm64-min13.0-ST-faee4d1e8780/bin/submodules/DeviceProximity/PublicHeaders -Xcc -I -Xcc /Volumes/dx/dev/_home/MTProxy/Telegram-iOS/third-party/LibYuvBinding/PublicHeaders -Xcc -I -Xcc /var/tmp/_bazel_afanasyev/9a39311ceb7a61706aa1e4e247e12702/rules_xcodeproj.noindex/build_output_base/execroot/_main/bazel-out/ios_arm64-dbg-ios-arm64-min13.0-ST-faee4d1e8780/bin/third-party/LibYuvBinding/PublicHeaders -Xcc -I -Xcc /Volumes/dx/dev/_home/MTProxy/Telegram-iOS/submodules/libphonenumber/PublicHeaders -Xcc -I -Xcc /var/tmp/_bazel_afanasyev/9a39311ceb7a61706aa1e4e247e12702/rules_xcodeproj.noindex/build_output_base/execroot/_main/bazel-out/ios_arm64-dbg-ios-arm64-min13.0-ST-faee4d1e8780/bin/submodules/libphonenumber/PublicHeaders -Xcc -I -Xcc /Volumes/dx/dev/_home/MTProxy/Telegram-iOS/submodules/BuildConfig/PublicHeaders -Xcc -I -Xcc /var/tmp/_bazel_afanasyev/9a39311ceb7a61706aa1e4e247e12702/rules_xcodeproj.noindex/build_output_base/execroot/_main/bazel-out/ios_arm64-dbg-ios-arm64-min13.0-ST-faee4d1e8780/bin/submodules/BuildConfig/PublicHeaders -Xcc -I -Xcc /Volumes/dx/dev/_home/MTProxy/Telegram-iOS/submodules/BuildConfigExtra/PublicHeaders -Xcc -I -Xcc /var/tmp/_bazel_afanasyev/9a39311ceb7a61706aa1e4e247e12702/rules_xcodeproj.noindex/build_output_base/execroot/_main/bazel-out/ios_arm64-dbg-ios-arm64-min13.0-ST-faee4d1e8780/bin/submodules/BuildConfigExtra/PublicHeaders -Xcc -I -Xcc /Volumes/dx/dev/_home/MTProxy/Telegram-iOS/submodules/PKCS/PublicHeaders -Xcc -I -Xcc /var/tmp/_bazel_afanasyev/9a39311ceb7a61706aa1e4e247e12702/rules_xcodeproj.noindex/build_output_base/execroot/_main/bazel-out/ios_arm64-dbg-ios-arm64-min13.0-ST-faee4d1e8780/bin/submodules/PKCS/PublicHeaders -Xcc -I -Xcc /Volumes/dx/dev/_home/MTProxy/Telegram-iOS/submodules/Utils/LokiRng/PublicHeaders -Xcc -I -Xcc /var/tmp/_bazel_afanasyev/9a39311ceb7a61706aa1e4e247e12702/rules_xcodeproj.noindex/build_output_base/execroot/_main/bazel-out/ios_arm64-dbg-ios-arm64-min13.0-ST-faee4d1e8780/bin/submodules/Utils/LokiRng/PublicHeaders -Xcc -I -Xcc /Volumes/dx/dev/_home/MTProxy/Telegram-iOS/submodules/Stripe/PublicHeaders -Xcc -I -Xcc /var/tmp/_bazel_afanasyev/9a39311ceb7a61706aa1e4e247e12702/rules_xcodeproj.noindex/build_output_base/execroot/_main/bazel-out/ios_arm64-dbg-ios-arm64-min13.0-ST-faee4d1e8780/bin/submodules/Stripe/PublicHeaders -Xcc -I -Xcc /Volumes/dx/dev/_home/MTProxy/Telegram-iOS/submodules/EncryptionKeyVisualization/Impl/PublicHeaders -Xcc -I -Xcc /var/tmp/_bazel_afanasyev/9a39311ceb7a61706aa1e4e247e12702/rules_xcodeproj.noindex/build_output_base/execroot/_main/bazel-out/ios_arm64-dbg-ios-arm64-min13.0-ST-faee4d1e8780/bin/submodules/EncryptionKeyVisualization/Impl/PublicHeaders -Xcc -I -Xcc /Volumes/dx/dev/_home/MTProxy/Telegram-iOS/submodules/MonotonicTime/PublicHeaders -Xcc -I -Xcc /var/tmp/_bazel_afanasyev/9a39311ceb7a61706aa1e4e247e12702/rules_xcodeproj.noindex/build_output_base/execroot/_main/bazel-out/ios_arm64-dbg-ios-arm64-min13.0-ST-faee4d1e8780/bin/submodules/MonotonicTime/PublicHeaders -Xcc -I -Xcc /Volumes/dx/dev/_home/MTProxy/Telegram-iOS/submodules/RaiseToListen/Impl/PublicHeaders -Xcc -I -Xcc /var/tmp/_bazel_afanasyev/9a39311ceb7a61706aa1e4e247e12702/rules_xcodeproj.noindex/build_output_base/execroot/_main/bazel-out/ios_arm64-dbg-ios-arm64-min13.0-ST-faee4d1e8780/bin/submodules/RaiseToListen/Impl/PublicHeaders -Xcc -I -Xcc /Volumes/dx/dev/_home/MTProxy/Telegram-iOS/submodules/OpusBinding/PublicHeaders -Xcc -I -Xcc /var/tmp/_bazel_afanasyev/9a39311ceb7a61706aa1e4e247e12702/rules_xcodeproj.noindex/build_output_base/execroot/_main/bazel-out/ios_arm64-dbg-ios-arm64-min13.0-ST-faee4d1e8780/bin/submodules/OpusBinding/PublicHeaders -Xcc -I -Xcc /Volumes/dx/dev/_home/MTProxy/Telegram-iOS/submodules/ShareItems/Impl/PublicHeaders -Xcc -I -Xcc /var/tmp/_bazel_afanasyev/9a39311ceb7a61706aa1e4e247e12702/rules_xcodeproj.noindex/build_output_base/execroot/_main/bazel-out/ios_arm64-dbg-ios-arm64-min13.0-ST-faee4d1e8780/bin/submodules/ShareItems/Impl/PublicHeaders -Xcc -I -Xcc /Volumes/dx/dev/_home/MTProxy/Telegram-iOS/submodules/OpenSSLEncryptionProvider/PublicHeaders -Xcc -I -Xcc /var/tmp/_bazel_afanasyev/9a39311ceb7a61706aa1e4e247e12702/rules_xcodeproj.noindex/build_output_base/execroot/_main/bazel-out/ios_arm64-dbg-ios-arm64-min13.0-ST-faee4d1e8780/bin/submodules/OpenSSLEncryptionProvider/PublicHeaders -Xcc -I -Xcc /Volumes/dx/dev/_home/MTProxy/Telegram-iOS/submodules/ContactsHelper/PublicHeaders -Xcc -I -Xcc /var/tmp/_bazel_afanasyev/9a39311ceb7a61706aa1e4e247e12702/rules_xcodeproj.noindex/build_output_base/execroot/_main/bazel-out/ios_arm64-dbg-ios-arm64-min13.0-ST-faee4d1e8780/bin/submodules/ContactsHelper/PublicHeaders -Xcc -iquote -Xcc /var/tmp/_bazel_afanasyev/9a39311ceb7a61706aa1e4e247e12702/rules_xcodeproj.noindex/build_output_base/execroot/_main -Xcc -iquote -Xcc /var/tmp/_bazel_afanasyev/9a39311ceb7a61706aa1e4e247e12702/rules_xcodeproj.noindex/build_output_base/execroot/_main/bazel-out/ios_arm64-dbg-ios-arm64-min13.0-ST-faee4d1e8780/bin -Xcc -isystem -Xcc /Volumes/dx/dev/_home/MTProxy/Telegram-iOS/third-party/boringssl/src/include -Xcc -isystem -Xcc /var/tmp/_bazel_afanasyev/9a39311ceb7a61706aa1e4e247e12702/rules_xcodeproj.noindex/build_output_base/execroot/_main/bazel-out/ios_arm64-dbg-ios-arm64-min13.0-ST-faee4d1e8780/bin/third-party/boringssl/src/include -Xcc -isystem -Xcc /Volumes/dx/dev/_home/MTProxy/Telegram-iOS/third-party/boringssl/ssl_headers/src/include -Xcc -isystem -Xcc /var/tmp/_bazel_afanasyev/9a39311ceb7a61706aa1e4e247e12702/rules_xcodeproj.noindex/build_output_base/execroot/_main/bazel-out/ios_arm64-dbg-ios-arm64-min13.0-ST-faee4d1e8780/bin/third-party/boringssl/ssl_headers/src/include -Xcc -isystem -Xcc /Volumes/dx/dev/_home/MTProxy/Telegram-iOS/third-party/webrtc/opus_headers -Xcc -isystem -Xcc /var/tmp/_bazel_afanasyev/9a39311ceb7a61706aa1e4e247e12702/rules_xcodeproj.noindex/build_output_base/execroot/_main/bazel-out/ios_arm64-dbg-ios-arm64-min13.0-ST-faee4d1e8780/bin/third-party/webrtc/opus_headers -Xcc -isystem -Xcc /Volumes/dx/dev/_home/MTProxy/Telegram-iOS/third-party/libyuv/third_party/libyuv/include -Xcc -isystem -Xcc /var/tmp/_bazel_afanasyev/9a39311ceb7a61706aa1e4e247e12702/rules_xcodeproj.noindex/build_output_base/execroot/_main/bazel-out/ios_arm64-dbg-ios-arm64-min13.0-ST-faee4d1e8780/bin/third-party/libyuv/third_party/libyuv/include -Xcc -isystem -Xcc /Volumes/dx/dev/_home/MTProxy/Telegram-iOS/third-party/openh264 -Xcc -isystem -Xcc /var/tmp/_bazel_afanasyev/9a39311ceb7a61706aa1e4e247e12702/rules_xcodeproj.noindex/build_output_base/execroot/_main/bazel-out/ios_arm64-dbg-ios-arm64-min13.0-ST-faee4d1e8780/bin/third-party/openh264 -Xcc -isystem -Xcc /Volumes/dx/dev/_home/MTProxy/Telegram-iOS/third-party/webrtc/field_trials_header -Xcc -isystem -Xcc /var/tmp/_bazel_afanasyev/9a39311ceb7a61706aa1e4e247e12702/rules_xcodeproj.noindex/build_output_base/execroot/_main/bazel-out/ios_arm64-dbg-ios-arm64-min13.0-ST-faee4d1e8780/bin/third-party/webrtc/field_trials_header -Xcc -isystem -Xcc /Volumes/dx/dev/_home/MTProxy/Telegram-iOS/third-party/webrtc/crc32c -Xcc -isystem -Xcc /var/tmp/_bazel_afanasyev/9a39311ceb7a61706aa1e4e247e12702/rules_xcodeproj.noindex/build_output_base/execroot/_main/bazel-out/ios_arm64-dbg-ios-arm64-min13.0-ST-faee4d1e8780/bin/third-party/webrtc/crc32c -Xcc -isystem -Xcc /Volumes/dx/dev/_home/MTProxy/Telegram-iOS/third-party/webrtc/libsrtp_config -Xcc -isystem -Xcc /var/tmp/_bazel_afanasyev/9a39311ceb7a61706aa1e4e247e12702/rules_xcodeproj.noindex/build_output_base/execroot/_main/bazel-out/ios_arm64-dbg-ios-arm64-min13.0-ST-faee4d1e8780/bin/third-party/webrtc/libsrtp_config -Xcc -isystem -Xcc /Volumes/dx/dev/_home/MTProxy/Telegram-iOS/third-party/webrtc/rnnoise -Xcc -isystem -Xcc /var/tmp/_bazel_afanasyev/9a39311ceb7a61706aa1e4e247e12702/rules_xcodeproj.noindex/build_output_base/execroot/_main/bazel-out/ios_arm64-dbg-ios-arm64-min13.0-ST-faee4d1e8780/bin/third-party/webrtc/rnnoise -Xcc -isystem -Xcc /Volumes/dx/dev/_home/MTProxy/Telegram-iOS/third-party/webrtc/pffft -Xcc -isystem -Xcc /var/tmp/_bazel_afanasyev/9a39311ceb7a61706aa1e4e247e12702/rules_xcodeproj.noindex/build_output_base/execroot/_main/bazel-out/ios_arm64-dbg-ios-arm64-min13.0-ST-faee4d1e8780/bin/third-party/webrtc/pffft -Xcc -isystem -Xcc /Volumes/dx/dev/_home/MTProxy/Telegram-iOS/third-party/webrtc/libsrtp -Xcc -isystem -Xcc /var/tmp/_bazel_afanasyev/9a39311ceb7a61706aa1e4e247e12702/rules_xcodeproj.noindex/build_output_base/execroot/_main/bazel-out/ios_arm64-dbg-ios-arm64-min13.0-ST-faee4d1e8780/bin/third-party/webrtc/libsrtp -Xcc -DMINIMAL_ASDK -Xcc -fmodule-map-file=/Volumes/dx/dev/_home/MTProxy/Telegram-iOS/third-party/recaptcha/RecaptchaEnterprise.xcframework/ios-arm64/RecaptchaEnterprise.framework/Modules/module.modulemap -Xcc -fmodule-map-file=/var/tmp/_bazel_afanasyev/9a39311ceb7a61706aa1e4e247e12702/rules_xcodeproj.noindex/build_output_base/execroot/_main/bazel-out/ios_arm64-dbg-ios-arm64-min13.0-ST-faee4d1e8780/bin/submodules/SSignalKit/SSignalKit/SSignalKit_modulemap/_/module.modulemap -Xcc -fmodule-map-file=/var/tmp/_bazel_afanasyev/9a39311ceb7a61706aa1e4e247e12702/rules_xcodeproj.noindex/build_output_base/execroot/_main/bazel-out/ios_arm64-dbg-ios-arm64-min13.0-ST-faee4d1e8780/bin/submodules/AsyncDisplayKit/AsyncDisplayKit_modulemap/_/module.modulemap -Xcc -fmodule-map-file=/var/tmp/_bazel_afanasyev/9a39311ceb7a61706aa1e4e247e12702/rules_xcodeproj.noindex/build_output_base/execroot/_main/bazel-out/ios_arm64-dbg-ios-arm64-min13.0-ST-faee4d1e8780/bin/submodules/ObjCRuntimeUtils/ObjCRuntimeUtils_modulemap/_/module.modulemap -Xcc -fmodule-map-file=/var/tmp/_bazel_afanasyev/9a39311ceb7a61706aa1e4e247e12702/rules_xcodeproj.noindex/build_output_base/execroot/_main/bazel-out/ios_arm64-dbg-ios-arm64-min13.0-ST-faee4d1e8780/bin/submodules/UIKitRuntimeUtils/UIKitRuntimeUtils_modulemap/_/module.modulemap -Xcc -fmodule-map-file=/var/tmp/_bazel_afanasyev/9a39311ceb7a61706aa1e4e247e12702/rules_xcodeproj.noindex/build_output_base/execroot/_main/bazel-out/ios_arm64-dbg-ios-arm64-min13.0-ST-faee4d1e8780/bin/submodules/AppBundle/AppBundle_modulemap/_/module.modulemap -Xcc -fmodule-map-file=/var/tmp/_bazel_afanasyev/9a39311ceb7a61706aa1e4e247e12702/rules_xcodeproj.noindex/build_output_base/execroot/_main/bazel-out/ios_arm64-dbg-ios-arm64-min13.0-ST-faee4d1e8780/bin/submodules/Crc32/Crc32_modulemap/_/module.modulemap -Xcc -fmodule-map-file=/var/tmp/_bazel_afanasyev/9a39311ceb7a61706aa1e4e247e12702/rules_xcodeproj.noindex/build_output_base/execroot/_main/bazel-out/ios_arm64-dbg-ios-arm64-min13.0-ST-faee4d1e8780/bin/submodules/sqlcipher/sqlcipher_modulemap/_/module.modulemap -Xcc -fmodule-map-file=/var/tmp/_bazel_afanasyev/9a39311ceb7a61706aa1e4e247e12702/rules_xcodeproj.noindex/build_output_base/execroot/_main/bazel-out/ios_arm64-dbg-ios-arm64-min13.0-ST-faee4d1e8780/bin/submodules/MurMurHash32/MurMurHash32_modulemap/_/module.modulemap -Xcc -fmodule-map-file=/var/tmp/_bazel_afanasyev/9a39311ceb7a61706aa1e4e247e12702/rules_xcodeproj.noindex/build_output_base/execroot/_main/bazel-out/ios_arm64-dbg-ios-arm64-min13.0-ST-faee4d1e8780/bin/submodules/StringTransliteration/StringTransliteration_modulemap/_/module.modulemap -Xcc -fmodule-map-file=/var/tmp/_bazel_afanasyev/9a39311ceb7a61706aa1e4e247e12702/rules_xcodeproj.noindex/build_output_base/execroot/_main/bazel-out/ios_arm64-dbg-ios-arm64-min13.0-ST-faee4d1e8780/bin/submodules/CryptoUtils/CryptoUtils_modulemap/_/module.modulemap -Xcc -fmodule-map-file=/var/tmp/_bazel_afanasyev/9a39311ceb7a61706aa1e4e247e12702/rules_xcodeproj.noindex/build_output_base/execroot/_main/bazel-out/ios_arm64-dbg-ios-arm64-min13.0-ST-faee4d1e8780/bin/submodules/Utils/DarwinDirStat/DarwinDirStat_modulemap/_/module.modulemap -Xcc -fmodule-map-file=/var/tmp/_bazel_afanasyev/9a39311ceb7a61706aa1e4e247e12702/rules_xcodeproj.noindex/build_output_base/execroot/_main/bazel-out/ios_arm64-dbg-ios-arm64-min13.0-ST-faee4d1e8780/bin/submodules/EncryptionProvider/EncryptionProvider_modulemap/_/module.modulemap -Xcc -fmodule-map-file=/var/tmp/_bazel_afanasyev/9a39311ceb7a61706aa1e4e247e12702/rules_xcodeproj.noindex/build_output_base/execroot/_main/bazel-out/ios_arm64-dbg-ios-arm64-min13.0-ST-faee4d1e8780/bin/submodules/MtProtoKit/MtProtoKit_modulemap/_/module.modulemap -Xcc -fmodule-map-file=/var/tmp/_bazel_afanasyev/9a39311ceb7a61706aa1e4e247e12702/rules_xcodeproj.noindex/build_output_base/execroot/_main/bazel-out/ios_arm64-dbg-ios-arm64-min13.0-ST-faee4d1e8780/bin/submodules/NetworkLogging/NetworkLogging_modulemap/_/module.modulemap -Xcc -fmodule-map-file=/var/tmp/_bazel_afanasyev/9a39311ceb7a61706aa1e4e247e12702/rules_xcodeproj.noindex/build_output_base/execroot/_main/bazel-out/ios_arm64-dbg-ios-arm64-min13.0-ST-faee4d1e8780/bin/submodules/Reachability/LegacyReachability/LegacyReachability_modulemap/_/module.modulemap -Xcc -fmodule-map-file=/var/tmp/_bazel_afanasyev/9a39311ceb7a61706aa1e4e247e12702/rules_xcodeproj.noindex/build_output_base/execroot/_main/bazel-out/ios_arm64-dbg-ios-arm64-min13.0-ST-faee4d1e8780/bin/submodules/NumberPluralizationForm/NumberPluralizationForm_modulemap/_/module.modulemap -Xcc -fmodule-map-file=/var/tmp/_bazel_afanasyev/9a39311ceb7a61706aa1e4e247e12702/rules_xcodeproj.noindex/build_output_base/execroot/_main/bazel-out/ios_arm64-dbg-ios-arm64-min13.0-ST-faee4d1e8780/bin/submodules/Sunrise/Sunrise_modulemap/_/module.modulemap -Xcc -fmodule-map-file=/var/tmp/_bazel_afanasyev/9a39311ceb7a61706aa1e4e247e12702/rules_xcodeproj.noindex/build_output_base/execroot/_main/bazel-out/ios_arm64-dbg-ios-arm64-min13.0-ST-faee4d1e8780/bin/submodules/FastBlur/FastBlur_modulemap/_/module.modulemap -Xcc -fmodule-map-file=/var/tmp/_bazel_afanasyev/9a39311ceb7a61706aa1e4e247e12702/rules_xcodeproj.noindex/build_output_base/execroot/_main/bazel-out/ios_arm64-dbg-ios-arm64-min13.0-ST-faee4d1e8780/bin/Telegram/PresentationStrings_modulemap/_/module.modulemap -Xcc -fmodule-map-file=/var/tmp/_bazel_afanasyev/9a39311ceb7a61706aa1e4e247e12702/rules_xcodeproj.noindex/build_output_base/execroot/_main/bazel-out/ios_arm64-dbg-ios-arm64-min13.0-ST-faee4d1e8780/bin/third-party/boost_regex/boost_regex_modulemap/_/module.modulemap -Xcc -fmodule-map-file=/var/tmp/_bazel_afanasyev/9a39311ceb7a61706aa1e4e247e12702/rules_xcodeproj.noindex/build_output_base/execroot/_main/bazel-out/ios_arm64-dbg-ios-arm64-min13.0-ST-faee4d1e8780/bin/third-party/libprisma/libprisma_modulemap/_/module.modulemap -Xcc -fmodule-map-file=/var/tmp/_bazel_afanasyev/9a39311ceb7a61706aa1e4e247e12702/rules_xcodeproj.noindex/build_output_base/execroot/_main/bazel-out/ios_arm64-dbg-ios-arm64-min13.0-ST-faee4d1e8780/bin/third-party/libvpx/vpx_modulemap/_/module.modulemap -Xcc -fmodule-map-file=/var/tmp/_bazel_afanasyev/9a39311ceb7a61706aa1e4e247e12702/rules_xcodeproj.noindex/build_output_base/execroot/_main/bazel-out/ios_arm64-dbg-ios-arm64-min13.0-ST-faee4d1e8780/bin/third-party/opus/opus_modulemap/_/module.modulemap -Xcc -fmodule-map-file=/var/tmp/_bazel_afanasyev/9a39311ceb7a61706aa1e4e247e12702/rules_xcodeproj.noindex/build_output_base/execroot/_main/bazel-out/ios_arm64-dbg-ios-arm64-min13.0-ST-faee4d1e8780/bin/third-party/dav1d/dav1d_modulemap/_/module.modulemap -Xcc -fmodule-map-file=/var/tmp/_bazel_afanasyev/9a39311ceb7a61706aa1e4e247e12702/rules_xcodeproj.noindex/build_output_base/execroot/_main/bazel-out/ios_arm64-dbg-ios-arm64-min13.0-ST-faee4d1e8780/bin/submodules/ffmpeg/ffmpeg_modulemap/_/module.modulemap -Xcc -fmodule-map-file=/var/tmp/_bazel_afanasyev/9a39311ceb7a61706aa1e4e247e12702/rules_xcodeproj.noindex/build_output_base/execroot/_main/bazel-out/ios_arm64-dbg-ios-arm64-min13.0-ST-faee4d1e8780/bin/submodules/FFMpegBinding/FFMpegBinding_modulemap/_/module.modulemap -Xcc -fmodule-map-file=/var/tmp/_bazel_afanasyev/9a39311ceb7a61706aa1e4e247e12702/rules_xcodeproj.noindex/build_output_base/execroot/_main/bazel-out/ios_arm64-dbg-ios-arm64-min13.0-ST-faee4d1e8780/bin/submodules/RingBuffer/RingBuffer_modulemap/_/module.modulemap -Xcc -fmodule-map-file=/var/tmp/_bazel_afanasyev/9a39311ceb7a61706aa1e4e247e12702/rules_xcodeproj.noindex/build_output_base/execroot/_main/bazel-out/ios_arm64-dbg-ios-arm64-min13.0-ST-faee4d1e8780/bin/submodules/YuvConversion/YuvConversion_modulemap/_/module.modulemap -Xcc -fmodule-map-file=/var/tmp/_bazel_afanasyev/9a39311ceb7a61706aa1e4e247e12702/rules_xcodeproj.noindex/build_output_base/execroot/_main/bazel-out/ios_arm64-dbg-ios-arm64-min13.0-ST-faee4d1e8780/bin/submodules/TelegramUI/Components/AnimationCache/ImageDCT/ImageDCT_modulemap/_/module.modulemap -Xcc -fmodule-map-file=/var/tmp/_bazel_afanasyev/9a39311ceb7a61706aa1e4e247e12702/rules_xcodeproj.noindex/build_output_base/execroot/_main/bazel-out/ios_arm64-dbg-ios-arm64-min13.0-ST-faee4d1e8780/bin/submodules/LegacyComponents/LegacyComponents_modulemap/_/module.modulemap -Xcc -fmodule-map-file=/var/tmp/_bazel_afanasyev/9a39311ceb7a61706aa1e4e247e12702/rules_xcodeproj.noindex/build_output_base/execroot/_main/bazel-out/ios_arm64-dbg-ios-arm64-min13.0-ST-faee4d1e8780/bin/third-party/webp/webp_modulemap/_/module.modulemap -Xcc -fmodule-map-file=/var/tmp/_bazel_afanasyev/9a39311ceb7a61706aa1e4e247e12702/rules_xcodeproj.noindex/build_output_base/execroot/_main/bazel-out/ios_arm64-dbg-ios-arm64-min13.0-ST-faee4d1e8780/bin/submodules/WebPBinding/WebPBinding_modulemap/_/module.modulemap -Xcc -fmodule-map-file=/var/tmp/_bazel_afanasyev/9a39311ceb7a61706aa1e4e247e12702/rules_xcodeproj.noindex/build_output_base/execroot/_main/bazel-out/ios_arm64-dbg-ios-arm64-min13.0-ST-faee4d1e8780/bin/submodules/RMIntro/RMIntro_modulemap/_/module.modulemap -Xcc -fmodule-map-file=/var/tmp/_bazel_afanasyev/9a39311ceb7a61706aa1e4e247e12702/rules_xcodeproj.noindex/build_output_base/execroot/_main/bazel-out/ios_arm64-dbg-ios-arm64-min13.0-ST-faee4d1e8780/bin/submodules/GZip/GZip_modulemap/_/module.modulemap -Xcc -fmodule-map-file=/var/tmp/_bazel_afanasyev/9a39311ceb7a61706aa1e4e247e12702/rules_xcodeproj.noindex/build_output_base/execroot/_main/bazel-out/ios_arm64-dbg-ios-arm64-min13.0-ST-faee4d1e8780/bin/submodules/Svg/Svg_modulemap/_/module.modulemap -Xcc -fmodule-map-file=/var/tmp/_bazel_afanasyev/9a39311ceb7a61706aa1e4e247e12702/rules_xcodeproj.noindex/build_output_base/execroot/_main/bazel-out/ios_arm64-dbg-ios-arm64-min13.0-ST-faee4d1e8780/bin/third-party/mozjpeg/mozjpeg_modulemap/_/module.modulemap -Xcc -fmodule-map-file=/var/tmp/_bazel_afanasyev/9a39311ceb7a61706aa1e4e247e12702/rules_xcodeproj.noindex/build_output_base/execroot/_main/bazel-out/ios_arm64-dbg-ios-arm64-min13.0-ST-faee4d1e8780/bin/submodules/MozjpegBinding/MozjpegBinding_modulemap/_/module.modulemap -Xcc -fmodule-map-file=/var/tmp/_bazel_afanasyev/9a39311ceb7a61706aa1e4e247e12702/rules_xcodeproj.noindex/build_output_base/execroot/_main/bazel-out/ios_arm64-dbg-ios-arm64-min13.0-ST-faee4d1e8780/bin/third-party/webrtc/webrtc_modulemap/_/module.modulemap -Xcc -fmodule-map-file=/var/tmp/_bazel_afanasyev/9a39311ceb7a61706aa1e4e247e12702/rules_xcodeproj.noindex/build_output_base/execroot/_main/bazel-out/ios_arm64-dbg-ios-arm64-min13.0-ST-faee4d1e8780/bin/third-party/webrtc/webrtc_objc_modulemap/_/module.modulemap -Xcc -fmodule-map-file=/var/tmp/_bazel_afanasyev/9a39311ceb7a61706aa1e4e247e12702/rules_xcodeproj.noindex/build_output_base/execroot/_main/bazel-out/ios_arm64-dbg-ios-arm64-min13.0-ST-faee4d1e8780/bin/third-party/ogg/ogg_modulemap/_/module.modulemap -Xcc -fmodule-map-file=/var/tmp/_bazel_afanasyev/9a39311ceb7a61706aa1e4e247e12702/rules_xcodeproj.noindex/build_output_base/execroot/_main/bazel-out/ios_arm64-dbg-ios-arm64-min13.0-ST-faee4d1e8780/bin/third-party/opusfile/opusfile_modulemap/_/module.modulemap -Xcc -fmodule-map-file=/var/tmp/_bazel_afanasyev/9a39311ceb7a61706aa1e4e247e12702/rules_xcodeproj.noindex/build_output_base/execroot/_main/bazel-out/ios_arm64-dbg-ios-arm64-min13.0-ST-faee4d1e8780/bin/third-party/rnnoise/rnnoise_modulemap/_/module.modulemap -Xcc -fmodule-map-file=/var/tmp/_bazel_afanasyev/9a39311ceb7a61706aa1e4e247e12702/rules_xcodeproj.noindex/build_output_base/execroot/_main/bazel-out/ios_arm64-dbg-ios-arm64-min13.0-ST-faee4d1e8780/bin/third-party/td/td_modulemap/_/module.modulemap -Xcc -fmodule-map-file=/var/tmp/_bazel_afanasyev/9a39311ceb7a61706aa1e4e247e12702/rules_xcodeproj.noindex/build_output_base/execroot/_main/bazel-out/ios_arm64-dbg-ios-arm64-min13.0-ST-faee4d1e8780/bin/third-party/td/TdBinding_modulemap/_/module.modulemap -Xcc -fmodule-map-file=/var/tmp/_bazel_afanasyev/9a39311ceb7a61706aa1e4e247e12702/rules_xcodeproj.noindex/build_output_base/execroot/_main/bazel-out/ios_arm64-dbg-ios-arm64-min13.0-ST-faee4d1e8780/bin/submodules/TgVoipWebrtc/TgVoipWebrtc_modulemap/_/module.modulemap -Xcc -fmodule-map-file=/var/tmp/_bazel_afanasyev/9a39311ceb7a61706aa1e4e247e12702/rules_xcodeproj.noindex/build_output_base/execroot/_main/bazel-out/ios_arm64-dbg-ios-arm64-min13.0-ST-faee4d1e8780/bin/submodules/rlottie/RLottieBinding_modulemap/_/module.modulemap -Xcc -fmodule-map-file=/var/tmp/_bazel_afanasyev/9a39311ceb7a61706aa1e4e247e12702/rules_xcodeproj.noindex/build_output_base/execroot/_main/bazel-out/ios_arm64-dbg-ios-arm64-min13.0-ST-faee4d1e8780/bin/submodules/AnimationCompression/DctHuffman_modulemap/_/module.modulemap -Xcc -fmodule-map-file=/var/tmp/_bazel_afanasyev/9a39311ceb7a61706aa1e4e247e12702/rules_xcodeproj.noindex/build_output_base/execroot/_main/bazel-out/ios_arm64-dbg-ios-arm64-min13.0-ST-faee4d1e8780/bin/submodules/TelegramUI/Components/MeshTransform/MeshTransformApi/MeshTransformApi_modulemap/_/module.modulemap -Xcc -fmodule-map-file=/var/tmp/_bazel_afanasyev/9a39311ceb7a61706aa1e4e247e12702/rules_xcodeproj.noindex/build_output_base/execroot/_main/bazel-out/ios_arm64-dbg-ios-arm64-min13.0-ST-faee4d1e8780/bin/submodules/OverlayStatusController/Impl/OverlayStatusControllerImpl_modulemap/_/module.modulemap -Xcc -fmodule-map-file=/var/tmp/_bazel_afanasyev/9a39311ceb7a61706aa1e4e247e12702/rules_xcodeproj.noindex/build_output_base/execroot/_main/bazel-out/ios_arm64-dbg-ios-arm64-min13.0-ST-faee4d1e8780/bin/submodules/TelegramCallsUI/CallsEmoji/CallsEmoji_modulemap/_/module.modulemap -Xcc -fmodule-map-file=/var/tmp/_bazel_afanasyev/9a39311ceb7a61706aa1e4e247e12702/rules_xcodeproj.noindex/build_output_base/execroot/_main/bazel-out/ios_arm64-dbg-ios-arm64-min13.0-ST-faee4d1e8780/bin/submodules/Utils/ShelfPack/ShelfPack_modulemap/_/module.modulemap -Xcc -fmodule-map-file=/var/tmp/_bazel_afanasyev/9a39311ceb7a61706aa1e4e247e12702/rules_xcodeproj.noindex/build_output_base/execroot/_main/bazel-out/ios_arm64-dbg-ios-arm64-min13.0-ST-faee4d1e8780/bin/submodules/TelegramUI/Components/Chat/ChatInputTextNode/ChatInputTextViewImpl/ChatInputTextViewImpl_modulemap/_/module.modulemap -Xcc -fmodule-map-file=/var/tmp/_bazel_afanasyev/9a39311ceb7a61706aa1e4e247e12702/rules_xcodeproj.noindex/build_output_base/execroot/_main/bazel-out/ios_arm64-dbg-ios-arm64-min13.0-ST-faee4d1e8780/bin/submodules/MimeTypes/MimeTypes_modulemap/_/module.modulemap -Xcc -fmodule-map-file=/var/tmp/_bazel_afanasyev/9a39311ceb7a61706aa1e4e247e12702/rules_xcodeproj.noindex/build_output_base/execroot/_main/bazel-out/ios_arm64-dbg-ios-arm64-min13.0-ST-faee4d1e8780/bin/third-party/ZipArchive/ZipArchive_modulemap/_/module.modulemap -Xcc -fmodule-map-file=/var/tmp/_bazel_afanasyev/9a39311ceb7a61706aa1e4e247e12702/rules_xcodeproj.noindex/build_output_base/execroot/_main/bazel-out/ios_arm64-dbg-ios-arm64-min13.0-ST-faee4d1e8780/bin/submodules/LottieCpp/LottieCpp_modulemap/_/module.modulemap -Xcc -fmodule-map-file=/var/tmp/_bazel_afanasyev/9a39311ceb7a61706aa1e4e247e12702/rules_xcodeproj.noindex/build_output_base/execroot/_main/bazel-out/ios_arm64-dbg-ios-arm64-min13.0-ST-faee4d1e8780/bin/submodules/DeviceProximity/DeviceProximity_modulemap/_/module.modulemap -Xcc -fmodule-map-file=/var/tmp/_bazel_afanasyev/9a39311ceb7a61706aa1e4e247e12702/rules_xcodeproj.noindex/build_output_base/execroot/_main/bazel-out/ios_arm64-dbg-ios-arm64-min13.0-ST-faee4d1e8780/bin/third-party/LibYuvBinding/LibYuvBinding_modulemap/_/module.modulemap -Xcc -fmodule-map-file=/var/tmp/_bazel_afanasyev/9a39311ceb7a61706aa1e4e247e12702/rules_xcodeproj.noindex/build_output_base/execroot/_main/bazel-out/ios_arm64-dbg-ios-arm64-min13.0-ST-faee4d1e8780/bin/submodules/libphonenumber/libphonenumber_modulemap/_/module.modulemap -Xcc -fmodule-map-file=/var/tmp/_bazel_afanasyev/9a39311ceb7a61706aa1e4e247e12702/rules_xcodeproj.noindex/build_output_base/execroot/_main/bazel-out/ios_arm64-dbg-ios-arm64-min13.0-ST-faee4d1e8780/bin/submodules/BuildConfig/BuildConfig_modulemap/_/module.modulemap -Xcc -fmodule-map-file=/var/tmp/_bazel_afanasyev/9a39311ceb7a61706aa1e4e247e12702/rules_xcodeproj.noindex/build_output_base/execroot/_main/bazel-out/ios_arm64-dbg-ios-arm64-min13.0-ST-faee4d1e8780/bin/submodules/PKCS/PKCS_modulemap/_/module.modulemap -Xcc -fmodule-map-file=/var/tmp/_bazel_afanasyev/9a39311ceb7a61706aa1e4e247e12702/rules_xcodeproj.noindex/build_output_base/execroot/_main/bazel-out/ios_arm64-dbg-ios-arm64-min13.0-ST-faee4d1e8780/bin/submodules/BuildConfigExtra/BuildConfigExtra_modulemap/_/module.modulemap -Xcc -fmodule-map-file=/var/tmp/_bazel_afanasyev/9a39311ceb7a61706aa1e4e247e12702/rules_xcodeproj.noindex/build_output_base/execroot/_main/bazel-out/ios_arm64-dbg-ios-arm64-min13.0-ST-faee4d1e8780/bin/submodules/Utils/LokiRng/LokiRng_modulemap/_/module.modulemap -Xcc -fmodule-map-file=/var/tmp/_bazel_afanasyev/9a39311ceb7a61706aa1e4e247e12702/rules_xcodeproj.noindex/build_output_base/execroot/_main/bazel-out/ios_arm64-dbg-ios-arm64-min13.0-ST-faee4d1e8780/bin/submodules/Stripe/Stripe_modulemap/_/module.modulemap -Xcc -fmodule-map-file=/var/tmp/_bazel_afanasyev/9a39311ceb7a61706aa1e4e247e12702/rules_xcodeproj.noindex/build_output_base/execroot/_main/bazel-out/ios_arm64-dbg-ios-arm64-min13.0-ST-faee4d1e8780/bin/submodules/EncryptionKeyVisualization/Impl/EncryptionKeyVisualizationImpl_modulemap/_/module.modulemap -Xcc -fmodule-map-file=/var/tmp/_bazel_afanasyev/9a39311ceb7a61706aa1e4e247e12702/rules_xcodeproj.noindex/build_output_base/execroot/_main/bazel-out/ios_arm64-dbg-ios-arm64-min13.0-ST-faee4d1e8780/bin/submodules/MonotonicTime/MonotonicTime_modulemap/_/module.modulemap -Xcc -fmodule-map-file=/var/tmp/_bazel_afanasyev/9a39311ceb7a61706aa1e4e247e12702/rules_xcodeproj.noindex/build_output_base/execroot/_main/bazel-out/ios_arm64-dbg-ios-arm64-min13.0-ST-faee4d1e8780/bin/submodules/RaiseToListen/Impl/RaiseToListenImpl_modulemap/_/module.modulemap -Xcc -fmodule-map-file=/var/tmp/_bazel_afanasyev/9a39311ceb7a61706aa1e4e247e12702/rules_xcodeproj.noindex/build_output_base/execroot/_main/bazel-out/ios_arm64-dbg-ios-arm64-min13.0-ST-faee4d1e8780/bin/submodules/OpusBinding/OpusBinding_modulemap/_/module.modulemap -Xcc -fmodule-map-file=/var/tmp/_bazel_afanasyev/9a39311ceb7a61706aa1e4e247e12702/rules_xcodeproj.noindex/build_output_base/execroot/_main/bazel-out/ios_arm64-dbg-ios-arm64-min13.0-ST-faee4d1e8780/bin/submodules/ShareItems/Impl/ShareItemsImpl_modulemap/_/module.modulemap -Xcc -fmodule-map-file=/var/tmp/_bazel_afanasyev/9a39311ceb7a61706aa1e4e247e12702/rules_xcodeproj.noindex/build_output_base/execroot/_main/bazel-out/ios_arm64-dbg-ios-arm64-min13.0-ST-faee4d1e8780/bin/submodules/OpenSSLEncryptionProvider/OpenSSLEncryptionProvider_modulemap/_/module.modulemap -Xcc -fmodule-map-file=/var/tmp/_bazel_afanasyev/9a39311ceb7a61706aa1e4e247e12702/rules_xcodeproj.noindex/build_output_base/execroot/_main/bazel-out/ios_arm64-dbg-ios-arm64-min13.0-ST-faee4d1e8780/bin/submodules/ContactsHelper/ContactsHelper_modulemap/_/module.modulemap -Xfrontend -disable-autolink-framework -Xfrontend RecaptchaEnterprise -DMINIMAL_ASDK -Xfrontend -disable-clang-spi -enable-experimental-feature AccessLevelOnImport -static -Xcc -O0 -Xcc -DDEBUG=1 -Xcc -fstack-protector -Xcc -fstack-protector-all -j 8 -Xfrontend -checked-async-objc-bridging=on"
    export OTHER_SWIFT_STDLIB_TOOL_FLAGS=
    export OTHER_TAPI_FLAGS=
    export OutputFormat=
    export PACKAGE_TYPE=com.apple.package-type.wrapper.application
    export PASCAL_STRINGS=YES
    export PATH="/Applications/Xcode.app/Contents/Developer/usr/bin:/Users/afanasyev/yandex-cloud/bin:/opt/homebrew/opt/openjdk@17/bin:/Users/afanasyev/.local/bin:/usr/local/bin:/System/Cryptexes/App/usr/bin:/usr/bin:/bin:/usr/sbin:/sbin:/var/run/com.apple.security.cryptexd/codex.system/bootstrap/usr/local/bin:/var/run/com.apple.security.cryptexd/codex.system/bootstrap/usr/bin:/var/run/com.apple.security.cryptexd/codex.system/bootstrap/usr/appleinternal/bin:/opt/pkg/env/active/bin:/opt/pmk/env/global/bin:/Library/Apple/usr/bin:/opt/homebrew/bin"
    export PATH_PREFIXES_EXCLUDED_FROM_HEADER_DEPENDENCIES="/usr/include /usr/local/include /System/Library/Frameworks /System/Library/PrivateFrameworks /Applications/Xcode.app/Contents/Developer/Headers /Applications/Xcode.app/Contents/Developer/SDKs /Applications/Xcode.app/Contents/Developer/Platforms"
    export PBDEVELOPMENTPLIST_PATH=Telegram.app/pbdevelopment.plist
    export PBXCP_BITCODE_STRIP_MODE=
    export PBXCP_BITCODE_STRIP_TOOL=
    export PBXCP_EXCLUDE_SUBPATHS=
    export PBXCP_IGNORE_MISSING_INPUTS=NO
    export PBXCP_INCLUDE_ONLY_SUBPATHS=
    export PBXCP_STRIP_BITCODE=NO
    export PBXCP_STRIP_SUBPATHS=
    export PBXCP_STRIP_TOOL=
    export PBXCP_STRIP_UNSIGNED_BINARIES=NO
    export PER_ARCH_MODULE_FILE_DIR=/Modules
    export PFE_FILE_C_DIALECTS=
    export PKGINFO_PATH=Telegram.app/PkgInfo
    export PLATFORM_DEVELOPER_APPLICATIONS_DIR=/Applications/Xcode.app/Contents/Developer/Platforms/iPhoneOS.platform/Developer/Applications
    export PLATFORM_DEVELOPER_BIN_DIR=/Applications/Xcode.app/Contents/Developer/Platforms/iPhoneOS.platform/Developer/usr/bin
    export PLATFORM_DEVELOPER_LIBRARY_DIR=/Applications/Xcode.app/Contents/Developer/Platforms/iPhoneOS.platform/Developer/Library
    export PLATFORM_DEVELOPER_SDK_DIR=/Applications/Xcode.app/Contents/Developer/Platforms/iPhoneOS.platform/Developer/SDKs
    export PLATFORM_DEVELOPER_TOOLS_DIR=/Applications/Xcode.app/Contents/Developer/Platforms/iPhoneOS.platform/Developer/Tools
    export PLATFORM_DEVELOPER_USR_DIR=/Applications/Xcode.app/Contents/Developer/Platforms/iPhoneOS.platform/Developer/usr
    export PLATFORM_DIR=/Applications/Xcode.app/Contents/Developer/Platforms/iPhoneOS.platform
    export PLATFORM_DISPLAY_NAME=iOS
    export PLATFORM_NAME=iphoneos
    export PLATFORM_PREFERRED_ARCH=undefined_arch
    export PLATFORM_PRODUCT_BUILD_VERSION=23E5233a
    export PLIST_FILE_OUTPUT_FORMAT=binary
    export PLUGINS_FOLDER_PATH=Telegram.app/PlugIns
    export PRECOMPILE_PREFIX_HEADER=
    export PRECOMPS_INCLUDE_HEADERS_FROM_BUILT_PRODUCTS_DIR=YES
    export PRECOMP_DESTINATION_DIR=/Users/afanasyev/Library/Developer/Xcode/DerivedData/Telegram-bgradtrcdafgqwbewbqamjmitizp/Build/Intermediates.noindex/Telegram.build/bazel-out/ios_arm64-dbg-ios-arm64-min13.0-ST-faee4d1e8780/bin/Telegram/Telegram/PrefixHeaders
    export PREFIX_CFLAG_BASE=
    export PREFIX_FLAGS=
    export PREFIX_HEADER=
    export PREFIX_REFERENCE=
    export PRELINK_FLAGS=
    export PRELINK_LIBS=
    export PREVIEWS_SWIFT_INCLUDE__=
    export PREVIEWS_SWIFT_INCLUDE__NO=
    export PREVIEWS_SWIFT_INCLUDE__YES=-I/var/tmp/_bazel_afanasyev/9a39311ceb7a61706aa1e4e247e12702/rules_xcodeproj.noindex/build_output_base/execroot/_main/bazel-out/ios_arm64-dbg-ios-arm64-min13.0-ST-faee4d1e8780/bin/Telegram
    export PRIVATE_HEADERS_FOLDER_PATH=Telegram.app/PrivateHeaders
    export PROCESSED_INFOPLIST_PATH=/Users/afanasyev/Library/Developer/Xcode/DerivedData/Telegram-bgradtrcdafgqwbewbqamjmitizp/Build/Intermediates.noindex/Telegram.build/bazel-out/ios_arm64-dbg-ios-arm64-min13.0-ST-faee4d1e8780/bin/Telegram/Telegram/Objects-normal/undefined_arch/Processed-Info.plist
    export PRODUCT_BUNDLE_IDENTIFIER=org.toxeh.ChatOverTSPU
    export PRODUCT_BUNDLE_PACKAGE_TYPE=APPL
    export PRODUCT_DEFINITION_PLIST=
    export PRODUCT_MODULE_NAME=Lib
    export PRODUCT_NAME=Telegram
    export PRODUCT_TYPE=com.apple.product-type.application
    export PRODUCT_TYPE_SWIFT_STDLIB_TOOL_FLAGS=
    export PROFILING_CODE=NO
    export PROJECT=Telegram
    export PROJECT_DERIVED_FILE_DIR=/Users/afanasyev/Library/Developer/Xcode/DerivedData/Telegram-bgradtrcdafgqwbewbqamjmitizp/Build/Intermediates.noindex/Telegram.build/DerivedSources
    export PROJECT_DIR=/var/tmp/_bazel_afanasyev/9a39311ceb7a61706aa1e4e247e12702/rules_xcodeproj.noindex/build_output_base/execroot/_main
    export PROJECT_FILE_PATH=/Volumes/dx/dev/_home/MTProxy/Telegram-iOS/Telegram/Telegram.xcodeproj
    export PROJECT_NAME=Telegram
    export PROJECT_TEMP_DIR=/Users/afanasyev/Library/Developer/Xcode/DerivedData/Telegram-bgradtrcdafgqwbewbqamjmitizp/Build/Intermediates.noindex/Telegram.build
    export PROJECT_TEMP_ROOT=/Users/afanasyev/Library/Developer/Xcode/DerivedData/Telegram-bgradtrcdafgqwbewbqamjmitizp/Build/Intermediates.noindex
    export PROVISIONING_PROFILE=
    export PROVISIONING_PROFILE_DESTINATION_PATH=/Users/afanasyev/Library/Developer/Xcode/DerivedData/Telegram-bgradtrcdafgqwbewbqamjmitizp/Build/Products/Debug-iphoneos/bazel-out/ios_arm64-dbg-ios-arm64-min13.0-ST-faee4d1e8780/bin/Telegram/Telegram.app
    export PROVISIONING_PROFILE_REQUIRED=YES
    export PROVISIONING_PROFILE_REQUIRED_YES_YES=YES
    export PROVISIONING_PROFILE_SPECIFIER=
    export PROVISIONING_PROFILE_SUPPORTED=YES
    export PUBLIC_HEADERS_FOLDER_PATH=Telegram.app/Headers
    export PWD=/Volumes/dx/dev/_home/MTProxy/Telegram-iOS
    export REALITYASSET_DEPLOYMENT_TARGET=13.0
    export RECURSIVE_SEARCH_PATHS_FOLLOW_SYMLINKS=YES
    export REFERENCEOBJECT_STRIP_USDZ=NO
    export REGISTER_APP_GROUPS=
    export REMOVE_CVS_FROM_RESOURCES=YES
    export REMOVE_GIT_FROM_RESOURCES=YES
    export REMOVE_HEADERS_FROM_EMBEDDED_BUNDLES=YES
    export REMOVE_HEADER_DIRECTORIES=NO
    export REMOVE_HG_FROM_RESOURCES=YES
    export REMOVE_STATIC_EXECUTABLES_FROM_EMBEDDED_BUNDLES=YES
    export REMOVE_SVN_FROM_RESOURCES=YES
    export RESCHEDULE_INDEPENDENT_HEADERS_PHASES=YES
    export RESMERGER_SOURCES_FORK=auto
    export RESOLVED_REPOSITORIES="\"./external/rules_apple+\" \"/Volumes/dx/dev/_home/MTProxy/Telegram-iOS/build-system/bazel-rules/rules_apple\" \".\" \"/Volumes/dx/dev/_home/MTProxy/Telegram-iOS\""
    export RESOURCES_PLATFORM_NAME=
    export RESOURCES_UI_FRAMEWORK_FAMILY=
    export RESOURCE_RULES_PLIST_PATH=
    export RETAIN_RAW_BINARIES=
    export REZ_COLLECTOR_DIR=/Users/afanasyev/Library/Developer/Xcode/DerivedData/Telegram-bgradtrcdafgqwbewbqamjmitizp/Build/Intermediates.noindex/Telegram.build/bazel-out/ios_arm64-dbg-ios-arm64-min13.0-ST-faee4d1e8780/bin/Telegram/Telegram/ResourceManagerResources
    export REZ_EXECUTABLE=
    export REZ_OBJECTS_DIR=/Users/afanasyev/Library/Developer/Xcode/DerivedData/Telegram-bgradtrcdafgqwbewbqamjmitizp/Build/Intermediates.noindex/Telegram.build/bazel-out/ios_arm64-dbg-ios-arm64-min13.0-ST-faee4d1e8780/bin/Telegram/Telegram/ResourceManagerResources/Objects
    export REZ_PREFIX_FILE=
    export REZ_PREPROCESSOR_DEFINITIONS=
    export REZ_PREPROCESSOR_UNDEFINITIONS=
    export REZ_RESOLVE_ALIASES=Always
    export REZ_RESOURCE_MAP_READ_ONLY=NO
    export REZ_SCRIPT_TYPE=Roman
    export REZ_SEARCH_PATHS=
    export REZ_SHOW_DEBUG_OUTPUT=NO
    export REZ_SUPPRESS_REDECLARED_RESOURCE_TYPE_WARNINGS=NO
    export RULES_XCODEPROJ_BUILD_MODE=bazel
    export RUNTIME_EXCEPTION_ALLOW_DYLD_ENVIRONMENT_VARIABLES=NO
    export RUNTIME_EXCEPTION_ALLOW_JIT=NO
    export RUNTIME_EXCEPTION_ALLOW_UNSIGNED_EXECUTABLE_MEMORY=NO
    export RUNTIME_EXCEPTION_DEBUGGING_TOOL=NO
    export RUNTIME_EXCEPTION_DISABLE_EXECUTABLE_PAGE_PROTECTION=NO
    export RUNTIME_EXCEPTION_DISABLE_LIBRARY_VALIDATION=NO
    export RUN_CLANG_STATIC_ANALYZER=NO
    export RUN_DESTINATION_DEVICE_ECID=4908332150390814
    export RUN_DESTINATION_DEVICE_MODEL=iPhone14,2
    export RUN_DESTINATION_DEVICE_NAME="iPhone Anton"
    export RUN_DESTINATION_DEVICE_OS_VERSION=26.4
    export RUN_DESTINATION_DEVICE_PLATFORM_IDENTIFIER=com.apple.platform.iphoneos
    export RUN_DESTINATION_DEVICE_PLATFORM_NAME=iphoneos
    export RUN_DESTINATION_DEVICE_UDID=00008110-0011701A2243801E
    export RUN_DESTINATION_DEVICE_UUID=425DF477-EF0F-5569-A999-F2154FBD6AA9
    export RUN_DOCUMENTATION_COMPILER=NO
    export RemoveFile=
    export SCAN_ALL_SOURCE_FILES_FOR_INCLUDES=NO
    export SCENEKIT_DEPLOYMENT_TARGET=13.0
    export SCHEME_ACTION_NAME="Prepare BazelDependencies"
    export SCHEME_NAME=Telegram
    export SCRIPTS_FOLDER_PATH=Telegram.app/Scripts
    export SDKDB_TO_SYMGRAPH_EXEC=/Applications/Xcode.app/Contents/Developer/../SharedFrameworks/CoreDocumentation.framework/Resources/sdkdb_to_symgraph
    export SDKROOT=iphoneos26.4
    export SDK_DIR=/Applications/Xcode.app/Contents/Developer/Platforms/iPhoneOS.platform/Developer/SDKs/iPhoneOS26.4.sdk
    export SDK_DIR_iphoneos26_4=/Applications/Xcode.app/Contents/Developer/Platforms/iPhoneOS.platform/Developer/SDKs/iPhoneOS26.4.sdk
    export SDK_NAME=iphoneos26.4
    export SDK_NAMES=iphoneos26.4
    export SDK_PRODUCT_BUILD_VERSION=23E5233a
    export SDK_STAT_CACHE_ENABLE=YES
    export SDK_STAT_CACHE_VERBOSE_LOGGING=NO
    export SDK_VERSION=26.4
    export SDK_VERSION_ACTUAL=260400
    export SDK_VERSION_MAJOR=260000
    export SDK_VERSION_MINOR=260400
    export SECTORDER_FLAGS=
    export SED=/usr/bin/sed
    export SEPARATE_STRIP=NO
    export SEPARATE_SYMBOL_EDIT=NO
    export SETTING_DefaultValue_NO_NO=NO
    export SETTING_DefaultValue_NO_YES=YES
    export SETTING_DefaultValue_YES_NO=YES
    export SETTING_DefaultValue_YES_YES=YES
    export SETTING_DefaultValue__=NO
    export SET_DIR_MODE_OWNER_GROUP=YES
    export SET_FILE_MODE_OWNER_GROUP=NO
    export SHALLOW_BUNDLE=YES
    export SHALLOW_BUNDLE_PLATFORM=
    export SHALLOW_BUNDLE_TRIPLE=ios
    export SHALLOW_BUNDLE_ios_macabi=NO
    export SHALLOW_BUNDLE_macos=NO
    export SHARED_DERIVED_FILE_DIR=/Users/afanasyev/Library/Developer/Xcode/DerivedData/Telegram-bgradtrcdafgqwbewbqamjmitizp/Build/Products/Debug-iphoneos/bazel-out/ios_arm64-dbg-ios-arm64-min13.0-ST-faee4d1e8780/bin/Telegram/DerivedSources
    export SHARED_FRAMEWORKS_FOLDER_PATH=Telegram.app/SharedFrameworks
    export SHARED_PRECOMPS_DIR=/Users/afanasyev/Library/Developer/Xcode/DerivedData/Telegram-bgradtrcdafgqwbewbqamjmitizp/Build/Intermediates.noindex/PrecompiledHeaders
    export SHARED_SUPPORT_FOLDER_PATH=Telegram.app/SharedSupport
    export SHELL=/bin/bash
    export SHLVL=2
    export SKIP_INSTALL=NO
    export SKIP_MERGEABLE_LIBRARY_BUNDLE_HOOK=NO
    export SOURCE_ROOT=/Volumes/dx/dev/_home/MTProxy/Telegram-iOS
    export SRCROOT=/Volumes/dx/dev/_home/MTProxy/Telegram-iOS
    export SSH_AUTH_SOCK=/var/run/com.apple.launchd.zwgSDzAomW/Listeners
    export STORYBOARD_COMPILER_INFOPLIST_CONTENT_FILE=/Users/afanasyev/Library/Developer/Xcode/DerivedData/Telegram-bgradtrcdafgqwbewbqamjmitizp/Build/Intermediates.noindex/Telegram.build/bazel-out/ios_arm64-dbg-ios-arm64-min13.0-ST-faee4d1e8780/bin/Telegram/Telegram/-SBPartialInfo.plist
    export STRINGSDATA_DIR=/undefined_arch
    export STRINGSDATA_ROOT=/Users/afanasyev/Library/Developer/Xcode/DerivedData/Telegram-bgradtrcdafgqwbewbqamjmitizp/Build/Intermediates.noindex/Telegram.build/bazel-out/ios_arm64-dbg-ios-arm64-min13.0-ST-faee4d1e8780/bin/Telegram/Telegram
    export STRINGS_FILE_INFOPLIST_RENAME=YES
    export STRINGS_FILE_INPUT_ENCODING=
    export STRINGS_FILE_OUTPUT_ENCODING=binary
    export STRINGS_FILE_OUTPUT_FILENAME=
    export STRING_CATALOG_GENERATE_SYMBOLS=NO
    export STRIPFLAGS=
    export STRIP_BITCODE_FROM_COPIED_FILES=YES
    export STRIP_DETERMINISTIC_MODE=YES
    export STRIP_INSTALLED_PRODUCT=YES
    export STRIP_PNG_TEXT=YES
    export STRIP_STYLE=all
    export STRIP_SWIFT_SYMBOLS=YES
    export SUPPORTED_DEVICE_FAMILIES=1,2
    export SUPPORTED_PLATFORMS="iphonesimulator iphoneos"
    export SUPPORTS_MACCATALYST=NO
    export SUPPORTS_MAC_DESIGNED_FOR_IPHONE_IPAD=YES
    export SUPPORTS_ON_DEMAND_RESOURCES=YES
    export SUPPORTS_TEXT_BASED_API=NO
    export SUPPORTS_XR_DESIGNED_FOR_IPHONE_IPAD=YES
    export SUPPRESS_WARNINGS=NO
    export SWIFTC_ALTERNATE_LINKER=
    export SWIFTC_CLANG_COVERAGE_MAPPING_LINKER_ARGS=NO
    export SWIFTC_LD_DYLIB_INSTALL_NAME=
    export SWIFTC_LD_EXPORT_GLOBAL_SYMBOLS=NO
    export SWIFTC_LD_SUPPRESS_WARNINGS=NO
    export SWIFTC_LD_THREAD_SANITIZER=
    export SWIFTC_LINK_WITH_STANDARD_LIBRARIES=YES
    export SWIFTC_MACH_O_TYPE=mh_execute
    export SWIFTC_PASS_SDKROOT=YES
    export SWIFTC_RESOURCE_DIR=
    export SWIFTC_SDKROOT_LINKER_INPUT=iphoneos26.4
    export SWIFTC_SYSTEM_FRAMEWORK_SEARCH_PATHS=
    export SWIFTC__INPUT_FILE_LIST_PATH__=
    export SWIFT_ACTIVE_COMPILATION_CONDITIONS=
    export SWIFT_ADDITIONAL_LINKER_ARGS_OUTPUT_PATH=/Lib-linker-args.resp
    export SWIFT_ADDRESS_SANITIZER=
    export SWIFT_ADDRESS_SANITIZER_ALLOW_ERROR_RECOVERY=
    export SWIFT_ALLOW_INSTALL_OBJC_HEADER=YES
    export SWIFT_API_DIGESTER_MODE=abi
    export SWIFT_APPROACHABLE_CONCURRENCY=NO
    export SWIFT_AUTOLINK_EXTRACT_OUTPUT_PATH=/Lib-swiftbuild.autolink
    export SWIFT_BRIDGING_HEADER_IS_INTERNAL=NO
    export SWIFT_CLANG_CXX_LANGUAGE_STANDARD=objc-compiler-default
    export SWIFT_CLANG_CXX_STANDARD_LIBRARY_HARDENING=debug
    export SWIFT_COHORT_ARCHS=
    export SWIFT_COMPILATION_MODE=singlefile
    export SWIFT_CROSS_MODULE_OPTIMIZATION=NO
    export SWIFT_DEBUG_INFORMATION_FORMAT=dwarf
    export SWIFT_DEBUG_INFORMATION_VERSION=compiler-default
    export SWIFT_DEFAULT_ACTOR_ISOLATION=nonisolated
    export SWIFT_DEPLOYMENT_TARGET=13.0
    export SWIFT_DISABLE_SAFETY_CHECKS=NO
    export SWIFT_EAGER_MODULE_EMISSION_IN_WMO=YES
    export SWIFT_EMIT_LOC_STRINGS=NO
    export SWIFT_EMIT_MODULE_INTERFACE=NO
    export SWIFT_ENABLE_APP_EXTENSION=NO
    export SWIFT_ENABLE_BARE_SLASH_REGEX=YES
    export SWIFT_ENABLE_BATCH_MODE=YES
    export SWIFT_ENABLE_COMPILE_CACHE=
    export SWIFT_ENABLE_EMIT_CONST_VALUES=NO
    export SWIFT_ENABLE_EXPLICIT_MODULES=NO
    export SWIFT_ENABLE_INCREMENTAL_COMPILATION=YES
    export SWIFT_ENABLE_LAYOUT_STRING_VALUE_WITNESSES=NO
    export SWIFT_ENABLE_LIBRARY_EVOLUTION=NO
    export SWIFT_ENABLE_OPAQUE_TYPE_ERASURE=NO
    export SWIFT_ENABLE_PREFIX_MAPPING=
    export SWIFT_ENABLE_TESTABILITY=NO
    export SWIFT_ENFORCE_EXCLUSIVE_ACCESS=default
    export SWIFT_EXEC=/Volumes/dx/dev/_home/MTProxy/Telegram-iOS/Telegram/Telegram.xcodeproj/rules_xcodeproj/bazel/swiftc
    export SWIFT_EXPERIMENTAL_FEATURE_DEBUG_DESCRIPTION_MACRO=YES
    export SWIFT_GENERATE_ADDITIONAL_LINKER_ARGS=NO
    export SWIFT_INDEX_STORE_COMPRESS=NO
    export SWIFT_INDEX_STORE_ENABLE=YES
    export SWIFT_INDEX_STORE_ONLY_PROJECT_FILES=NO
    export SWIFT_INDEX_STORE_PATH=/Users/afanasyev/Library/Developer/Xcode/DerivedData/Telegram-bgradtrcdafgqwbewbqamjmitizp/Index.noindex/DataStore
    export SWIFT_INSTALL_MODULE=YES
    export SWIFT_INSTALL_MODULE_ABI_DESCRIPTOR=YES
    export SWIFT_INSTALL_OBJC_HEADER=YES
    export SWIFT_LIBFUZZER=
    export SWIFT_LIBRARIES_ONLY=NO
    export SWIFT_LIBRARY_PATH=
    export SWIFT_LINK_OBJC_RUNTIME=
    export SWIFT_LTO=NO
    export SWIFT_MODULES_AUTOLINK=YES
    export SWIFT_MODULE_ALIASES=
    export SWIFT_MODULE_NAME=Lib
    export SWIFT_OBJC_BRIDGING_HEADER=
    export SWIFT_OBJC_INTERFACE_HEADER_NAME=
    export SWIFT_OBJC_INTEROP_MODE=objc
    export SWIFT_OMIT_FRAME_POINTERS=compiler-default
    export SWIFT_OPTIMIZATION_LEVEL=-Onone
    export SWIFT_OTHER_PREFIX_MAPPINGS=
    export SWIFT_OVERLOAD_PREBUILT_MODULE_CACHE_PATH=
    export SWIFT_PACKAGE_NAME=
    export SWIFT_PLATFORM_TARGET_PREFIX=ios
    export SWIFT_PRECOMPILE_BRIDGING_HEADER=YES
    export SWIFT_REFLECTION_METADATA_LEVEL=all
    export SWIFT_RESOURCE_DIR=
    export SWIFT_RESPONSE_FILE_PATH=
    export SWIFT_SERIALIZE_DEBUGGING_OPTIONS=YES
    export SWIFT_SKIP_AUTOLINKING_ALL_FRAMEWORKS=NO
    export SWIFT_STDLIB=swiftCore
    export SWIFT_STDLIB_TOOL_ACTION=
    export SWIFT_STDLIB_TOOL_CODE_SIGN_IDENTITY=
    export SWIFT_STDLIB_TOOL_DESTINATION_DIR=/Users/afanasyev/Library/Developer/Xcode/DerivedData/Telegram-bgradtrcdafgqwbewbqamjmitizp/Build/Products/Debug-iphoneos/bazel-out/ios_arm64-dbg-ios-arm64-min13.0-ST-faee4d1e8780/bin/Telegram/Telegram.app/Frameworks
    export SWIFT_STDLIB_TOOL_EXECUTABLE_TO_SCAN=
    export SWIFT_STDLIB_TOOL_FOLDERS_TO_SCAN=
    export SWIFT_STDLIB_TOOL_KEYCHAIN=
    export SWIFT_STDLIB_TOOL_OTHER_CODE_SIGN_FLAGS=
    export SWIFT_STDLIB_TOOL_SOURCE_LIBRARIES=
    export SWIFT_STDLIB_TOOL_STRIP_BITCODE=YES
    export SWIFT_STDLIB_TOOL_TOOLCHAINS="/var/run/com.apple.security.cryptexd/mnt/com.apple.MobileAsset.MetalToolchain-v17.5.5179.6.ng60e4/Metal.xctoolchain /Applications/Xcode.app/Contents/Developer/Toolchains/XcodeDefault.xctoolchain"
    export SWIFT_STDLIB_TOOL_UNSIGNED_DESTINATION_DIR=
    export SWIFT_STDLIB_TOOL_VERBOSITY=verbose
    export SWIFT_STRICT_CONCURRENCY=minimal
    export SWIFT_STRICT_CONCURRENCY_DEFAULT=minimal
    export SWIFT_STRICT_CONCURRENCY_IN_SWIFT_VERSION_6_0=complete
    export SWIFT_STRICT_MEMORY_SAFETY=NO
    export SWIFT_SUPPRESS_WARNINGS=NO
    export SWIFT_SYSTEM_INCLUDE_PATHS=
    export SWIFT_TARGET_TRIPLE=undefined_arch-apple-ios13.0
    export SWIFT_THREAD_SANITIZER=
    export SWIFT_TREAT_WARNINGS_AS_ERRORS=NO
    export SWIFT_UPCOMING_FEATURE_6_0=NO
    export SWIFT_UPCOMING_FEATURE_CONCISE_MAGIC_FILE=NO
    export SWIFT_UPCOMING_FEATURE_DEPRECATE_APPLICATION_MAIN=NO
    export SWIFT_UPCOMING_FEATURE_DISABLE_OUTWARD_ACTOR_ISOLATION=NO
    export SWIFT_UPCOMING_FEATURE_DYNAMIC_ACTOR_ISOLATION=NO
    export SWIFT_UPCOMING_FEATURE_EXISTENTIAL_ANY=No
    export SWIFT_UPCOMING_FEATURE_FORWARD_TRAILING_CLOSURES=NO
    export SWIFT_UPCOMING_FEATURE_GLOBAL_ACTOR_ISOLATED_TYPES_USABILITY=NO
    export SWIFT_UPCOMING_FEATURE_GLOBAL_CONCURRENCY=NO
    export SWIFT_UPCOMING_FEATURE_IMPLICIT_OPEN_EXISTENTIALS=NO
    export SWIFT_UPCOMING_FEATURE_IMPORT_OBJC_FORWARD_DECLS=NO
    export SWIFT_UPCOMING_FEATURE_INFER_ISOLATED_CONFORMANCES=NO
    export SWIFT_UPCOMING_FEATURE_INFER_SENDABLE_FROM_CAPTURES=NO
    export SWIFT_UPCOMING_FEATURE_INTERNAL_IMPORTS_BY_DEFAULT=NO
    export SWIFT_UPCOMING_FEATURE_ISOLATED_DEFAULT_VALUES=NO
    export SWIFT_UPCOMING_FEATURE_MEMBER_IMPORT_VISIBILITY=NO
    export SWIFT_UPCOMING_FEATURE_NONFROZEN_ENUM_EXHAUSTIVITY=NO
    export SWIFT_UPCOMING_FEATURE_NONISOLATED_NONSENDING_BY_DEFAULT=NO
    export SWIFT_UPCOMING_FEATURE_REGION_BASED_ISOLATION=NO
    export SWIFT_USE_INTEGRATED_DRIVER=NO
    export SWIFT_USE_PARALLEL_WHOLE_MODULE_OPTIMIZATION=YES
    export SWIFT_USE_PARALLEL_WMO_TARGETS=YES
    export SWIFT_VALIDATE_CLANG_MODULES_ONCE_PER_BUILD_SESSION=YES
    export SWIFT_VERSION=5.0
    export SWIFT_WARNINGS_AS_ERRORS_GROUPS=
    export SWIFT_WARNINGS_AS_WARNINGS_GROUPS=
    export SWIFT_WHOLE_MODULE_OPTIMIZATION=NO
    export SYMBOL_GRAPH_EXTRACTOR_EXEC=swift-symbolgraph-extract
    export SYMBOL_GRAPH_EXTRACTOR_MODULE_CACHE_PATH=/Users/afanasyev/Library/Developer/Xcode/DerivedData/ModuleCache.noindex
    export SYMBOL_GRAPH_EXTRACTOR_MODULE_NAME=Lib
    export SYMBOL_GRAPH_EXTRACTOR_OUTPUT_BASE=/Users/afanasyev/Library/Developer/Xcode/DerivedData/Telegram-bgradtrcdafgqwbewbqamjmitizp/Build/Intermediates.noindex/Telegram.build/bazel-out/ios_arm64-dbg-ios-arm64-min13.0-ST-faee4d1e8780/bin/Telegram/Telegram/symbol-graph
    export SYMBOL_GRAPH_EXTRACTOR_OUTPUT_DIR=/Users/afanasyev/Library/Developer/Xcode/DerivedData/Telegram-bgradtrcdafgqwbewbqamjmitizp/Build/Intermediates.noindex/Telegram.build/bazel-out/ios_arm64-dbg-ios-arm64-min13.0-ST-faee4d1e8780/bin/Telegram/Telegram/symbol-graph/swift/undefined_arch-apple-ios13.0
    export SYMBOL_GRAPH_EXTRACTOR_SDK=iphoneos26.4
    export SYMBOL_GRAPH_EXTRACTOR_SEARCH_PATHS=
    export SYMBOL_GRAPH_EXTRACTOR_SWIFT_VERSION=5.0
    export SYMBOL_GRAPH_EXTRACTOR_TARGET_TRIPLE=undefined_arch-apple-ios13.0
    export SYMBOL_HEADER=
    export SYMROOT=/Users/afanasyev/Library/Developer/Xcode/DerivedData/Telegram-bgradtrcdafgqwbewbqamjmitizp/Build/Products
    export SYSTEM_ADMIN_APPS_DIR=/Applications/Utilities
    export SYSTEM_APPS_DIR=/Applications
    export SYSTEM_CORE_SERVICES_DIR=/System/Library/CoreServices
    export SYSTEM_DEMOS_DIR=/Applications/Extras
    export SYSTEM_DEVELOPER_APPS_DIR=/Applications/Xcode.app/Contents/Developer/Applications
    export SYSTEM_DEVELOPER_BIN_DIR=/Applications/Xcode.app/Contents/Developer/usr/bin
    export SYSTEM_DEVELOPER_DEMOS_DIR="/Applications/Xcode.app/Contents/Developer/Applications/Utilities/Built Examples"
    export SYSTEM_DEVELOPER_DIR=/Applications/Xcode.app/Contents/Developer
    export SYSTEM_DEVELOPER_DOC_DIR="/Applications/Xcode.app/Contents/Developer/ADC Reference Library"
    export SYSTEM_DEVELOPER_EXECUTABLES_DIR=
    export SYSTEM_DEVELOPER_GRAPHICS_TOOLS_DIR="/Applications/Xcode.app/Contents/Developer/Applications/Graphics Tools"
    export SYSTEM_DEVELOPER_JAVA_TOOLS_DIR="/Applications/Xcode.app/Contents/Developer/Applications/Java Tools"
    export SYSTEM_DEVELOPER_PERFORMANCE_TOOLS_DIR="/Applications/Xcode.app/Contents/Developer/Applications/Performance Tools"
    export SYSTEM_DEVELOPER_RELEASENOTES_DIR="/Applications/Xcode.app/Contents/Developer/ADC Reference Library/releasenotes"
    export SYSTEM_DEVELOPER_TOOLS=/Applications/Xcode.app/Contents/Developer/Tools
    export SYSTEM_DEVELOPER_TOOLS_DOC_DIR="/Applications/Xcode.app/Contents/Developer/ADC Reference Library/documentation/DeveloperTools"
    export SYSTEM_DEVELOPER_TOOLS_RELEASENOTES_DIR="/Applications/Xcode.app/Contents/Developer/ADC Reference Library/releasenotes/DeveloperTools"
    export SYSTEM_DEVELOPER_USR_DIR=/Applications/Xcode.app/Contents/Developer/usr
    export SYSTEM_DEVELOPER_UTILITIES_DIR=/Applications/Xcode.app/Contents/Developer/Applications/Utilities
    export SYSTEM_DEXT_INSTALL_PATH=/System/Library/DriverExtensions
    export SYSTEM_DOCUMENTATION_DIR=/Library/Documentation
    export SYSTEM_EXTENSIONS_FOLDER_PATH=Telegram.app/SystemExtensions
    export SYSTEM_EXTENSIONS_FOLDER_PATH_SHALLOW_BUNDLE_NO=Telegram.app/Library/SystemExtensions
    export SYSTEM_EXTENSIONS_FOLDER_PATH_SHALLOW_BUNDLE_YES=Telegram.app/SystemExtensions
    export SYSTEM_FRAMEWORK_SEARCH_PATHS=
    export SYSTEM_HEADER_SEARCH_PATHS=
    export SYSTEM_KEXT_INSTALL_PATH=/System/Library/Extensions
    export SYSTEM_LIBRARY_DIR=/System/Library
    export SYSTEM_LIBRARY_EXECUTABLES_DIR=
    export ShallowBundle=YES
    export SigningCert=
    export SkipEmbeddedFrameworksValidation=
    export TAPI_APPLICATION_EXTENSION_API_ONLY=NO
    export TAPI_DEMANGLE=YES
    export TAPI_DYLIB_ALLOWABLE_CLIENTS=
    export TAPI_DYLIB_COMPATIBILITY_VERSION=
    export TAPI_DYLIB_CURRENT_VERSION=
    export TAPI_DYLIB_INSTALL_NAME=
    export TAPI_EMIT_PROFILING_SYMBOLS=YES
    export TAPI_ENABLE_MODULES=NO
    export TAPI_ENABLE_PROJECT_HEADERS=NO
    export TAPI_ENABLE_VERIFICATION_MODE=YES
    export TAPI_EXCLUDE_PRIVATE_HEADERS=
    export TAPI_EXCLUDE_PROJECT_HEADERS=
    export TAPI_EXCLUDE_PUBLIC_HEADERS=
    export TAPI_EXEC=/usr/bin/true
    export TAPI_EXTRACT_API_ENABLE_MODULES=NO
    export TAPI_EXTRACT_API_ENABLE_OBJC_ARC=YES
    export TAPI_EXTRACT_API_MODULE_CACHE_PATH=/Users/afanasyev/Library/Developer/Xcode/DerivedData/ModuleCache.noindex
    export TAPI_EXTRACT_API_OUTPUT_DIR=/Users/afanasyev/Library/Developer/Xcode/DerivedData/Telegram-bgradtrcdafgqwbewbqamjmitizp/Build/Intermediates.noindex/Telegram.build/bazel-out/ios_arm64-dbg-ios-arm64-min13.0-ST-faee4d1e8780/bin/Telegram/Telegram/symbol-graph/clang/undefined_arch-apple-ios13.0
    export TAPI_EXTRACT_API_SDKDB_OUTPUT_PATH=/Users/afanasyev/Library/Developer/Xcode/DerivedData/Telegram-bgradtrcdafgqwbewbqamjmitizp/Build/Intermediates.noindex/Telegram.build/bazel-out/ios_arm64-dbg-ios-arm64-min13.0-ST-faee4d1e8780/bin/Telegram/Telegram/symbol-graph/clang/undefined_arch-apple-ios13.0/Telegram.sdkdb
    export TAPI_EXTRACT_API_SEARCH_PATHS=
    export TAPI_EXTRACT_API_SYSTEM_ROOT=iphoneos26.4
    export TAPI_EXTRACT_API_TARGET_TRIPLE=undefined_arch-apple-ios13.0
    export TAPI_EXTRA_PRIVATE_HEADERS=
    export TAPI_EXTRA_PROJECT_HEADERS=
    export TAPI_EXTRA_PUBLIC_HEADERS=
    export TAPI_FRAMEWORK_SEARCH_PATHS=
    export TAPI_HEADER_SEARCH_PATHS=
    export TAPI_LANGUAGE=objective-c
    export TAPI_LANGUAGE_STANDARD=compiler-default
    export TAPI_LIBRARY_SEARCH_PATHS=
    export TAPI_MODULES_VALIDATE_SYSTEM_HEADERS=NO
    export TAPI_MODULE_CACHE_PATH=/Users/afanasyev/Library/Developer/Xcode/DerivedData/ModuleCache.noindex
    export TAPI_PREPROCESSOR_DEFINITIONS=" "
    export TAPI_PRODUCT_TYPE=com.apple.product-type.application
    export TAPI_READ_DSYM=YES
    export TAPI_REEXPORTED_FRAMEWORK_INSTALL_NAMES=
    export TAPI_REEXPORTED_FRAMEWORK_NAMES=
    export TAPI_REEXPORTED_LIBRARY_INSTALL_NAMES=
    export TAPI_REEXPORTED_LIBRARY_NAMES=
    export TAPI_REEXPORTED_LIBRARY_PATHS=
    export TAPI_RUNPATH_SEARCH_PATHS=
    export TAPI_SHARED_CACHE_ELIGIBLE=Automatic
    export TAPI_SYSTEM_FRAMEWORK_SEARCH_PATHS=
    export TAPI_SYSTEM_HEADER_SEARCH_PATHS=
    export TAPI_TARGET_TRIPLE_ARCHS=arm64
    export TAPI_USE_SRCROOT=YES
    export TAPI_VERIFY_AGAINST=
    export TAPI_VERIFY_MODE=Pedantic
    export TARGETED_DEVICE_FAMILY=1,2
    export TARGETNAME=Telegram
    export TARGET_BUILD_DIR=/Users/afanasyev/Library/Developer/Xcode/DerivedData/Telegram-bgradtrcdafgqwbewbqamjmitizp/Build/Products/Debug-iphoneos/bazel-out/ios_arm64-dbg-ios-arm64-min13.0-ST-faee4d1e8780/bin/Telegram
    export TARGET_BUILD_SUBPATH=
    export TARGET_DEVICE_IDENTIFIER=00008110-0011701A2243801E
    export TARGET_DEVICE_MODEL=iPhone14,2
    export TARGET_DEVICE_OS_VERSION=26.4
    export TARGET_DEVICE_PLATFORM_NAME=iphoneos
    export TARGET_NAME=Telegram
    export TARGET_TEMP_DIR=/Users/afanasyev/Library/Developer/Xcode/DerivedData/Telegram-bgradtrcdafgqwbewbqamjmitizp/Build/Intermediates.noindex/Telegram.build/bazel-out/ios_arm64-dbg-ios-arm64-min13.0-ST-faee4d1e8780/bin/Telegram/Telegram
    export TEMP_DIR=/Users/afanasyev/Library/Developer/Xcode/DerivedData/Telegram-bgradtrcdafgqwbewbqamjmitizp/Build/Intermediates.noindex/Telegram.build/bazel-out/ios_arm64-dbg-ios-arm64-min13.0-ST-faee4d1e8780/bin/Telegram/Telegram
    export TEMP_FILES_DIR=/Users/afanasyev/Library/Developer/Xcode/DerivedData/Telegram-bgradtrcdafgqwbewbqamjmitizp/Build/Intermediates.noindex/Telegram.build/bazel-out/ios_arm64-dbg-ios-arm64-min13.0-ST-faee4d1e8780/bin/Telegram/Telegram
    export TEMP_FILE_DIR=/Users/afanasyev/Library/Developer/Xcode/DerivedData/Telegram-bgradtrcdafgqwbewbqamjmitizp/Build/Intermediates.noindex/Telegram.build/bazel-out/ios_arm64-dbg-ios-arm64-min13.0-ST-faee4d1e8780/bin/Telegram/Telegram
    export TEMP_ROOT=/Users/afanasyev/Library/Developer/Xcode/DerivedData/Telegram-bgradtrcdafgqwbewbqamjmitizp/Build/Intermediates.noindex
    export TEMP_SANDBOX_DIR=/Users/afanasyev/Library/Developer/Xcode/DerivedData/Telegram-bgradtrcdafgqwbewbqamjmitizp/Build/Intermediates.noindex/TemporaryTaskSandboxes
    export TERM=dumb
    export TEST_FRAMEWORK_SEARCH_PATHS=" /Applications/Xcode.app/Contents/Developer/Platforms/iPhoneOS.platform/Developer/Library/Frameworks iphoneos26.4/Developer/Library/Frameworks"
    export TEST_HOST=
    export TEST_LIBRARY_SEARCH_PATHS=" /Applications/Xcode.app/Contents/Developer/Platforms/iPhoneOS.platform/Developer/usr/lib"
    export TEXTURE_ATLAS_ENABLE_WARNINGS=Yes
    export TEXTURE_ATLAS_FORMAT=RGBA8888_PNG
    export TEXTURE_ATLAS_MAXIMUM_SIZE=2048x2048
    export TMPDIR=/var/folders/pw/ng90rxd92nd0ldkt7x1q617r0000gn/T/
    export TOOLCHAINS=
    export TOOLCHAIN_DIR=/var/run/com.apple.security.cryptexd/mnt/com.apple.MobileAsset.MetalToolchain-v17.5.5179.6.ng60e4/Metal.xctoolchain
    export TREAT_MISSING_BASELINES_AS_TEST_FAILURES=NO
    export TREAT_MISSING_SCRIPT_PHASE_OUTPUTS_AS_ERRORS=NO
    export TVOS_DEPLOYMENT_TARGET=15.6
    export UID=501
    export UNEXPORTED_SYMBOLS_FILE=
    export UNINSTALLED_PRODUCTS_DIR=/Users/afanasyev/Library/Developer/Xcode/DerivedData/Telegram-bgradtrcdafgqwbewbqamjmitizp/Build/Intermediates.noindex/UninstalledProducts
    export UNLOCALIZED_RESOURCES_FOLDER_PATH=Telegram.app
    export UNLOCALIZED_RESOURCES_FOLDER_PATH_SHALLOW_BUNDLE_NO=Telegram.app/Resources
    export UNLOCALIZED_RESOURCES_FOLDER_PATH_SHALLOW_BUNDLE_YES=Telegram.app
    export UNSTRIPPED_PRODUCT=NO
    export USER=afanasyev
    export USER_APPS_DIR=/Users/afanasyev/Applications
    export USER_LIBRARY_DIR=/Users/afanasyev/Library
    export USE_DYNAMIC_NO_PIC=YES
    export USE_GCC3_PFE_SUPPORT=
    export USE_HEADERMAP=NO
    export USE_HEADER_SYMLINKS=NO
    export USE_SDK_TOOLCHAINS=YES
    export VALIDATE_PLIST_FILES_WHILE_COPYING=NO
    export VALIDATE_PRODUCT=NO
    export VALIDATE_STRINGS_FILES_WHILE_COPYING=YES
    export VALIDATE_WORKSPACE=NO
    export VALID_ARCHS="arm64e arm64"
    export VERBOSE_PBXCP=NO
    export VERSIONING_STUB=
    export VERSIONING_SYSTEM=
    export VERSIONPLIST_PATH=Telegram.app/version.plist
    export VERSIONS_FOLDER_PATH=
    export VERSION_INFO_BUILDER=afanasyev
    export VERSION_INFO_EXPORT_DECL=
    export VERSION_INFO_FILE=Telegram_vers.c
    export VERSION_INFO_PREFIX=
    export VERSION_INFO_STRING="\"@(#)PROGRAM:Telegram  PROJECT:Telegram-\""
    export VERSION_INFO_SUFFIX=
    export VSCODE_CODE_CACHE_PATH="/Users/afanasyev/Library/Application Support/Antigravity/CachedData/cc6cd32816d350ee4a1ea2b4694b43f749418957"
    export VSCODE_CRASH_REPORTER_PROCESS_TYPE=extensionHost
    export VSCODE_CWD=/
    export VSCODE_ESM_ENTRYPOINT=vs/workbench/api/node/extensionHostProcess
    export VSCODE_HANDLES_UNCAUGHT_ERRORS=true
    export VSCODE_IPC_HOOK="/Users/afanasyev/Library/Application Support/Antigravity/1.10-main.sock"
    export VSCODE_NLS_CONFIG="{\"userLocale\":\"en-us\",\"osLocale\":\"en-us\",\"resolvedLanguage\":\"en\",\"defaultMessagesFile\":\"/Applications/Antigravity.app/Contents/Resources/app/out/nls.messages.json\",\"locale\":\"en-us\",\"availableLanguages\":{}}"
    export VSCODE_PID=87297
    export ValidateForStore=NO
    export WARNING_CFLAGS=
    export WATCHOS_DEPLOYMENT_TARGET=8.7
    export WATCH_BUILT_PRODUCTS_DIR=/Users/afanasyev/Library/Developer/Xcode/DerivedData/Telegram-bgradtrcdafgqwbewbqamjmitizp/Build/Products/Debug-iphoneos/Debug-watchos
    export WORKSPACE_PATH=/Volumes/dx/dev/_home/MTProxy/Telegram-iOS/Telegram/Telegram.xcodeproj/project.xcworkspace
    export WRAPPER_EXTENSION=app
    export WRAPPER_NAME=Telegram.app
    export WRAPPER_PREFIX=
    export WRAPPER_SUFFIX=.app
    export WRAP_ASSET_PACKS_IN_SEPARATE_DIRECTORIES=NO
    export XCODE_APP_SUPPORT_DIR=/Applications/Xcode.app/Contents/Developer/Library/Xcode
    export XCODE_DEVELOPER_DIR_PATH=
    export XCODE_PRODUCT_BUILD_VERSION=17E5179g
    export XCODE_VERSION_ACTUAL=2640
    export XCODE_VERSION_MAJOR=2600
    export XCODE_VERSION_MINOR=2640
    export XCSTRINGS_FORCE_BUILD_ALL_STRINGS=NO
    export XCSTRINGS_LANGUAGES_TO_COMPILE=
    export XIB_COMPILER_INFOPLIST_CONTENT_FILE=/Users/afanasyev/Library/Developer/Xcode/DerivedData/Telegram-bgradtrcdafgqwbewbqamjmitizp/Build/Intermediates.noindex/Telegram.build/bazel-out/ios_arm64-dbg-ios-arm64-min13.0-ST-faee4d1e8780/bin/Telegram/Telegram/-PartialInfo.plist
    export XPCSERVICES_FOLDER_PATH=Telegram.app/XPCServices
    export XPC_FLAGS=0x0
    export XPC_SERVICE_NAME=0
    export XROS_DEPLOYMENT_TARGET=1.3
    export YACC=yacc
    export YACCFLAGS=
    export YACC_GENERATED_FILE_STEM=Standard
    export YACC_GENERATE_DEBUGGING_DIRECTIVES=NO
    export YACC_INSERT_LINE_DIRECTIVES=YES
    export _=/usr/bin/xcodebuild
    export _BAZEL_OUTPUT_BASE=/var/tmp/_bazel_afanasyev/9a39311ceb7a61706aa1e4e247e12702/rules_xcodeproj.noindex/build_output_base/execroot/_main/../..
    export _CLANG_ENABLE_TYPED_ALLOCATOR_SUPPORT_DEFAULT=compiler-default
    export _CLANG_ENABLE_TYPED_ALLOCATOR_SUPPORT_DEFAULT_ENHANCED_SECURITY_NO=compiler-default
    export _CLANG_ENABLE_TYPED_ALLOCATOR_SUPPORT_DEFAULT_ENHANCED_SECURITY_YES=YES
    export _CLANG_TRIVIAL_AUTO_VAR_INIT_DEFAULT=default
    export _CLANG_TRIVIAL_AUTO_VAR_INIT_DEFAULT_ENABLE_ZERO_INIT_NO=default
    export _CLANG_TRIVIAL_AUTO_VAR_INIT_DEFAULT_ENABLE_ZERO_INIT_YES=zero
    export _DISCOVER_COMMAND_LINE_LINKER_INPUTS=YES
    export _DISCOVER_COMMAND_LINE_LINKER_INPUTS_INCLUDE_WL=YES
    export _LD_MULTIARCH=YES
    export _PREFIXED_SWIFT_VERSION=_5.0
    export _REZ_PREFIX_FILE=/var/tmp/_bazel_afanasyev/9a39311ceb7a61706aa1e4e247e12702/rules_xcodeproj.noindex/build_output_base/execroot/_main/
    export _UNSAFE_BUFFER_USAGE_DEFAULT=DEFAULT
    export _UNSAFE_BUFFER_USAGE_DEFAULT_ENABLE_SAFE_BUFFERS_NO=DEFAULT
    export _UNSAFE_BUFFER_USAGE_DEFAULT_ENABLE_SAFE_BUFFERS_YES=YES_ERROR
    export _WRAPPER_CONTENTS_DIR=
    export _WRAPPER_CONTENTS_DIR_SHALLOW_BUNDLE_NO=/Contents
    export _WRAPPER_PARENT_PATH=
    export _WRAPPER_PARENT_PATH_SHALLOW_BUNDLE_NO=/..
    export _WRAPPER_RESOURCES_DIR=
    export _WRAPPER_RESOURCES_DIR_SHALLOW_BUNDLE_NO=/Resources
    export __CFBundleIdentifier=com.google.antigravity
    export __CF_USER_TEXT_ENCODING="0x1F5:0x0:0x0"
    export __CLANG_ANALYZER_DIVIDE_BY_ZERO_NO_SILENCE_STRING=core.DivideZero
    export __CLANG_ANALYZER_DIVIDE_BY_ZERO_YES_SILENCE_STRING=.
    export __CLANG_ANALYZER_NULL_DEREFERENCE_NO_SILENCE_STRING=core.NullDereference
    export __CLANG_ANALYZER_NULL_DEREFERENCE_YES_SILENCE_STRING=.
    export __CLANG_ANALYZER_SILENCE_CHECKERS=YES
    export __CLANG_ANALYZER_SILENCE_CHECKERS_LIST=".;."
    export __CPP_PREFIX_HEADER=
    export __CREATE_INFOPLIST_SECTION_IN_BINARY=NO
    export __DIAGNOSE_DEPRECATED_ARCHS=YES
    export __ENHANCED_SECURITY_OR_BOUNDS_SAFE_BUFFERS=NO
    export __ENHANCED_SECURITY_OR_BOUNDS_SAFE_BUFFERS_NO_NO=NO
    export __ENHANCED_SECURITY_OR_BOUNDS_SAFE_BUFFERS_NO_YES=YES
    export __ENHANCED_SECURITY_OR_BOUNDS_SAFE_BUFFERS_YES_NO=YES
    export __ENHANCED_SECURITY_OR_BOUNDS_SAFE_BUFFERS_YES_YES=YES
    export __IIG_DEPLOYMENT_TARGET__=13.0
    export __IIG_FRAMEWORK_NAME__=com.apple.product-type.application
    export __INPUT_FILE_LIST_PATH__=
    export __IS_NOT_MACOS=YES
    export __IS_NOT_MACOS_macosx=NO
    export __IS_NOT_SIMULATOR=YES
    export __IS_NOT_SIMULATOR_simulator=NO
    export __LIBRARY_HARDENING_DEFAULT_VALUE=debug
    export __LIBRARY_HARDENING_DEFAULT_VALUE_OPT_LEVEL_0_ENHANCED_SECURITY_OR_BOUNDS_SAFE_BUFFERS_NO=debug
    export __LIBRARY_HARDENING_DEFAULT_VALUE_OPT_LEVEL_0_ENHANCED_SECURITY_OR_BOUNDS_SAFE_BUFFERS_YES=debug
    export __LIBRARY_HARDENING_DEFAULT_VALUE_OPT_LEVEL_1_ENHANCED_SECURITY_OR_BOUNDS_SAFE_BUFFERS_YES=fast
    export __LIBRARY_HARDENING_DEFAULT_VALUE_OPT_LEVEL_2_ENHANCED_SECURITY_OR_BOUNDS_SAFE_BUFFERS_YES=fast
    export __LIBRARY_HARDENING_DEFAULT_VALUE_OPT_LEVEL_3_ENHANCED_SECURITY_OR_BOUNDS_SAFE_BUFFERS_YES=fast
    export __LIBRARY_HARDENING_DEFAULT_VALUE_OPT_LEVEL_fast_ENHANCED_SECURITY_OR_BOUNDS_SAFE_BUFFERS_YES=fast
    export __LIBRARY_HARDENING_DEFAULT_VALUE_OPT_LEVEL_s_ENHANCED_SECURITY_OR_BOUNDS_SAFE_BUFFERS_YES=fast
    export __LIBRARY_HARDENING_DEFAULT_VALUE_OPT_LEVEL_z_ENHANCED_SECURITY_OR_BOUNDS_SAFE_BUFFERS_YES=fast
    export __OTHER_IIG_CFLAGS__=YES
    export __SWIFT_ENFORCE_EXCLUSIVE_ACCESS_DEBUG_ENFORCEMENT_DEBUG=YES
    export __SWIFT_ENFORCE_EXCLUSIVE_ACCESS_DEBUG_ENFORCEMENT_RELEASE=YES
    export __infoplist_absolute__=/Users/afanasyev/Library/Developer/Xcode/DerivedData/Telegram-bgradtrcdafgqwbewbqamjmitizp/Build/Products/Debug-iphoneos/bazel-out/ios_arm64-dbg-ios-arm64-min13.0-ST-faee4d1e8780/bin/Telegram/Telegram.app
    export __infoplist_subpath__=Info.plist
    export __no_validate_extension__=YES
    export _exclude_ds_store_files_=
    export _resolve_src_symlinks_=
    export arch=undefined_arch
    export build_file_compiler_flags=
    export diagnostic_message_length=0
    export mig_generate_client_sources=YES
    export mig_generate_server_sources=NO
    export print_note_include_stack=YES
    export variant=normal
    /bin/sh -c /var/folders/pw/ng90rxd92nd0ldkt7x1q617r0000gn/T/SchemeScriptAction-ouwYO8.sh

ComputePackagePrebuildTargetDependencyGraph

Prepare packages

CreateBuildRequest

SendProjectDescription

CreateBuildOperation

ComputeTargetDependencyGraph
note: Building targets in dependency order
note: Target dependency graph (7 targets)
    Target 'Telegram' in project 'Telegram'
        ➜ Explicit dependency on target 'BazelDependencies' in project 'Telegram'
        ➜ Explicit dependency on target 'MtProtoKitFramework' in project 'Telegram'
        ➜ Explicit dependency on target 'SwiftSignalKitFramework' in project 'Telegram'
        ➜ Explicit dependency on target 'PostboxFramework' in project 'Telegram'
        ➜ Explicit dependency on target 'TelegramCoreFramework' in project 'Telegram'
        ➜ Explicit dependency on target 'TelegramUIFramework' in project 'Telegram'
    Target 'TelegramUIFramework' in project 'Telegram'
        ➜ Explicit dependency on target 'BazelDependencies' in project 'Telegram'
        ➜ Explicit dependency on target 'MtProtoKitFramework' in project 'Telegram'
        ➜ Explicit dependency on target 'SwiftSignalKitFramework' in project 'Telegram'
        ➜ Explicit dependency on target 'PostboxFramework' in project 'Telegram'
        ➜ Explicit dependency on target 'TelegramCoreFramework' in project 'Telegram'
    Target 'TelegramCoreFramework' in project 'Telegram'
        ➜ Explicit dependency on target 'BazelDependencies' in project 'Telegram'
        ➜ Explicit dependency on target 'MtProtoKitFramework' in project 'Telegram'
        ➜ Explicit dependency on target 'SwiftSignalKitFramework' in project 'Telegram'
        ➜ Explicit dependency on target 'PostboxFramework' in project 'Telegram'
    Target 'PostboxFramework' in project 'Telegram'
        ➜ Explicit dependency on target 'BazelDependencies' in project 'Telegram'
        ➜ Explicit dependency on target 'SwiftSignalKitFramework' in project 'Telegram'
    Target 'SwiftSignalKitFramework' in project 'Telegram'
        ➜ Explicit dependency on target 'BazelDependencies' in project 'Telegram'
    Target 'MtProtoKitFramework' in project 'Telegram'
        ➜ Explicit dependency on target 'BazelDependencies' in project 'Telegram'
    Target 'BazelDependencies' in project 'Telegram' (no dependencies)

GatherProvisioningInputs

CreateBuildDescription

note: Run script build phase 'Generate Bazel Dependencies' will be run during every build because the option to run the script phase "Based on dependency analysis" is unchecked. (in target 'BazelDependencies' from project 'Telegram')
PhaseScriptExecution Generate\ Bazel\ Dependencies /Users/afanasyev/Library/Developer/Xcode/DerivedData/Telegram-bgradtrcdafgqwbewbqamjmitizp/Build/Intermediates.noindex/Telegram.build/rules_xcodeproj/Script-FF0100000000000000000004.sh (in target 'BazelDependencies' from project 'Telegram')
    cd /var/tmp/_bazel_afanasyev/9a39311ceb7a61706aa1e4e247e12702/rules_xcodeproj.noindex/build_output_base/execroot/_main
    /bin/sh -c /Users/afanasyev/Library/Developer/Xcode/DerivedData/Telegram-bgradtrcdafgqwbewbqamjmitizp/Build/Intermediates.noindex/Telegram.build/rules_xcodeproj/Script-FF0100000000000000000004.sh
Starting Bazel build
INFO: Options provided by the client:
  Inherited 'common' options: --isatty=0 --terminal_columns=80
INFO: Reading rc options for 'build' from /Volumes/dx/dev/_home/MTProxy/Telegram-iOS/.bazelrc:
  Inherited 'common' options: --features=swift.index_while_building --features=swift.use_global_index_store --features=swift.use_global_module_cache --features=oso_prefix_is_pwd
INFO: Reading rc options for 'build' from /Volumes/dx/dev/_home/MTProxy/Telegram-iOS/xcodeproj.bazelrc:
  'build' options: --announce_rc --features=swift.use_global_module_cache --verbose_failures --remote_cache_async --@build_bazel_rules_swift//swift:copt=-j --@build_bazel_rules_swift//swift:copt=8 --define=buildNumber=1 --//Telegram:disableExtensions --//Telegram:disableStripping --features=-swift.debug_prefix_map --features=swift.emit_swiftsourceinfo
INFO: Reading rc options for 'build' from /Volumes/dx/dev/_home/MTProxy/Telegram-iOS/.bazelrc:
  'build' options: --action_env=ZERO_AR_DATE=1 --apple_platform_type=ios --enable_platform_specific_config --apple_crosstool_top=@local_config_apple_cc//:toolchain --crosstool_top=@local_config_apple_cc//:toolchain --host_crosstool_top=@local_config_apple_cc//:toolchain --per_file_copt=.*.m$,@-fno-objc-msgsend-selector-stubs --per_file_copt=.*.mm$,@-fno-objc-msgsend-selector-stubs --features=debug_prefix_map_pwd_is_dot --features=swift.cacheable_swiftmodules --features=swift.debug_prefix_map --features=swift.enable_vfsoverlays --strategy=Genrule=standalone --spawn_strategy=standalone --strategy=SwiftCompile=worker
INFO: Found applicable config definition common:_rules_xcodeproj_build in file /Volumes/dx/dev/_home/MTProxy/Telegram-iOS/Telegram/Telegram.xcodeproj/rules_xcodeproj/bazel/xcodeproj.bazelrc: --config=rules_xcodeproj
INFO: Found applicable config definition common:rules_xcodeproj in file /Volumes/dx/dev/_home/MTProxy/Telegram-iOS/Telegram/Telegram.xcodeproj/rules_xcodeproj/bazel/xcodeproj.bazelrc: --verbose_failures --cache_computed_file_digests=500000 --compilation_mode=dbg --experimental_convenience_symlinks=ignore --experimental_use_cpp_compile_action_args_params_file --define=apple.experimental.tree_artifact_outputs=1 --features=apple.swizzle_absolute_xcttestsourcelocation --features=oso_prefix_is_pwd --features=relative_ast_path --features=swift.cacheable_swiftmodules --features=swift.index_while_building --features=swift.use_global_index_store --nolegacy_important_outputs --show_result=0 --noworker_sandboxing --spawn_strategy=remote,worker,local
INFO: Found applicable config definition build:rules_xcodeproj in file /Volumes/dx/dev/_home/MTProxy/Telegram-iOS/Telegram/Telegram.xcodeproj/rules_xcodeproj/bazel/xcodeproj.bazelrc: --remote_download_outputs=toplevel
Computing main repo mapping:
Loading:
Loading: 0 packages loaded
Analyzing: target @@rules_xcodeproj++internal+rules_xcodeproj_generated//generator/Telegram/Telegram_xcodeproj:Telegram_xcodeproj (0 packages loaded, 0 targets configured)
Analyzing: target @@rules_xcodeproj++internal+rules_xcodeproj_generated//generator/Telegram/Telegram_xcodeproj:Telegram_xcodeproj (0 packages loaded, 0 targets configured)
INFO: Analyzed target @@rules_xcodeproj++internal+rules_xcodeproj_generated//generator/Telegram/Telegram_xcodeproj:Telegram_xcodeproj (0 packages loaded, 0 targets configured).
ERROR: /Volumes/dx/dev/_home/MTProxy/Telegram-iOS/Telegram/BUILD:1716:27: Finding provisioning profile //Telegram:Telegram_local_profile failed: (Exit 1): local_provisioning_profile_finder failed: error executing FindProvisioningProfile command (from target //Telegram:Telegram_local_profile)
  (cd /private/var/tmp/_bazel_afanasyev/9a39311ceb7a61706aa1e4e247e12702/rules_xcodeproj.noindex/build_output_base/execroot/_main && \
  exec env - \
  bazel-out/darwin_arm64-opt-exec-ST-d57f47055a04/bin/external/rules_apple+/tools/local_provisioning_profile_finder/local_provisioning_profile_finder 'iOS Team Provisioning Profile: org.toxeh.ChatOverTSPU' 'bazel-out/ios_arm64-dbg-ios-arm64-min13.0-ST-faee4d1e8780/bin/Telegram/iOS Team Provisioning Profile: org.toxeh.ChatOverTSPU.mobileprovision' --team_id 2L5HM96J76 --local_profiles 'external/rules_apple++provisioning_profile_repository_extension+local_provisioning_profiles/user profiles/21B30319-C7C9-4767-82EA-1CA56F2277E2.mobileprovision' 'external/rules_apple++provisioning_profile_repository_extension+local_provisioning_profiles/user profiles/45236a15-2c14-439f-92c0-52a612269d0a.mobileprovision' 'external/rules_apple++provisioning_profile_repository_extension+local_provisioning_profiles/user profiles/4f02324f-5bad-4dab-9b87-67a53690946c.mobileprovision' 'external/rules_apple++provisioning_profile_repository_extension+local_provisioning_profiles/user profiles/b74f5ced-128d-40f3-bbd0-ef3158e646b6.mobileprovision' 'external/rules_apple++provisioning_profile_repository_extension+local_provisioning_profiles/user profiles/cd836d33-027e-42d9-8baa-a15b376a2293.mobileprovision' 'external/rules_apple++provisioning_profile_repository_extension+local_provisioning_profiles/user profiles/d4ab97a7-53e0-4bbc-aaff-6abd31d6bfd0.mobileprovision')
# Configuration: b82e122f45c7f9ca2cebb3657e7000e0d34eeec53688fd44f2ef62e0366ad397
# Execution platform: @@platforms//host:host
error: no provisioning profile was found named 'iOS Team Provisioning Profile: org.toxeh.ChatOverTSPU'
INFO: Elapsed time: 0.941s, Critical Path: 0.67s
INFO: 18 processes: 108 action cache hit, 11 internal, 7 local.
ERROR: Build did NOT complete successfully
error: The bazel build failed, please check the report navigator, which may have more context about the failure.

note: Run script build phase 'Copy Bazel Outputs / Generate Bazel Dependencies (Index Build)' will be run during every build because the option to run the script phase "Based on dependency analysis" is unchecked. (in target 'MtProtoKitFramework' from project 'Telegram')
note: Run script build phase 'Copy Bazel Outputs / Generate Bazel Dependencies (Index Build)' will be run during every build because the option to run the script phase "Based on dependency analysis" is unchecked. (in target 'PostboxFramework' from project 'Telegram')
note: Run script build phase 'Copy Bazel Outputs / Generate Bazel Dependencies (Index Build)' will be run during every build because the option to run the script phase "Based on dependency analysis" is unchecked. (in target 'TelegramUIFramework' from project 'Telegram')
note: Run script build phase 'Copy Bazel Outputs / Generate Bazel Dependencies (Index Build)' will be run during every build because the option to run the script phase "Based on dependency analysis" is unchecked. (in target 'SwiftSignalKitFramework' from project 'Telegram')
note: Run script build phase 'Copy Bazel Outputs / Generate Bazel Dependencies (Index Build)' will be run during every build because the option to run the script phase "Based on dependency analysis" is unchecked. (in target 'Telegram' from project 'Telegram')
note: Run script build phase 'Copy Bazel Outputs / Generate Bazel Dependencies (Index Build)' will be run during every build because the option to run the script phase "Based on dependency analysis" is unchecked. (in target 'TelegramCoreFramework' from project 'Telegram')
** BUILD FAILED **


The following build commands failed:
	PhaseScriptExecution Generate\ Bazel\ Dependencies /Users/afanasyev/Library/Developer/Xcode/DerivedData/Telegram-bgradtrcdafgqwbewbqamjmitizp/Build/Intermediates.noindex/Telegram.build/rules_xcodeproj/Script-FF0100000000000000000004.sh (in target 'BazelDependencies' from project 'Telegram')
	Building project Telegram with scheme Telegram
(2 failures)
